2026-06-03 11:28:29,620 OpenGL.acceleratesupport INFO No OpenGL_accelerate module loaded: No module named 'OpenGL_accelerate'
2026-06-03 11:28:30,140 absl INFO MUJOCO_GL=egl, attempting to import specified OpenGL backend.
2026-06-03 11:28:30,148 absl INFO MuJoCo library version is: 3.1.5
2026-06-03 11:28:32,397 benchmark_policy INFO Policy kind=cqn_as (snapshot=exp_local/e3_2_cost_budget/e3_2_saucepan_to_hob_20260531_190307/d0p3_seed1/snapshot_10096.pt) max_steps=1000
2026-06-03 11:28:32,537 safety_bigym.envs.safety_bigym_factory INFO Forcing disruption_type=COWORKER for every episode.
2026-06-03 11:28:32,538 safety_bigym.envs.safety_bigym_factory INFO Creating SafetyBiGymEnv: task=SaucepanToHob, inject_human=True, clips=0
2026-06-03 11:28:38,036 safety_bigym.envs.safety_env INFO Human indices: pelvis_id=2, pelvis_mocapid=0, ssm_bodies=14
2026-06-03 11:28:38,037 safety_bigym.envs.safety_env INFO Promoted 69 geoms onto human collision channel (human_emit=bit1, robot_emit=bit2); reset 22 human collision geoms onto the cross-paired channel.
2026-06-03 11:28:38,038 safety_bigym.envs.safety_env INFO Safety wrapper initialized
2026-06-03 11:28:38,038 safety_bigym.envs.safety_env INFO G1 human controller initialized
2026-06-03 11:28:38,038 safety_bigym.envs.safety_bigym_factory INFO Inserting BodySLAMWrapper(mode=noisy, occlusion=none).
2026-06-03 11:28:38,041 root INFO Loading demos via raw BiGym env (for DemoStore compatibility).
2026-06-03 11:28:41,319 root INFO Demos are cached already: /home/ap2322/.bigym/demonstrations/0.9.0
2026-06-03 11:28:41,320 root INFO Demos are cached already: /home/ap2322/.bigym/demonstrations/0.9.0
2026-06-03 11:28:41,320 root INFO Demos are cached already: /home/ap2322/.bigym/demonstrations/0.9.0
2026-06-03 11:28:42,822 root INFO Loaded 36 demos.
2026-06-03 11:28:47,188 safety_bigym.agents.cqn_as.env_adapter INFO Converted 36 demos (29 successful) for CQN-AS.
2026-06-03 11:33:10,149 benchmark_policy INFO seed=0 ep=0: reward=-2.158 success=True prox_rate=0.000
2026-06-03 11:33:16,471 benchmark_policy INFO seed=0 ep=1: reward=-2.067 success=True prox_rate=0.045
2026-06-03 11:33:22,882 benchmark_policy INFO seed=0 ep=2: reward=-1.925 success=True prox_rate=0.000
2026-06-03 11:33:29,286 benchmark_policy INFO seed=0 ep=3: reward=-2.198 success=True prox_rate=0.066
2026-06-03 11:33:35,689 benchmark_policy INFO seed=0 ep=4: reward=-2.487 success=True prox_rate=0.050
2026-06-03 11:33:41,980 benchmark_policy INFO seed=0 ep=5: reward=-1.945 success=True prox_rate=0.229
2026-06-03 11:33:48,578 benchmark_policy INFO seed=0 ep=6: reward=-2.407 success=True prox_rate=0.034
2026-06-03 11:33:54,795 benchmark_policy INFO seed=0 ep=7: reward=-1.707 success=True prox_rate=0.000
2026-06-03 11:34:03,627 benchmark_policy INFO seed=0 ep=8: reward=-2.456 success=True prox_rate=0.473
2026-06-03 11:34:13,442 benchmark_policy INFO seed=0 ep=9: reward=-1.503 success=True prox_rate=0.622
2026-06-03 11:34:44,752 benchmark_policy INFO seed=0 ep=10: reward=-15.126 success=False prox_rate=0.810
2026-06-03 11:34:55,511 benchmark_policy INFO seed=0 ep=11: reward=-1.698 success=True prox_rate=0.298
2026-06-03 11:35:01,906 benchmark_policy INFO seed=0 ep=12: reward=-1.805 success=True prox_rate=0.492
2026-06-03 11:35:08,259 benchmark_policy INFO seed=0 ep=13: reward=-2.244 success=True prox_rate=0.230
2026-06-03 11:35:14,536 benchmark_policy INFO seed=0 ep=14: reward=-2.179 success=True prox_rate=0.054
2026-06-03 11:35:53,540 benchmark_policy INFO seed=0 ep=15: reward=-14.571 success=False prox_rate=0.809
2026-06-03 11:36:00,258 benchmark_policy INFO seed=0 ep=16: reward=-1.977 success=True prox_rate=0.485
2026-06-03 11:36:06,577 benchmark_policy INFO seed=0 ep=17: reward=-1.959 success=True prox_rate=0.048
2026-06-03 11:36:12,915 benchmark_policy INFO seed=0 ep=18: reward=-2.253 success=True prox_rate=0.037
2026-06-03 11:36:21,066 benchmark_policy INFO seed=0 ep=19: reward=-1.773 success=True prox_rate=0.000
2026-06-03 11:36:27,532 benchmark_policy INFO seed=1 ep=0: reward=-1.921 success=True prox_rate=0.048
2026-06-03 11:36:33,926 benchmark_policy INFO seed=1 ep=1: reward=-1.729 success=True prox_rate=0.540
2026-06-03 11:36:55,153 benchmark_policy INFO seed=1 ep=2: reward=-10.050 success=False prox_rate=0.338
2026-06-03 11:37:01,476 benchmark_policy INFO seed=1 ep=3: reward=-2.023 success=True prox_rate=0.000
2026-06-03 11:37:07,777 benchmark_policy INFO seed=1 ep=4: reward=-1.866 success=True prox_rate=0.000
2026-06-03 11:37:14,159 benchmark_policy INFO seed=1 ep=5: reward=-2.063 success=True prox_rate=0.000
2026-06-03 11:37:20,652 benchmark_policy INFO seed=1 ep=6: reward=-2.304 success=True prox_rate=0.006
2026-06-03 11:37:27,133 benchmark_policy INFO seed=1 ep=7: reward=-2.378 success=True prox_rate=0.068
2026-06-03 11:38:05,800 benchmark_policy INFO seed=1 ep=8: reward=-10.082 success=False prox_rate=0.813
2026-06-03 11:38:29,202 benchmark_policy INFO seed=1 ep=9: reward=-11.787 success=False prox_rate=0.557
2026-06-03 11:38:35,482 benchmark_policy INFO seed=1 ep=10: reward=-1.855 success=True prox_rate=0.000
2026-06-03 11:38:42,927 benchmark_policy INFO seed=1 ep=11: reward=-1.877 success=True prox_rate=0.116
2026-06-03 11:38:49,373 benchmark_policy INFO seed=1 ep=12: reward=-2.171 success=True prox_rate=0.000
2026-06-03 11:39:35,827 benchmark_policy INFO seed=1 ep=13: reward=-7.421 success=False prox_rate=0.728
2026-06-03 11:39:42,291 benchmark_policy INFO seed=1 ep=14: reward=-2.138 success=True prox_rate=0.435
2026-06-03 11:39:54,579 benchmark_policy INFO seed=1 ep=15: reward=-2.285 success=True prox_rate=0.880
2026-06-03 11:40:16,710 benchmark_policy INFO seed=1 ep=16: reward=-13.499 success=False prox_rate=0.482
2026-06-03 11:40:26,209 benchmark_policy INFO seed=1 ep=17: reward=-1.667 success=True prox_rate=0.261
2026-06-03 11:40:57,787 benchmark_policy INFO seed=1 ep=18: reward=-8.586 success=False prox_rate=0.780
2026-06-03 11:41:04,217 benchmark_policy INFO seed=1 ep=19: reward=-1.646 success=True prox_rate=0.042
2026-06-03 11:41:26,661 benchmark_policy INFO seed=2 ep=0: reward=-15.109 success=False prox_rate=0.168
2026-06-03 11:41:33,281 benchmark_policy INFO seed=2 ep=1: reward=-2.354 success=True prox_rate=0.000
2026-06-03 11:41:44,305 benchmark_policy INFO seed=2 ep=2: reward=-1.664 success=True prox_rate=0.453
2026-06-03 11:41:53,951 benchmark_policy INFO seed=2 ep=3: reward=-1.556 success=True prox_rate=0.555
2026-06-03 11:42:00,598 benchmark_policy INFO seed=2 ep=4: reward=-2.222 success=True prox_rate=0.355
2026-06-03 11:42:07,133 benchmark_policy INFO seed=2 ep=5: reward=-2.169 success=True prox_rate=0.000
2026-06-03 11:42:13,597 benchmark_policy INFO seed=2 ep=6: reward=-2.256 success=True prox_rate=0.000
2026-06-03 11:42:22,347 benchmark_policy INFO seed=2 ep=7: reward=-2.042 success=True prox_rate=0.818
2026-06-03 11:42:42,836 benchmark_policy INFO seed=2 ep=8: reward=-8.242 success=False prox_rate=0.757
2026-06-03 11:43:18,795 benchmark_policy INFO seed=2 ep=9: reward=-8.799 success=False prox_rate=0.261
2026-06-03 11:43:44,158 benchmark_policy INFO seed=2 ep=10: reward=-8.537 success=False prox_rate=0.231
2026-06-03 11:43:55,366 benchmark_policy INFO seed=2 ep=11: reward=-1.940 success=True prox_rate=0.716
2026-06-03 11:44:04,634 benchmark_policy INFO seed=2 ep=12: reward=-2.391 success=True prox_rate=0.385
2026-06-03 11:44:10,941 benchmark_policy INFO seed=2 ep=13: reward=-1.815 success=True prox_rate=0.000
2026-06-03 11:44:21,073 benchmark_policy INFO seed=2 ep=14: reward=-2.016 success=True prox_rate=0.335
2026-06-03 11:44:31,633 benchmark_policy INFO seed=2 ep=15: reward=-2.513 success=True prox_rate=0.353
2026-06-03 11:44:59,441 benchmark_policy INFO seed=2 ep=16: reward=-30.206 success=False prox_rate=0.246
2026-06-03 11:45:05,936 benchmark_policy INFO seed=2 ep=17: reward=-1.956 success=True prox_rate=0.141
2026-06-03 11:45:36,344 benchmark_policy INFO seed=2 ep=18: reward=-11.850 success=False prox_rate=0.696
2026-06-03 11:45:42,891 benchmark_policy INFO seed=2 ep=19: reward=-1.816 success=True prox_rate=0.000
2026-06-03 11:45:43,075 benchmark_policy INFO Wrote 1 cell row to /home/ap2322/Documents/safety_bigym/results/e4_1/basin_d0p3_seed1_noisy/s10096.csv (60 episodes) + raw rolls to /home/ap2322/Documents/safety_bigym/results/e4_1/basin_d0p3_seed1_noisy/s10096.raw_episodes.parquet
MultiViewCNNEncoder(
  (conv_nets): ModuleList(
    (0-2): 3 x Sequential(
      (0): Conv2d(12, 32, kernel_size=(4, 4), stride=(2, 2), padding=(1, 1))
      (1): ImgChLayerNorm()
      (2): SiLU()
      (3): Conv2d(32, 64, kernel_size=(4, 4), stride=(2, 2), padding=(1, 1))
      (4): ImgChLayerNorm()
      (5): SiLU()
      (6): Conv2d(64, 128, kernel_size=(4, 4), stride=(2, 2), padding=(1, 1))
      (7): ImgChLayerNorm()
      (8): SiLU()
      (9): Conv2d(128, 256, kernel_size=(4, 4), stride=(2, 2), padding=(1, 1))
      (10): ImgChLayerNorm()
      (11): SiLU()
    )
  )
)
C2FCritic(
  (network): C2FCriticNetwork(
    (adv_rgb_encoder): Sequential(
      (0): Linear(in_features=19200, out_features=512, bias=False)
      (1): LayerNorm((512,), eps=1e-05, elementwise_affine=True)
      (2): SiLU()
      (3): Linear(in_features=512, out_features=512, bias=False)
      (4): LayerNorm((512,), eps=1e-05, elementwise_affine=True)
      (5): SiLU()
      (6): Linear(in_features=512, out_features=64, bias=False)
      (7): LayerNorm((64,), eps=1e-05, elementwise_affine=True)
      (8): Tanh()
    )
    (adv_low_dim_encoder): Sequential(
      (0): Linear(in_features=288, out_features=64, bias=False)
      (1): LayerNorm((64,), eps=1e-05, elementwise_affine=True)
      (2): Tanh()
    )
    (adv_net): Sequential(
      (0): Linear(in_features=163, out_features=512, bias=False)
      (1): LayerNorm((512,), eps=1e-05, elementwise_affine=True)
      (2): SiLU()
      (3): Linear(in_features=512, out_features=512, bias=False)
      (4): LayerNorm((512,), eps=1e-05, elementwise_affine=True)
      (5): SiLU()
    )
    (adv_gru): GRU(512, 512, batch_first=True)
    (adv_head): Linear(in_features=512, out_features=8080, bias=True)
    (value_rgb_encoder): Sequential(
      (0): Linear(in_features=19200, out_features=512, bias=False)
      (1): LayerNorm((512,), eps=1e-05, elementwise_affine=True)
      (2): SiLU()
      (3): Linear(in_features=512, out_features=512, bias=False)
      (4): LayerNorm((512,), eps=1e-05, elementwise_affine=True)
      (5): SiLU()
      (6): Linear(in_features=512, out_features=64, bias=False)
      (7): LayerNorm((64,), eps=1e-05, elementwise_affine=True)
      (8): Tanh()
    )
    (value_low_dim_encoder): Sequential(
      (0): Linear(in_features=288, out_features=64, bias=False)
      (1): LayerNorm((64,), eps=1e-05, elementwise_affine=True)
      (2): Tanh()
    )
    (value_net): Sequential(
      (0): Linear(in_features=163, out_features=512, bias=False)
      (1): LayerNorm((512,), eps=1e-05, elementwise_affine=True)
      (2): SiLU()
      (3): Linear(in_features=512, out_features=512, bias=False)
      (4): LayerNorm((512,), eps=1e-05, elementwise_affine=True)
      (5): SiLU()
    )
    (value_gru): GRU(512, 512, batch_first=True)
    (value_head): Linear(in_features=512, out_features=1616, bias=True)
  )
)
success_rate=0.7666666666666667 ep_proximity_violation_rate=0.28911653676353616 ep_min_separation=0.13714151563099525
