2026-06-03 13:09:47,167 OpenGL.acceleratesupport INFO No OpenGL_accelerate module loaded: No module named 'OpenGL_accelerate'
2026-06-03 13:09:47,450 absl INFO MUJOCO_GL=egl, attempting to import specified OpenGL backend.
2026-06-03 13:09:47,457 absl INFO MuJoCo library version is: 3.1.5
2026-06-03 13:09:48,892 benchmark_policy INFO Policy kind=cqn_as (snapshot=exp_local/e3_2_cost_budget/e3_2_saucepan_to_hob_20260531_190307/d0p3_seed2/snapshot_37591.pt) max_steps=1000
2026-06-03 13:09:49,045 safety_bigym.envs.safety_bigym_factory INFO Forcing disruption_type=COWORKER for every episode.
2026-06-03 13:09:49,046 safety_bigym.envs.safety_bigym_factory INFO Creating SafetyBiGymEnv: task=SaucepanToHob, inject_human=True, clips=0
2026-06-03 13:09:54,601 safety_bigym.envs.safety_env INFO Human indices: pelvis_id=2, pelvis_mocapid=0, ssm_bodies=14
2026-06-03 13:09:54,602 safety_bigym.envs.safety_env INFO Promoted 69 geoms onto human collision channel (human_emit=bit1, robot_emit=bit2); reset 22 human collision geoms onto the cross-paired channel.
2026-06-03 13:09:54,602 safety_bigym.envs.safety_env INFO Safety wrapper initialized
2026-06-03 13:09:54,602 safety_bigym.envs.safety_env INFO G1 human controller initialized
2026-06-03 13:09:54,602 safety_bigym.envs.safety_bigym_factory INFO Inserting BodySLAMWrapper(mode=noisy, occlusion=none).
2026-06-03 13:09:54,606 root INFO Loading demos via raw BiGym env (for DemoStore compatibility).
2026-06-03 13:09:57,926 root INFO Demos are cached already: /home/ap2322/.bigym/demonstrations/0.9.0
2026-06-03 13:09:57,927 root INFO Demos are cached already: /home/ap2322/.bigym/demonstrations/0.9.0
2026-06-03 13:09:57,927 root INFO Demos are cached already: /home/ap2322/.bigym/demonstrations/0.9.0
2026-06-03 13:09:59,506 root INFO Loaded 36 demos.
2026-06-03 13:10:04,036 safety_bigym.agents.cqn_as.env_adapter INFO Converted 36 demos (29 successful) for CQN-AS.
2026-06-03 13:10:28,900 benchmark_policy INFO seed=0 ep=0: reward=-42.915 success=False prox_rate=0.025
2026-06-03 13:10:51,777 benchmark_policy INFO seed=0 ep=1: reward=-38.998 success=False prox_rate=0.177
2026-06-03 13:11:12,922 benchmark_policy INFO seed=0 ep=2: reward=-46.878 success=False prox_rate=0.201
2026-06-03 13:11:36,388 benchmark_policy INFO seed=0 ep=3: reward=-24.743 success=False prox_rate=0.111
2026-06-03 13:12:01,294 benchmark_policy INFO seed=0 ep=4: reward=-39.691 success=False prox_rate=0.202
2026-06-03 13:12:23,229 benchmark_policy INFO seed=0 ep=5: reward=-39.788 success=False prox_rate=0.151
2026-06-03 13:12:42,691 benchmark_policy INFO seed=0 ep=6: reward=-44.423 success=False prox_rate=0.000
2026-06-03 13:13:01,981 benchmark_policy INFO seed=0 ep=7: reward=-41.763 success=False prox_rate=0.000
2026-06-03 13:13:22,733 benchmark_policy INFO seed=0 ep=8: reward=-38.950 success=False prox_rate=0.171
2026-06-03 13:13:42,042 benchmark_policy INFO seed=0 ep=9: reward=-39.952 success=False prox_rate=0.110
2026-06-03 13:14:02,942 benchmark_policy INFO seed=0 ep=10: reward=-36.264 success=False prox_rate=0.296
2026-06-03 13:14:25,107 benchmark_policy INFO seed=0 ep=11: reward=-39.908 success=False prox_rate=0.076
2026-06-03 13:14:51,909 benchmark_policy INFO seed=0 ep=12: reward=-41.578 success=False prox_rate=0.194
2026-06-03 13:15:11,358 benchmark_policy INFO seed=0 ep=13: reward=-34.913 success=False prox_rate=0.037
2026-06-03 13:15:39,329 benchmark_policy INFO seed=0 ep=14: reward=-42.510 success=False prox_rate=0.231
2026-06-03 13:16:02,189 benchmark_policy INFO seed=0 ep=15: reward=-41.530 success=False prox_rate=0.479
2026-06-03 13:16:25,507 benchmark_policy INFO seed=0 ep=16: reward=-46.006 success=False prox_rate=0.026
2026-06-03 13:16:45,082 benchmark_policy INFO seed=0 ep=17: reward=-36.193 success=False prox_rate=0.238
2026-06-03 13:17:07,823 benchmark_policy INFO seed=0 ep=18: reward=-39.309 success=False prox_rate=0.119
2026-06-03 13:17:27,392 benchmark_policy INFO seed=0 ep=19: reward=-42.236 success=False prox_rate=0.000
2026-06-03 13:17:52,893 benchmark_policy INFO seed=1 ep=0: reward=-43.345 success=False prox_rate=0.099
2026-06-03 13:18:31,836 benchmark_policy INFO seed=1 ep=1: reward=-28.716 success=False prox_rate=0.568
2026-06-03 13:18:56,479 benchmark_policy INFO seed=1 ep=2: reward=-38.878 success=False prox_rate=0.202
2026-06-03 13:19:15,866 benchmark_policy INFO seed=1 ep=3: reward=-40.451 success=False prox_rate=0.125
2026-06-03 13:19:35,193 benchmark_policy INFO seed=1 ep=4: reward=-44.511 success=False prox_rate=0.000
2026-06-03 13:19:48,345 benchmark_policy INFO seed=1 ep=5: reward=-10.066 success=True prox_rate=0.028
2026-06-03 13:20:09,082 benchmark_policy INFO seed=1 ep=6: reward=-41.478 success=False prox_rate=0.097
2026-06-03 13:20:28,325 benchmark_policy INFO seed=1 ep=7: reward=-32.120 success=False prox_rate=0.067
2026-06-03 13:20:51,589 benchmark_policy INFO seed=1 ep=8: reward=-42.334 success=False prox_rate=0.195
2026-06-03 13:21:12,966 benchmark_policy INFO seed=1 ep=9: reward=-43.675 success=False prox_rate=0.061
2026-06-03 13:21:19,642 benchmark_policy INFO seed=1 ep=10: reward=-2.471 success=True prox_rate=0.000
2026-06-03 13:21:46,480 benchmark_policy INFO seed=1 ep=11: reward=-30.837 success=False prox_rate=0.153
2026-06-03 13:22:09,780 benchmark_policy INFO seed=1 ep=12: reward=-40.284 success=False prox_rate=0.110
2026-06-03 13:22:39,694 benchmark_policy INFO seed=1 ep=13: reward=-31.505 success=False prox_rate=0.364
2026-06-03 13:22:59,672 benchmark_policy INFO seed=1 ep=14: reward=-41.621 success=False prox_rate=0.019
2026-06-03 13:23:28,561 benchmark_policy INFO seed=1 ep=15: reward=-32.304 success=False prox_rate=0.304
2026-06-03 13:23:53,357 benchmark_policy INFO seed=1 ep=16: reward=-37.359 success=False prox_rate=0.392
2026-06-03 13:24:14,422 benchmark_policy INFO seed=1 ep=17: reward=-39.296 success=False prox_rate=0.023
2026-06-03 13:24:34,830 benchmark_policy INFO seed=1 ep=18: reward=-47.631 success=False prox_rate=0.045
2026-06-03 13:24:54,398 benchmark_policy INFO seed=1 ep=19: reward=-40.817 success=False prox_rate=0.011
2026-06-03 13:25:17,474 benchmark_policy INFO seed=2 ep=0: reward=-44.614 success=False prox_rate=0.057
2026-06-03 13:25:38,121 benchmark_policy INFO seed=2 ep=1: reward=-44.405 success=False prox_rate=0.029
2026-06-03 13:26:03,919 benchmark_policy INFO seed=2 ep=2: reward=-41.849 success=False prox_rate=0.124
2026-06-03 13:26:23,197 benchmark_policy INFO seed=2 ep=3: reward=-42.076 success=False prox_rate=0.098
2026-06-03 13:26:47,792 benchmark_policy INFO seed=2 ep=4: reward=-37.700 success=False prox_rate=0.230
2026-06-03 13:27:10,665 benchmark_policy INFO seed=2 ep=5: reward=-41.298 success=False prox_rate=0.012
2026-06-03 13:27:32,010 benchmark_policy INFO seed=2 ep=6: reward=-40.322 success=False prox_rate=0.022
2026-06-03 13:27:56,399 benchmark_policy INFO seed=2 ep=7: reward=-37.235 success=False prox_rate=0.227
2026-06-03 13:28:25,962 benchmark_policy INFO seed=2 ep=8: reward=-38.900 success=False prox_rate=0.331
2026-06-03 13:28:46,051 benchmark_policy INFO seed=2 ep=9: reward=-46.592 success=False prox_rate=0.063
2026-06-03 13:29:04,904 benchmark_policy INFO seed=2 ep=10: reward=-44.822 success=False prox_rate=0.000
2026-06-03 13:29:31,943 benchmark_policy INFO seed=2 ep=11: reward=-38.794 success=False prox_rate=0.219
2026-06-03 13:29:49,778 benchmark_policy INFO seed=2 ep=12: reward=-36.848 success=False prox_rate=0.080
2026-06-03 13:30:13,391 benchmark_policy INFO seed=2 ep=13: reward=-42.528 success=False prox_rate=0.017
2026-06-03 13:30:30,820 benchmark_policy INFO seed=2 ep=14: reward=-40.783 success=False prox_rate=0.000
2026-06-03 13:30:50,648 benchmark_policy INFO seed=2 ep=15: reward=-42.852 success=False prox_rate=0.000
2026-06-03 13:31:14,028 benchmark_policy INFO seed=2 ep=16: reward=-43.966 success=False prox_rate=0.108
2026-06-03 13:31:35,799 benchmark_policy INFO seed=2 ep=17: reward=-36.027 success=False prox_rate=0.221
2026-06-03 13:32:00,052 benchmark_policy INFO seed=2 ep=18: reward=-43.545 success=False prox_rate=0.233
2026-06-03 13:32:17,195 benchmark_policy INFO seed=2 ep=19: reward=-41.087 success=False prox_rate=0.150
2026-06-03 13:32:17,369 benchmark_policy INFO Wrote 1 cell row to /home/ap2322/Documents/safety_bigym/results/e4_1/basin_d0p3_seed2_noisy/s37591.csv (60 episodes) + raw rolls to /home/ap2322/Documents/safety_bigym/results/e4_1/basin_d0p3_seed2_noisy/s37591.raw_episodes.parquet
MultiViewCNNEncoder(
  (conv_nets): ModuleList(
    (0-2): 3 x Sequential(
      (0): Conv2d(12, 32, kernel_size=(4, 4), stride=(2, 2), padding=(1, 1))
      (1): ImgChLayerNorm()
      (2): SiLU()
      (3): Conv2d(32, 64, kernel_size=(4, 4), stride=(2, 2), padding=(1, 1))
      (4): ImgChLayerNorm()
      (5): SiLU()
      (6): Conv2d(64, 128, kernel_size=(4, 4), stride=(2, 2), padding=(1, 1))
      (7): ImgChLayerNorm()
      (8): SiLU()
      (9): Conv2d(128, 256, kernel_size=(4, 4), stride=(2, 2), padding=(1, 1))
      (10): ImgChLayerNorm()
      (11): SiLU()
    )
  )
)
C2FCritic(
  (network): C2FCriticNetwork(
    (adv_rgb_encoder): Sequential(
      (0): Linear(in_features=19200, out_features=512, bias=False)
      (1): LayerNorm((512,), eps=1e-05, elementwise_affine=True)
      (2): SiLU()
      (3): Linear(in_features=512, out_features=512, bias=False)
      (4): LayerNorm((512,), eps=1e-05, elementwise_affine=True)
      (5): SiLU()
      (6): Linear(in_features=512, out_features=64, bias=False)
      (7): LayerNorm((64,), eps=1e-05, elementwise_affine=True)
      (8): Tanh()
    )
    (adv_low_dim_encoder): Sequential(
      (0): Linear(in_features=288, out_features=64, bias=False)
      (1): LayerNorm((64,), eps=1e-05, elementwise_affine=True)
      (2): Tanh()
    )
    (adv_net): Sequential(
      (0): Linear(in_features=163, out_features=512, bias=False)
      (1): LayerNorm((512,), eps=1e-05, elementwise_affine=True)
      (2): SiLU()
      (3): Linear(in_features=512, out_features=512, bias=False)
      (4): LayerNorm((512,), eps=1e-05, elementwise_affine=True)
      (5): SiLU()
    )
    (adv_gru): GRU(512, 512, batch_first=True)
    (adv_head): Linear(in_features=512, out_features=8080, bias=True)
    (value_rgb_encoder): Sequential(
      (0): Linear(in_features=19200, out_features=512, bias=False)
      (1): LayerNorm((512,), eps=1e-05, elementwise_affine=True)
      (2): SiLU()
      (3): Linear(in_features=512, out_features=512, bias=False)
      (4): LayerNorm((512,), eps=1e-05, elementwise_affine=True)
      (5): SiLU()
      (6): Linear(in_features=512, out_features=64, bias=False)
      (7): LayerNorm((64,), eps=1e-05, elementwise_affine=True)
      (8): Tanh()
    )
    (value_low_dim_encoder): Sequential(
      (0): Linear(in_features=288, out_features=64, bias=False)
      (1): LayerNorm((64,), eps=1e-05, elementwise_affine=True)
      (2): Tanh()
    )
    (value_net): Sequential(
      (0): Linear(in_features=163, out_features=512, bias=False)
      (1): LayerNorm((512,), eps=1e-05, elementwise_affine=True)
      (2): SiLU()
      (3): Linear(in_features=512, out_features=512, bias=False)
      (4): LayerNorm((512,), eps=1e-05, elementwise_affine=True)
      (5): SiLU()
    )
    (value_gru): GRU(512, 512, batch_first=True)
    (value_head): Linear(in_features=512, out_features=1616, bias=True)
  )
)
success_rate=0.03333333333333333 ep_proximity_violation_rate=0.13214000067323556 ep_min_separation=0.10762716390051687
