2026-06-03 10:40:40,441 OpenGL.acceleratesupport INFO No OpenGL_accelerate module loaded: No module named 'OpenGL_accelerate'
2026-06-03 10:40:40,991 absl INFO MUJOCO_GL=egl, attempting to import specified OpenGL backend.
2026-06-03 10:40:40,999 absl INFO MuJoCo library version is: 3.1.5
2026-06-03 10:40:43,441 benchmark_policy INFO Policy kind=cqn_as (snapshot=exp_local/e3_2_cost_budget/e3_2_saucepan_to_hob_20260531_190307/d0p3_seed0/snapshot_15148.pt) max_steps=1000
2026-06-03 10:40:44,055 safety_bigym.envs.safety_bigym_factory INFO Forcing disruption_type=COWORKER for every episode.
2026-06-03 10:40:44,055 safety_bigym.envs.safety_bigym_factory INFO Creating SafetyBiGymEnv: task=SaucepanToHob, inject_human=True, clips=0
2026-06-03 10:40:49,669 safety_bigym.envs.safety_env INFO Human indices: pelvis_id=2, pelvis_mocapid=0, ssm_bodies=14
2026-06-03 10:40:49,669 safety_bigym.envs.safety_env INFO Promoted 69 geoms onto human collision channel (human_emit=bit1, robot_emit=bit2); reset 22 human collision geoms onto the cross-paired channel.
2026-06-03 10:40:49,670 safety_bigym.envs.safety_env INFO Safety wrapper initialized
2026-06-03 10:40:49,670 safety_bigym.envs.safety_env INFO G1 human controller initialized
2026-06-03 10:40:49,670 safety_bigym.envs.safety_bigym_factory INFO Inserting BodySLAMWrapper(mode=noisy, occlusion=none).
2026-06-03 10:40:49,674 root INFO Loading demos via raw BiGym env (for DemoStore compatibility).
2026-06-03 10:40:52,944 root INFO Demos are cached already: /home/ap2322/.bigym/demonstrations/0.9.0
2026-06-03 10:40:52,945 root INFO Demos are cached already: /home/ap2322/.bigym/demonstrations/0.9.0
2026-06-03 10:40:52,945 root INFO Demos are cached already: /home/ap2322/.bigym/demonstrations/0.9.0
2026-06-03 10:40:54,445 root INFO Loaded 36 demos.
2026-06-03 10:40:58,848 safety_bigym.agents.cqn_as.env_adapter INFO Converted 36 demos (29 successful) for CQN-AS.
2026-06-03 10:45:13,646 benchmark_policy INFO seed=0 ep=0: reward=-1.969 success=True prox_rate=0.000
2026-06-03 10:45:22,251 benchmark_policy INFO seed=0 ep=1: reward=-2.210 success=True prox_rate=0.045
2026-06-03 10:45:31,103 benchmark_policy INFO seed=0 ep=2: reward=-2.142 success=True prox_rate=0.000
2026-06-03 10:45:39,877 benchmark_policy INFO seed=0 ep=3: reward=-2.320 success=True prox_rate=0.063
2026-06-03 10:45:48,552 benchmark_policy INFO seed=0 ep=4: reward=-2.580 success=True prox_rate=0.050
2026-06-03 10:45:57,225 benchmark_policy INFO seed=0 ep=5: reward=-2.027 success=True prox_rate=0.234
2026-06-03 10:46:06,263 benchmark_policy INFO seed=0 ep=6: reward=-2.526 success=True prox_rate=0.031
2026-06-03 10:46:14,913 benchmark_policy INFO seed=0 ep=7: reward=-1.652 success=True prox_rate=0.000
2026-06-03 10:46:26,245 benchmark_policy INFO seed=0 ep=8: reward=-2.579 success=True prox_rate=0.487
2026-06-03 10:46:41,563 benchmark_policy INFO seed=0 ep=9: reward=-1.406 success=True prox_rate=0.657
2026-06-03 10:47:20,797 benchmark_policy INFO seed=0 ep=10: reward=-17.658 success=False prox_rate=0.741
2026-06-03 10:47:34,543 benchmark_policy INFO seed=0 ep=11: reward=-1.545 success=True prox_rate=0.291
2026-06-03 10:47:43,916 benchmark_policy INFO seed=0 ep=12: reward=-1.935 success=True prox_rate=0.506
2026-06-03 10:47:52,533 benchmark_policy INFO seed=0 ep=13: reward=-2.157 success=True prox_rate=0.238
2026-06-03 10:48:01,369 benchmark_policy INFO seed=0 ep=14: reward=-2.324 success=True prox_rate=0.053
2026-06-03 10:48:52,058 benchmark_policy INFO seed=0 ep=15: reward=-11.659 success=False prox_rate=0.809
2026-06-03 10:49:02,812 benchmark_policy INFO seed=0 ep=16: reward=-1.821 success=True prox_rate=0.556
2026-06-03 10:49:11,426 benchmark_policy INFO seed=0 ep=17: reward=-2.033 success=True prox_rate=0.048
2026-06-03 10:49:20,122 benchmark_policy INFO seed=0 ep=18: reward=-2.402 success=True prox_rate=0.040
2026-06-03 10:49:30,529 benchmark_policy INFO seed=0 ep=19: reward=-1.967 success=True prox_rate=0.000
2026-06-03 10:49:39,174 benchmark_policy INFO seed=1 ep=0: reward=-2.095 success=True prox_rate=0.051
2026-06-03 10:49:48,172 benchmark_policy INFO seed=1 ep=1: reward=-1.884 success=True prox_rate=0.545
2026-06-03 10:50:16,763 benchmark_policy INFO seed=1 ep=2: reward=-17.878 success=False prox_rate=0.311
2026-06-03 10:50:24,913 benchmark_policy INFO seed=1 ep=3: reward=-2.129 success=True prox_rate=0.006
2026-06-03 10:50:32,581 benchmark_policy INFO seed=1 ep=4: reward=-1.887 success=True prox_rate=0.000
2026-06-03 10:50:41,031 benchmark_policy INFO seed=1 ep=5: reward=-2.161 success=True prox_rate=0.000
2026-06-03 10:50:49,353 benchmark_policy INFO seed=1 ep=6: reward=-2.452 success=True prox_rate=0.006
2026-06-03 10:50:57,760 benchmark_policy INFO seed=1 ep=7: reward=-2.506 success=True prox_rate=0.071
2026-06-03 10:51:40,844 benchmark_policy INFO seed=1 ep=8: reward=-9.615 success=False prox_rate=0.813
2026-06-03 10:52:09,984 benchmark_policy INFO seed=1 ep=9: reward=-14.805 success=False prox_rate=0.550
2026-06-03 10:52:18,187 benchmark_policy INFO seed=1 ep=10: reward=-1.986 success=True prox_rate=0.000
2026-06-03 10:52:43,820 benchmark_policy INFO seed=1 ep=11: reward=-36.957 success=False prox_rate=0.070
2026-06-03 10:52:51,226 benchmark_policy INFO seed=1 ep=12: reward=-2.311 success=True prox_rate=0.000
2026-06-03 10:53:37,771 benchmark_policy INFO seed=1 ep=13: reward=-10.584 success=False prox_rate=0.733
2026-06-03 10:53:45,562 benchmark_policy INFO seed=1 ep=14: reward=-2.215 success=True prox_rate=0.455
2026-06-03 10:53:59,798 benchmark_policy INFO seed=1 ep=15: reward=-2.336 success=True prox_rate=0.877
2026-06-03 10:54:28,962 benchmark_policy INFO seed=1 ep=16: reward=-14.600 success=False prox_rate=0.489
2026-06-03 10:54:39,751 benchmark_policy INFO seed=1 ep=17: reward=-1.908 success=True prox_rate=0.269
2026-06-03 10:54:53,499 benchmark_policy INFO seed=1 ep=18: reward=-1.972 success=True prox_rate=0.732
2026-06-03 10:55:01,462 benchmark_policy INFO seed=1 ep=19: reward=-1.768 success=True prox_rate=0.041
2026-06-03 10:55:15,159 benchmark_policy INFO seed=2 ep=0: reward=-1.950 success=True prox_rate=0.584
2026-06-03 10:55:23,170 benchmark_policy INFO seed=2 ep=1: reward=-2.506 success=True prox_rate=0.000
2026-06-03 10:55:35,873 benchmark_policy INFO seed=2 ep=2: reward=-1.531 success=True prox_rate=0.403
2026-06-03 10:55:46,356 benchmark_policy INFO seed=2 ep=3: reward=-1.448 success=True prox_rate=0.523
2026-06-03 10:55:54,373 benchmark_policy INFO seed=2 ep=4: reward=-2.344 success=True prox_rate=0.368
2026-06-03 10:56:02,205 benchmark_policy INFO seed=2 ep=5: reward=-2.004 success=True prox_rate=0.000
2026-06-03 10:56:10,225 benchmark_policy INFO seed=2 ep=6: reward=-2.436 success=True prox_rate=0.000
2026-06-03 10:56:21,465 benchmark_policy INFO seed=2 ep=7: reward=-1.988 success=True prox_rate=0.839
2026-06-03 10:56:29,955 benchmark_policy INFO seed=2 ep=8: reward=-2.555 success=True prox_rate=0.404
2026-06-03 10:57:10,557 benchmark_policy INFO seed=2 ep=9: reward=-17.478 success=False prox_rate=0.299
2026-06-03 10:57:22,040 benchmark_policy INFO seed=2 ep=10: reward=-1.549 success=True prox_rate=0.452
2026-06-03 10:57:34,596 benchmark_policy INFO seed=2 ep=11: reward=-2.035 success=True prox_rate=0.650
2026-06-03 10:57:45,999 benchmark_policy INFO seed=2 ep=12: reward=-2.234 success=True prox_rate=0.350
2026-06-03 10:57:53,990 benchmark_policy INFO seed=2 ep=13: reward=-1.922 success=True prox_rate=0.000
2026-06-03 10:58:05,259 benchmark_policy INFO seed=2 ep=14: reward=-1.899 success=True prox_rate=0.309
2026-06-03 10:58:19,114 benchmark_policy INFO seed=2 ep=15: reward=-2.347 success=True prox_rate=0.354
2026-06-03 10:59:07,442 benchmark_policy INFO seed=2 ep=16: reward=-12.288 success=False prox_rate=0.628
2026-06-03 10:59:15,290 benchmark_policy INFO seed=2 ep=17: reward=-2.054 success=True prox_rate=0.131
2026-06-03 10:59:26,944 benchmark_policy INFO seed=2 ep=18: reward=-1.858 success=True prox_rate=0.754
2026-06-03 10:59:34,771 benchmark_policy INFO seed=2 ep=19: reward=-1.963 success=True prox_rate=0.000
2026-06-03 10:59:34,954 benchmark_policy INFO Wrote 1 cell row to /home/ap2322/Documents/safety_bigym/results/e4_1/basin_d0p3_seed0_noisy/s15148.csv (60 episodes) + raw rolls to /home/ap2322/Documents/safety_bigym/results/e4_1/basin_d0p3_seed0_noisy/s15148.raw_episodes.parquet
MultiViewCNNEncoder(
  (conv_nets): ModuleList(
    (0-2): 3 x Sequential(
      (0): Conv2d(12, 32, kernel_size=(4, 4), stride=(2, 2), padding=(1, 1))
      (1): ImgChLayerNorm()
      (2): SiLU()
      (3): Conv2d(32, 64, kernel_size=(4, 4), stride=(2, 2), padding=(1, 1))
      (4): ImgChLayerNorm()
      (5): SiLU()
      (6): Conv2d(64, 128, kernel_size=(4, 4), stride=(2, 2), padding=(1, 1))
      (7): ImgChLayerNorm()
      (8): SiLU()
      (9): Conv2d(128, 256, kernel_size=(4, 4), stride=(2, 2), padding=(1, 1))
      (10): ImgChLayerNorm()
      (11): SiLU()
    )
  )
)
C2FCritic(
  (network): C2FCriticNetwork(
    (adv_rgb_encoder): Sequential(
      (0): Linear(in_features=19200, out_features=512, bias=False)
      (1): LayerNorm((512,), eps=1e-05, elementwise_affine=True)
      (2): SiLU()
      (3): Linear(in_features=512, out_features=512, bias=False)
      (4): LayerNorm((512,), eps=1e-05, elementwise_affine=True)
      (5): SiLU()
      (6): Linear(in_features=512, out_features=64, bias=False)
      (7): LayerNorm((64,), eps=1e-05, elementwise_affine=True)
      (8): Tanh()
    )
    (adv_low_dim_encoder): Sequential(
      (0): Linear(in_features=288, out_features=64, bias=False)
      (1): LayerNorm((64,), eps=1e-05, elementwise_affine=True)
      (2): Tanh()
    )
    (adv_net): Sequential(
      (0): Linear(in_features=163, out_features=512, bias=False)
      (1): LayerNorm((512,), eps=1e-05, elementwise_affine=True)
      (2): SiLU()
      (3): Linear(in_features=512, out_features=512, bias=False)
      (4): LayerNorm((512,), eps=1e-05, elementwise_affine=True)
      (5): SiLU()
    )
    (adv_gru): GRU(512, 512, batch_first=True)
    (adv_head): Linear(in_features=512, out_features=8080, bias=True)
    (value_rgb_encoder): Sequential(
      (0): Linear(in_features=19200, out_features=512, bias=False)
      (1): LayerNorm((512,), eps=1e-05, elementwise_affine=True)
      (2): SiLU()
      (3): Linear(in_features=512, out_features=512, bias=False)
      (4): LayerNorm((512,), eps=1e-05, elementwise_affine=True)
      (5): SiLU()
      (6): Linear(in_features=512, out_features=64, bias=False)
      (7): LayerNorm((64,), eps=1e-05, elementwise_affine=True)
      (8): Tanh()
    )
    (value_low_dim_encoder): Sequential(
      (0): Linear(in_features=288, out_features=64, bias=False)
      (1): LayerNorm((64,), eps=1e-05, elementwise_affine=True)
      (2): Tanh()
    )
    (value_net): Sequential(
      (0): Linear(in_features=163, out_features=512, bias=False)
      (1): LayerNorm((512,), eps=1e-05, elementwise_affine=True)
      (2): SiLU()
      (3): Linear(in_features=512, out_features=512, bias=False)
      (4): LayerNorm((512,), eps=1e-05, elementwise_affine=True)
      (5): SiLU()
    )
    (value_gru): GRU(512, 512, batch_first=True)
    (value_head): Linear(in_features=512, out_features=1616, bias=True)
  )
)
success_rate=0.8333333333333334 ep_proximity_violation_rate=0.2986488414421188 ep_min_separation=0.13730791486674723
