2026-06-03 10:59:36,121 OpenGL.acceleratesupport INFO No OpenGL_accelerate module loaded: No module named 'OpenGL_accelerate'
2026-06-03 10:59:36,603 absl INFO MUJOCO_GL=egl, attempting to import specified OpenGL backend.
2026-06-03 10:59:36,610 absl INFO MuJoCo library version is: 3.1.5
2026-06-03 10:59:38,999 benchmark_policy INFO Policy kind=cqn_as (snapshot=exp_local/e3_2_cost_budget/e3_2_saucepan_to_hob_20260531_190307/d0p3_seed0/snapshot_30122.pt) max_steps=1000
2026-06-03 10:59:39,659 safety_bigym.envs.safety_bigym_factory INFO Forcing disruption_type=COWORKER for every episode.
2026-06-03 10:59:39,659 safety_bigym.envs.safety_bigym_factory INFO Creating SafetyBiGymEnv: task=SaucepanToHob, inject_human=True, clips=0
2026-06-03 10:59:45,521 safety_bigym.envs.safety_env INFO Human indices: pelvis_id=2, pelvis_mocapid=0, ssm_bodies=14
2026-06-03 10:59:45,522 safety_bigym.envs.safety_env INFO Promoted 69 geoms onto human collision channel (human_emit=bit1, robot_emit=bit2); reset 22 human collision geoms onto the cross-paired channel.
2026-06-03 10:59:45,522 safety_bigym.envs.safety_env INFO Safety wrapper initialized
2026-06-03 10:59:45,523 safety_bigym.envs.safety_env INFO G1 human controller initialized
2026-06-03 10:59:45,523 safety_bigym.envs.safety_bigym_factory INFO Inserting BodySLAMWrapper(mode=noisy, occlusion=none).
2026-06-03 10:59:45,526 root INFO Loading demos via raw BiGym env (for DemoStore compatibility).
2026-06-03 10:59:48,955 root INFO Demos are cached already: /home/ap2322/.bigym/demonstrations/0.9.0
2026-06-03 10:59:48,956 root INFO Demos are cached already: /home/ap2322/.bigym/demonstrations/0.9.0
2026-06-03 10:59:48,956 root INFO Demos are cached already: /home/ap2322/.bigym/demonstrations/0.9.0
2026-06-03 10:59:50,477 root INFO Loaded 36 demos.
2026-06-03 10:59:54,979 safety_bigym.agents.cqn_as.env_adapter INFO Converted 36 demos (29 successful) for CQN-AS.
2026-06-03 11:03:06,291 benchmark_policy INFO seed=0 ep=0: reward=-1.995 success=True prox_rate=0.000
2026-06-03 11:03:13,066 benchmark_policy INFO seed=0 ep=1: reward=-2.192 success=True prox_rate=0.039
2026-06-03 11:03:20,279 benchmark_policy INFO seed=0 ep=2: reward=-2.153 success=True prox_rate=0.000
2026-06-03 11:03:27,476 benchmark_policy INFO seed=0 ep=3: reward=-2.283 success=True prox_rate=0.062
2026-06-03 11:03:34,674 benchmark_policy INFO seed=0 ep=4: reward=-2.591 success=True prox_rate=0.047
2026-06-03 11:03:41,712 benchmark_policy INFO seed=0 ep=5: reward=-2.053 success=True prox_rate=0.229
2026-06-03 11:03:49,142 benchmark_policy INFO seed=0 ep=6: reward=-2.577 success=True prox_rate=0.034
2026-06-03 11:03:56,161 benchmark_policy INFO seed=0 ep=7: reward=-1.709 success=True prox_rate=0.000
2026-06-03 11:04:06,281 benchmark_policy INFO seed=0 ep=8: reward=-2.584 success=True prox_rate=0.483
2026-06-03 11:04:20,213 benchmark_policy INFO seed=0 ep=9: reward=-1.459 success=True prox_rate=0.644
2026-06-03 11:04:43,235 benchmark_policy INFO seed=0 ep=10: reward=-33.670 success=False prox_rate=0.359
2026-06-03 11:04:55,671 benchmark_policy INFO seed=0 ep=11: reward=-1.535 success=True prox_rate=0.300
2026-06-03 11:05:03,487 benchmark_policy INFO seed=0 ep=12: reward=-1.908 success=True prox_rate=0.513
2026-06-03 11:05:10,367 benchmark_policy INFO seed=0 ep=13: reward=-2.116 success=True prox_rate=0.245
2026-06-03 11:05:17,492 benchmark_policy INFO seed=0 ep=14: reward=-2.290 success=True prox_rate=0.056
2026-06-03 11:05:46,805 benchmark_policy INFO seed=0 ep=15: reward=-38.524 success=False prox_rate=0.273
2026-06-03 11:05:55,852 benchmark_policy INFO seed=0 ep=16: reward=-1.825 success=True prox_rate=0.545
2026-06-03 11:06:03,009 benchmark_policy INFO seed=0 ep=17: reward=-2.029 success=True prox_rate=0.048
2026-06-03 11:06:10,343 benchmark_policy INFO seed=0 ep=18: reward=-2.371 success=True prox_rate=0.040
2026-06-03 11:06:19,247 benchmark_policy INFO seed=0 ep=19: reward=-1.981 success=True prox_rate=0.000
2026-06-03 11:06:26,480 benchmark_policy INFO seed=1 ep=0: reward=-2.091 success=True prox_rate=0.048
2026-06-03 11:06:34,007 benchmark_policy INFO seed=1 ep=1: reward=-1.886 success=True prox_rate=0.542
2026-06-03 11:06:54,752 benchmark_policy INFO seed=1 ep=2: reward=-32.937 success=False prox_rate=0.224
2026-06-03 11:07:01,946 benchmark_policy INFO seed=1 ep=3: reward=-2.162 success=True prox_rate=0.009
2026-06-03 11:07:08,886 benchmark_policy INFO seed=1 ep=4: reward=-1.924 success=True prox_rate=0.000
2026-06-03 11:07:16,083 benchmark_policy INFO seed=1 ep=5: reward=-2.159 success=True prox_rate=0.000
2026-06-03 11:07:23,281 benchmark_policy INFO seed=1 ep=6: reward=-2.409 success=True prox_rate=0.006
2026-06-03 11:07:30,707 benchmark_policy INFO seed=1 ep=7: reward=-2.519 success=True prox_rate=0.058
2026-06-03 11:07:55,643 benchmark_policy INFO seed=1 ep=8: reward=-32.696 success=False prox_rate=0.252
2026-06-03 11:08:13,829 benchmark_policy INFO seed=1 ep=9: reward=-30.767 success=False prox_rate=0.155
2026-06-03 11:08:20,921 benchmark_policy INFO seed=1 ep=10: reward=-1.961 success=True prox_rate=0.000
2026-06-03 11:08:44,861 benchmark_policy INFO seed=1 ep=11: reward=-34.543 success=False prox_rate=0.050
2026-06-03 11:08:52,024 benchmark_policy INFO seed=1 ep=12: reward=-2.318 success=True prox_rate=0.000
2026-06-03 11:09:30,219 benchmark_policy INFO seed=1 ep=13: reward=-12.694 success=False prox_rate=0.715
2026-06-03 11:09:37,372 benchmark_policy INFO seed=1 ep=14: reward=-2.246 success=True prox_rate=0.460
2026-06-03 11:10:02,160 benchmark_policy INFO seed=1 ep=15: reward=-39.162 success=False prox_rate=0.234
2026-06-03 11:10:20,745 benchmark_policy INFO seed=1 ep=16: reward=-31.246 success=False prox_rate=0.239
2026-06-03 11:10:30,796 benchmark_policy INFO seed=1 ep=17: reward=-1.910 success=True prox_rate=0.258
2026-06-03 11:10:44,145 benchmark_policy INFO seed=1 ep=18: reward=-2.023 success=True prox_rate=0.723
2026-06-03 11:10:51,404 benchmark_policy INFO seed=1 ep=19: reward=-1.810 success=True prox_rate=0.041
2026-06-03 11:11:04,842 benchmark_policy INFO seed=2 ep=0: reward=-1.944 success=True prox_rate=0.581
2026-06-03 11:11:12,073 benchmark_policy INFO seed=2 ep=1: reward=-2.507 success=True prox_rate=0.000
2026-06-03 11:11:23,965 benchmark_policy INFO seed=2 ep=2: reward=-1.537 success=True prox_rate=0.405
2026-06-03 11:11:34,094 benchmark_policy INFO seed=2 ep=3: reward=-1.463 success=True prox_rate=0.508
2026-06-03 11:11:41,117 benchmark_policy INFO seed=2 ep=4: reward=-2.339 success=True prox_rate=0.357
2026-06-03 11:11:48,070 benchmark_policy INFO seed=2 ep=5: reward=-2.039 success=True prox_rate=0.000
2026-06-03 11:12:10,282 benchmark_policy INFO seed=2 ep=6: reward=-30.696 success=False prox_rate=0.000
2026-06-03 11:12:30,493 benchmark_policy INFO seed=2 ep=7: reward=-42.216 success=False prox_rate=0.120
2026-06-03 11:12:36,980 benchmark_policy INFO seed=2 ep=8: reward=-2.574 success=True prox_rate=0.435
2026-06-03 11:13:10,947 benchmark_policy INFO seed=2 ep=9: reward=-17.999 success=False prox_rate=0.307
2026-06-03 11:13:29,813 benchmark_policy INFO seed=2 ep=10: reward=-31.072 success=False prox_rate=0.148
2026-06-03 11:13:41,619 benchmark_policy INFO seed=2 ep=11: reward=-2.038 success=True prox_rate=0.647
2026-06-03 11:13:51,700 benchmark_policy INFO seed=2 ep=12: reward=-2.253 success=True prox_rate=0.352
2026-06-03 11:13:58,354 benchmark_policy INFO seed=2 ep=13: reward=-1.951 success=True prox_rate=0.000
2026-06-03 11:14:08,584 benchmark_policy INFO seed=2 ep=14: reward=-1.825 success=True prox_rate=0.313
2026-06-03 11:14:21,094 benchmark_policy INFO seed=2 ep=15: reward=-2.367 success=True prox_rate=0.344
2026-06-03 11:14:33,636 benchmark_policy INFO seed=2 ep=16: reward=-2.102 success=True prox_rate=0.592
2026-06-03 11:14:40,269 benchmark_policy INFO seed=2 ep=17: reward=-2.033 success=True prox_rate=0.135
2026-06-03 11:14:48,964 benchmark_policy INFO seed=2 ep=18: reward=-2.030 success=True prox_rate=0.731
2026-06-03 11:14:55,418 benchmark_policy INFO seed=2 ep=19: reward=-1.919 success=True prox_rate=0.000
2026-06-03 11:14:55,605 benchmark_policy INFO Wrote 1 cell row to /home/ap2322/Documents/safety_bigym/results/e4_1/basin_d0p3_seed0_noisy/s30122.csv (60 episodes) + raw rolls to /home/ap2322/Documents/safety_bigym/results/e4_1/basin_d0p3_seed0_noisy/s30122.raw_episodes.parquet
MultiViewCNNEncoder(
  (conv_nets): ModuleList(
    (0-2): 3 x Sequential(
      (0): Conv2d(12, 32, kernel_size=(4, 4), stride=(2, 2), padding=(1, 1))
      (1): ImgChLayerNorm()
      (2): SiLU()
      (3): Conv2d(32, 64, kernel_size=(4, 4), stride=(2, 2), padding=(1, 1))
      (4): ImgChLayerNorm()
      (5): SiLU()
      (6): Conv2d(64, 128, kernel_size=(4, 4), stride=(2, 2), padding=(1, 1))
      (7): ImgChLayerNorm()
      (8): SiLU()
      (9): Conv2d(128, 256, kernel_size=(4, 4), stride=(2, 2), padding=(1, 1))
      (10): ImgChLayerNorm()
      (11): SiLU()
    )
  )
)
C2FCritic(
  (network): C2FCriticNetwork(
    (adv_rgb_encoder): Sequential(
      (0): Linear(in_features=19200, out_features=512, bias=False)
      (1): LayerNorm((512,), eps=1e-05, elementwise_affine=True)
      (2): SiLU()
      (3): Linear(in_features=512, out_features=512, bias=False)
      (4): LayerNorm((512,), eps=1e-05, elementwise_affine=True)
      (5): SiLU()
      (6): Linear(in_features=512, out_features=64, bias=False)
      (7): LayerNorm((64,), eps=1e-05, elementwise_affine=True)
      (8): Tanh()
    )
    (adv_low_dim_encoder): Sequential(
      (0): Linear(in_features=288, out_features=64, bias=False)
      (1): LayerNorm((64,), eps=1e-05, elementwise_affine=True)
      (2): Tanh()
    )
    (adv_net): Sequential(
      (0): Linear(in_features=163, out_features=512, bias=False)
      (1): LayerNorm((512,), eps=1e-05, elementwise_affine=True)
      (2): SiLU()
      (3): Linear(in_features=512, out_features=512, bias=False)
      (4): LayerNorm((512,), eps=1e-05, elementwise_affine=True)
      (5): SiLU()
    )
    (adv_gru): GRU(512, 512, batch_first=True)
    (adv_head): Linear(in_features=512, out_features=8080, bias=True)
    (value_rgb_encoder): Sequential(
      (0): Linear(in_features=19200, out_features=512, bias=False)
      (1): LayerNorm((512,), eps=1e-05, elementwise_affine=True)
      (2): SiLU()
      (3): Linear(in_features=512, out_features=512, bias=False)
      (4): LayerNorm((512,), eps=1e-05, elementwise_affine=True)
      (5): SiLU()
      (6): Linear(in_features=512, out_features=64, bias=False)
      (7): LayerNorm((64,), eps=1e-05, elementwise_affine=True)
      (8): Tanh()
    )
    (value_low_dim_encoder): Sequential(
      (0): Linear(in_features=288, out_features=64, bias=False)
      (1): LayerNorm((64,), eps=1e-05, elementwise_affine=True)
      (2): Tanh()
    )
    (value_net): Sequential(
      (0): Linear(in_features=163, out_features=512, bias=False)
      (1): LayerNorm((512,), eps=1e-05, elementwise_affine=True)
      (2): SiLU()
      (3): Linear(in_features=512, out_features=512, bias=False)
      (4): LayerNorm((512,), eps=1e-05, elementwise_affine=True)
      (5): SiLU()
    )
    (value_gru): GRU(512, 512, batch_first=True)
    (value_head): Linear(in_features=512, out_features=1616, bias=True)
  )
)
success_rate=0.7833333333333333 ep_proximity_violation_rate=0.2317482028354446 ep_min_separation=0.13791379706581797
