2026-06-04 07:40:41,166 OpenGL.acceleratesupport INFO No OpenGL_accelerate module loaded: No module named 'OpenGL_accelerate'
2026-06-04 07:40:41,706 absl INFO MUJOCO_GL=egl, attempting to import specified OpenGL backend.
2026-06-04 07:40:41,713 absl INFO MuJoCo library version is: 3.1.5
2026-06-04 07:40:44,091 benchmark_policy INFO Policy kind=cqn_as (snapshot=exp_local/fixed_lambda/fixlam0p27/lam0p27_seed0/snapshot_15149.pt) max_steps=1000
2026-06-04 07:40:44,721 safety_bigym.envs.safety_bigym_factory INFO Forcing disruption_type=COWORKER for every episode.
2026-06-04 07:40:44,721 safety_bigym.envs.safety_bigym_factory INFO Creating SafetyBiGymEnv: task=SaucepanToHob, inject_human=True, clips=0
2026-06-04 07:40:50,472 safety_bigym.envs.safety_env INFO Human indices: pelvis_id=2, pelvis_mocapid=0, ssm_bodies=14
2026-06-04 07:40:50,473 safety_bigym.envs.safety_env INFO Promoted 69 geoms onto human collision channel (human_emit=bit1, robot_emit=bit2); reset 22 human collision geoms onto the cross-paired channel.
2026-06-04 07:40:50,473 safety_bigym.envs.safety_env INFO Safety wrapper initialized
2026-06-04 07:40:50,474 safety_bigym.envs.safety_env INFO G1 human controller initialized
2026-06-04 07:40:50,474 safety_bigym.envs.safety_bigym_factory INFO Inserting BodySLAMWrapper(mode=noisy, occlusion=none).
2026-06-04 07:40:50,477 root INFO Loading demos via raw BiGym env (for DemoStore compatibility).
2026-06-04 07:40:53,881 root INFO Demos are cached already: /home/ap2322/.bigym/demonstrations/0.9.0
2026-06-04 07:40:53,882 root INFO Demos are cached already: /home/ap2322/.bigym/demonstrations/0.9.0
2026-06-04 07:40:53,882 root INFO Demos are cached already: /home/ap2322/.bigym/demonstrations/0.9.0
2026-06-04 07:40:55,368 root INFO Loaded 36 demos.
2026-06-04 07:40:59,954 safety_bigym.agents.cqn_as.env_adapter INFO Converted 36 demos (29 successful) for CQN-AS.
2026-06-04 07:43:56,487 benchmark_policy INFO seed=0 ep=0: reward=-2.220 success=True prox_rate=0.000
2026-06-04 07:44:02,765 benchmark_policy INFO seed=0 ep=1: reward=-2.166 success=True prox_rate=0.041
2026-06-04 07:44:18,991 benchmark_policy INFO seed=0 ep=2: reward=-35.906 success=False prox_rate=0.013
2026-06-04 07:44:25,173 benchmark_policy INFO seed=0 ep=3: reward=-2.261 success=True prox_rate=0.062
2026-06-04 07:44:31,395 benchmark_policy INFO seed=0 ep=4: reward=-2.515 success=True prox_rate=0.047
2026-06-04 07:44:37,549 benchmark_policy INFO seed=0 ep=5: reward=-1.987 success=True prox_rate=0.285
2026-06-04 07:44:43,855 benchmark_policy INFO seed=0 ep=6: reward=-2.510 success=True prox_rate=0.034
2026-06-04 07:44:49,657 benchmark_policy INFO seed=0 ep=7: reward=-1.810 success=True prox_rate=0.000
2026-06-04 07:44:58,763 benchmark_policy INFO seed=0 ep=8: reward=-2.509 success=True prox_rate=0.491
2026-06-04 07:45:19,012 benchmark_policy INFO seed=0 ep=9: reward=-27.466 success=False prox_rate=0.196
2026-06-04 07:45:50,745 benchmark_policy INFO seed=0 ep=10: reward=-16.518 success=False prox_rate=0.709
2026-06-04 07:46:01,184 benchmark_policy INFO seed=0 ep=11: reward=-1.727 success=True prox_rate=0.278
2026-06-04 07:46:07,759 benchmark_policy INFO seed=0 ep=12: reward=-2.001 success=True prox_rate=0.506
2026-06-04 07:46:13,902 benchmark_policy INFO seed=0 ep=13: reward=-2.514 success=True prox_rate=0.231
2026-06-04 07:46:19,905 benchmark_policy INFO seed=0 ep=14: reward=-2.354 success=True prox_rate=0.049
2026-06-04 07:46:48,372 benchmark_policy INFO seed=0 ep=15: reward=-35.456 success=False prox_rate=0.389
2026-06-04 07:46:55,187 benchmark_policy INFO seed=0 ep=16: reward=-1.715 success=True prox_rate=0.526
2026-06-04 07:47:01,041 benchmark_policy INFO seed=0 ep=17: reward=-1.984 success=True prox_rate=0.048
2026-06-04 07:47:06,989 benchmark_policy INFO seed=0 ep=18: reward=-2.500 success=True prox_rate=0.040
2026-06-04 07:47:27,703 benchmark_policy INFO seed=0 ep=19: reward=-20.961 success=False prox_rate=0.012
2026-06-04 07:47:33,707 benchmark_policy INFO seed=1 ep=0: reward=-2.236 success=True prox_rate=0.050
2026-06-04 07:47:40,142 benchmark_policy INFO seed=1 ep=1: reward=-1.831 success=True prox_rate=0.544
2026-06-04 07:48:00,219 benchmark_policy INFO seed=1 ep=2: reward=-17.376 success=False prox_rate=0.359
2026-06-04 07:48:06,326 benchmark_policy INFO seed=1 ep=3: reward=-2.192 success=True prox_rate=0.022
2026-06-04 07:48:12,332 benchmark_policy INFO seed=1 ep=4: reward=-2.032 success=True prox_rate=0.000
2026-06-04 07:48:18,451 benchmark_policy INFO seed=1 ep=5: reward=-2.075 success=True prox_rate=0.000
2026-06-04 07:48:24,263 benchmark_policy INFO seed=1 ep=6: reward=-2.437 success=True prox_rate=0.000
2026-06-04 07:48:30,328 benchmark_policy INFO seed=1 ep=7: reward=-2.455 success=True prox_rate=0.062
2026-06-04 07:49:00,370 benchmark_policy INFO seed=1 ep=8: reward=-23.262 success=False prox_rate=0.702
2026-06-04 07:49:21,746 benchmark_policy INFO seed=1 ep=9: reward=-13.916 success=False prox_rate=0.534
2026-06-04 07:49:27,595 benchmark_policy INFO seed=1 ep=10: reward=-1.836 success=True prox_rate=0.000
2026-06-04 07:49:47,468 benchmark_policy INFO seed=1 ep=11: reward=-36.916 success=False prox_rate=0.052
2026-06-04 07:49:53,490 benchmark_policy INFO seed=1 ep=12: reward=-2.357 success=True prox_rate=0.000
2026-06-04 07:50:13,095 benchmark_policy INFO seed=1 ep=13: reward=-24.553 success=False prox_rate=0.392
2026-06-04 07:50:19,301 benchmark_policy INFO seed=1 ep=14: reward=-2.181 success=True prox_rate=0.470
2026-06-04 07:50:30,968 benchmark_policy INFO seed=1 ep=15: reward=-2.343 success=True prox_rate=0.875
2026-06-04 07:50:54,698 benchmark_policy INFO seed=1 ep=16: reward=-9.358 success=False prox_rate=0.465
2026-06-04 07:51:18,149 benchmark_policy INFO seed=1 ep=17: reward=-35.156 success=False prox_rate=0.119
2026-06-04 07:51:53,454 benchmark_policy INFO seed=1 ep=18: reward=-11.333 success=False prox_rate=0.747
2026-06-04 07:52:12,055 benchmark_policy INFO seed=1 ep=19: reward=-15.545 success=False prox_rate=0.047
2026-06-04 07:52:24,235 benchmark_policy INFO seed=2 ep=0: reward=-2.111 success=True prox_rate=0.580
2026-06-04 07:52:42,997 benchmark_policy INFO seed=2 ep=1: reward=-11.980 success=False prox_rate=0.000
2026-06-04 07:52:56,241 benchmark_policy INFO seed=2 ep=2: reward=-23.694 success=False prox_rate=0.014
2026-06-04 07:53:14,868 benchmark_policy INFO seed=2 ep=3: reward=-20.685 success=False prox_rate=0.240
2026-06-04 07:53:20,897 benchmark_policy INFO seed=2 ep=4: reward=-2.296 success=True prox_rate=0.393
2026-06-04 07:53:26,698 benchmark_policy INFO seed=2 ep=5: reward=-2.259 success=True prox_rate=0.000
2026-06-04 07:53:32,890 benchmark_policy INFO seed=2 ep=6: reward=-2.587 success=True prox_rate=0.000
2026-06-04 07:53:41,753 benchmark_policy INFO seed=2 ep=7: reward=-2.049 success=True prox_rate=0.822
2026-06-04 07:54:03,845 benchmark_policy INFO seed=2 ep=8: reward=-12.583 success=False prox_rate=0.752
2026-06-04 07:54:24,577 benchmark_policy INFO seed=2 ep=9: reward=-32.437 success=False prox_rate=0.117
2026-06-04 07:54:42,270 benchmark_policy INFO seed=2 ep=10: reward=-27.176 success=False prox_rate=0.094
2026-06-04 07:54:53,439 benchmark_policy INFO seed=2 ep=11: reward=-2.008 success=True prox_rate=0.699
2026-06-04 07:55:07,422 benchmark_policy INFO seed=2 ep=12: reward=-33.871 success=False prox_rate=0.056
2026-06-04 07:55:17,600 benchmark_policy INFO seed=2 ep=13: reward=-4.476 success=True prox_rate=0.011
2026-06-04 07:55:26,364 benchmark_policy INFO seed=2 ep=14: reward=-4.178 success=True prox_rate=0.207
2026-06-04 07:55:45,942 benchmark_policy INFO seed=2 ep=15: reward=-36.894 success=False prox_rate=0.116
2026-06-04 07:55:57,707 benchmark_policy INFO seed=2 ep=16: reward=-2.183 success=True prox_rate=0.592
2026-06-04 07:56:09,691 benchmark_policy INFO seed=2 ep=17: reward=-26.196 success=False prox_rate=0.095
2026-06-04 07:56:18,395 benchmark_policy INFO seed=2 ep=18: reward=-1.995 success=True prox_rate=0.728
2026-06-04 07:56:39,143 benchmark_policy INFO seed=2 ep=19: reward=-22.192 success=False prox_rate=0.029
2026-06-04 07:56:39,307 benchmark_policy INFO Wrote 1 cell row to /home/ap2322/Documents/safety_bigym/results/e4_1/basin_lam0p27_seed0_noisy/s15149.csv (60 episodes) + raw rolls to /home/ap2322/Documents/safety_bigym/results/e4_1/basin_lam0p27_seed0_noisy/s15149.raw_episodes.parquet
MultiViewCNNEncoder(
  (conv_nets): ModuleList(
    (0-2): 3 x Sequential(
      (0): Conv2d(12, 32, kernel_size=(4, 4), stride=(2, 2), padding=(1, 1))
      (1): ImgChLayerNorm()
      (2): SiLU()
      (3): Conv2d(32, 64, kernel_size=(4, 4), stride=(2, 2), padding=(1, 1))
      (4): ImgChLayerNorm()
      (5): SiLU()
      (6): Conv2d(64, 128, kernel_size=(4, 4), stride=(2, 2), padding=(1, 1))
      (7): ImgChLayerNorm()
      (8): SiLU()
      (9): Conv2d(128, 256, kernel_size=(4, 4), stride=(2, 2), padding=(1, 1))
      (10): ImgChLayerNorm()
      (11): SiLU()
    )
  )
)
C2FCritic(
  (network): C2FCriticNetwork(
    (adv_rgb_encoder): Sequential(
      (0): Linear(in_features=19200, out_features=512, bias=False)
      (1): LayerNorm((512,), eps=1e-05, elementwise_affine=True)
      (2): SiLU()
      (3): Linear(in_features=512, out_features=512, bias=False)
      (4): LayerNorm((512,), eps=1e-05, elementwise_affine=True)
      (5): SiLU()
      (6): Linear(in_features=512, out_features=64, bias=False)
      (7): LayerNorm((64,), eps=1e-05, elementwise_affine=True)
      (8): Tanh()
    )
    (adv_low_dim_encoder): Sequential(
      (0): Linear(in_features=288, out_features=64, bias=False)
      (1): LayerNorm((64,), eps=1e-05, elementwise_affine=True)
      (2): Tanh()
    )
    (adv_net): Sequential(
      (0): Linear(in_features=163, out_features=512, bias=False)
      (1): LayerNorm((512,), eps=1e-05, elementwise_affine=True)
      (2): SiLU()
      (3): Linear(in_features=512, out_features=512, bias=False)
      (4): LayerNorm((512,), eps=1e-05, elementwise_affine=True)
      (5): SiLU()
    )
    (adv_gru): GRU(512, 512, batch_first=True)
    (adv_head): Linear(in_features=512, out_features=8080, bias=True)
    (value_rgb_encoder): Sequential(
      (0): Linear(in_features=19200, out_features=512, bias=False)
      (1): LayerNorm((512,), eps=1e-05, elementwise_affine=True)
      (2): SiLU()
      (3): Linear(in_features=512, out_features=512, bias=False)
      (4): LayerNorm((512,), eps=1e-05, elementwise_affine=True)
      (5): SiLU()
      (6): Linear(in_features=512, out_features=64, bias=False)
      (7): LayerNorm((64,), eps=1e-05, elementwise_affine=True)
      (8): Tanh()
    )
    (value_low_dim_encoder): Sequential(
      (0): Linear(in_features=288, out_features=64, bias=False)
      (1): LayerNorm((64,), eps=1e-05, elementwise_affine=True)
      (2): Tanh()
    )
    (value_net): Sequential(
      (0): Linear(in_features=163, out_features=512, bias=False)
      (1): LayerNorm((512,), eps=1e-05, elementwise_affine=True)
      (2): SiLU()
      (3): Linear(in_features=512, out_features=512, bias=False)
      (4): LayerNorm((512,), eps=1e-05, elementwise_affine=True)
      (5): SiLU()
    )
    (value_gru): GRU(512, 512, batch_first=True)
    (value_head): Linear(in_features=512, out_features=1616, bias=True)
  )
)
success_rate=0.6 ep_proximity_violation_rate=0.2490351227675079 ep_min_separation=0.11938124110675614
