2026-06-04 07:59:25,092 OpenGL.acceleratesupport INFO No OpenGL_accelerate module loaded: No module named 'OpenGL_accelerate'
2026-06-04 07:59:25,603 absl INFO MUJOCO_GL=egl, attempting to import specified OpenGL backend.
2026-06-04 07:59:25,612 absl INFO MuJoCo library version is: 3.1.5
2026-06-04 07:59:28,055 benchmark_policy INFO Policy kind=cqn_as (snapshot=exp_local/fixed_lambda/fixlam0p27/lam0p27_seed0/snapshot_25361.pt) max_steps=1000
2026-06-04 07:59:29,116 safety_bigym.envs.safety_bigym_factory INFO Forcing disruption_type=COWORKER for every episode.
2026-06-04 07:59:29,116 safety_bigym.envs.safety_bigym_factory INFO Creating SafetyBiGymEnv: task=SaucepanToHob, inject_human=True, clips=0
2026-06-04 07:59:35,260 safety_bigym.envs.safety_env INFO Human indices: pelvis_id=2, pelvis_mocapid=0, ssm_bodies=14
2026-06-04 07:59:35,260 safety_bigym.envs.safety_env INFO Promoted 69 geoms onto human collision channel (human_emit=bit1, robot_emit=bit2); reset 22 human collision geoms onto the cross-paired channel.
2026-06-04 07:59:35,261 safety_bigym.envs.safety_env INFO Safety wrapper initialized
2026-06-04 07:59:35,261 safety_bigym.envs.safety_env INFO G1 human controller initialized
2026-06-04 07:59:35,261 safety_bigym.envs.safety_bigym_factory INFO Inserting BodySLAMWrapper(mode=noisy, occlusion=none).
2026-06-04 07:59:35,264 root INFO Loading demos via raw BiGym env (for DemoStore compatibility).
2026-06-04 07:59:38,808 root INFO Demos are cached already: /home/ap2322/.bigym/demonstrations/0.9.0
2026-06-04 07:59:38,809 root INFO Demos are cached already: /home/ap2322/.bigym/demonstrations/0.9.0
2026-06-04 07:59:38,809 root INFO Demos are cached already: /home/ap2322/.bigym/demonstrations/0.9.0
2026-06-04 07:59:40,445 root INFO Loaded 36 demos.
2026-06-04 07:59:44,937 safety_bigym.agents.cqn_as.env_adapter INFO Converted 36 demos (29 successful) for CQN-AS.
2026-06-04 08:02:06,888 benchmark_policy INFO seed=0 ep=0: reward=-2.227 success=True prox_rate=0.000
2026-06-04 08:02:13,559 benchmark_policy INFO seed=0 ep=1: reward=-2.219 success=True prox_rate=0.041
2026-06-04 08:02:20,693 benchmark_policy INFO seed=0 ep=2: reward=-2.222 success=True prox_rate=0.000
2026-06-04 08:02:29,188 benchmark_policy INFO seed=0 ep=3: reward=-14.339 success=False prox_rate=0.088
2026-06-04 08:02:35,760 benchmark_policy INFO seed=0 ep=4: reward=-2.576 success=True prox_rate=0.053
2026-06-04 08:02:42,272 benchmark_policy INFO seed=0 ep=5: reward=-1.980 success=True prox_rate=0.284
2026-06-04 08:02:49,524 benchmark_policy INFO seed=0 ep=6: reward=-2.534 success=True prox_rate=0.023
2026-06-04 08:02:56,125 benchmark_policy INFO seed=0 ep=7: reward=-1.942 success=True prox_rate=0.000
2026-06-04 08:03:05,514 benchmark_policy INFO seed=0 ep=8: reward=-2.517 success=True prox_rate=0.488
2026-06-04 08:03:19,474 benchmark_policy INFO seed=0 ep=9: reward=-1.689 success=True prox_rate=0.644
2026-06-04 08:03:26,090 benchmark_policy INFO seed=0 ep=10: reward=-14.150 success=False prox_rate=0.171
2026-06-04 08:03:36,780 benchmark_policy INFO seed=0 ep=11: reward=-1.718 success=True prox_rate=0.289
2026-06-04 08:03:43,943 benchmark_policy INFO seed=0 ep=12: reward=-1.959 success=True prox_rate=0.502
2026-06-04 08:03:50,298 benchmark_policy INFO seed=0 ep=13: reward=-2.395 success=True prox_rate=0.233
2026-06-04 08:03:58,085 benchmark_policy INFO seed=0 ep=14: reward=-3.657 success=True prox_rate=0.034
2026-06-04 08:04:04,092 benchmark_policy INFO seed=0 ep=15: reward=-13.266 success=False prox_rate=0.133
2026-06-04 08:04:11,856 benchmark_policy INFO seed=0 ep=16: reward=-2.061 success=True prox_rate=0.450
2026-06-04 08:04:18,350 benchmark_policy INFO seed=0 ep=17: reward=-2.045 success=True prox_rate=0.051
2026-06-04 08:04:24,957 benchmark_policy INFO seed=0 ep=18: reward=-2.569 success=True prox_rate=0.037
2026-06-04 08:04:33,412 benchmark_policy INFO seed=0 ep=19: reward=-2.029 success=True prox_rate=0.000
2026-06-04 08:04:42,820 benchmark_policy INFO seed=1 ep=0: reward=-15.437 success=False prox_rate=0.054
2026-06-04 08:04:50,016 benchmark_policy INFO seed=1 ep=1: reward=-1.863 success=True prox_rate=0.554
2026-06-04 08:05:03,411 benchmark_policy INFO seed=1 ep=2: reward=-18.614 success=False prox_rate=0.355
2026-06-04 08:05:11,502 benchmark_policy INFO seed=1 ep=3: reward=-16.523 success=False prox_rate=0.172
2026-06-04 08:05:18,019 benchmark_policy INFO seed=1 ep=4: reward=-2.062 success=True prox_rate=0.000
2026-06-04 08:05:24,522 benchmark_policy INFO seed=1 ep=5: reward=-2.211 success=True prox_rate=0.000
2026-06-04 08:05:31,281 benchmark_policy INFO seed=1 ep=6: reward=-2.570 success=True prox_rate=0.021
2026-06-04 08:05:40,071 benchmark_policy INFO seed=1 ep=7: reward=-13.938 success=False prox_rate=0.099
2026-06-04 08:05:45,445 benchmark_policy INFO seed=1 ep=8: reward=-11.634 success=False prox_rate=0.152
2026-06-04 08:06:01,644 benchmark_policy INFO seed=1 ep=9: reward=-21.417 success=False prox_rate=0.318
2026-06-04 08:06:12,395 benchmark_policy INFO seed=1 ep=10: reward=-18.032 success=False prox_rate=0.246
2026-06-04 08:06:21,485 benchmark_policy INFO seed=1 ep=11: reward=-14.842 success=False prox_rate=0.012
2026-06-04 08:06:28,524 benchmark_policy INFO seed=1 ep=12: reward=-13.796 success=False prox_rate=0.034
2026-06-04 08:06:33,515 benchmark_policy INFO seed=1 ep=13: reward=-11.128 success=False prox_rate=0.076
2026-06-04 08:06:40,047 benchmark_policy INFO seed=1 ep=14: reward=-2.251 success=True prox_rate=0.457
2026-06-04 08:06:50,481 benchmark_policy INFO seed=1 ep=15: reward=-13.681 success=False prox_rate=0.365
2026-06-04 08:06:58,694 benchmark_policy INFO seed=1 ep=16: reward=-13.694 success=False prox_rate=0.376
2026-06-04 08:07:08,971 benchmark_policy INFO seed=1 ep=17: reward=-1.951 success=True prox_rate=0.251
2026-06-04 08:07:18,003 benchmark_policy INFO seed=1 ep=18: reward=-15.084 success=False prox_rate=0.190
2026-06-04 08:07:25,718 benchmark_policy INFO seed=1 ep=19: reward=-14.732 success=False prox_rate=0.062
2026-06-04 08:07:38,121 benchmark_policy INFO seed=2 ep=0: reward=-2.274 success=True prox_rate=0.550
2026-06-04 08:07:44,981 benchmark_policy INFO seed=2 ep=1: reward=-2.545 success=True prox_rate=0.012
2026-06-04 08:07:56,172 benchmark_policy INFO seed=2 ep=2: reward=-1.826 success=True prox_rate=0.393
2026-06-04 08:08:06,365 benchmark_policy INFO seed=2 ep=3: reward=-1.711 success=True prox_rate=0.524
2026-06-04 08:08:12,826 benchmark_policy INFO seed=2 ep=4: reward=-2.318 success=True prox_rate=0.394
2026-06-04 08:08:19,244 benchmark_policy INFO seed=2 ep=5: reward=-2.199 success=True prox_rate=0.000
2026-06-04 08:08:26,116 benchmark_policy INFO seed=2 ep=6: reward=-13.394 success=False prox_rate=0.000
2026-06-04 08:08:33,296 benchmark_policy INFO seed=2 ep=7: reward=-13.520 success=False prox_rate=0.294
2026-06-04 08:09:00,185 benchmark_policy INFO seed=2 ep=8: reward=-29.939 success=False prox_rate=0.355
2026-06-04 08:09:17,216 benchmark_policy INFO seed=2 ep=9: reward=-16.259 success=False prox_rate=0.373
2026-06-04 08:09:22,711 benchmark_policy INFO seed=2 ep=10: reward=-11.902 success=False prox_rate=0.000
2026-06-04 08:09:31,921 benchmark_policy INFO seed=2 ep=11: reward=-14.528 success=False prox_rate=0.252
2026-06-04 08:09:40,907 benchmark_policy INFO seed=2 ep=12: reward=-2.500 success=True prox_rate=0.353
2026-06-04 08:09:47,630 benchmark_policy INFO seed=2 ep=13: reward=-1.830 success=True prox_rate=0.037
2026-06-04 08:09:58,015 benchmark_policy INFO seed=2 ep=14: reward=-2.125 success=True prox_rate=0.335
2026-06-04 08:10:05,517 benchmark_policy INFO seed=2 ep=15: reward=-16.613 success=False prox_rate=0.003
2026-06-04 08:10:17,124 benchmark_policy INFO seed=2 ep=16: reward=-2.387 success=True prox_rate=0.522
2026-06-04 08:10:23,561 benchmark_policy INFO seed=2 ep=17: reward=-2.092 success=True prox_rate=0.118
2026-06-04 08:10:32,617 benchmark_policy INFO seed=2 ep=18: reward=-1.977 success=True prox_rate=0.737
2026-06-04 08:10:39,008 benchmark_policy INFO seed=2 ep=19: reward=-2.081 success=True prox_rate=0.000
2026-06-04 08:10:39,162 benchmark_policy INFO Wrote 1 cell row to /home/ap2322/Documents/safety_bigym/results/e4_1/basin_lam0p27_seed0_noisy/s25361.csv (60 episodes) + raw rolls to /home/ap2322/Documents/safety_bigym/results/e4_1/basin_lam0p27_seed0_noisy/s25361.raw_episodes.parquet
MultiViewCNNEncoder(
  (conv_nets): ModuleList(
    (0-2): 3 x Sequential(
      (0): Conv2d(12, 32, kernel_size=(4, 4), stride=(2, 2), padding=(1, 1))
      (1): ImgChLayerNorm()
      (2): SiLU()
      (3): Conv2d(32, 64, kernel_size=(4, 4), stride=(2, 2), padding=(1, 1))
      (4): ImgChLayerNorm()
      (5): SiLU()
      (6): Conv2d(64, 128, kernel_size=(4, 4), stride=(2, 2), padding=(1, 1))
      (7): ImgChLayerNorm()
      (8): SiLU()
      (9): Conv2d(128, 256, kernel_size=(4, 4), stride=(2, 2), padding=(1, 1))
      (10): ImgChLayerNorm()
      (11): SiLU()
    )
  )
)
C2FCritic(
  (network): C2FCriticNetwork(
    (adv_rgb_encoder): Sequential(
      (0): Linear(in_features=19200, out_features=512, bias=False)
      (1): LayerNorm((512,), eps=1e-05, elementwise_affine=True)
      (2): SiLU()
      (3): Linear(in_features=512, out_features=512, bias=False)
      (4): LayerNorm((512,), eps=1e-05, elementwise_affine=True)
      (5): SiLU()
      (6): Linear(in_features=512, out_features=64, bias=False)
      (7): LayerNorm((64,), eps=1e-05, elementwise_affine=True)
      (8): Tanh()
    )
    (adv_low_dim_encoder): Sequential(
      (0): Linear(in_features=288, out_features=64, bias=False)
      (1): LayerNorm((64,), eps=1e-05, elementwise_affine=True)
      (2): Tanh()
    )
    (adv_net): Sequential(
      (0): Linear(in_features=163, out_features=512, bias=False)
      (1): LayerNorm((512,), eps=1e-05, elementwise_affine=True)
      (2): SiLU()
      (3): Linear(in_features=512, out_features=512, bias=False)
      (4): LayerNorm((512,), eps=1e-05, elementwise_affine=True)
      (5): SiLU()
    )
    (adv_gru): GRU(512, 512, batch_first=True)
    (adv_head): Linear(in_features=512, out_features=8080, bias=True)
    (value_rgb_encoder): Sequential(
      (0): Linear(in_features=19200, out_features=512, bias=False)
      (1): LayerNorm((512,), eps=1e-05, elementwise_affine=True)
      (2): SiLU()
      (3): Linear(in_features=512, out_features=512, bias=False)
      (4): LayerNorm((512,), eps=1e-05, elementwise_affine=True)
      (5): SiLU()
      (6): Linear(in_features=512, out_features=64, bias=False)
      (7): LayerNorm((64,), eps=1e-05, elementwise_affine=True)
      (8): Tanh()
    )
    (value_low_dim_encoder): Sequential(
      (0): Linear(in_features=288, out_features=64, bias=False)
      (1): LayerNorm((64,), eps=1e-05, elementwise_affine=True)
      (2): Tanh()
    )
    (value_net): Sequential(
      (0): Linear(in_features=163, out_features=512, bias=False)
      (1): LayerNorm((512,), eps=1e-05, elementwise_affine=True)
      (2): SiLU()
      (3): Linear(in_features=512, out_features=512, bias=False)
      (4): LayerNorm((512,), eps=1e-05, elementwise_affine=True)
      (5): SiLU()
    )
    (value_gru): GRU(512, 512, batch_first=True)
    (value_head): Linear(in_features=512, out_features=1616, bias=True)
  )
)
success_rate=0.6 ep_proximity_violation_rate=0.20940372440964883 ep_min_separation=0.1357480169054685
