2026-06-04 08:16:39,439 OpenGL.acceleratesupport INFO No OpenGL_accelerate module loaded: No module named 'OpenGL_accelerate'
2026-06-04 08:16:39,722 absl INFO MUJOCO_GL=egl, attempting to import specified OpenGL backend.
2026-06-04 08:16:39,729 absl INFO MuJoCo library version is: 3.1.5
2026-06-04 08:16:41,386 benchmark_policy INFO Policy kind=cqn_as (snapshot=exp_local/fixed_lambda/fixlam0p27/lam0p27_seed0/snapshot_37731.pt) max_steps=1000
2026-06-04 08:16:41,496 safety_bigym.envs.safety_bigym_factory INFO Forcing disruption_type=COWORKER for every episode.
2026-06-04 08:16:41,497 safety_bigym.envs.safety_bigym_factory INFO Creating SafetyBiGymEnv: task=SaucepanToHob, inject_human=True, clips=0
2026-06-04 08:16:46,826 safety_bigym.envs.safety_env INFO Human indices: pelvis_id=2, pelvis_mocapid=0, ssm_bodies=14
2026-06-04 08:16:46,827 safety_bigym.envs.safety_env INFO Promoted 69 geoms onto human collision channel (human_emit=bit1, robot_emit=bit2); reset 22 human collision geoms onto the cross-paired channel.
2026-06-04 08:16:46,827 safety_bigym.envs.safety_env INFO Safety wrapper initialized
2026-06-04 08:16:46,827 safety_bigym.envs.safety_env INFO G1 human controller initialized
2026-06-04 08:16:46,828 safety_bigym.envs.safety_bigym_factory INFO Inserting BodySLAMWrapper(mode=noisy, occlusion=none).
2026-06-04 08:16:46,831 root INFO Loading demos via raw BiGym env (for DemoStore compatibility).
2026-06-04 08:16:49,989 root INFO Demos are cached already: /home/ap2322/.bigym/demonstrations/0.9.0
2026-06-04 08:16:49,989 root INFO Demos are cached already: /home/ap2322/.bigym/demonstrations/0.9.0
2026-06-04 08:16:49,990 root INFO Demos are cached already: /home/ap2322/.bigym/demonstrations/0.9.0
2026-06-04 08:16:51,553 root INFO Loaded 36 demos.
2026-06-04 08:16:55,840 safety_bigym.agents.cqn_as.env_adapter INFO Converted 36 demos (29 successful) for CQN-AS.
2026-06-04 08:17:07,852 benchmark_policy INFO seed=0 ep=0: reward=-2.229 success=True prox_rate=0.000
2026-06-04 08:17:14,178 benchmark_policy INFO seed=0 ep=1: reward=-2.181 success=True prox_rate=0.041
2026-06-04 08:17:20,566 benchmark_policy INFO seed=0 ep=2: reward=-2.187 success=True prox_rate=0.000
2026-06-04 08:17:26,869 benchmark_policy INFO seed=0 ep=3: reward=-2.459 success=True prox_rate=0.062
2026-06-04 08:17:33,193 benchmark_policy INFO seed=0 ep=4: reward=-2.492 success=True prox_rate=0.050
2026-06-04 08:17:39,508 benchmark_policy INFO seed=0 ep=5: reward=-1.982 success=True prox_rate=0.281
2026-06-04 08:17:59,263 benchmark_policy INFO seed=0 ep=6: reward=-45.749 success=False prox_rate=0.000
2026-06-04 08:18:05,513 benchmark_policy INFO seed=0 ep=7: reward=-1.803 success=True prox_rate=0.000
2026-06-04 08:18:14,703 benchmark_policy INFO seed=0 ep=8: reward=-2.526 success=True prox_rate=0.477
2026-06-04 08:18:35,900 benchmark_policy INFO seed=0 ep=9: reward=-43.827 success=False prox_rate=0.049
2026-06-04 08:18:58,349 benchmark_policy INFO seed=0 ep=10: reward=-46.928 success=False prox_rate=0.133
2026-06-04 08:19:09,371 benchmark_policy INFO seed=0 ep=11: reward=-1.716 success=True prox_rate=0.283
2026-06-04 08:19:16,483 benchmark_policy INFO seed=0 ep=12: reward=-1.945 success=True prox_rate=0.511
2026-06-04 08:19:35,930 benchmark_policy INFO seed=0 ep=13: reward=-45.127 success=False prox_rate=0.000
2026-06-04 08:19:55,378 benchmark_policy INFO seed=0 ep=14: reward=-46.562 success=False prox_rate=0.000
2026-06-04 08:20:19,729 benchmark_policy INFO seed=0 ep=15: reward=-45.900 success=False prox_rate=0.173
2026-06-04 08:20:27,407 benchmark_policy INFO seed=0 ep=16: reward=-2.135 success=True prox_rate=0.441
2026-06-04 08:20:33,691 benchmark_policy INFO seed=0 ep=17: reward=-2.030 success=True prox_rate=0.050
2026-06-04 08:20:53,112 benchmark_policy INFO seed=0 ep=18: reward=-45.563 success=False prox_rate=0.000
2026-06-04 08:21:01,138 benchmark_policy INFO seed=0 ep=19: reward=-2.021 success=True prox_rate=0.000
2026-06-04 08:21:20,623 benchmark_policy INFO seed=1 ep=0: reward=-45.795 success=False prox_rate=0.000
2026-06-04 08:21:27,465 benchmark_policy INFO seed=1 ep=1: reward=-1.864 success=True prox_rate=0.554
2026-06-04 08:21:48,751 benchmark_policy INFO seed=1 ep=2: reward=-40.042 success=False prox_rate=0.207
2026-06-04 08:22:08,358 benchmark_policy INFO seed=1 ep=3: reward=-46.744 success=False prox_rate=0.000
2026-06-04 08:22:14,726 benchmark_policy INFO seed=1 ep=4: reward=-2.055 success=True prox_rate=0.000
2026-06-04 08:22:21,187 benchmark_policy INFO seed=1 ep=5: reward=-2.149 success=True prox_rate=0.000
2026-06-04 08:22:27,627 benchmark_policy INFO seed=1 ep=6: reward=-2.468 success=True prox_rate=0.006
2026-06-04 08:22:54,279 benchmark_policy INFO seed=1 ep=7: reward=-47.006 success=False prox_rate=0.175
2026-06-04 08:23:13,843 benchmark_policy INFO seed=1 ep=8: reward=-47.832 success=False prox_rate=0.043
2026-06-04 08:23:38,791 benchmark_policy INFO seed=1 ep=9: reward=-46.897 success=False prox_rate=0.177
2026-06-04 08:23:45,060 benchmark_policy INFO seed=1 ep=10: reward=-1.959 success=True prox_rate=0.000
2026-06-04 08:24:05,101 benchmark_policy INFO seed=1 ep=11: reward=-43.126 success=False prox_rate=0.000
2026-06-04 08:24:24,252 benchmark_policy INFO seed=1 ep=12: reward=-46.762 success=False prox_rate=0.000
2026-06-04 08:24:44,934 benchmark_policy INFO seed=1 ep=13: reward=-47.417 success=False prox_rate=0.047
2026-06-04 08:25:09,072 benchmark_policy INFO seed=1 ep=14: reward=-45.187 success=False prox_rate=0.209
2026-06-04 08:25:21,292 benchmark_policy INFO seed=1 ep=15: reward=-2.314 success=True prox_rate=0.876
2026-06-04 08:25:43,191 benchmark_policy INFO seed=1 ep=16: reward=-46.615 success=False prox_rate=0.111
2026-06-04 08:25:54,590 benchmark_policy INFO seed=1 ep=17: reward=-1.962 success=True prox_rate=0.206
2026-06-04 08:26:06,961 benchmark_policy INFO seed=1 ep=18: reward=-2.204 success=True prox_rate=0.706
2026-06-04 08:26:26,125 benchmark_policy INFO seed=1 ep=19: reward=-46.045 success=False prox_rate=0.007
2026-06-04 08:26:47,806 benchmark_policy INFO seed=2 ep=0: reward=-44.947 success=False prox_rate=0.040
2026-06-04 08:27:07,132 benchmark_policy INFO seed=2 ep=1: reward=-41.951 success=False prox_rate=0.026
2026-06-04 08:27:17,954 benchmark_policy INFO seed=2 ep=2: reward=-1.786 success=True prox_rate=0.389
2026-06-04 08:27:37,345 benchmark_policy INFO seed=2 ep=3: reward=-44.180 success=False prox_rate=0.153
2026-06-04 08:27:43,761 benchmark_policy INFO seed=2 ep=4: reward=-2.287 success=True prox_rate=0.366
2026-06-04 08:27:49,870 benchmark_policy INFO seed=2 ep=5: reward=-2.137 success=True prox_rate=0.000
2026-06-04 08:28:09,210 benchmark_policy INFO seed=2 ep=6: reward=-43.257 success=False prox_rate=0.000
2026-06-04 08:28:30,107 benchmark_policy INFO seed=2 ep=7: reward=-46.610 success=False prox_rate=0.069
2026-06-04 08:28:50,967 benchmark_policy INFO seed=2 ep=8: reward=-40.046 success=False prox_rate=0.129
2026-06-04 08:29:10,348 benchmark_policy INFO seed=2 ep=9: reward=-8.528 success=True prox_rate=0.366
2026-06-04 08:29:29,765 benchmark_policy INFO seed=2 ep=10: reward=-45.646 success=False prox_rate=0.027
2026-06-04 08:29:40,268 benchmark_policy INFO seed=2 ep=11: reward=-2.103 success=True prox_rate=0.643
2026-06-04 08:29:49,286 benchmark_policy INFO seed=2 ep=12: reward=-2.493 success=True prox_rate=0.358
2026-06-04 08:30:08,768 benchmark_policy INFO seed=2 ep=13: reward=-46.627 success=False prox_rate=0.000
2026-06-04 08:30:29,383 benchmark_policy INFO seed=2 ep=14: reward=-44.903 success=False prox_rate=0.030
2026-06-04 08:30:45,079 benchmark_policy INFO seed=2 ep=15: reward=-7.678 success=True prox_rate=0.171
2026-06-04 08:30:56,631 benchmark_policy INFO seed=2 ep=16: reward=-2.388 success=True prox_rate=0.556
2026-06-04 08:31:02,939 benchmark_policy INFO seed=2 ep=17: reward=-2.074 success=True prox_rate=0.118
2026-06-04 08:31:23,718 benchmark_policy INFO seed=2 ep=18: reward=-42.238 success=False prox_rate=0.232
2026-06-04 08:31:29,955 benchmark_policy INFO seed=2 ep=19: reward=-2.017 success=True prox_rate=0.000
2026-06-04 08:31:30,124 benchmark_policy INFO Wrote 1 cell row to /home/ap2322/Documents/safety_bigym/results/e4_1/basin_lam0p27_seed0_noisy/s37731.csv (60 episodes) + raw rolls to /home/ap2322/Documents/safety_bigym/results/e4_1/basin_lam0p27_seed0_noisy/s37731.raw_episodes.parquet
MultiViewCNNEncoder(
  (conv_nets): ModuleList(
    (0-2): 3 x Sequential(
      (0): Conv2d(12, 32, kernel_size=(4, 4), stride=(2, 2), padding=(1, 1))
      (1): ImgChLayerNorm()
      (2): SiLU()
      (3): Conv2d(32, 64, kernel_size=(4, 4), stride=(2, 2), padding=(1, 1))
      (4): ImgChLayerNorm()
      (5): SiLU()
      (6): Conv2d(64, 128, kernel_size=(4, 4), stride=(2, 2), padding=(1, 1))
      (7): ImgChLayerNorm()
      (8): SiLU()
      (9): Conv2d(128, 256, kernel_size=(4, 4), stride=(2, 2), padding=(1, 1))
      (10): ImgChLayerNorm()
      (11): SiLU()
    )
  )
)
C2FCritic(
  (network): C2FCriticNetwork(
    (adv_rgb_encoder): Sequential(
      (0): Linear(in_features=19200, out_features=512, bias=False)
      (1): LayerNorm((512,), eps=1e-05, elementwise_affine=True)
      (2): SiLU()
      (3): Linear(in_features=512, out_features=512, bias=False)
      (4): LayerNorm((512,), eps=1e-05, elementwise_affine=True)
      (5): SiLU()
      (6): Linear(in_features=512, out_features=64, bias=False)
      (7): LayerNorm((64,), eps=1e-05, elementwise_affine=True)
      (8): Tanh()
    )
    (adv_low_dim_encoder): Sequential(
      (0): Linear(in_features=288, out_features=64, bias=False)
      (1): LayerNorm((64,), eps=1e-05, elementwise_affine=True)
      (2): Tanh()
    )
    (adv_net): Sequential(
      (0): Linear(in_features=163, out_features=512, bias=False)
      (1): LayerNorm((512,), eps=1e-05, elementwise_affine=True)
      (2): SiLU()
      (3): Linear(in_features=512, out_features=512, bias=False)
      (4): LayerNorm((512,), eps=1e-05, elementwise_affine=True)
      (5): SiLU()
    )
    (adv_gru): GRU(512, 512, batch_first=True)
    (adv_head): Linear(in_features=512, out_features=8080, bias=True)
    (value_rgb_encoder): Sequential(
      (0): Linear(in_features=19200, out_features=512, bias=False)
      (1): LayerNorm((512,), eps=1e-05, elementwise_affine=True)
      (2): SiLU()
      (3): Linear(in_features=512, out_features=512, bias=False)
      (4): LayerNorm((512,), eps=1e-05, elementwise_affine=True)
      (5): SiLU()
      (6): Linear(in_features=512, out_features=64, bias=False)
      (7): LayerNorm((64,), eps=1e-05, elementwise_affine=True)
      (8): Tanh()
    )
    (value_low_dim_encoder): Sequential(
      (0): Linear(in_features=288, out_features=64, bias=False)
      (1): LayerNorm((64,), eps=1e-05, elementwise_affine=True)
      (2): Tanh()
    )
    (value_net): Sequential(
      (0): Linear(in_features=163, out_features=512, bias=False)
      (1): LayerNorm((512,), eps=1e-05, elementwise_affine=True)
      (2): SiLU()
      (3): Linear(in_features=512, out_features=512, bias=False)
      (4): LayerNorm((512,), eps=1e-05, elementwise_affine=True)
      (5): SiLU()
    )
    (value_gru): GRU(512, 512, batch_first=True)
    (value_head): Linear(in_features=512, out_features=1616, bias=True)
  )
)
success_rate=0.5166666666666667 ep_proximity_violation_rate=0.1591586620554732 ep_min_separation=0.19442353882940508
