2026-06-04 07:40:41,152 OpenGL.acceleratesupport INFO No OpenGL_accelerate module loaded: No module named 'OpenGL_accelerate'
2026-06-04 07:40:41,708 absl INFO MUJOCO_GL=egl, attempting to import specified OpenGL backend.
2026-06-04 07:40:41,715 absl INFO MuJoCo library version is: 3.1.5
2026-06-04 07:40:44,076 benchmark_policy INFO Policy kind=cqn_as (snapshot=exp_local/fixed_lambda/fixlam0p27/lam0p27_seed0/snapshot_7571.pt) max_steps=1000
2026-06-04 07:40:44,715 safety_bigym.envs.safety_bigym_factory INFO Forcing disruption_type=COWORKER for every episode.
2026-06-04 07:40:44,715 safety_bigym.envs.safety_bigym_factory INFO Creating SafetyBiGymEnv: task=SaucepanToHob, inject_human=True, clips=0
2026-06-04 07:40:50,306 safety_bigym.envs.safety_env INFO Human indices: pelvis_id=2, pelvis_mocapid=0, ssm_bodies=14
2026-06-04 07:40:50,307 safety_bigym.envs.safety_env INFO Promoted 69 geoms onto human collision channel (human_emit=bit1, robot_emit=bit2); reset 22 human collision geoms onto the cross-paired channel.
2026-06-04 07:40:50,307 safety_bigym.envs.safety_env INFO Safety wrapper initialized
2026-06-04 07:40:50,308 safety_bigym.envs.safety_env INFO G1 human controller initialized
2026-06-04 07:40:50,308 safety_bigym.envs.safety_bigym_factory INFO Inserting BodySLAMWrapper(mode=noisy, occlusion=none).
2026-06-04 07:40:50,311 root INFO Loading demos via raw BiGym env (for DemoStore compatibility).
2026-06-04 07:40:53,640 root INFO Demos are cached already: /home/ap2322/.bigym/demonstrations/0.9.0
2026-06-04 07:40:53,641 root INFO Demos are cached already: /home/ap2322/.bigym/demonstrations/0.9.0
2026-06-04 07:40:53,641 root INFO Demos are cached already: /home/ap2322/.bigym/demonstrations/0.9.0
2026-06-04 07:40:55,159 root INFO Loaded 36 demos.
2026-06-04 07:40:59,583 safety_bigym.agents.cqn_as.env_adapter INFO Converted 36 demos (29 successful) for CQN-AS.
2026-06-04 07:43:56,112 benchmark_policy INFO seed=0 ep=0: reward=-2.187 success=True prox_rate=0.000
2026-06-04 07:44:02,512 benchmark_policy INFO seed=0 ep=1: reward=-2.189 success=True prox_rate=0.013
2026-06-04 07:44:08,929 benchmark_policy INFO seed=0 ep=2: reward=-2.141 success=True prox_rate=0.000
2026-06-04 07:44:15,418 benchmark_policy INFO seed=0 ep=3: reward=-2.309 success=True prox_rate=0.066
2026-06-04 07:44:22,089 benchmark_policy INFO seed=0 ep=4: reward=-2.732 success=True prox_rate=0.049
2026-06-04 07:44:42,722 benchmark_policy INFO seed=0 ep=5: reward=-23.476 success=False prox_rate=0.126
2026-06-04 07:44:49,562 benchmark_policy INFO seed=0 ep=6: reward=-2.471 success=True prox_rate=0.032
2026-06-04 07:44:55,845 benchmark_policy INFO seed=0 ep=7: reward=-1.714 success=True prox_rate=0.000
2026-06-04 07:45:05,031 benchmark_policy INFO seed=0 ep=8: reward=-2.474 success=True prox_rate=0.489
2026-06-04 07:45:31,341 benchmark_policy INFO seed=0 ep=9: reward=-9.747 success=False prox_rate=0.410
2026-06-04 07:46:08,317 benchmark_policy INFO seed=0 ep=10: reward=-10.216 success=False prox_rate=0.812
2026-06-04 07:46:19,917 benchmark_policy INFO seed=0 ep=11: reward=-1.667 success=True prox_rate=0.315
2026-06-04 07:46:26,755 benchmark_policy INFO seed=0 ep=12: reward=-1.881 success=True prox_rate=0.500
2026-06-04 07:46:33,264 benchmark_policy INFO seed=0 ep=13: reward=-2.358 success=True prox_rate=0.234
2026-06-04 07:46:39,710 benchmark_policy INFO seed=0 ep=14: reward=-2.347 success=True prox_rate=0.056
2026-06-04 07:47:22,549 benchmark_policy INFO seed=0 ep=15: reward=-11.970 success=False prox_rate=0.794
2026-06-04 07:47:43,833 benchmark_policy INFO seed=0 ep=16: reward=-43.613 success=False prox_rate=0.073
2026-06-04 07:47:50,116 benchmark_policy INFO seed=0 ep=17: reward=-1.941 success=True prox_rate=0.052
2026-06-04 07:47:56,696 benchmark_policy INFO seed=0 ep=18: reward=-2.311 success=True prox_rate=0.040
2026-06-04 07:48:05,591 benchmark_policy INFO seed=0 ep=19: reward=-2.063 success=True prox_rate=0.000
2026-06-04 07:48:12,013 benchmark_policy INFO seed=1 ep=0: reward=-2.299 success=True prox_rate=0.048
2026-06-04 07:48:31,167 benchmark_policy INFO seed=1 ep=1: reward=-38.342 success=False prox_rate=0.148
2026-06-04 07:48:52,997 benchmark_policy INFO seed=1 ep=2: reward=-16.449 success=False prox_rate=0.417
2026-06-04 07:48:59,502 benchmark_policy INFO seed=1 ep=3: reward=-2.241 success=True prox_rate=0.009
2026-06-04 07:49:06,002 benchmark_policy INFO seed=1 ep=4: reward=-2.008 success=True prox_rate=0.000
2026-06-04 07:49:12,370 benchmark_policy INFO seed=1 ep=5: reward=-2.162 success=True prox_rate=0.000
2026-06-04 07:49:18,703 benchmark_policy INFO seed=1 ep=6: reward=-2.418 success=True prox_rate=0.000
2026-06-04 07:49:25,117 benchmark_policy INFO seed=1 ep=7: reward=-2.538 success=True prox_rate=0.066
2026-06-04 07:49:56,526 benchmark_policy INFO seed=1 ep=8: reward=-17.143 success=False prox_rate=0.815
2026-06-04 07:50:20,745 benchmark_policy INFO seed=1 ep=9: reward=-13.030 success=False prox_rate=0.554
2026-06-04 07:50:27,445 benchmark_policy INFO seed=1 ep=10: reward=-1.952 success=True prox_rate=0.000
2026-06-04 07:50:34,758 benchmark_policy INFO seed=1 ep=11: reward=-1.895 success=True prox_rate=0.079
2026-06-04 07:50:41,251 benchmark_policy INFO seed=1 ep=12: reward=-2.290 success=True prox_rate=0.000
2026-06-04 07:51:27,352 benchmark_policy INFO seed=1 ep=13: reward=-11.457 success=False prox_rate=0.693
2026-06-04 07:51:33,802 benchmark_policy INFO seed=1 ep=14: reward=-2.079 success=True prox_rate=0.476
2026-06-04 07:51:45,313 benchmark_policy INFO seed=1 ep=15: reward=-2.130 success=True prox_rate=0.873
2026-06-04 07:52:07,485 benchmark_policy INFO seed=1 ep=16: reward=-9.922 success=False prox_rate=0.373
2026-06-04 07:52:17,263 benchmark_policy INFO seed=1 ep=17: reward=-1.812 success=True prox_rate=0.242
2026-06-04 07:52:50,182 benchmark_policy INFO seed=1 ep=18: reward=-19.991 success=False prox_rate=0.777
2026-06-04 07:52:56,712 benchmark_policy INFO seed=1 ep=19: reward=-1.790 success=True prox_rate=0.042
2026-06-04 07:53:23,677 benchmark_policy INFO seed=2 ep=0: reward=-12.217 success=False prox_rate=0.214
2026-06-04 07:53:30,255 benchmark_policy INFO seed=2 ep=1: reward=-2.429 success=True prox_rate=0.000
2026-06-04 07:53:43,485 benchmark_policy INFO seed=2 ep=2: reward=-1.784 success=True prox_rate=0.401
2026-06-04 07:53:52,646 benchmark_policy INFO seed=2 ep=3: reward=-1.504 success=True prox_rate=0.529
2026-06-04 07:53:59,559 benchmark_policy INFO seed=2 ep=4: reward=-2.070 success=True prox_rate=0.282
2026-06-04 07:54:05,863 benchmark_policy INFO seed=2 ep=5: reward=-2.163 success=True prox_rate=0.000
2026-06-04 07:54:12,332 benchmark_policy INFO seed=2 ep=6: reward=-2.284 success=True prox_rate=0.000
2026-06-04 07:54:22,427 benchmark_policy INFO seed=2 ep=7: reward=-2.027 success=True prox_rate=0.821
2026-06-04 07:54:30,004 benchmark_policy INFO seed=2 ep=8: reward=-2.220 success=True prox_rate=0.465
2026-06-04 07:54:55,170 benchmark_policy INFO seed=2 ep=9: reward=-43.891 success=False prox_rate=0.198
2026-06-04 07:55:06,587 benchmark_policy INFO seed=2 ep=10: reward=-1.667 success=True prox_rate=0.439
2026-06-04 07:55:38,373 benchmark_policy INFO seed=2 ep=11: reward=-11.827 success=False prox_rate=0.472
2026-06-04 07:55:48,818 benchmark_policy INFO seed=2 ep=12: reward=-2.025 success=True prox_rate=0.332
2026-06-04 07:55:55,260 benchmark_policy INFO seed=2 ep=13: reward=-2.180 success=True prox_rate=0.000
2026-06-04 07:56:04,812 benchmark_policy INFO seed=2 ep=14: reward=-1.966 success=True prox_rate=0.314
2026-06-04 07:56:29,761 benchmark_policy INFO seed=2 ep=15: reward=-9.392 success=False prox_rate=0.176
2026-06-04 07:57:13,398 benchmark_policy INFO seed=2 ep=16: reward=-14.165 success=False prox_rate=0.437
2026-06-04 07:57:20,145 benchmark_policy INFO seed=2 ep=17: reward=-1.947 success=True prox_rate=0.115
2026-06-04 07:57:30,542 benchmark_policy INFO seed=2 ep=18: reward=-1.890 success=True prox_rate=0.747
2026-06-04 07:57:36,967 benchmark_policy INFO seed=2 ep=19: reward=-2.008 success=True prox_rate=0.000
2026-06-04 07:57:37,112 benchmark_policy INFO Wrote 1 cell row to /home/ap2322/Documents/safety_bigym/results/e4_1/basin_lam0p27_seed0_noisy/s7571.csv (60 episodes) + raw rolls to /home/ap2322/Documents/safety_bigym/results/e4_1/basin_lam0p27_seed0_noisy/s7571.raw_episodes.parquet
MultiViewCNNEncoder(
  (conv_nets): ModuleList(
    (0-2): 3 x Sequential(
      (0): Conv2d(12, 32, kernel_size=(4, 4), stride=(2, 2), padding=(1, 1))
      (1): ImgChLayerNorm()
      (2): SiLU()
      (3): Conv2d(32, 64, kernel_size=(4, 4), stride=(2, 2), padding=(1, 1))
      (4): ImgChLayerNorm()
      (5): SiLU()
      (6): Conv2d(64, 128, kernel_size=(4, 4), stride=(2, 2), padding=(1, 1))
      (7): ImgChLayerNorm()
      (8): SiLU()
      (9): Conv2d(128, 256, kernel_size=(4, 4), stride=(2, 2), padding=(1, 1))
      (10): ImgChLayerNorm()
      (11): SiLU()
    )
  )
)
C2FCritic(
  (network): C2FCriticNetwork(
    (adv_rgb_encoder): Sequential(
      (0): Linear(in_features=19200, out_features=512, bias=False)
      (1): LayerNorm((512,), eps=1e-05, elementwise_affine=True)
      (2): SiLU()
      (3): Linear(in_features=512, out_features=512, bias=False)
      (4): LayerNorm((512,), eps=1e-05, elementwise_affine=True)
      (5): SiLU()
      (6): Linear(in_features=512, out_features=64, bias=False)
      (7): LayerNorm((64,), eps=1e-05, elementwise_affine=True)
      (8): Tanh()
    )
    (adv_low_dim_encoder): Sequential(
      (0): Linear(in_features=288, out_features=64, bias=False)
      (1): LayerNorm((64,), eps=1e-05, elementwise_affine=True)
      (2): Tanh()
    )
    (adv_net): Sequential(
      (0): Linear(in_features=163, out_features=512, bias=False)
      (1): LayerNorm((512,), eps=1e-05, elementwise_affine=True)
      (2): SiLU()
      (3): Linear(in_features=512, out_features=512, bias=False)
      (4): LayerNorm((512,), eps=1e-05, elementwise_affine=True)
      (5): SiLU()
    )
    (adv_gru): GRU(512, 512, batch_first=True)
    (adv_head): Linear(in_features=512, out_features=8080, bias=True)
    (value_rgb_encoder): Sequential(
      (0): Linear(in_features=19200, out_features=512, bias=False)
      (1): LayerNorm((512,), eps=1e-05, elementwise_affine=True)
      (2): SiLU()
      (3): Linear(in_features=512, out_features=512, bias=False)
      (4): LayerNorm((512,), eps=1e-05, elementwise_affine=True)
      (5): SiLU()
      (6): Linear(in_features=512, out_features=64, bias=False)
      (7): LayerNorm((64,), eps=1e-05, elementwise_affine=True)
      (8): Tanh()
    )
    (value_low_dim_encoder): Sequential(
      (0): Linear(in_features=288, out_features=64, bias=False)
      (1): LayerNorm((64,), eps=1e-05, elementwise_affine=True)
      (2): Tanh()
    )
    (value_net): Sequential(
      (0): Linear(in_features=163, out_features=512, bias=False)
      (1): LayerNorm((512,), eps=1e-05, elementwise_affine=True)
      (2): SiLU()
      (3): Linear(in_features=512, out_features=512, bias=False)
      (4): LayerNorm((512,), eps=1e-05, elementwise_affine=True)
      (5): SiLU()
    )
    (value_gru): GRU(512, 512, batch_first=True)
    (value_head): Linear(in_features=512, out_features=1616, bias=True)
  )
)
success_rate=0.7166666666666667 ep_proximity_violation_rate=0.26020904595962296 ep_min_separation=0.13314127889966967
