\BOOKMARK [0][-]{chapter*.4}{\376\377\000A\000c\000k\000n\000o\000w\000l\000e\000d\000g\000e\000m\000e\000n\000t\000s}{}% 1
\BOOKMARK [0][-]{chapter.1}{\376\377\000I\000n\000t\000r\000o\000d\000u\000c\000t\000i\000o\000n}{}% 2
\BOOKMARK [1][-]{section.1.1}{\376\377\000M\000o\000t\000i\000v\000a\000t\000i\000o\000n}{chapter.1}% 3
\BOOKMARK [2][-]{subsection.1.1.1}{\376\377\000R\000o\000b\000o\000t\000\040\000L\000e\000a\000r\000n\000i\000n\000g\000\040\000I\000s\000\040\000R\000e\000a\000c\000h\000i\000n\000g\000\040\000H\000u\000m\000a\000n\000s}{section.1.1}% 4
\BOOKMARK [2][-]{subsection.1.1.2}{\376\377\000M\000o\000s\000t\000\040\000L\000e\000a\000r\000n\000e\000d\000\040\000P\000o\000l\000i\000c\000i\000e\000s\000\040\000A\000r\000e\000\040\000N\000o\000t\000\040\000S\000a\000f\000e\000\040\000N\000e\000a\000r\000\040\000H\000u\000m\000a\000n\000s}{section.1.1}% 5
\BOOKMARK [2][-]{subsection.1.1.3}{\376\377\000P\000e\000r\000c\000e\000p\000t\000i\000o\000n\000\040\000A\000d\000d\000s\000\040\000D\000i\000s\000t\000r\000i\000b\000u\000t\000i\000o\000n\000\040\000S\000h\000i\000f\000t}{section.1.1}% 6
\BOOKMARK [2][-]{subsection.1.1.4}{\376\377\000W\000h\000a\000t\000\040\000T\000h\000i\000s\000\040\000P\000r\000o\000j\000e\000c\000t\000\040\000T\000a\000r\000g\000e\000t\000s}{section.1.1}% 7
\BOOKMARK [1][-]{section.1.2}{\376\377\000P\000r\000o\000b\000l\000e\000m\000\040\000S\000t\000a\000t\000e\000m\000e\000n\000t}{chapter.1}% 8
\BOOKMARK [1][-]{section.1.3}{\376\377\000R\000e\000s\000e\000a\000r\000c\000h\000\040\000Q\000u\000e\000s\000t\000i\000o\000n\000s}{chapter.1}% 9
\BOOKMARK [1][-]{section.1.4}{\376\377\000C\000o\000n\000t\000r\000i\000b\000u\000t\000i\000o\000n\000s}{chapter.1}% 10
\BOOKMARK [1][-]{section.1.5}{\376\377\000R\000e\000p\000o\000r\000t\000\040\000O\000u\000t\000l\000i\000n\000e}{chapter.1}% 11
\BOOKMARK [0][-]{chapter.2}{\376\377\000B\000a\000c\000k\000g\000r\000o\000u\000n\000d\000\040\000a\000n\000d\000\040\000R\000e\000l\000a\000t\000e\000d\000\040\000W\000o\000r\000k}{}% 12
\BOOKMARK [1][-]{section.2.1}{\376\377\000I\000S\000O\000\040\0001\0005\0000\0006\0006\000:\000\040\000S\000p\000e\000e\000d\000-\000S\000e\000p\000a\000r\000a\000t\000i\000o\000n\000\040\000a\000n\000d\000\040\000F\000o\000r\000c\000e\000\040\000L\000i\000m\000i\000t\000i\000n\000g}{chapter.2}% 13
\BOOKMARK [2][-]{subsection.2.1.1}{\376\377\000S\000p\000e\000e\000d\000\040\000a\000n\000d\000\040\000S\000e\000p\000a\000r\000a\000t\000i\000o\000n\000\040\000M\000o\000n\000i\000t\000o\000r\000i\000n\000g\000\040\000\050\000S\000S\000M\000\051}{section.2.1}% 14
\BOOKMARK [2][-]{subsection.2.1.2}{\376\377\000P\000o\000w\000e\000r\000\040\000a\000n\000d\000\040\000F\000o\000r\000c\000e\000\040\000L\000i\000m\000i\000t\000i\000n\000g\000\040\000\050\000P\000F\000L\000\051}{section.2.1}% 15
\BOOKMARK [2][-]{subsection.2.1.3}{\376\377\000W\000h\000y\000\040\000I\000S\000O\000\040\0001\0005\0000\0006\0006\000\040\000I\000s\000\040\000H\000a\000r\000d\000\040\000t\000o\000\040\000T\000a\000r\000g\000e\000t\000\040\000w\000i\000t\000h\000\040\000G\000e\000n\000e\000r\000i\000c\000\040\000S\000a\000f\000e\000-\000R\000L}{section.2.1}% 16
\BOOKMARK [1][-]{section.2.2}{\376\377\000R\000e\000i\000n\000f\000o\000r\000c\000e\000m\000e\000n\000t\000\040\000L\000e\000a\000r\000n\000i\000n\000g\000\040\000F\000u\000n\000d\000a\000m\000e\000n\000t\000a\000l\000s}{chapter.2}% 17
\BOOKMARK [2][-]{subsection.2.2.1}{\376\377\000W\000h\000y\000\040\000C\000Q\000N\000-\000A\000S\000\040\000\050\000C\000h\000o\000i\000c\000e\000\040\000o\000f\000\040\000B\000a\000c\000k\000b\000o\000n\000e\000\051}{section.2.2}% 18
\BOOKMARK [2][-]{subsection.2.2.2}{\376\377\000C\000u\000r\000r\000i\000c\000u\000l\000u\000m\000\040\000L\000e\000a\000r\000n\000i\000n\000g\000\040\000f\000o\000r\000\040\000L\000o\000n\000g\000-\000H\000o\000r\000i\000z\000o\000n\000\040\000R\000L}{section.2.2}% 19
\BOOKMARK [1][-]{section.2.3}{\376\377\000S\000a\000f\000e\000\040\000R\000e\000i\000n\000f\000o\000r\000c\000e\000m\000e\000n\000t\000\040\000L\000e\000a\000r\000n\000i\000n\000g}{chapter.2}% 20
\BOOKMARK [2][-]{subsection.2.3.1}{\376\377\000L\000a\000g\000r\000a\000n\000g\000i\000a\000n\000\040\000C\000o\000n\000s\000t\000r\000a\000i\000n\000e\000d\000\040\000M\000D\000P\000s}{section.2.3}% 21
\BOOKMARK [2][-]{subsection.2.3.2}{\376\377\000D\000i\000s\000t\000r\000i\000b\000u\000t\000i\000o\000n\000a\000l\000\040\000a\000n\000d\000\040\000T\000a\000i\000l\000-\000A\000w\000a\000r\000e\000\040\000S\000a\000f\000e\000\040\000R\000L}{section.2.3}% 22
\BOOKMARK [2][-]{subsection.2.3.3}{\376\377\000R\000e\000c\000o\000v\000e\000r\000y\000,\000\040\000S\000w\000i\000t\000c\000h\000i\000n\000g\000,\000\040\000a\000n\000d\000\040\000F\000i\000l\000t\000e\000r\000s}{section.2.3}% 23
\BOOKMARK [1][-]{section.2.4}{\376\377\000S\000a\000f\000e\000t\000y\000\040\000F\000i\000l\000t\000e\000r\000s\000\040\000a\000n\000d\000\040\000C\000o\000n\000t\000r\000o\000l\000\040\000B\000a\000r\000r\000i\000e\000r\000\040\000F\000u\000n\000c\000t\000i\000o\000n\000s\000\040\000o\000n\000\040\000H\000u\000m\000a\000n\000o\000i\000d\000s}{chapter.2}% 24
\BOOKMARK [2][-]{subsection.2.4.1}{\376\377\000F\000i\000l\000t\000e\000r\000\040\000C\000o\000n\000s\000e\000r\000v\000a\000t\000i\000s\000m\000\040\000a\000n\000d\000\040\000t\000h\000e\000\040\000F\000r\000e\000e\000z\000e\000-\000v\000e\000r\000s\000u\000s\000-\000F\000l\000e\000e\000\040\000L\000i\000m\000i\000t}{section.2.4}% 25
\BOOKMARK [1][-]{section.2.5}{\376\377\000C\000o\000n\000s\000e\000r\000v\000a\000t\000i\000v\000e\000\040\000Q\000-\000L\000e\000a\000r\000n\000i\000n\000g}{chapter.2}% 26
\BOOKMARK [1][-]{section.2.6}{\376\377\000S\000i\000m\000-\000t\000o\000-\000R\000e\000a\000l\000\040\000f\000o\000r\000\040\000H\000u\000m\000a\000n\000-\000A\000w\000a\000r\000e\000\040\000R\000o\000b\000o\000t\000i\000c\000s}{chapter.2}% 27
\BOOKMARK [2][-]{subsection.2.6.1}{\376\377\000D\000y\000n\000a\000m\000i\000c\000s\000\040\000v\000s\000.\000\040\000P\000e\000r\000c\000e\000p\000t\000i\000o\000n\000\040\000S\000i\000m\000-\000t\000o\000-\000R\000e\000a\000l}{section.2.6}% 28
\BOOKMARK [2][-]{subsection.2.6.2}{\376\377\000H\000u\000m\000a\000n\000\040\000P\000o\000s\000e\000\040\000E\000s\000t\000i\000m\000a\000t\000i\000o\000n\000\040\000i\000n\000\040\000C\000o\000-\000L\000o\000c\000a\000t\000e\000d\000\040\000S\000e\000t\000t\000i\000n\000g\000s}{section.2.6}% 29
\BOOKMARK [1][-]{section.2.7}{\376\377\000B\000e\000n\000c\000h\000m\000a\000r\000k\000\040\000L\000a\000n\000d\000s\000c\000a\000p\000e}{chapter.2}% 30
\BOOKMARK [1][-]{section.2.8}{\376\377\000P\000o\000s\000i\000t\000i\000o\000n\000i\000n\000g\000\040\000o\000f\000\040\000T\000h\000i\000s\000\040\000W\000o\000r\000k}{chapter.2}% 31
\BOOKMARK [0][-]{chapter.3}{\376\377\000T\000h\000e\000\040\000s\000a\000f\000e\000t\000y\000\137\000b\000i\000g\000y\000m\000\040\000B\000e\000n\000c\000h\000m\000a\000r\000k}{}% 32
\BOOKMARK [1][-]{section.3.1}{\376\377\000W\000h\000y\000\040\000a\000\040\000N\000e\000w\000\040\000B\000e\000n\000c\000h\000m\000a\000r\000k}{chapter.3}% 33
\BOOKMARK [1][-]{section.3.2}{\376\377\000W\000h\000y\000\040\000B\000u\000i\000l\000d\000\040\000o\000n\000\040\000B\000i\000G\000y\000m}{chapter.3}% 34
\BOOKMARK [1][-]{section.3.3}{\376\377\000R\000o\000b\000o\000t\000\040\000E\000m\000b\000o\000d\000i\000m\000e\000n\000t\000\040\000a\000n\000d\000\040\000S\000i\000m\000u\000l\000a\000t\000o\000r}{chapter.3}% 35
\BOOKMARK [1][-]{section.3.4}{\376\377\000T\000h\000e\000\040\000H\000u\000m\000a\000n\000\040\000C\000o\000w\000o\000r\000k\000e\000r\000:\000\040\000A\000\040\000U\000n\000i\000t\000r\000e\000e\000\040\000G\0001\000\040\000S\000t\000a\000n\000d\000-\000I\000n}{chapter.3}% 36
\BOOKMARK [1][-]{section.3.5}{\376\377\000T\000h\000e\000\040\000C\000Q\000N\000-\000A\000S\000\040\000A\000d\000a\000p\000t\000e\000r\000\040\000L\000a\000y\000e\000r}{chapter.3}% 37
\BOOKMARK [1][-]{section.3.6}{\376\377\000B\000o\000u\000n\000d\000e\000d\000\040\000W\000o\000r\000k\000s\000p\000a\000c\000e\000\040\000R\000e\000w\000a\000r\000d\000\040\000S\000h\000a\000p\000i\000n\000g}{chapter.3}% 38
\BOOKMARK [1][-]{section.3.7}{\376\377\000T\000h\000e\000\040\000S\000n\000a\000p\000s\000h\000o\000t\000-\000E\000v\000a\000l\000u\000a\000t\000i\000o\000n\000\040\000H\000a\000r\000n\000e\000s\000s}{chapter.3}% 39
\BOOKMARK [1][-]{section.3.8}{\376\377\000T\000h\000e\000\040\000T\000h\000r\000e\000e\000\040\000S\000a\000f\000e\000t\000y\000-\000M\000e\000t\000r\000i\000c\000\040\000F\000l\000a\000v\000o\000u\000r\000s}{chapter.3}% 40
\BOOKMARK [1][-]{section.3.9}{\376\377\000C\000a\000l\000i\000b\000r\000a\000t\000i\000n\000g\000\040\000t\000h\000e\000\040\000P\000r\000o\000x\000i\000m\000i\000t\000y\000\040\000T\000h\000r\000e\000s\000h\000o\000l\000d}{chapter.3}% 41
\BOOKMARK [1][-]{section.3.10}{\376\377\000C\000o\000n\000t\000i\000n\000u\000o\000u\000s\000\040\000C\000o\000s\000t\000\040\000S\000i\000g\000n\000a\000l\000s}{chapter.3}% 42
\BOOKMARK [1][-]{section.3.11}{\376\377\000T\000h\000e\000\040\000c\000o\000w\000o\000r\000k\000e\000r\000\040\000D\000i\000s\000r\000u\000p\000t\000i\000o\000n\000:\000\040\000D\000e\000s\000i\000g\000n\000\040\000a\000n\000d\000\040\000R\000a\000t\000i\000o\000n\000a\000l\000e}{chapter.3}% 43
\BOOKMARK [2][-]{subsection.3.11.1}{\376\377\000D\000e\000s\000i\000g\000n\000\040\000G\000o\000a\000l\000s}{section.3.11}% 44
\BOOKMARK [2][-]{subsection.3.11.2}{\376\377\000T\000h\000r\000e\000e\000\040\000T\000r\000a\000j\000e\000c\000t\000o\000r\000y\000\040\000M\000o\000d\000e\000s}{section.3.11}% 45
\BOOKMARK [2][-]{subsection.3.11.3}{\376\377\000A\000r\000m\000\040\000S\000t\000a\000t\000e\000\040\000M\000a\000c\000h\000i\000n\000e\000\040\000a\000n\000d\000\040\000R\000e\000a\000c\000h\000\040\000G\000a\000t\000e}{section.3.11}% 46
\BOOKMARK [2][-]{subsection.3.11.4}{\376\377\000T\000r\000a\000i\000n\000\040\000a\000n\000d\000\040\000E\000v\000a\000l\000\040\000P\000a\000r\000a\000m\000e\000t\000e\000r\000\040\000S\000p\000a\000c\000e\000s}{section.3.11}% 47
\BOOKMARK [1][-]{section.3.12}{\376\377\000T\000h\000e\000\040\000T\000a\000s\000k\000\040\000S\000u\000i\000t\000e\000:\000\040\000T\000h\000r\000e\000e\000\040\000T\000a\000s\000k\000s\000,\000\040\000T\000w\000o\000\040\000C\000o\000-\000l\000o\000c\000a\000t\000i\000o\000n\000\040\000R\000e\000g\000i\000m\000e\000s}{chapter.3}% 48
\BOOKMARK [1][-]{section.3.13}{\376\377\000M\000o\000c\000k\000\040\000B\000o\000d\000y\000S\000L\000A\000M\000[\0004\000]\000+\000+\000:\000\040\000C\000a\000l\000i\000b\000r\000a\000t\000e\000d\000\040\000P\000e\000r\000c\000e\000p\000t\000i\000o\000n\000\040\000N\000o\000i\000s\000e}{chapter.3}% 49
\BOOKMARK [1][-]{section.3.14}{\376\377\000D\000e\000m\000o\000n\000s\000t\000r\000a\000t\000i\000o\000n\000s\000\040\000a\000n\000d\000\040\000t\000h\000e\000\040\000D\000e\000m\000o\000-\000C\000o\000n\000v\000e\000r\000s\000i\000o\000n\000\040\000P\000i\000p\000e\000l\000i\000n\000e}{chapter.3}% 50
\BOOKMARK [0][-]{chapter.4}{\376\377\000T\000h\000e\000\040\000H\000y\000b\000r\000i\000d\000\040\000S\000a\000f\000e\000t\000y\000\040\000A\000r\000c\000h\000i\000t\000e\000c\000t\000u\000r\000e\000\040\000a\000n\000d\000\040\000I\000t\000s\000\040\000I\000m\000p\000l\000e\000m\000e\000n\000t\000a\000t\000i\000o\000n}{}% 51
\BOOKMARK [1][-]{section.4.1}{\376\377\000O\000v\000e\000r\000v\000i\000e\000w\000:\000\040\000F\000r\000o\000m\000\040\000P\000r\000o\000b\000l\000e\000m\000\040\000t\000o\000\040\000S\000o\000l\000u\000t\000i\000o\000n}{chapter.4}% 52
\BOOKMARK [1][-]{section.4.2}{\376\377\000T\000h\000e\000\040\000O\000f\000f\000l\000i\000n\000e\000\040\000S\000a\000f\000e\000t\000y\000\040\000V\000a\000l\000u\000e\000\040\000F\000u\000n\000c\000t\000i\000o\000n\000\040\000\050\000P\000h\000a\000s\000e\000\040\0002\000\051}{chapter.4}% 53
\BOOKMARK [2][-]{subsection.4.2.1}{\376\377\000D\000a\000t\000a\000s\000e\000t\000\040\000a\000n\000d\000\040\000L\000a\000b\000e\000l\000l\000i\000n\000g}{section.4.2}% 54
\BOOKMARK [2][-]{subsection.4.2.2}{\376\377\000A\000r\000c\000h\000i\000t\000e\000c\000t\000u\000r\000e\000\040\000a\000n\000d\000\040\000T\000r\000a\000i\000n\000i\000n\000g}{section.4.2}% 55
\BOOKMARK [2][-]{subsection.4.2.3}{\376\377\000N\000o\000-\000P\000i\000x\000e\000l\000\040\000C\000r\000i\000t\000i\000c\000:\000\040\000J\000u\000s\000t\000i\000f\000i\000c\000a\000t\000i\000o\000n}{section.4.2}% 56
\BOOKMARK [2][-]{subsection.4.2.4}{\376\377\000R\000u\000n\000t\000i\000m\000e\000\040\000W\000r\000a\000p\000p\000e\000r}{section.4.2}% 57
\BOOKMARK [1][-]{section.4.3}{\376\377\000C\000l\000o\000s\000e\000d\000-\000F\000o\000r\000m\000\040\000R\000u\000n\000t\000i\000m\000e\000\040\000F\000i\000l\000t\000e\000r\000s\000:\000\040\000S\000p\000e\000e\000d\000-\000S\000c\000a\000l\000i\000n\000g\000\040\000a\000n\000d\000\040\000G\000e\000o\000m\000e\000t\000r\000i\000c\000\040\000D\000o\000d\000g\000e}{chapter.4}% 58
\BOOKMARK [2][-]{subsection.4.3.1}{\376\377\000G\000r\000a\000d\000e\000d\000\040\000I\000S\000O\000\040\0001\0005\0000\0006\0006\000\040\000S\000p\000e\000e\000d\000-\000S\000c\000a\000l\000i\000n\000g}{section.4.3}% 59
\BOOKMARK [2][-]{subsection.4.3.2}{\376\377\000M\000o\000d\000e\000l\000-\000B\000a\000s\000e\000d\000\040\000G\000e\000o\000m\000e\000t\000r\000i\000c\000\040\000D\000o\000d\000g\000e}{section.4.3}% 60
\BOOKMARK [2][-]{subsection.4.3.3}{\376\377\000C\000r\000i\000t\000i\000c\000-\000G\000a\000t\000e\000d\000\040\000S\000p\000e\000e\000d\000-\000S\000c\000a\000l\000i\000n\000g\000:\000\040\000T\000h\000e\000\040\000H\000y\000b\000r\000i\000d\000\040\000S\000a\000f\000e\000t\000y\000\040\000C\000r\000i\000t\000i\000c\000'\000s\000\040\000R\000u\000n\000t\000i\000m\000e\000\040\000A\000r\000m}{section.4.3}% 61
\BOOKMARK [1][-]{section.4.4}{\376\377\000E\000x\000t\000e\000r\000n\000a\000l\000\040\000B\000a\000s\000e\000l\000i\000n\000e\000:\000\040\000W\000o\000r\000s\000t\000-\000C\000a\000s\000e\000\040\000S\000A\000C}{chapter.4}% 62
\BOOKMARK [2][-]{subsection.4.4.1}{\376\377\000W\000h\000y\000\040\000V\000a\000l\000u\000e\000-\000B\000a\000s\000e\000d}{section.4.4}% 63
\BOOKMARK [2][-]{subsection.4.4.2}{\376\377\000O\000p\000t\000i\000o\000n\000\040\000A\000-\000v\000a\000l\000u\000e\000:\000\040\000S\000h\000a\000p\000e\000d\000-\000R\000e\000w\000a\000r\000d\000\040\000S\000i\000n\000g\000l\000e\000\040\000C\000r\000i\000t\000i\000c}{section.4.4}% 64
\BOOKMARK [2][-]{subsection.4.4.3}{\376\377\000O\000p\000t\000i\000o\000n\000\040\000B\000-\000v\000a\000l\000u\000e\000-\000m\000e\000a\000n\000:\000\040\000D\000u\000a\000l\000\040\000Q\000-\000F\000u\000n\000c\000t\000i\000o\000n\000s\000\040\000o\000n\000\040\000M\000e\000a\000n\000\040\000C\000o\000s\000t\000\040\000\050\000H\000e\000a\000d\000l\000i\000n\000e\000\051}{section.4.4}% 65
\BOOKMARK [2][-]{subsection.4.4.4}{\376\377\000O\000p\000t\000i\000o\000n\000\040\000B\000-\000v\000a\000l\000u\000e\000-\000C\000V\000a\000R\000:\000\040\000D\000i\000s\000t\000r\000i\000b\000u\000t\000i\000o\000n\000a\000l\000\040\000C\000o\000s\000t\000\040\000C\000r\000i\000t\000i\000c\000\040\000\050\000f\000u\000t\000u\000r\000e\000\040\000w\000o\000r\000k\000\051}{section.4.4}% 66
\BOOKMARK [2][-]{subsection.4.4.5}{\376\377\000T\000h\000e\000\040\000C\0005\0001\000\040\000V\000a\000l\000u\000e\000-\000S\000u\000p\000p\000o\000r\000t\000\040\000I\000n\000v\000a\000r\000i\000a\000n\000t}{section.4.4}% 67
\BOOKMARK [2][-]{subsection.4.4.6}{\376\377\000P\000e\000r\000-\000E\000n\000v\000-\000S\000t\000e\000p\000\040\000C\000o\000s\000t\000\040\000B\000a\000c\000k\000u\000p}{section.4.4}% 68
\BOOKMARK [2][-]{subsection.4.4.7}{\376\377\000P\000I\000D\000\040\000L\000a\000g\000r\000a\000n\000g\000e\000\040\000M\000u\000l\000t\000i\000p\000l\000i\000e\000r\000\040\000U\000p\000d\000a\000t\000e}{section.4.4}% 69
\BOOKMARK [2][-]{subsection.4.4.8}{\376\377\000F\000i\000l\000t\000e\000r\000\040\000D\000u\000r\000i\000n\000g\000\040\000T\000r\000a\000i\000n\000i\000n\000g\000\040\000\050\000o\000p\000t\000i\000o\000n\000a\000l\000\051}{section.4.4}% 70
\BOOKMARK [2][-]{subsection.4.4.9}{\376\377\000C\000o\000s\000t\000-\000C\000r\000i\000t\000i\000c\000\040\000I\000n\000i\000t\000i\000a\000l\000i\000s\000a\000t\000i\000o\000n\000\040\000a\000n\000d\000\040\000P\000o\000l\000i\000c\000y\000\040\000W\000a\000r\000m\000-\000S\000t\000a\000r\000t}{section.4.4}% 71
\BOOKMARK [1][-]{section.4.5}{\376\377\000T\000h\000e\000\040\000B\000a\000s\000e\000-\000P\000o\000l\000i\000c\000y\000\040\000C\000u\000r\000r\000i\000c\000u\000l\000u\000m}{chapter.4}% 72
\BOOKMARK [1][-]{section.4.6}{\376\377\000A\000l\000g\000o\000r\000i\000t\000h\000m}{chapter.4}% 73
\BOOKMARK [1][-]{section.4.7}{\376\377\000S\000o\000f\000t\000w\000a\000r\000e\000\040\000A\000r\000c\000h\000i\000t\000e\000c\000t\000u\000r\000e}{chapter.4}% 74
\BOOKMARK [1][-]{section.4.8}{\376\377\000C\000Q\000N\000-\000A\000S\000\040\000V\000e\000n\000d\000o\000r\000\040\000I\000n\000t\000e\000g\000r\000a\000t\000i\000o\000n}{chapter.4}% 75
\BOOKMARK [1][-]{section.4.9}{\376\377\000M\000a\000k\000i\000n\000g\000\040\000t\000h\000e\000\040\000O\000f\000f\000l\000i\000n\000e\000\040\000F\000i\000l\000t\000e\000r\000\040\000D\000e\000p\000l\000o\000y\000m\000e\000n\000t\000-\000F\000a\000i\000t\000h\000f\000u\000l}{chapter.4}% 76
\BOOKMARK [1][-]{section.4.10}{\376\377\000M\000e\000t\000r\000i\000c\000\040\000P\000e\000r\000s\000i\000s\000t\000e\000n\000c\000e\000\040\000a\000n\000d\000\040\000t\000h\000e\000\040\000S\000n\000a\000p\000s\000h\000o\000t\000\040\000H\000a\000r\000n\000e\000s\000s}{chapter.4}% 77
\BOOKMARK [0][-]{chapter.5}{\376\377\000E\000x\000p\000e\000r\000i\000m\000e\000n\000t\000a\000l\000\040\000S\000e\000t\000u\000p\000\040\000a\000n\000d\000\040\000R\000e\000s\000u\000l\000t\000s}{}% 78
\BOOKMARK [1][-]{section.5.1}{\376\377\000T\000a\000s\000k\000s}{chapter.5}% 79
\BOOKMARK [1][-]{section.5.2}{\376\377\000D\000i\000s\000r\000u\000p\000t\000i\000o\000n\000\040\000D\000i\000s\000t\000r\000i\000b\000u\000t\000i\000o\000n\000s}{chapter.5}% 80
\BOOKMARK [1][-]{section.5.3}{\376\377\000P\000e\000r\000c\000e\000p\000t\000i\000o\000n\000\040\000M\000o\000d\000e\000\040\000\050\000o\000r\000a\000c\000l\000e\000\040\000v\000s\000.\000\040\000n\000o\000i\000s\000y\000\051}{chapter.5}% 81
\BOOKMARK [1][-]{section.5.4}{\376\377\000B\000a\000s\000e\000l\000i\000n\000e\000s\000\040\000a\000n\000d\000\040\000C\000o\000n\000f\000i\000g\000u\000r\000a\000t\000i\000o\000n\000s}{chapter.5}% 82
\BOOKMARK [1][-]{section.5.5}{\376\377\000T\000h\000e\000\040\000T\000w\000o\000\040\000S\000a\000f\000e\000t\000y\000\040\000A\000x\000e\000s\000\040\000a\000n\000d\000\040\000t\000h\000e\000\040\000E\000v\000a\000l\000u\000a\000t\000i\000o\000n\000\040\000P\000r\000o\000t\000o\000c\000o\000l\000\040\000\050\000R\0000\000\051}{chapter.5}% 83
\BOOKMARK [2][-]{subsection.5.5.1}{\376\377\000T\000h\000e\000\040\000E\000x\000o\000g\000e\000n\000o\000u\000s\000\040\000D\000e\000c\000o\000m\000p\000o\000s\000i\000t\000i\000o\000n\000\040\000o\000f\000\040\000P\000r\000o\000x\000i\000m\000i\000t\000y}{section.5.5}% 84
\BOOKMARK [2][-]{subsection.5.5.2}{\376\377\000A\000x\000i\000s\000\040\000O\000w\000n\000e\000r\000s\000h\000i\000p}{section.5.5}% 85
\BOOKMARK [2][-]{subsection.5.5.3}{\376\377\000T\000a\000s\000k\000\040\000P\000e\000r\000f\000o\000r\000m\000a\000n\000c\000e\000\040\000a\000n\000d\000\040\000t\000h\000e\000\040\000S\000a\000f\000e\000t\000y\000\040\000T\000a\000x}{section.5.5}% 86
\BOOKMARK [2][-]{subsection.5.5.4}{\376\377\000T\000a\000i\000l\000\040\000R\000i\000s\000k}{section.5.5}% 87
\BOOKMARK [2][-]{subsection.5.5.5}{\376\377\000P\000o\000l\000i\000c\000y\000\040\000/\000\040\000F\000i\000l\000t\000e\000r\000\040\000I\000n\000t\000e\000r\000a\000c\000t\000i\000o\000n}{section.5.5}% 88
\BOOKMARK [1][-]{section.5.6}{\376\377\000S\000t\000a\000t\000i\000s\000t\000i\000c\000a\000l\000\040\000M\000e\000t\000h\000o\000d\000o\000l\000o\000g\000y}{chapter.5}% 89
\BOOKMARK [1][-]{section.5.7}{\376\377\000C\000o\000m\000p\000u\000t\000e\000\040\000B\000u\000d\000g\000e\000t}{chapter.5}% 90
\BOOKMARK [1][-]{section.5.8}{\376\377\000E\000x\000p\000e\000r\000i\000m\000e\000n\000t\000\040\000I\000n\000d\000e\000x}{chapter.5}% 91
\BOOKMARK [1][-]{section.5.9}{\376\377\000B\000a\000s\000e\000l\000i\000n\000e\000\040\000I\000S\000O\000\040\0001\0005\0000\0006\0006\000\040\000C\000o\000m\000p\000l\000i\000a\000n\000c\000e}{chapter.5}% 92
\BOOKMARK [1][-]{section.5.10}{\376\377\000R\000Q\0001\000:\000\040\000T\000h\000e\000\040\000H\000u\000m\000a\000n\000-\000S\000t\000a\000t\000e\000\040\000O\000b\000s\000e\000r\000v\000a\000t\000i\000o\000n\000\040\000C\000h\000a\000n\000n\000e\000l}{chapter.5}% 93
\BOOKMARK [2][-]{subsection.5.10.1}{\376\377\000E\0001\000.\0001\000:\000\040\000B\000e\000h\000a\000v\000i\000o\000u\000r\000\040\000C\000l\000o\000n\000i\000n\000g\000\040\000u\000n\000d\000e\000r\000\040\000N\000o\000\040\000P\000e\000n\000a\000l\000t\000y\000\040\000\050\000N\000e\000g\000a\000t\000i\000v\000e\000\051}{section.5.10}% 94
\BOOKMARK [2][-]{subsection.5.10.2}{\376\377\000E\0003\000.\0006\000:\000\040\000P\000e\000r\000c\000e\000p\000t\000i\000o\000n\000\040\000R\000o\000b\000u\000s\000t\000n\000e\000s\000s\000\040\000o\000f\000\040\000t\000h\000e\000\040\000A\000v\000o\000i\000d\000a\000n\000c\000e\000\040\000\050\000o\000r\000a\000c\000l\000e\000\040\000v\000s\000.\000\040\000n\000o\000i\000s\000y\000\051}{section.5.10}% 95
\BOOKMARK [1][-]{section.5.11}{\376\377\000R\0001\000\040\040\024\000\040\000P\000e\000r\000s\000i\000s\000t\000e\000n\000t\000\040\000C\000o\000-\000l\000o\000c\000a\000t\000i\000o\000n\000:\000\040\000s\000a\000u\000c\000e\000p\000a\000n\000\137\000t\000o\000\137\000h\000o\000b}{chapter.5}% 96
\BOOKMARK [2][-]{subsection.5.11.1}{\376\377\000E\0003\000.\0001\000:\000\040\000C\000o\000s\000t\000-\000S\000i\000g\000n\000a\000l\000\040\000F\000o\000r\000m\000\040\000I\000s\000\040\000N\000o\000t\000\040\000t\000h\000e\000\040\000O\000p\000e\000r\000a\000t\000i\000v\000e\000\040\000V\000a\000r\000i\000a\000b\000l\000e}{section.5.11}% 97
\BOOKMARK [2][-]{subsection.5.11.2}{\376\377\000E\0003\000.\0002\000:\000\040\000C\000o\000s\000t\000\040\000B\000u\000d\000g\000e\000t\000\040\000S\000w\000e\000e\000p\000\040\000a\000n\000d\000\040\000t\000h\000e\000\040\000F\000e\000a\000s\000i\000b\000i\000l\000i\000t\000y\000\040\000B\000o\000u\000n\000d\000a\000r\000y}{section.5.11}% 98
\BOOKMARK [2][-]{subsection.5.11.3}{\376\377\000F\000i\000l\000t\000e\000r\000\040\000P\000a\000r\000e\000t\000o\000\040\000F\000r\000o\000n\000t\000i\000e\000r\000\040\000\050\000E\0002\000.\0001\040\023\000E\0002\000.\0003\000\051}{section.5.11}% 99
\BOOKMARK [2][-]{subsection.5.11.4}{\376\377\000E\0004\000.\0001\000:\000\040\000T\000h\000e\000\040\000H\000e\000a\000d\000l\000i\000n\000e\000\040\000C\000o\000m\000p\000a\000r\000i\000s\000o\000n}{section.5.11}% 100
\BOOKMARK [2][-]{subsection.5.11.5}{\376\377\000T\000h\000e\000\040\000R\000e\000a\000c\000t\000i\000v\000e\000-\000F\000i\000l\000t\000e\000r\000\040\000T\000a\000x\000o\000n\000o\000m\000y\000:\000\040\000F\000r\000e\000e\000z\000e\000\040\000v\000e\000r\000s\000u\000s\000\040\000F\000l\000e\000e}{section.5.11}% 101
\BOOKMARK [2][-]{subsection.5.11.6}{\376\377\000J\000o\000i\000n\000t\000\040\000I\000S\000O\000\040\000C\000o\000v\000e\000r\000a\000g\000e\000:\000\040\000T\000h\000e\000\040\000C\000o\000m\000p\000o\000s\000i\000t\000i\000o\000n\000\040\000a\000n\000d\000\040\000I\000t\000s\000\040\000C\000e\000i\000l\000i\000n\000g}{section.5.11}% 102
\BOOKMARK [2][-]{subsection.5.11.7}{\376\377\000E\0004\000.\0003\000:\000\040\000T\000h\000e\000\040\000F\000i\000l\000t\000e\000r\000\040\000D\000o\000e\000s\000\040\000N\000o\000t\000\040\000I\000n\000t\000e\000r\000n\000a\000l\000i\000s\000e\000\040\000\050\000I\000t\000\040\000S\000t\000a\000y\000s\000\040\000O\000u\000t\000\040\000o\000f\000\040\000D\000i\000s\000t\000r\000i\000b\000u\000t\000i\000o\000n\000\051}{section.5.11}% 103
\BOOKMARK [1][-]{section.5.12}{\376\377\000R\000Q\0004\000:\000\040\000T\000a\000i\000l\000\040\000R\000i\000s\000k\000\040\000a\000n\000d\000\040\000O\000O\000D\000\040\000G\000e\000n\000e\000r\000a\000l\000i\000s\000a\000t\000i\000o\000n}{chapter.5}% 104
\BOOKMARK [2][-]{subsection.5.12.1}{\376\377\000E\0005\000.\0001\000:\000\040\000T\000h\000e\000\040\000W\000o\000r\000s\000t\000-\000C\000a\000s\000e\000\040\000T\000a\000i\000l\000\040\000I\000s\000\040\000E\000x\000o\000g\000e\000n\000o\000u\000s\000\040\000a\000n\000d\000\040\000U\000n\000c\000o\000n\000t\000r\000o\000l\000l\000a\000b\000l\000e}{section.5.12}% 105
\BOOKMARK [2][-]{subsection.5.12.2}{\376\377\000E\0005\000.\0002\000:\000\040\000O\000O\000D\000\040\000G\000e\000n\000e\000r\000a\000l\000i\000s\000a\000t\000i\000o\000n\000\040\000o\000n\000\040\000t\000h\000e\000\040\000W\000i\000d\000e\000r\000\040\000E\000v\000a\000l\000\040\000B\000a\000n\000d}{section.5.12}% 106
\BOOKMARK [1][-]{section.5.13}{\376\377\000R\0002\000\040\040\024\000\040\000I\000n\000t\000e\000r\000m\000i\000t\000t\000e\000n\000t\000\040\000C\000o\000-\000l\000o\000c\000a\000t\000i\000o\000n\000:\000\040\000d\000i\000s\000h\000w\000a\000s\000h\000e\000r\000\137\000c\000l\000o\000s\000e\000\040\000a\000n\000d\000\040\000d\000r\000a\000w\000e\000r\000s\000\137\000o\000p\000e\000n\000\137\000a\000l\000l}{chapter.5}% 107
\BOOKMARK [2][-]{subsection.5.13.1}{\376\377\000E\0003\000.\0003\000:\000\040\000C\000o\000n\000s\000t\000r\000a\000i\000n\000e\000d\000\040\000R\000L\000\040\000F\000a\000i\000l\000s\000\040\000t\000o\000\040\000B\000i\000n\000d\000\040\000U\000s\000e\000f\000u\000l\000l\000y\000\040\000\050\000W\000C\000S\000A\000C\000\040\000C\000o\000r\000r\000o\000b\000o\000r\000a\000t\000e\000s\000\051}{section.5.13}% 108
\BOOKMARK [2][-]{subsection.5.13.2}{\376\377\000E\0002\000.\0004\000:\000\040\000A\000\040\000B\000i\000n\000a\000r\000y\000\040\000V\000e\000t\000o\000\040\000B\000r\000e\000a\000k\000s\000\040\000a\000\040\000C\000h\000u\000n\000k\000e\000d\000\040\000P\000o\000l\000i\000c\000y}{section.5.13}% 109
\BOOKMARK [2][-]{subsection.5.13.3}{\376\377\000E\0002\000.\0005\000:\000\040\000U\000n\000c\000o\000n\000d\000i\000t\000i\000o\000n\000a\000l\000\040\000S\000p\000e\000e\000d\000-\000S\000c\000a\000l\000i\000n\000g\000\040\000O\000w\000n\000s\000\040\000t\000h\000e\000\040\000V\000e\000l\000o\000c\000i\000t\000y\000\040\000A\000x\000i\000s\000,\000\040\000a\000t\000\040\000H\000e\000a\000v\000y\000\040\000C\000o\000s\000t}{section.5.13}% 110
\BOOKMARK [2][-]{subsection.5.13.4}{\376\377\000E\0002\000.\0006\000:\000\040\000C\000r\000i\000t\000i\000c\000-\000G\000a\000t\000e\000d\000\040\000S\000p\000e\000e\000d\000-\000S\000c\000a\000l\000i\000n\000g\000\040\040\024\000\040\000t\000h\000e\000\040\000W\000h\000e\000n\000/\000H\000o\000w\000\040\000S\000p\000l\000i\000t\000\040\000R\000e\000c\000o\000v\000e\000r\000s\000\040\000t\000h\000e\000\040\000T\000a\000s\000k}{section.5.13}% 111
\BOOKMARK [2][-]{subsection.5.13.5}{\376\377\000E\0002\000.\0006\000\040\000A\000b\000l\000a\000t\000i\000o\000n\000s\000:\000\040\000F\000o\000u\000r\000\040\000R\000e\000f\000i\000n\000e\000m\000e\000n\000t\000s\000\040\000C\000o\000n\000f\000i\000r\000m\000\040\000t\000h\000e\000\040\000R\000e\000c\000i\000p\000e}{section.5.13}% 112
\BOOKMARK [1][-]{section.5.14}{\376\377\000R\0003\000\040\040\024\000\040\000T\000h\000e\000\040\000B\000o\000u\000n\000d\000a\000r\000y\000\040\000C\000o\000n\000d\000i\000t\000i\000o\000n\000:\000\040\000O\000n\000e\000\040\000L\000a\000w\000,\000\040\000M\000e\000a\000s\000u\000r\000e\000d\000\040\000A\000c\000r\000o\000s\000s\000\040\000T\000h\000r\000e\000e\000\040\000T\000a\000s\000k\000s}{chapter.5}% 113
\BOOKMARK [2][-]{subsection.5.14.1}{\376\377\000E\0004\000.\0004\000:\000\040\000T\000h\000e\000\040\000G\000a\000t\000e\000\040\000D\000o\000e\000s\000\040\000N\000o\000t\000\040\000R\000e\000c\000o\000v\000e\000r\000\040\000T\000h\000r\000o\000u\000g\000h\000p\000u\000t\000\040\000o\000n\000\040\000S\000a\000u\000c\000e\000p\000a\000n}{section.5.14}% 114
\BOOKMARK [2][-]{subsection.5.14.2}{\376\377\000T\000h\000e\000\040\000M\000e\000c\000h\000a\000n\000i\000s\000m\000,\000\040\000M\000e\000a\000s\000u\000r\000e\000d}{section.5.14}% 115
\BOOKMARK [2][-]{subsection.5.14.3}{\376\377\000T\000h\000e\000\040\000R\000e\000g\000i\000m\000e\000\040\000M\000a\000p}{section.5.14}% 116
\BOOKMARK [1][-]{section.5.15}{\376\377\000S\000u\000m\000m\000a\000r\000y\000\040\000o\000f\000\040\000R\000e\000s\000u\000l\000t\000s}{chapter.5}% 117
\BOOKMARK [0][-]{chapter.6}{\376\377\000D\000i\000s\000c\000u\000s\000s\000i\000o\000n}{}% 118
\BOOKMARK [1][-]{section.6.1}{\376\377\000R\000e\000s\000e\000a\000r\000c\000h\000\040\000Q\000u\000e\000s\000t\000i\000o\000n\000s\000\040\000R\000e\000v\000i\000s\000i\000t\000e\000d}{chapter.6}% 119
\BOOKMARK [1][-]{section.6.2}{\376\377\000T\000h\000r\000e\000a\000t\000s\000\040\000t\000o\000\040\000V\000a\000l\000i\000d\000i\000t\000y}{chapter.6}% 120
\BOOKMARK [2][-]{subsection.6.2.1}{\376\377\000T\000h\000e\000\040\000P\000F\000L\000\040\000C\000o\000n\000t\000a\000c\000t\000-\000D\000e\000t\000e\000c\000t\000i\000o\000n\000\040\000L\000i\000m\000i\000t\000a\000t\000i\000o\000n}{section.6.2}% 121
\BOOKMARK [2][-]{subsection.6.2.2}{\376\377\000C\000u\000r\000r\000i\000c\000u\000l\000u\000m\000\040\000D\000e\000p\000e\000n\000d\000e\000n\000c\000e}{section.6.2}% 122
\BOOKMARK [2][-]{subsection.6.2.3}{\376\377\000S\000i\000m\000-\000t\000o\000-\000R\000e\000a\000l\000:\000\040\000T\000h\000r\000e\000e\000\040\000O\000r\000t\000h\000o\000g\000o\000n\000a\000l\000\040\000G\000a\000p\000s}{section.6.2}% 123
\BOOKMARK [2][-]{subsection.6.2.4}{\376\377\000T\000h\000e\000\040\000R\000u\000n\000t\000i\000m\000e\000\040\000F\000i\000l\000t\000e\000r\000'\000s\000\040\000R\000o\000l\000e\000\040\000I\000s\000\040\000A\000x\000i\000s\000-\000\040\000a\000n\000d\000\040\000R\000e\000g\000i\000m\000e\000-\000C\000o\000n\000d\000i\000t\000i\000o\000n\000a\000l}{section.6.2}% 124
\BOOKMARK [2][-]{subsection.6.2.5}{\376\377\000G\000e\000n\000e\000r\000a\000l\000i\000s\000a\000t\000i\000o\000n\000\040\000S\000c\000o\000p\000e\000\040\000a\000n\000d\000\040\000t\000h\000e\000\040\000R\000e\000s\000o\000l\000v\000e\000d\000\040\000C\000r\000o\000s\000s\000-\000T\000a\000s\000k\000\040\000T\000r\000a\000n\000s\000f\000e\000r}{section.6.2}% 125
\BOOKMARK [2][-]{subsection.6.2.6}{\376\377\000E\000x\000t\000e\000r\000n\000a\000l\000\040\000B\000a\000s\000e\000l\000i\000n\000e\000\040\000\050\000W\000C\000S\000A\000C\000\051\000:\000\040\000I\000m\000p\000l\000e\000m\000e\000n\000t\000e\000d\000,\000\040\000w\000i\000t\000h\000\040\000S\000t\000a\000t\000e\000d\000\040\000L\000i\000m\000i\000t\000s}{section.6.2}% 126
\BOOKMARK [2][-]{subsection.6.2.7}{\376\377\000T\000h\000e\000\040\000R\000e\000g\000i\000m\000e\000\040\000C\000l\000a\000s\000s\000i\000f\000i\000c\000a\000t\000i\000o\000n\000\040\000I\000s\000\040\000O\000b\000s\000e\000r\000v\000a\000t\000i\000o\000n\000a\000l\000,\000\040\000o\000n\000\040\000T\000h\000r\000e\000e\000\040\000T\000a\000s\000k\000s}{section.6.2}% 127
\BOOKMARK [2][-]{subsection.6.2.8}{\376\377\000H\000e\000a\000d\000l\000i\000n\000e\000-\000A\000r\000c\000h\000i\000t\000e\000c\000t\000u\000r\000e\000\040\000C\000a\000v\000e\000a\000t\000\040\000\050\000B\000-\000v\000a\000l\000u\000e\000-\000m\000e\000a\000n\000\040\000v\000s\000.\000\040\000B\000-\000C\000V\000a\000R\000\051}{section.6.2}% 128
\BOOKMARK [2][-]{subsection.6.2.9}{\376\377\000C\000o\000m\000p\000u\000t\000a\000t\000i\000o\000n\000a\000l\000\040\000F\000e\000a\000s\000i\000b\000i\000l\000i\000t\000y}{section.6.2}% 129
\BOOKMARK [1][-]{section.6.3}{\376\377\000B\000r\000o\000a\000d\000e\000r\000\040\000I\000m\000p\000a\000c\000t}{chapter.6}% 130
\BOOKMARK [2][-]{subsection.6.3.1}{\376\377\000R\000e\000s\000p\000o\000n\000s\000i\000b\000l\000e\000\040\000D\000e\000p\000l\000o\000y\000m\000e\000n\000t}{section.6.3}% 131
\BOOKMARK [2][-]{subsection.6.3.2}{\376\377\000W\000h\000a\000t\000\040\000D\000o\000e\000s\000\040\000N\000o\000t\000\040\000G\000e\000n\000e\000r\000a\000l\000i\000s\000e}{section.6.3}% 132
\BOOKMARK [2][-]{subsection.6.3.3}{\376\377\000R\000e\000p\000r\000o\000d\000u\000c\000i\000b\000i\000l\000i\000t\000y\000\040\000a\000s\000\040\000H\000o\000n\000e\000s\000t\000y}{section.6.3}% 133
\BOOKMARK [0][-]{chapter.7}{\376\377\000F\000u\000t\000u\000r\000e\000\040\000W\000o\000r\000k}{}% 134
\BOOKMARK [1][-]{section.7.1}{\376\377\000T\000h\000e\000\040\000P\000e\000r\000s\000i\000s\000t\000e\000n\000c\000e\000\040\000D\000i\000a\000l\000:\000\040\000F\000r\000o\000m\000\040\000R\000e\000g\000i\000m\000e\000\040\000M\000a\000p\000\040\000t\000o\000\040\000C\000a\000u\000s\000a\000l\000\040\000T\000e\000s\000t}{chapter.7}% 135
\BOOKMARK [1][-]{section.7.2}{\376\377\000C\000l\000o\000s\000i\000n\000g\000\040\000t\000h\000e\000\040\000F\000o\000r\000c\000e\000\040\000L\000o\000o\000p\000:\000\040\000F\000i\000x\000i\000n\000g\000\040\000P\000F\000L}{chapter.7}% 136
\BOOKMARK [1][-]{section.7.3}{\376\377\000P\000r\000o\000a\000c\000t\000i\000v\000e\000\040\000A\000v\000o\000i\000d\000a\000n\000c\000e\000\040\000B\000e\000y\000o\000n\000d\000\040\000t\000h\000e\000\040\000L\000a\000g\000r\000a\000n\000g\000i\000a\000n\000\040\000S\000i\000g\000n\000a\000l}{chapter.7}% 137
\BOOKMARK [1][-]{section.7.4}{\376\377\000E\000x\000p\000l\000i\000c\000i\000t\000\040\000C\000V\000a\000R\000-\000L\000a\000g\000r\000a\000n\000g\000i\000a\000n\000\040\000T\000r\000a\000i\000n\000i\000n\000g}{chapter.7}% 138
\BOOKMARK [1][-]{section.7.5}{\376\377\000F\000o\000r\000m\000a\000l\000l\000y\000-\000G\000u\000a\000r\000a\000n\000t\000e\000e\000d\000\040\000a\000n\000d\000\040\000A\000n\000t\000i\000c\000i\000p\000a\000t\000o\000r\000y\000\040\000F\000i\000l\000t\000e\000r\000s}{chapter.7}% 139
\BOOKMARK [1][-]{section.7.6}{\376\377\000R\000e\000a\000l\000-\000R\000o\000b\000o\000t\000\040\000T\000r\000a\000n\000s\000f\000e\000r\000\040\000a\000n\000d\000\040\000t\000h\000e\000\040\000C\000o\000w\000o\000r\000k\000e\000r\000\040\000R\000e\000a\000l\000i\000s\000m\000\040\000S\000p\000e\000c\000t\000r\000u\000m}{chapter.7}% 140
\BOOKMARK [0][-]{chapter.8}{\376\377\000C\000o\000n\000c\000l\000u\000s\000i\000o\000n}{}% 141
\BOOKMARK [0][-]{chapter*.73}{\376\377\000D\000e\000c\000l\000a\000r\000a\000t\000i\000o\000n\000s}{}% 142
\BOOKMARK [0][-]{section*.79}{\376\377\000B\000i\000b\000l\000i\000o\000g\000r\000a\000p\000h\000y}{}% 143
\BOOKMARK [0][-]{appendix.A}{\376\377\000H\000y\000p\000e\000r\000p\000a\000r\000a\000m\000e\000t\000e\000r\000\040\000T\000a\000b\000l\000e\000s}{}% 144
\BOOKMARK [1][-]{section.A.1}{\376\377\000P\000h\000a\000s\000e\000\040\0002\000:\000\040\000O\000f\000f\000l\000i\000n\000e\000\040\000C\000Q\000L\000\040\000S\000a\000f\000e\000t\000y\000\040\000C\000r\000i\000t\000i\000c}{appendix.A}% 145
\BOOKMARK [1][-]{section.A.2}{\376\377\000P\000h\000a\000s\000e\000\040\0003\000:\000\040\000C\000o\000n\000s\000t\000r\000a\000i\000n\000e\000d\000\040\000L\000a\000g\000r\000a\000n\000g\000i\000a\000n\000\040\000A\000g\000e\000n\000t\000\040\000\050\000H\000e\000a\000d\000l\000i\000n\000e\000:\000\040\000F\000i\000x\000e\000d\000\040\000\051}{appendix.A}% 146
\BOOKMARK [1][-]{section.A.3}{\376\377\000P\000h\000a\000s\000e\000\040\0004\000:\000\040\000P\000e\000r\000-\000R\000e\000g\000i\000m\000e\000\040\000D\000e\000p\000l\000o\000y\000m\000e\000n\000t\000\040\000C\000o\000n\000f\000i\000g\000u\000r\000a\000t\000i\000o\000n\000s}{appendix.A}% 147
\BOOKMARK [0][-]{appendix.B}{\376\377\000R\000e\000p\000r\000o\000d\000u\000c\000i\000b\000i\000l\000i\000t\000y\000\040\000C\000h\000e\000c\000k\000l\000i\000s\000t}{}% 148
\BOOKMARK [0][-]{appendix.C}{\376\377\000U\000s\000e\000\040\000o\000f\000\040\000G\000e\000n\000e\000r\000a\000t\000i\000v\000e\000\040\000A\000I}{}% 149
\BOOKMARK [0][-]{appendix.D}{\376\377\000E\000t\000h\000i\000c\000a\000l\000\040\000C\000o\000n\000s\000i\000d\000e\000r\000a\000t\000i\000o\000n\000s}{}% 150
\BOOKMARK [0][-]{appendix.E}{\376\377\000S\000u\000s\000t\000a\000i\000n\000a\000b\000i\000l\000i\000t\000y}{}% 151
\BOOKMARK [0][-]{appendix.F}{\376\377\000C\000o\000d\000e\000\040\000a\000n\000d\000\040\000D\000a\000t\000a\000\040\000A\000v\000a\000i\000l\000a\000b\000i\000l\000i\000t\000y}{}% 152
