2026-06-02 22:43:31,424 OpenGL.acceleratesupport INFO No OpenGL_accelerate module loaded: No module named 'OpenGL_accelerate'
2026-06-02 22:43:32,252 absl INFO MUJOCO_GL=egl, attempting to import specified OpenGL backend.
2026-06-02 22:43:32,259 absl INFO MuJoCo library version is: 3.1.5
2026-06-02 22:43:33,663 benchmark_policy INFO Policy kind=cqn_as (snapshot=exp_local/e3_2_cost_budget/e3_2_saucepan_to_hob_20260531_190307/d0p3_seed0/snapshot_30122.pt) max_steps=1000
2026-06-02 22:43:35,732 safety_bigym.envs.safety_bigym_factory INFO Forcing disruption_type=COWORKER for every episode.
2026-06-02 22:43:35,732 safety_bigym.envs.safety_bigym_factory INFO Creating SafetyBiGymEnv: task=SaucepanToHob, inject_human=True, clips=0
2026-06-02 22:43:41,063 safety_bigym.envs.safety_env INFO Human indices: pelvis_id=2, pelvis_mocapid=0, ssm_bodies=14
2026-06-02 22:43:41,063 safety_bigym.envs.safety_env INFO Promoted 69 geoms onto human collision channel (human_emit=bit1, robot_emit=bit2); reset 22 human collision geoms onto the cross-paired channel.
2026-06-02 22:43:41,064 safety_bigym.envs.safety_env INFO Safety wrapper initialized
2026-06-02 22:43:41,064 safety_bigym.envs.safety_env INFO G1 human controller initialized
2026-06-02 22:43:41,064 safety_bigym.envs.safety_bigym_factory INFO Inserting BodySLAMWrapper(mode=oracle, occlusion=none).
2026-06-02 22:43:41,067 root INFO Loading demos via raw BiGym env (for DemoStore compatibility).
2026-06-02 22:43:44,190 root INFO Demos are cached already: /home/ap2322/.bigym/demonstrations/0.9.0
2026-06-02 22:43:44,191 root INFO Demos are cached already: /home/ap2322/.bigym/demonstrations/0.9.0
2026-06-02 22:43:44,191 root INFO Demos are cached already: /home/ap2322/.bigym/demonstrations/0.9.0
2026-06-02 22:43:45,714 root INFO Loaded 36 demos.
2026-06-02 22:43:49,875 safety_bigym.agents.cqn_as.env_adapter INFO Converted 36 demos (29 successful) for CQN-AS.
2026-06-02 22:45:49,511 benchmark_policy INFO seed=0 ep=0: reward=-1.996 success=True prox_rate=0.000
2026-06-02 22:45:55,231 benchmark_policy INFO seed=0 ep=1: reward=-2.189 success=True prox_rate=0.038
2026-06-02 22:46:00,929 benchmark_policy INFO seed=0 ep=2: reward=-2.103 success=True prox_rate=0.000
2026-06-02 22:46:06,712 benchmark_policy INFO seed=0 ep=3: reward=-2.298 success=True prox_rate=0.066
2026-06-02 22:46:12,458 benchmark_policy INFO seed=0 ep=4: reward=-2.591 success=True prox_rate=0.050
2026-06-02 22:46:18,318 benchmark_policy INFO seed=0 ep=5: reward=-2.063 success=True prox_rate=0.229
2026-06-02 22:46:24,351 benchmark_policy INFO seed=0 ep=6: reward=-2.581 success=True prox_rate=0.031
2026-06-02 22:46:30,373 benchmark_policy INFO seed=0 ep=7: reward=-1.697 success=True prox_rate=0.000
2026-06-02 22:46:39,058 benchmark_policy INFO seed=0 ep=8: reward=-2.587 success=True prox_rate=0.500
2026-06-02 22:46:51,774 benchmark_policy INFO seed=0 ep=9: reward=-1.464 success=True prox_rate=0.643
2026-06-02 22:47:04,601 benchmark_policy INFO seed=0 ep=10: reward=-31.414 success=False prox_rate=0.167
2026-06-02 22:47:15,753 benchmark_policy INFO seed=0 ep=11: reward=-1.555 success=True prox_rate=0.284
2026-06-02 22:47:22,306 benchmark_policy INFO seed=0 ep=12: reward=-1.939 success=True prox_rate=0.508
2026-06-02 22:47:27,743 benchmark_policy INFO seed=0 ep=13: reward=-2.148 success=True prox_rate=0.239
2026-06-02 22:47:33,466 benchmark_policy INFO seed=0 ep=14: reward=-2.309 success=True prox_rate=0.056
2026-06-02 22:47:58,934 benchmark_policy INFO seed=0 ep=15: reward=-34.653 success=False prox_rate=0.300
2026-06-02 22:48:06,114 benchmark_policy INFO seed=0 ep=16: reward=-1.857 success=True prox_rate=0.554
2026-06-02 22:48:12,030 benchmark_policy INFO seed=0 ep=17: reward=-2.051 success=True prox_rate=0.048
2026-06-02 22:48:17,887 benchmark_policy INFO seed=0 ep=18: reward=-2.401 success=True prox_rate=0.037
2026-06-02 22:48:25,305 benchmark_policy INFO seed=0 ep=19: reward=-1.963 success=True prox_rate=0.000
2026-06-02 22:48:31,203 benchmark_policy INFO seed=1 ep=0: reward=-2.076 success=True prox_rate=0.048
2026-06-02 22:48:37,194 benchmark_policy INFO seed=1 ep=1: reward=-1.896 success=True prox_rate=0.543
2026-06-02 22:48:53,666 benchmark_policy INFO seed=1 ep=2: reward=-30.873 success=False prox_rate=0.232
2026-06-02 22:48:59,504 benchmark_policy INFO seed=1 ep=3: reward=-2.200 success=True prox_rate=0.009
2026-06-02 22:49:17,463 benchmark_policy INFO seed=1 ep=4: reward=-36.815 success=False prox_rate=0.016
2026-06-02 22:49:23,421 benchmark_policy INFO seed=1 ep=5: reward=-2.140 success=True prox_rate=0.000
2026-06-02 22:49:29,104 benchmark_policy INFO seed=1 ep=6: reward=-2.387 success=True prox_rate=0.003
2026-06-02 22:49:34,885 benchmark_policy INFO seed=1 ep=7: reward=-2.496 success=True prox_rate=0.059
2026-06-02 22:50:03,077 benchmark_policy INFO seed=1 ep=8: reward=-24.311 success=False prox_rate=0.467
2026-06-02 22:50:17,646 benchmark_policy INFO seed=1 ep=9: reward=-30.564 success=False prox_rate=0.155
2026-06-02 22:50:23,539 benchmark_policy INFO seed=1 ep=10: reward=-1.958 success=True prox_rate=0.000
2026-06-02 22:50:31,015 benchmark_policy INFO seed=1 ep=11: reward=-2.038 success=True prox_rate=0.110
2026-06-02 22:50:36,914 benchmark_policy INFO seed=1 ep=12: reward=-2.294 success=True prox_rate=0.000
2026-06-02 22:50:51,691 benchmark_policy INFO seed=1 ep=13: reward=-26.139 success=False prox_rate=0.284
2026-06-02 22:50:57,456 benchmark_policy INFO seed=1 ep=14: reward=-2.224 success=True prox_rate=0.465
2026-06-02 22:51:19,485 benchmark_policy INFO seed=1 ep=15: reward=-38.598 success=False prox_rate=0.310
2026-06-02 22:51:31,994 benchmark_policy INFO seed=1 ep=16: reward=-4.984 success=True prox_rate=0.653
2026-06-02 22:51:40,878 benchmark_policy INFO seed=1 ep=17: reward=-1.887 success=True prox_rate=0.233
2026-06-02 22:51:52,577 benchmark_policy INFO seed=1 ep=18: reward=-2.056 success=True prox_rate=0.730
2026-06-02 22:51:58,466 benchmark_policy INFO seed=1 ep=19: reward=-1.806 success=True prox_rate=0.041
2026-06-02 22:52:10,400 benchmark_policy INFO seed=2 ep=0: reward=-1.962 success=True prox_rate=0.587
2026-06-02 22:52:16,212 benchmark_policy INFO seed=2 ep=1: reward=-2.500 success=True prox_rate=0.000
2026-06-02 22:52:41,140 benchmark_policy INFO seed=2 ep=2: reward=-13.094 success=False prox_rate=0.150
2026-06-02 22:53:01,584 benchmark_policy INFO seed=2 ep=3: reward=-8.324 success=False prox_rate=0.264
2026-06-02 22:53:07,518 benchmark_policy INFO seed=2 ep=4: reward=-2.333 success=True prox_rate=0.356
2026-06-02 22:53:13,282 benchmark_policy INFO seed=2 ep=5: reward=-2.035 success=True prox_rate=0.000
2026-06-02 22:53:19,334 benchmark_policy INFO seed=2 ep=6: reward=-2.449 success=True prox_rate=0.000
2026-06-02 22:53:33,127 benchmark_policy INFO seed=2 ep=7: reward=-30.386 success=False prox_rate=0.158
2026-06-02 22:53:39,195 benchmark_policy INFO seed=2 ep=8: reward=-2.552 success=True prox_rate=0.405
2026-06-02 22:54:05,653 benchmark_policy INFO seed=2 ep=9: reward=-14.963 success=False prox_rate=0.243
2026-06-02 22:54:23,333 benchmark_policy INFO seed=2 ep=10: reward=-32.279 success=False prox_rate=0.135
2026-06-02 22:54:34,138 benchmark_policy INFO seed=2 ep=11: reward=-2.061 success=True prox_rate=0.650
2026-06-02 22:54:43,302 benchmark_policy INFO seed=2 ep=12: reward=-2.271 success=True prox_rate=0.350
2026-06-02 22:54:49,227 benchmark_policy INFO seed=2 ep=13: reward=-2.003 success=True prox_rate=0.000
2026-06-02 22:54:58,681 benchmark_policy INFO seed=2 ep=14: reward=-1.859 success=True prox_rate=0.323
2026-06-02 22:55:10,291 benchmark_policy INFO seed=2 ep=15: reward=-2.398 success=True prox_rate=0.356
2026-06-02 22:55:38,949 benchmark_policy INFO seed=2 ep=16: reward=-15.950 success=False prox_rate=0.598
2026-06-02 22:55:44,559 benchmark_policy INFO seed=2 ep=17: reward=-2.057 success=True prox_rate=0.135
2026-06-02 22:55:52,528 benchmark_policy INFO seed=2 ep=18: reward=-2.063 success=True prox_rate=0.723
2026-06-02 22:55:58,054 benchmark_policy INFO seed=2 ep=19: reward=-1.952 success=True prox_rate=0.000
2026-06-02 22:55:58,203 benchmark_policy INFO Wrote 1 cell row to results/e4_1/row3_converged_2243/c30122_oracle.csv (60 episodes) + raw rolls to results/e4_1/row3_converged_2243/c30122_oracle.raw_episodes.parquet
MultiViewCNNEncoder(
  (conv_nets): ModuleList(
    (0-2): 3 x Sequential(
      (0): Conv2d(12, 32, kernel_size=(4, 4), stride=(2, 2), padding=(1, 1))
      (1): ImgChLayerNorm()
      (2): SiLU()
      (3): Conv2d(32, 64, kernel_size=(4, 4), stride=(2, 2), padding=(1, 1))
      (4): ImgChLayerNorm()
      (5): SiLU()
      (6): Conv2d(64, 128, kernel_size=(4, 4), stride=(2, 2), padding=(1, 1))
      (7): ImgChLayerNorm()
      (8): SiLU()
      (9): Conv2d(128, 256, kernel_size=(4, 4), stride=(2, 2), padding=(1, 1))
      (10): ImgChLayerNorm()
      (11): SiLU()
    )
  )
)
C2FCritic(
  (network): C2FCriticNetwork(
    (adv_rgb_encoder): Sequential(
      (0): Linear(in_features=19200, out_features=512, bias=False)
      (1): LayerNorm((512,), eps=1e-05, elementwise_affine=True)
      (2): SiLU()
      (3): Linear(in_features=512, out_features=512, bias=False)
      (4): LayerNorm((512,), eps=1e-05, elementwise_affine=True)
      (5): SiLU()
      (6): Linear(in_features=512, out_features=64, bias=False)
      (7): LayerNorm((64,), eps=1e-05, elementwise_affine=True)
      (8): Tanh()
    )
    (adv_low_dim_encoder): Sequential(
      (0): Linear(in_features=288, out_features=64, bias=False)
      (1): LayerNorm((64,), eps=1e-05, elementwise_affine=True)
      (2): Tanh()
    )
    (adv_net): Sequential(
      (0): Linear(in_features=163, out_features=512, bias=False)
      (1): LayerNorm((512,), eps=1e-05, elementwise_affine=True)
      (2): SiLU()
      (3): Linear(in_features=512, out_features=512, bias=False)
      (4): LayerNorm((512,), eps=1e-05, elementwise_affine=True)
      (5): SiLU()
    )
    (adv_gru): GRU(512, 512, batch_first=True)
    (adv_head): Linear(in_features=512, out_features=8080, bias=True)
    (value_rgb_encoder): Sequential(
      (0): Linear(in_features=19200, out_features=512, bias=False)
      (1): LayerNorm((512,), eps=1e-05, elementwise_affine=True)
      (2): SiLU()
      (3): Linear(in_features=512, out_features=512, bias=False)
      (4): LayerNorm((512,), eps=1e-05, elementwise_affine=True)
      (5): SiLU()
      (6): Linear(in_features=512, out_features=64, bias=False)
      (7): LayerNorm((64,), eps=1e-05, elementwise_affine=True)
      (8): Tanh()
    )
    (value_low_dim_encoder): Sequential(
      (0): Linear(in_features=288, out_features=64, bias=False)
      (1): LayerNorm((64,), eps=1e-05, elementwise_affine=True)
      (2): Tanh()
    )
    (value_net): Sequential(
      (0): Linear(in_features=163, out_features=512, bias=False)
      (1): LayerNorm((512,), eps=1e-05, elementwise_affine=True)
      (2): SiLU()
      (3): Linear(in_features=512, out_features=512, bias=False)
      (4): LayerNorm((512,), eps=1e-05, elementwise_affine=True)
      (5): SiLU()
    )
    (value_gru): GRU(512, 512, batch_first=True)
    (value_head): Linear(in_features=512, out_features=1616, bias=True)
  )
)
success_rate=0.7666666666666667 ep_proximity_violation_rate=0.2257039445933479 ep_min_separation=0.12772239430536467
