[2026-06-06 16:46:50,302][__main__][INFO] - workspace: /home/ap2322/Documents/safety_bigym/exp_local/isolation_smoke/dish_rung3_progress
[2026-06-06 16:46:50,304][safety_bigym.envs.safety_bigym_factory][INFO] - Forcing disruption_type=COWORKER for every episode.
[2026-06-06 16:46:50,304][safety_bigym.envs.safety_bigym_factory][INFO] - Creating SafetyBiGymEnv: task=DishwasherClose, inject_human=True, clips=0
[2026-06-06 16:46:54,050][safety_bigym.envs.safety_env][INFO] - Human indices: pelvis_id=2, pelvis_mocapid=0, ssm_bodies=14
[2026-06-06 16:46:54,052][safety_bigym.envs.safety_env][INFO] - Promoted 69 geoms onto human collision channel (human_emit=bit1, robot_emit=bit2); reset 22 human collision geoms onto the cross-paired channel.
[2026-06-06 16:46:54,052][safety_bigym.envs.safety_env][INFO] - Safety wrapper initialized
[2026-06-06 16:46:54,053][safety_bigym.envs.safety_env][INFO] - G1 human controller initialized
[2026-06-06 16:46:54,053][safety_bigym.envs.safety_bigym_factory][INFO] - Inserting BodySLAMWrapper(mode=oracle, occlusion=none).
MultiViewCNNEncoder(
  (conv_nets): ModuleList(
    (0-2): 3 x Sequential(
      (0): Conv2d(12, 32, kernel_size=(4, 4), stride=(2, 2), padding=(1, 1))
      (1): ImgChLayerNorm()
      (2): SiLU()
      (3): Conv2d(32, 64, kernel_size=(4, 4), stride=(2, 2), padding=(1, 1))
      (4): ImgChLayerNorm()
      (5): SiLU()
      (6): Conv2d(64, 128, kernel_size=(4, 4), stride=(2, 2), padding=(1, 1))
      (7): ImgChLayerNorm()
      (8): SiLU()
      (9): Conv2d(128, 256, kernel_size=(4, 4), stride=(2, 2), padding=(1, 1))
      (10): ImgChLayerNorm()
      (11): SiLU()
    )
  )
)
C2FCritic(
  (network): C2FCriticNetwork(
    (adv_rgb_encoder): Sequential(
      (0): Linear(in_features=19200, out_features=512, bias=False)
      (1): LayerNorm((512,), eps=1e-05, elementwise_affine=True)
      (2): SiLU()
      (3): Linear(in_features=512, out_features=512, bias=False)
      (4): LayerNorm((512,), eps=1e-05, elementwise_affine=True)
      (5): SiLU()
      (6): Linear(in_features=512, out_features=64, bias=False)
      (7): LayerNorm((64,), eps=1e-05, elementwise_affine=True)
      (8): Tanh()
    )
    (adv_low_dim_encoder): Sequential(
      (0): Linear(in_features=288, out_features=64, bias=False)
      (1): LayerNorm((64,), eps=1e-05, elementwise_affine=True)
      (2): Tanh()
    )
    (adv_net): Sequential(
      (0): Linear(in_features=163, out_features=512, bias=False)
      (1): LayerNorm((512,), eps=1e-05, elementwise_affine=True)
      (2): SiLU()
      (3): Linear(in_features=512, out_features=512, bias=False)
      (4): LayerNorm((512,), eps=1e-05, elementwise_affine=True)
      (5): SiLU()
    )
    (adv_gru): GRU(512, 512, batch_first=True)
    (adv_head): Linear(in_features=512, out_features=8080, bias=True)
    (value_rgb_encoder): Sequential(
      (0): Linear(in_features=19200, out_features=512, bias=False)
      (1): LayerNorm((512,), eps=1e-05, elementwise_affine=True)
      (2): SiLU()
      (3): Linear(in_features=512, out_features=512, bias=False)
      (4): LayerNorm((512,), eps=1e-05, elementwise_affine=True)
      (5): SiLU()
      (6): Linear(in_features=512, out_features=64, bias=False)
      (7): LayerNorm((64,), eps=1e-05, elementwise_affine=True)
      (8): Tanh()
    )
    (value_low_dim_encoder): Sequential(
      (0): Linear(in_features=288, out_features=64, bias=False)
      (1): LayerNorm((64,), eps=1e-05, elementwise_affine=True)
      (2): Tanh()
    )
    (value_net): Sequential(
      (0): Linear(in_features=163, out_features=512, bias=False)
      (1): LayerNorm((512,), eps=1e-05, elementwise_affine=True)
      (2): SiLU()
      (3): Linear(in_features=512, out_features=512, bias=False)
      (4): LayerNorm((512,), eps=1e-05, elementwise_affine=True)
      (5): SiLU()
    )
    (value_gru): GRU(512, 512, batch_first=True)
    (value_head): Linear(in_features=512, out_features=1616, bias=True)
  )
)
[2026-06-06 16:46:55,143][root][INFO] - Loading demos via raw BiGym env (for DemoStore compatibility).
[2026-06-06 16:46:57,251][root][INFO] - Demos are cached already: /home/ap2322/.bigym/demonstrations/0.9.0
[2026-06-06 16:46:57,251][root][INFO] - Demos are cached already: /home/ap2322/.bigym/demonstrations/0.9.0
[2026-06-06 16:46:57,251][root][INFO] - Demos are cached already: /home/ap2322/.bigym/demonstrations/0.9.0
[2026-06-06 16:46:59,209][root][INFO] - Loaded 69 demos.
[2026-06-06 16:47:05,911][safety_bigym.agents.cqn_as.env_adapter][INFO] - Converted 69 demos (62 successful) for CQN-AS.
[2026-06-06 16:47:32,832][__main__][INFO] - Loaded 69 demos; replay size now 11548
[2026-06-06 16:47:33,075][__main__][INFO] - [safety] step=0 safety/ssm_violation=0.0000 safety/ssm_violation_actual=0.0000 safety/proximity_violation=0.0000 safety/pfl_violation=0.0000 safety/ssm_margin=1.5319 safety/ssm_margin_actual=1.7176 safety/min_separation=5.4004 safety/pfl_force_ratio=0.0000 safety/robot_vel=5.4611 safety/human_vel=0.3621 episode_safety/ep_steps=1.0000 episode_safety/ep_ssm_violation_rate=0.0000 episode_safety/ep_ssm_violation_actual_rate=0.0000 episode_safety/ep_proximity_violation_rate=0.0000 episode_safety/ep_pfl_violation_rate=0.0000 episode_safety/ep_min_ssm_margin=1.5319 episode_safety/ep_min_ssm_margin_actual=1.7176 episode_safety/ep_min_separation=5.4004 episode_safety/ep_mean_separation=5.4004 episode_safety/ep_p5_separation=5.4004 episode_safety/ep_p25_separation=5.4004 episode_safety/ep_max_pfl_force_ratio=0.0000 episode_safety/ep_max_contact_force=0.0000 episode_safety/ep_max_robot_vel=5.4611 episode_safety/ep_mean_robot_vel=5.4611 episode_safety/ep_time_to_first_violation=-1.0000 episode_safety/ep_time_in_proximity_0p3m=0.0000 episode_safety/ep_time_in_proximity_0p5m=0.0000 episode_safety/ep_time_in_proximity_1p0m=0.0000
[2026-06-06 16:47:33,666][__main__][INFO] - [safety] step=50 safety/ssm_violation=0.0000 safety/ssm_violation_actual=0.0000 safety/proximity_violation=0.0000 safety/pfl_violation=0.0000 safety/ssm_margin=2.9513 safety/ssm_margin_actual=3.1786 safety/min_separation=4.0188 safety/pfl_force_ratio=0.0000 safety/robot_vel=2.2432 safety/human_vel=0.0849 episode_safety/ep_steps=51.0000 episode_safety/ep_ssm_violation_rate=0.0000 episode_safety/ep_ssm_violation_actual_rate=0.0000 episode_safety/ep_proximity_violation_rate=0.0000 episode_safety/ep_pfl_violation_rate=0.0000 episode_safety/ep_min_ssm_margin=0.8665 episode_safety/ep_min_ssm_margin_actual=1.0938 episode_safety/ep_min_separation=4.0008 episode_safety/ep_mean_separation=4.5478 episode_safety/ep_p5_separation=4.0281 episode_safety/ep_p25_separation=4.2219 episode_safety/ep_max_pfl_force_ratio=0.0000 episode_safety/ep_max_contact_force=0.0000 episode_safety/ep_max_robot_vel=5.4611 episode_safety/ep_mean_robot_vel=2.8049 episode_safety/ep_time_to_first_violation=-1.0000 episode_safety/ep_time_in_proximity_0p3m=0.0000 episode_safety/ep_time_in_proximity_0p5m=0.0000 episode_safety/ep_time_in_proximity_1p0m=0.0000
[2026-06-06 16:47:34,250][__main__][INFO] - [safety] step=100 safety/ssm_violation=0.0000 safety/ssm_violation_actual=0.0000 safety/proximity_violation=0.0000 safety/pfl_violation=0.0000 safety/ssm_margin=2.8146 safety/ssm_margin_actual=3.0264 safety/min_separation=4.6368 safety/pfl_force_ratio=0.0000 safety/robot_vel=3.3823 safety/human_vel=0.1883 episode_safety/ep_steps=101.0000 episode_safety/ep_ssm_violation_rate=0.0000 episode_safety/ep_ssm_violation_actual_rate=0.0000 episode_safety/ep_proximity_violation_rate=0.0000 episode_safety/ep_pfl_violation_rate=0.0000 episode_safety/ep_min_ssm_margin=0.8665 episode_safety/ep_min_ssm_margin_actual=1.0938 episode_safety/ep_min_separation=3.9704 episode_safety/ep_mean_separation=4.4373 episode_safety/ep_p5_separation=4.0070 episode_safety/ep_p25_separation=4.1971 episode_safety/ep_max_pfl_force_ratio=0.0000 episode_safety/ep_max_contact_force=0.0000 episode_safety/ep_max_robot_vel=5.4611 episode_safety/ep_mean_robot_vel=2.8366 episode_safety/ep_time_to_first_violation=-1.0000 episode_safety/ep_time_in_proximity_0p3m=0.0000 episode_safety/ep_time_in_proximity_0p5m=0.0000 episode_safety/ep_time_in_proximity_1p0m=0.0000
[2026-06-06 16:47:34,822][__main__][INFO] - [safety] step=150 safety/ssm_violation=0.0000 safety/ssm_violation_actual=0.0000 safety/proximity_violation=0.0000 safety/pfl_violation=0.0000 safety/ssm_margin=2.7377 safety/ssm_margin_actual=2.9776 safety/min_separation=4.2092 safety/pfl_force_ratio=0.0000 safety/robot_vel=2.9008 safety/human_vel=0.0005 episode_safety/ep_steps=151.0000 episode_safety/ep_ssm_violation_rate=0.0000 episode_safety/ep_ssm_violation_actual_rate=0.0000 episode_safety/ep_proximity_violation_rate=0.0000 episode_safety/ep_pfl_violation_rate=0.0000 episode_safety/ep_min_ssm_margin=0.8665 episode_safety/ep_min_ssm_margin_actual=1.0938 episode_safety/ep_min_separation=3.9704 episode_safety/ep_mean_separation=4.4767 episode_safety/ep_p5_separation=4.0281 episode_safety/ep_p25_separation=4.3000 episode_safety/ep_max_pfl_force_ratio=0.0000 episode_safety/ep_max_contact_force=0.0000 episode_safety/ep_max_robot_vel=5.4611 episode_safety/ep_mean_robot_vel=2.8192 episode_safety/ep_time_to_first_violation=-1.0000 episode_safety/ep_time_in_proximity_0p3m=0.0000 episode_safety/ep_time_in_proximity_0p5m=0.0000 episode_safety/ep_time_in_proximity_1p0m=0.0000
[2026-06-06 16:47:35,386][__main__][INFO] - [safety] step=200 safety/ssm_violation=0.0000 safety/ssm_violation_actual=0.0000 safety/proximity_violation=0.0000 safety/pfl_violation=0.0000 safety/ssm_margin=1.8676 safety/ssm_margin_actual=2.1076 safety/min_separation=2.8140 safety/pfl_force_ratio=0.0000 safety/robot_vel=2.0128 safety/human_vel=0.0000 episode_safety/ep_steps=201.0000 episode_safety/ep_ssm_violation_rate=0.0000 episode_safety/ep_ssm_violation_actual_rate=0.0000 episode_safety/ep_proximity_violation_rate=0.0000 episode_safety/ep_pfl_violation_rate=0.0000 episode_safety/ep_min_ssm_margin=0.3585 episode_safety/ep_min_ssm_margin_actual=0.5985 episode_safety/ep_min_separation=2.8002 episode_safety/ep_mean_separation=4.2186 episode_safety/ep_p5_separation=2.9900 episode_safety/ep_p25_separation=4.0070 episode_safety/ep_max_pfl_force_ratio=0.0000 episode_safety/ep_max_contact_force=0.0000 episode_safety/ep_max_robot_vel=5.4611 episode_safety/ep_mean_robot_vel=2.8316 episode_safety/ep_time_to_first_violation=-1.0000 episode_safety/ep_time_in_proximity_0p3m=0.0000 episode_safety/ep_time_in_proximity_0p5m=0.0000 episode_safety/ep_time_in_proximity_1p0m=0.0000
[2026-06-06 16:47:35,952][__main__][INFO] - [safety] step=250 safety/ssm_violation=0.0000 safety/ssm_violation_actual=0.0000 safety/proximity_violation=0.0000 safety/pfl_violation=0.0000 safety/ssm_margin=0.0593 safety/ssm_margin_actual=0.2993 safety/min_separation=1.8475 safety/pfl_force_ratio=0.0000 safety/robot_vel=3.3381 safety/human_vel=0.0000 episode_safety/ep_steps=251.0000 episode_safety/ep_ssm_violation_rate=0.0120 episode_safety/ep_ssm_violation_actual_rate=0.0080 episode_safety/ep_proximity_violation_rate=0.0000 episode_safety/ep_pfl_violation_rate=0.0000 episode_safety/ep_min_ssm_margin=-0.5311 episode_safety/ep_min_ssm_margin_actual=-0.2911 episode_safety/ep_min_separation=1.8475 episode_safety/ep_mean_separation=3.8164 episode_safety/ep_p5_separation=1.9745 episode_safety/ep_p25_separation=3.0931 episode_safety/ep_max_pfl_force_ratio=0.0000 episode_safety/ep_max_contact_force=0.0000 episode_safety/ep_max_robot_vel=5.4611 episode_safety/ep_mean_robot_vel=2.8254 episode_safety/ep_time_to_first_violation=234.0000 episode_safety/ep_time_in_proximity_0p3m=0.0000 episode_safety/ep_time_in_proximity_0p5m=0.0000 episode_safety/ep_time_in_proximity_1p0m=0.0000
[2026-06-06 16:47:36,519][__main__][INFO] - [safety] step=300 safety/ssm_violation=0.0000 safety/ssm_violation_actual=0.0000 safety/proximity_violation=0.0000 safety/pfl_violation=0.0000 safety/ssm_margin=0.5179 safety/ssm_margin_actual=0.7234 safety/min_separation=2.0482 safety/pfl_force_ratio=0.0000 safety/robot_vel=2.9862 safety/human_vel=0.2297 episode_safety/ep_steps=301.0000 episode_safety/ep_ssm_violation_rate=0.0498 episode_safety/ep_ssm_violation_actual_rate=0.0199 episode_safety/ep_proximity_violation_rate=0.0000 episode_safety/ep_pfl_violation_rate=0.0000 episode_safety/ep_min_ssm_margin=-0.8573 episode_safety/ep_min_ssm_margin_actual=-0.6173 episode_safety/ep_min_separation=1.7118 episode_safety/ep_mean_separation=3.4863 episode_safety/ep_p5_separation=1.7865 episode_safety/ep_p25_separation=2.2471 episode_safety/ep_max_pfl_force_ratio=0.0000 episode_safety/ep_max_contact_force=0.0000 episode_safety/ep_max_robot_vel=5.4611 episode_safety/ep_mean_robot_vel=2.8046 episode_safety/ep_time_to_first_violation=234.0000 episode_safety/ep_time_in_proximity_0p3m=0.0000 episode_safety/ep_time_in_proximity_0p5m=0.0000 episode_safety/ep_time_in_proximity_1p0m=0.0000
[2026-06-06 16:47:37,558][__main__][INFO] - [episode] step=350 safety/ssm_violation=0.0000 safety/ssm_violation_actual=0.0000 safety/proximity_violation=0.0000 safety/pfl_violation=0.0000 safety/ssm_margin=1.8544 safety/ssm_margin_actual=2.0943 safety/min_separation=2.9247 safety/pfl_force_ratio=0.0000 safety/robot_vel=2.2483 safety/human_vel=0.0008 episode_safety/ep_steps=350.0000 episode_safety/ep_ssm_violation_rate=0.0429 episode_safety/ep_ssm_violation_actual_rate=0.0171 episode_safety/ep_proximity_violation_rate=0.0000 episode_safety/ep_pfl_violation_rate=0.0000 episode_safety/ep_min_ssm_margin=-0.8573 episode_safety/ep_min_ssm_margin_actual=-0.6173 episode_safety/ep_min_separation=1.7118 episode_safety/ep_mean_separation=3.3488 episode_safety/ep_p5_separation=1.7942 episode_safety/ep_p25_separation=2.2507 episode_safety/ep_max_pfl_force_ratio=0.0000 episode_safety/ep_max_contact_force=0.0000 episode_safety/ep_max_robot_vel=5.4611 episode_safety/ep_mean_robot_vel=2.7885 episode_safety/ep_time_to_first_violation=234.0000 episode_safety/ep_time_in_proximity_0p3m=0.0000 episode_safety/ep_time_in_proximity_0p5m=0.0000 episode_safety/ep_time_in_proximity_1p0m=0.0000 episode_cost_integral=21.1287
[2026-06-06 16:47:37,558][__main__][INFO] - [train] step=350 episode_reward=3.5000 episode_length=350 episode=1 buffer_size=11898
[2026-06-06 16:47:37,608][__main__][INFO] - [safety] step=350 safety/ssm_violation=0.0000 safety/ssm_violation_actual=0.0000 safety/proximity_violation=0.0000 safety/pfl_violation=0.0000 safety/ssm_margin=1.1332 safety/ssm_margin_actual=1.3189 safety/min_separation=4.8284 safety/pfl_force_ratio=0.0000 safety/robot_vel=5.3139 safety/human_vel=0.3621 episode_safety/ep_steps=1.0000 episode_safety/ep_ssm_violation_rate=0.0000 episode_safety/ep_ssm_violation_actual_rate=0.0000 episode_safety/ep_proximity_violation_rate=0.0000 episode_safety/ep_pfl_violation_rate=0.0000 episode_safety/ep_min_ssm_margin=1.1332 episode_safety/ep_min_ssm_margin_actual=1.3189 episode_safety/ep_min_separation=4.8284 episode_safety/ep_mean_separation=4.8284 episode_safety/ep_p5_separation=4.8284 episode_safety/ep_p25_separation=4.8284 episode_safety/ep_max_pfl_force_ratio=0.0000 episode_safety/ep_max_contact_force=0.0000 episode_safety/ep_max_robot_vel=5.3139 episode_safety/ep_mean_robot_vel=5.3139 episode_safety/ep_time_to_first_violation=-1.0000 episode_safety/ep_time_in_proximity_0p3m=0.0000 episode_safety/ep_time_in_proximity_0p5m=0.0000 episode_safety/ep_time_in_proximity_1p0m=0.0000
[2026-06-06 16:47:38,179][__main__][INFO] - [safety] step=400 safety/ssm_violation=0.0000 safety/ssm_violation_actual=0.0000 safety/proximity_violation=0.0000 safety/pfl_violation=0.0000 safety/ssm_margin=1.1397 safety/ssm_margin_actual=1.3669 safety/min_separation=2.7127 safety/pfl_force_ratio=0.0000 safety/robot_vel=3.0468 safety/human_vel=0.0849 episode_safety/ep_steps=51.0000 episode_safety/ep_ssm_violation_rate=0.0196 episode_safety/ep_ssm_violation_actual_rate=0.0196 episode_safety/ep_proximity_violation_rate=0.0000 episode_safety/ep_pfl_violation_rate=0.0000 episode_safety/ep_min_ssm_margin=-0.4663 episode_safety/ep_min_ssm_margin_actual=-0.2632 episode_safety/ep_min_separation=2.7127 episode_safety/ep_mean_separation=3.9167 episode_safety/ep_p5_separation=2.8178 episode_safety/ep_p25_separation=3.3656 episode_safety/ep_max_pfl_force_ratio=0.0000 episode_safety/ep_max_contact_force=0.0000 episode_safety/ep_max_robot_vel=6.5306 episode_safety/ep_mean_robot_vel=3.3438 episode_safety/ep_time_to_first_violation=5.0000 episode_safety/ep_time_in_proximity_0p3m=0.0000 episode_safety/ep_time_in_proximity_0p5m=0.0000 episode_safety/ep_time_in_proximity_1p0m=0.0000
[2026-06-06 16:47:38,757][__main__][INFO] - [safety] step=450 safety/ssm_violation=1.0000 safety/ssm_violation_actual=1.0000 safety/proximity_violation=0.0000 safety/pfl_violation=0.0000 safety/ssm_margin=-0.3653 safety/ssm_margin_actual=-0.1489 safety/min_separation=0.9858 safety/pfl_force_ratio=0.0000 safety/robot_vel=2.7188 safety/human_vel=0.1578 episode_safety/ep_steps=101.0000 episode_safety/ep_ssm_violation_rate=0.1584 episode_safety/ep_ssm_violation_actual_rate=0.1386 episode_safety/ep_proximity_violation_rate=0.0000 episode_safety/ep_pfl_violation_rate=0.0000 episode_safety/ep_min_ssm_margin=-1.0250 episode_safety/ep_min_ssm_margin_actual=-0.7959 episode_safety/ep_min_separation=0.9858 episode_safety/ep_mean_separation=2.7760 episode_safety/ep_p5_separation=1.0185 episode_safety/ep_p25_separation=1.5301 episode_safety/ep_max_pfl_force_ratio=0.0000 episode_safety/ep_max_contact_force=0.0000 episode_safety/ep_max_robot_vel=6.5306 episode_safety/ep_mean_robot_vel=3.0178 episode_safety/ep_time_to_first_violation=5.0000 episode_safety/ep_time_in_proximity_0p3m=0.0000 episode_safety/ep_time_in_proximity_0p5m=0.0000 episode_safety/ep_time_in_proximity_1p0m=0.0396
[2026-06-06 16:47:39,362][__main__][INFO] - [safety] step=500 safety/ssm_violation=1.0000 safety/ssm_violation_actual=1.0000 safety/proximity_violation=1.0000 safety/pfl_violation=0.0000 safety/ssm_margin=-1.0805 safety/ssm_margin_actual=-0.8420 safety/min_separation=0.0705 safety/pfl_force_ratio=0.0000 safety/robot_vel=2.3914 safety/human_vel=0.0100 episode_safety/ep_steps=151.0000 episode_safety/ep_ssm_violation_rate=0.4371 episode_safety/ep_ssm_violation_actual_rate=0.3775 episode_safety/ep_proximity_violation_rate=0.1258 episode_safety/ep_pfl_violation_rate=0.0000 episode_safety/ep_min_ssm_margin=-2.4049 episode_safety/ep_min_ssm_margin_actual=-2.1693 episode_safety/ep_min_separation=0.0435 episode_safety/ep_mean_separation=2.0092 episode_safety/ep_p5_separation=0.0894 episode_safety/ep_p25_separation=0.7428 episode_safety/ep_max_pfl_force_ratio=0.0000 episode_safety/ep_max_contact_force=0.0000 episode_safety/ep_max_robot_vel=6.5306 episode_safety/ep_mean_robot_vel=2.9222 episode_safety/ep_time_to_first_violation=5.0000 episode_safety/ep_time_in_proximity_0p3m=0.1258 episode_safety/ep_time_in_proximity_0p5m=0.1656 episode_safety/ep_time_in_proximity_1p0m=0.3576
[2026-06-06 16:47:39,934][__main__][INFO] - [safety] step=550 safety/ssm_violation=0.0000 safety/ssm_violation_actual=0.0000 safety/proximity_violation=0.0000 safety/pfl_violation=0.0000 safety/ssm_margin=0.7068 safety/ssm_margin_actual=0.9468 safety/min_separation=2.0381 safety/pfl_force_ratio=0.0000 safety/robot_vel=2.6880 safety/human_vel=0.0000 episode_safety/ep_steps=201.0000 episode_safety/ep_ssm_violation_rate=0.5075 episode_safety/ep_ssm_violation_actual_rate=0.4478 episode_safety/ep_proximity_violation_rate=0.1642 episode_safety/ep_pfl_violation_rate=0.0000 episode_safety/ep_min_ssm_margin=-2.4571 episode_safety/ep_min_ssm_margin_actual=-2.2175 episode_safety/ep_min_separation=0.0151 episode_safety/ep_mean_separation=1.7230 episode_safety/ep_p5_separation=0.0788 episode_safety/ep_p25_separation=0.6046 episode_safety/ep_max_pfl_force_ratio=0.0000 episode_safety/ep_max_contact_force=0.0000 episode_safety/ep_max_robot_vel=6.5306 episode_safety/ep_mean_robot_vel=2.8778 episode_safety/ep_time_to_first_violation=5.0000 episode_safety/ep_time_in_proximity_0p3m=0.1642 episode_safety/ep_time_in_proximity_0p5m=0.2139 episode_safety/ep_time_in_proximity_1p0m=0.4080
[2026-06-06 16:47:40,515][__main__][INFO] - [safety] step=600 safety/ssm_violation=0.0000 safety/ssm_violation_actual=0.0000 safety/proximity_violation=0.0000 safety/pfl_violation=0.0000 safety/ssm_margin=3.9754 safety/ssm_margin_actual=4.2154 safety/min_separation=4.7429 safety/pfl_force_ratio=0.0000 safety/robot_vel=1.6273 safety/human_vel=0.0000 episode_safety/ep_steps=251.0000 episode_safety/ep_ssm_violation_rate=0.4143 episode_safety/ep_ssm_violation_actual_rate=0.3665 episode_safety/ep_proximity_violation_rate=0.1315 episode_safety/ep_pfl_violation_rate=0.0000 episode_safety/ep_min_ssm_margin=-2.4571 episode_safety/ep_min_ssm_margin_actual=-2.2175 episode_safety/ep_min_separation=0.0151 episode_safety/ep_mean_separation=2.0666 episode_safety/ep_p5_separation=0.0850 episode_safety/ep_p25_separation=0.7561 episode_safety/ep_max_pfl_force_ratio=0.0000 episode_safety/ep_max_contact_force=0.0000 episode_safety/ep_max_robot_vel=6.5306 episode_safety/ep_mean_robot_vel=2.8514 episode_safety/ep_time_to_first_violation=5.0000 episode_safety/ep_time_in_proximity_0p3m=0.1315 episode_safety/ep_time_in_proximity_0p5m=0.1713 episode_safety/ep_time_in_proximity_1p0m=0.3267
[2026-06-06 16:47:41,090][__main__][INFO] - [safety] step=650 safety/ssm_violation=0.0000 safety/ssm_violation_actual=0.0000 safety/proximity_violation=0.0000 safety/pfl_violation=0.0000 safety/ssm_margin=4.8288 safety/ssm_margin_actual=5.0558 safety/min_separation=6.2565 safety/pfl_force_ratio=0.0000 safety/robot_vel=2.8357 safety/human_vel=0.0866 episode_safety/ep_steps=301.0000 episode_safety/ep_ssm_violation_rate=0.3455 episode_safety/ep_ssm_violation_actual_rate=0.3056 episode_safety/ep_proximity_violation_rate=0.1096 episode_safety/ep_pfl_violation_rate=0.0000 episode_safety/ep_min_ssm_margin=-2.4571 episode_safety/ep_min_ssm_margin_actual=-2.2175 episode_safety/ep_min_separation=0.0151 episode_safety/ep_mean_separation=2.6607 episode_safety/ep_p5_separation=0.0929 episode_safety/ep_p25_separation=0.9256 episode_safety/ep_max_pfl_force_ratio=0.0000 episode_safety/ep_max_contact_force=0.0000 episode_safety/ep_max_robot_vel=6.5306 episode_safety/ep_mean_robot_vel=2.8416 episode_safety/ep_time_to_first_violation=5.0000 episode_safety/ep_time_in_proximity_0p3m=0.1096 episode_safety/ep_time_in_proximity_0p5m=0.1429 episode_safety/ep_time_in_proximity_1p0m=0.2724
[2026-06-06 16:47:42,116][__main__][INFO] - [episode] step=700 safety/ssm_violation=0.0000 safety/ssm_violation_actual=0.0000 safety/proximity_violation=0.0000 safety/pfl_violation=0.0000 safety/ssm_margin=6.2646 safety/ssm_margin_actual=6.5045 safety/min_separation=7.1377 safety/pfl_force_ratio=0.0000 safety/robot_vel=1.8624 safety/human_vel=0.0003 episode_safety/ep_steps=350.0000 episode_safety/ep_ssm_violation_rate=0.2971 episode_safety/ep_ssm_violation_actual_rate=0.2629 episode_safety/ep_proximity_violation_rate=0.0943 episode_safety/ep_pfl_violation_rate=0.0000 episode_safety/ep_min_ssm_margin=-2.4571 episode_safety/ep_min_ssm_margin_actual=-2.2175 episode_safety/ep_min_separation=0.0151 episode_safety/ep_mean_separation=3.2263 episode_safety/ep_p5_separation=0.0985 episode_safety/ep_p25_separation=1.0946 episode_safety/ep_max_pfl_force_ratio=0.0000 episode_safety/ep_max_contact_force=0.0000 episode_safety/ep_max_robot_vel=6.5306 episode_safety/ep_mean_robot_vel=2.8252 episode_safety/ep_time_to_first_violation=5.0000 episode_safety/ep_time_in_proximity_0p3m=0.0943 episode_safety/ep_time_in_proximity_0p5m=0.1229 episode_safety/ep_time_in_proximity_1p0m=0.2343 episode_cost_integral=110.4030
[2026-06-06 16:47:42,116][__main__][INFO] - [train] step=700 episode_reward=3.5000 episode_length=350 episode=2 buffer_size=12248
[2026-06-06 16:47:50,253][__main__][INFO] - [eval] step=700 episode_reward=3.5000 episode_length=350.0000 episode=2 ep_steps=350.0000 ep_ssm_violation_rate=0.2886 ep_ssm_violation_actual_rate=0.2471 ep_proximity_violation_rate=0.1014 ep_pfl_violation_rate=0.0000 ep_mean_separation=3.6794 ep_p5_separation=1.7217 ep_p25_separation=2.5655 ep_mean_robot_vel=2.8105 ep_time_to_first_violation=0.5000 ep_time_in_proximity_0p3m=0.1014 ep_time_in_proximity_0p5m=0.1329 ep_time_in_proximity_1p0m=0.2186 ep_min_ssm_margin=-8.6286 ep_min_ssm_margin_actual=-8.4410 ep_min_separation=0.0069 ep_max_pfl_force_ratio=0.0000 ep_max_contact_force=0.0000 ep_max_robot_vel=10.2733 success_rate=0.0000
[2026-06-06 16:47:50,345][__main__][INFO] - saved snapshot: /home/ap2322/Documents/safety_bigym/exp_local/isolation_smoke/dish_rung3_progress/snapshot_700.pt
[2026-06-06 16:47:53,137][__main__][INFO] - [safety] step=700 safety/ssm_violation=0.0000 safety/ssm_violation_actual=0.0000 safety/proximity_violation=0.0000 safety/pfl_violation=0.0000 safety/ssm_margin=0.8213 safety/ssm_margin_actual=1.0070 safety/min_separation=4.7048 safety/pfl_force_ratio=0.0000 safety/robot_vel=5.4737 safety/human_vel=0.3621 episode_safety/ep_steps=1.0000 episode_safety/ep_ssm_violation_rate=0.0000 episode_safety/ep_ssm_violation_actual_rate=0.0000 episode_safety/ep_proximity_violation_rate=0.0000 episode_safety/ep_pfl_violation_rate=0.0000 episode_safety/ep_min_ssm_margin=0.8213 episode_safety/ep_min_ssm_margin_actual=1.0070 episode_safety/ep_min_separation=4.7048 episode_safety/ep_mean_separation=4.7048 episode_safety/ep_p5_separation=4.7048 episode_safety/ep_p25_separation=4.7048 episode_safety/ep_max_pfl_force_ratio=0.0000 episode_safety/ep_max_contact_force=0.0000 episode_safety/ep_max_robot_vel=5.4737 episode_safety/ep_mean_robot_vel=5.4737 episode_safety/ep_time_to_first_violation=-1.0000 episode_safety/ep_time_in_proximity_0p3m=0.0000 episode_safety/ep_time_in_proximity_0p5m=0.0000 episode_safety/ep_time_in_proximity_1p0m=0.0000
[2026-06-06 16:48:08,851][__main__][INFO] - [safety] step=750 safety/ssm_violation=0.0000 safety/ssm_violation_actual=0.0000 safety/proximity_violation=0.0000 safety/pfl_violation=0.0000 safety/ssm_margin=3.3718 safety/ssm_margin_actual=3.5991 safety/min_separation=3.7651 safety/pfl_force_ratio=0.0000 safety/robot_vel=0.3849 safety/human_vel=0.0849 episode_safety/ep_steps=51.0000 episode_safety/ep_ssm_violation_rate=0.0000 episode_safety/ep_ssm_violation_actual_rate=0.0000 episode_safety/ep_proximity_violation_rate=0.0000 episode_safety/ep_pfl_violation_rate=0.0000 episode_safety/ep_min_ssm_margin=0.8213 episode_safety/ep_min_ssm_margin_actual=1.0070 episode_safety/ep_min_separation=3.7651 episode_safety/ep_mean_separation=4.3588 episode_safety/ep_p5_separation=3.8321 episode_safety/ep_p25_separation=4.0690 episode_safety/ep_max_pfl_force_ratio=0.0000 episode_safety/ep_max_contact_force=0.0000 episode_safety/ep_max_robot_vel=5.4737 episode_safety/ep_mean_robot_vel=0.6152 episode_safety/ep_time_to_first_violation=-1.0000 episode_safety/ep_time_in_proximity_0p3m=0.0000 episode_safety/ep_time_in_proximity_0p5m=0.0000 episode_safety/ep_time_in_proximity_1p0m=0.0000
[2026-06-06 16:48:24,268][__main__][INFO] - best snapshot: /home/ap2322/Documents/safety_bigym/exp_local/isolation_smoke/dish_rung3_progress/snapshot_best.pt (step=700, success_rate=0.0000, episode_reward=3.5000)
[2026-06-06 16:48:24,271][__main__][INFO] - final metrics written: /home/ap2322/Documents/safety_bigym/exp_local/isolation_smoke/dish_rung3_progress/final_metrics.json
