2026-06-05 11:23:05,122 OpenGL.acceleratesupport INFO No OpenGL_accelerate module loaded: No module named 'OpenGL_accelerate'
2026-06-05 11:23:05,734 absl INFO MUJOCO_GL=egl, attempting to import specified OpenGL backend.
2026-06-05 11:23:05,741 absl INFO MuJoCo library version is: 3.1.5
2026-06-05 11:23:07,942 benchmark_policy INFO Policy kind=cqn_as (snapshot=exp_local/fixed_lambda/fixlam_0p1/lam0p15_seed1/snapshot_10207.pt) max_steps=1000
2026-06-05 11:23:08,928 safety_bigym.envs.safety_bigym_factory INFO Forcing disruption_type=COWORKER for every episode.
2026-06-05 11:23:08,929 safety_bigym.envs.safety_bigym_factory INFO Creating SafetyBiGymEnv: task=SaucepanToHob, inject_human=True, clips=0
2026-06-05 11:23:14,175 safety_bigym.envs.safety_env INFO Human indices: pelvis_id=2, pelvis_mocapid=0, ssm_bodies=14
2026-06-05 11:23:14,176 safety_bigym.envs.safety_env INFO Promoted 69 geoms onto human collision channel (human_emit=bit1, robot_emit=bit2); reset 22 human collision geoms onto the cross-paired channel.
2026-06-05 11:23:14,176 safety_bigym.envs.safety_env INFO Safety wrapper initialized
2026-06-05 11:23:14,177 safety_bigym.envs.safety_env INFO G1 human controller initialized
2026-06-05 11:23:14,177 safety_bigym.envs.safety_bigym_factory INFO Inserting BodySLAMWrapper(mode=noisy, occlusion=none).
2026-06-05 11:23:14,180 root INFO Loading demos via raw BiGym env (for DemoStore compatibility).
2026-06-05 11:23:17,267 root INFO Demos are cached already: /home/ap2322/.bigym/demonstrations/0.9.0
2026-06-05 11:23:17,267 root INFO Demos are cached already: /home/ap2322/.bigym/demonstrations/0.9.0
2026-06-05 11:23:17,268 root INFO Demos are cached already: /home/ap2322/.bigym/demonstrations/0.9.0
2026-06-05 11:23:18,709 root INFO Loaded 36 demos.
2026-06-05 11:23:22,932 safety_bigym.agents.cqn_as.env_adapter INFO Converted 36 demos (29 successful) for CQN-AS.
2026-06-05 11:24:15,618 benchmark_policy INFO seed=0 ep=0: reward=-2.440 success=True prox_rate=0.000
2026-06-05 11:24:21,063 benchmark_policy INFO seed=0 ep=1: reward=-1.903 success=True prox_rate=0.037
2026-06-05 11:24:38,565 benchmark_policy INFO seed=0 ep=2: reward=-22.155 success=False prox_rate=0.017
2026-06-05 11:24:44,357 benchmark_policy INFO seed=0 ep=3: reward=-2.359 success=True prox_rate=0.059
2026-06-05 11:24:50,239 benchmark_policy INFO seed=0 ep=4: reward=-2.711 success=True prox_rate=0.049
2026-06-05 11:24:55,906 benchmark_policy INFO seed=0 ep=5: reward=-1.987 success=True prox_rate=0.244
2026-06-05 11:25:13,840 benchmark_policy INFO seed=0 ep=6: reward=-12.359 success=False prox_rate=0.041
2026-06-05 11:25:31,899 benchmark_policy INFO seed=0 ep=7: reward=-9.568 success=False prox_rate=0.000
2026-06-05 11:25:39,544 benchmark_policy INFO seed=0 ep=8: reward=-2.387 success=True prox_rate=0.510
2026-06-05 11:26:07,894 benchmark_policy INFO seed=0 ep=9: reward=-8.771 success=False prox_rate=0.517
2026-06-05 11:26:36,226 benchmark_policy INFO seed=0 ep=10: reward=-14.659 success=False prox_rate=0.806
2026-06-05 11:26:46,156 benchmark_policy INFO seed=0 ep=11: reward=-1.766 success=True prox_rate=0.312
2026-06-05 11:27:17,196 benchmark_policy INFO seed=0 ep=12: reward=-10.640 success=False prox_rate=0.578
2026-06-05 11:27:23,172 benchmark_policy INFO seed=0 ep=13: reward=-2.557 success=True prox_rate=0.231
2026-06-05 11:27:28,786 benchmark_policy INFO seed=0 ep=14: reward=-1.825 success=True prox_rate=0.057
2026-06-05 11:28:08,964 benchmark_policy INFO seed=0 ep=15: reward=-9.722 success=False prox_rate=0.792
2026-06-05 11:28:17,499 benchmark_policy INFO seed=0 ep=16: reward=-2.189 success=True prox_rate=0.367
2026-06-05 11:28:35,511 benchmark_policy INFO seed=0 ep=17: reward=-7.758 success=False prox_rate=0.230
2026-06-05 11:28:53,693 benchmark_policy INFO seed=0 ep=18: reward=-7.390 success=False prox_rate=0.009
2026-06-05 11:29:13,303 benchmark_policy INFO seed=0 ep=19: reward=-9.928 success=False prox_rate=0.016
2026-06-05 11:29:18,939 benchmark_policy INFO seed=1 ep=0: reward=-1.819 success=True prox_rate=0.056
2026-06-05 11:29:25,235 benchmark_policy INFO seed=1 ep=1: reward=-1.777 success=True prox_rate=0.537
2026-06-05 11:29:44,122 benchmark_policy INFO seed=1 ep=2: reward=-10.392 success=False prox_rate=0.329
2026-06-05 11:29:50,043 benchmark_policy INFO seed=1 ep=3: reward=-2.363 success=True prox_rate=0.031
2026-06-05 11:30:14,607 benchmark_policy INFO seed=1 ep=4: reward=-9.756 success=False prox_rate=0.233
2026-06-05 11:30:20,457 benchmark_policy INFO seed=1 ep=5: reward=-2.082 success=True prox_rate=0.000
2026-06-05 11:30:26,772 benchmark_policy INFO seed=1 ep=6: reward=-2.608 success=True prox_rate=0.003
2026-06-05 11:30:32,704 benchmark_policy INFO seed=1 ep=7: reward=-2.443 success=True prox_rate=0.064
2026-06-05 11:31:03,730 benchmark_policy INFO seed=1 ep=8: reward=-14.999 success=False prox_rate=0.813
2026-06-05 11:31:24,980 benchmark_policy INFO seed=1 ep=9: reward=-9.240 success=False prox_rate=0.594
2026-06-05 11:31:30,858 benchmark_policy INFO seed=1 ep=10: reward=-2.155 success=True prox_rate=0.000
2026-06-05 11:31:36,544 benchmark_policy INFO seed=1 ep=11: reward=-1.623 success=True prox_rate=0.105
2026-06-05 11:31:54,589 benchmark_policy INFO seed=1 ep=12: reward=-12.640 success=False prox_rate=0.000
2026-06-05 11:32:37,413 benchmark_policy INFO seed=1 ep=13: reward=-6.583 success=False prox_rate=0.731
2026-06-05 11:32:43,181 benchmark_policy INFO seed=1 ep=14: reward=-2.142 success=True prox_rate=0.438
2026-06-05 11:33:13,787 benchmark_policy INFO seed=1 ep=15: reward=-12.929 success=False prox_rate=0.815
2026-06-05 11:33:35,254 benchmark_policy INFO seed=1 ep=16: reward=-9.729 success=False prox_rate=0.392
2026-06-05 11:33:44,164 benchmark_policy INFO seed=1 ep=17: reward=-1.752 success=True prox_rate=0.194
2026-06-05 11:34:12,374 benchmark_policy INFO seed=1 ep=18: reward=-13.710 success=False prox_rate=0.779
2026-06-05 11:34:30,182 benchmark_policy INFO seed=1 ep=19: reward=-12.456 success=False prox_rate=0.046
2026-06-05 11:34:54,508 benchmark_policy INFO seed=2 ep=0: reward=-16.836 success=False prox_rate=0.093
2026-06-05 11:35:00,245 benchmark_policy INFO seed=2 ep=1: reward=-2.305 success=True prox_rate=0.000
2026-06-05 11:35:11,200 benchmark_policy INFO seed=2 ep=2: reward=-1.815 success=True prox_rate=0.453
2026-06-05 11:35:30,186 benchmark_policy INFO seed=2 ep=3: reward=-8.076 success=False prox_rate=0.077
2026-06-05 11:35:36,086 benchmark_policy INFO seed=2 ep=4: reward=-2.216 success=True prox_rate=0.364
2026-06-05 11:35:42,227 benchmark_policy INFO seed=2 ep=5: reward=-2.202 success=True prox_rate=0.009
2026-06-05 11:35:47,915 benchmark_policy INFO seed=2 ep=6: reward=-2.094 success=True prox_rate=0.000
2026-06-05 11:36:12,166 benchmark_policy INFO seed=2 ep=7: reward=-10.182 success=False prox_rate=0.826
2026-06-05 11:36:19,340 benchmark_policy INFO seed=2 ep=8: reward=-2.493 success=True prox_rate=0.408
2026-06-05 11:36:51,291 benchmark_policy INFO seed=2 ep=9: reward=-10.259 success=False prox_rate=0.224
2026-06-05 11:37:15,284 benchmark_policy INFO seed=2 ep=10: reward=-6.640 success=False prox_rate=0.330
2026-06-05 11:37:47,190 benchmark_policy INFO seed=2 ep=11: reward=-20.721 success=False prox_rate=0.418
2026-06-05 11:37:56,160 benchmark_policy INFO seed=2 ep=12: reward=-2.434 success=True prox_rate=0.377
2026-06-05 11:38:01,665 benchmark_policy INFO seed=2 ep=13: reward=-1.779 success=True prox_rate=0.000
2026-06-05 11:38:10,750 benchmark_policy INFO seed=2 ep=14: reward=-2.062 success=True prox_rate=0.310
2026-06-05 11:38:20,121 benchmark_policy INFO seed=2 ep=15: reward=-2.649 success=True prox_rate=0.341
2026-06-05 11:38:53,366 benchmark_policy INFO seed=2 ep=16: reward=-12.029 success=False prox_rate=0.573
2026-06-05 11:38:59,193 benchmark_policy INFO seed=2 ep=17: reward=-3.382 success=True prox_rate=0.084
2026-06-05 11:39:23,069 benchmark_policy INFO seed=2 ep=18: reward=-14.045 success=False prox_rate=0.674
2026-06-05 11:39:28,113 benchmark_policy INFO seed=2 ep=19: reward=-2.198 success=True prox_rate=0.000
2026-06-05 11:39:28,280 benchmark_policy INFO Wrote 1 cell row to /home/ap2322/Documents/safety_bigym/results/e4_1/basin_lam0p15_seed1_noisy/s10207.csv (60 episodes) + raw rolls to /home/ap2322/Documents/safety_bigym/results/e4_1/basin_lam0p15_seed1_noisy/s10207.raw_episodes.parquet
MultiViewCNNEncoder(
  (conv_nets): ModuleList(
    (0-2): 3 x Sequential(
      (0): Conv2d(12, 32, kernel_size=(4, 4), stride=(2, 2), padding=(1, 1))
      (1): ImgChLayerNorm()
      (2): SiLU()
      (3): Conv2d(32, 64, kernel_size=(4, 4), stride=(2, 2), padding=(1, 1))
      (4): ImgChLayerNorm()
      (5): SiLU()
      (6): Conv2d(64, 128, kernel_size=(4, 4), stride=(2, 2), padding=(1, 1))
      (7): ImgChLayerNorm()
      (8): SiLU()
      (9): Conv2d(128, 256, kernel_size=(4, 4), stride=(2, 2), padding=(1, 1))
      (10): ImgChLayerNorm()
      (11): SiLU()
    )
  )
)
C2FCritic(
  (network): C2FCriticNetwork(
    (adv_rgb_encoder): Sequential(
      (0): Linear(in_features=19200, out_features=512, bias=False)
      (1): LayerNorm((512,), eps=1e-05, elementwise_affine=True)
      (2): SiLU()
      (3): Linear(in_features=512, out_features=512, bias=False)
      (4): LayerNorm((512,), eps=1e-05, elementwise_affine=True)
      (5): SiLU()
      (6): Linear(in_features=512, out_features=64, bias=False)
      (7): LayerNorm((64,), eps=1e-05, elementwise_affine=True)
      (8): Tanh()
    )
    (adv_low_dim_encoder): Sequential(
      (0): Linear(in_features=288, out_features=64, bias=False)
      (1): LayerNorm((64,), eps=1e-05, elementwise_affine=True)
      (2): Tanh()
    )
    (adv_net): Sequential(
      (0): Linear(in_features=163, out_features=512, bias=False)
      (1): LayerNorm((512,), eps=1e-05, elementwise_affine=True)
      (2): SiLU()
      (3): Linear(in_features=512, out_features=512, bias=False)
      (4): LayerNorm((512,), eps=1e-05, elementwise_affine=True)
      (5): SiLU()
    )
    (adv_gru): GRU(512, 512, batch_first=True)
    (adv_head): Linear(in_features=512, out_features=8080, bias=True)
    (value_rgb_encoder): Sequential(
      (0): Linear(in_features=19200, out_features=512, bias=False)
      (1): LayerNorm((512,), eps=1e-05, elementwise_affine=True)
      (2): SiLU()
      (3): Linear(in_features=512, out_features=512, bias=False)
      (4): LayerNorm((512,), eps=1e-05, elementwise_affine=True)
      (5): SiLU()
      (6): Linear(in_features=512, out_features=64, bias=False)
      (7): LayerNorm((64,), eps=1e-05, elementwise_affine=True)
      (8): Tanh()
    )
    (value_low_dim_encoder): Sequential(
      (0): Linear(in_features=288, out_features=64, bias=False)
      (1): LayerNorm((64,), eps=1e-05, elementwise_affine=True)
      (2): Tanh()
    )
    (value_net): Sequential(
      (0): Linear(in_features=163, out_features=512, bias=False)
      (1): LayerNorm((512,), eps=1e-05, elementwise_affine=True)
      (2): SiLU()
      (3): Linear(in_features=512, out_features=512, bias=False)
      (4): LayerNorm((512,), eps=1e-05, elementwise_affine=True)
      (5): SiLU()
    )
    (value_gru): GRU(512, 512, batch_first=True)
    (value_head): Linear(in_features=512, out_features=1616, bias=True)
  )
)
success_rate=0.5333333333333333 ep_proximity_violation_rate=0.2765613634677179 ep_min_separation=0.12229138719919454
