2026-06-05 11:41:01,702 OpenGL.acceleratesupport INFO No OpenGL_accelerate module loaded: No module named 'OpenGL_accelerate'
2026-06-05 11:41:02,250 absl INFO MUJOCO_GL=egl, attempting to import specified OpenGL backend.
2026-06-05 11:41:02,257 absl INFO MuJoCo library version is: 3.1.5
2026-06-05 11:41:04,504 benchmark_policy INFO Policy kind=cqn_as (snapshot=exp_local/fixed_lambda/fixlam_0p1/lam0p15_seed1/snapshot_25082.pt) max_steps=1000
2026-06-05 11:41:05,360 safety_bigym.envs.safety_bigym_factory INFO Forcing disruption_type=COWORKER for every episode.
2026-06-05 11:41:05,360 safety_bigym.envs.safety_bigym_factory INFO Creating SafetyBiGymEnv: task=SaucepanToHob, inject_human=True, clips=0
2026-06-05 11:41:10,674 safety_bigym.envs.safety_env INFO Human indices: pelvis_id=2, pelvis_mocapid=0, ssm_bodies=14
2026-06-05 11:41:10,675 safety_bigym.envs.safety_env INFO Promoted 69 geoms onto human collision channel (human_emit=bit1, robot_emit=bit2); reset 22 human collision geoms onto the cross-paired channel.
2026-06-05 11:41:10,675 safety_bigym.envs.safety_env INFO Safety wrapper initialized
2026-06-05 11:41:10,675 safety_bigym.envs.safety_env INFO G1 human controller initialized
2026-06-05 11:41:10,676 safety_bigym.envs.safety_bigym_factory INFO Inserting BodySLAMWrapper(mode=noisy, occlusion=none).
2026-06-05 11:41:10,679 root INFO Loading demos via raw BiGym env (for DemoStore compatibility).
2026-06-05 11:41:13,768 root INFO Demos are cached already: /home/ap2322/.bigym/demonstrations/0.9.0
2026-06-05 11:41:13,769 root INFO Demos are cached already: /home/ap2322/.bigym/demonstrations/0.9.0
2026-06-05 11:41:13,769 root INFO Demos are cached already: /home/ap2322/.bigym/demonstrations/0.9.0
2026-06-05 11:41:15,206 root INFO Loaded 36 demos.
2026-06-05 11:41:19,363 safety_bigym.agents.cqn_as.env_adapter INFO Converted 36 demos (29 successful) for CQN-AS.
2026-06-05 11:42:41,551 benchmark_policy INFO seed=0 ep=0: reward=-2.110 success=True prox_rate=0.000
2026-06-05 11:42:47,134 benchmark_policy INFO seed=0 ep=1: reward=-2.085 success=True prox_rate=0.048
2026-06-05 11:42:52,664 benchmark_policy INFO seed=0 ep=2: reward=-1.926 success=True prox_rate=0.000
2026-06-05 11:42:58,326 benchmark_policy INFO seed=0 ep=3: reward=-2.274 success=True prox_rate=0.062
2026-06-05 11:43:04,083 benchmark_policy INFO seed=0 ep=4: reward=-2.529 success=True prox_rate=0.050
2026-06-05 11:43:09,565 benchmark_policy INFO seed=0 ep=5: reward=-1.913 success=True prox_rate=0.233
2026-06-05 11:43:15,180 benchmark_policy INFO seed=0 ep=6: reward=-2.300 success=True prox_rate=0.032
2026-06-05 11:43:20,629 benchmark_policy INFO seed=0 ep=7: reward=-1.732 success=True prox_rate=0.000
2026-06-05 11:43:28,799 benchmark_policy INFO seed=0 ep=8: reward=-2.405 success=True prox_rate=0.510
2026-06-05 11:43:38,164 benchmark_policy INFO seed=0 ep=9: reward=-1.624 success=True prox_rate=0.650
2026-06-05 11:43:59,744 benchmark_policy INFO seed=0 ep=10: reward=-39.673 success=False prox_rate=0.301
2026-06-05 11:44:09,822 benchmark_policy INFO seed=0 ep=11: reward=-1.693 success=True prox_rate=0.297
2026-06-05 11:44:36,976 benchmark_policy INFO seed=0 ep=12: reward=-33.448 success=False prox_rate=0.661
2026-06-05 11:44:54,630 benchmark_policy INFO seed=0 ep=13: reward=-31.267 success=False prox_rate=0.040
2026-06-05 11:45:00,313 benchmark_policy INFO seed=0 ep=14: reward=-2.052 success=True prox_rate=0.060
2026-06-05 11:45:21,140 benchmark_policy INFO seed=0 ep=15: reward=-42.086 success=False prox_rate=0.225
2026-06-05 11:45:39,517 benchmark_policy INFO seed=0 ep=16: reward=-39.364 success=False prox_rate=0.108
2026-06-05 11:45:45,287 benchmark_policy INFO seed=0 ep=17: reward=-1.946 success=True prox_rate=0.048
2026-06-05 11:45:50,956 benchmark_policy INFO seed=0 ep=18: reward=-2.139 success=True prox_rate=0.029
2026-06-05 11:45:58,078 benchmark_policy INFO seed=0 ep=19: reward=-1.849 success=True prox_rate=0.000
2026-06-05 11:46:03,579 benchmark_policy INFO seed=1 ep=0: reward=-1.761 success=True prox_rate=0.052
2026-06-05 11:46:09,749 benchmark_policy INFO seed=1 ep=1: reward=-1.787 success=True prox_rate=0.546
2026-06-05 11:46:31,422 benchmark_policy INFO seed=1 ep=2: reward=-27.299 success=False prox_rate=0.320
2026-06-05 11:46:37,003 benchmark_policy INFO seed=1 ep=3: reward=-1.874 success=True prox_rate=0.000
2026-06-05 11:46:42,417 benchmark_policy INFO seed=1 ep=4: reward=-1.843 success=True prox_rate=0.000
2026-06-05 11:46:47,864 benchmark_policy INFO seed=1 ep=5: reward=-1.930 success=True prox_rate=0.000
2026-06-05 11:46:53,651 benchmark_policy INFO seed=1 ep=6: reward=-2.324 success=True prox_rate=0.010
2026-06-05 11:46:59,366 benchmark_policy INFO seed=1 ep=7: reward=-2.498 success=True prox_rate=0.083
2026-06-05 11:47:20,337 benchmark_policy INFO seed=1 ep=8: reward=-39.070 success=False prox_rate=0.138
2026-06-05 11:47:40,426 benchmark_policy INFO seed=1 ep=9: reward=-34.861 success=False prox_rate=0.405
2026-06-05 11:47:46,089 benchmark_policy INFO seed=1 ep=10: reward=-1.829 success=True prox_rate=0.000
2026-06-05 11:47:52,150 benchmark_policy INFO seed=1 ep=11: reward=-1.755 success=True prox_rate=0.040
2026-06-05 11:47:57,691 benchmark_policy INFO seed=1 ep=12: reward=-2.033 success=True prox_rate=0.000
2026-06-05 11:48:24,011 benchmark_policy INFO seed=1 ep=13: reward=-34.717 success=False prox_rate=0.354
2026-06-05 11:48:44,978 benchmark_policy INFO seed=1 ep=14: reward=-39.488 success=False prox_rate=0.391
2026-06-05 11:49:08,462 benchmark_policy INFO seed=1 ep=15: reward=-41.986 success=False prox_rate=0.410
2026-06-05 11:49:29,977 benchmark_policy INFO seed=1 ep=16: reward=-41.583 success=False prox_rate=0.321
2026-06-05 11:49:38,778 benchmark_policy INFO seed=1 ep=17: reward=-1.656 success=True prox_rate=0.194
2026-06-05 11:50:01,498 benchmark_policy INFO seed=1 ep=18: reward=-36.366 success=False prox_rate=0.342
2026-06-05 11:50:07,112 benchmark_policy INFO seed=1 ep=19: reward=-1.559 success=True prox_rate=0.045
2026-06-05 11:50:17,842 benchmark_policy INFO seed=2 ep=0: reward=-2.169 success=True prox_rate=0.594
2026-06-05 11:50:46,297 benchmark_policy INFO seed=2 ep=1: reward=-27.321 success=False prox_rate=0.000
2026-06-05 11:50:56,700 benchmark_policy INFO seed=2 ep=2: reward=-1.780 success=True prox_rate=0.405
2026-06-05 11:51:06,843 benchmark_policy INFO seed=2 ep=3: reward=-1.614 success=True prox_rate=0.543
2026-06-05 11:51:12,577 benchmark_policy INFO seed=2 ep=4: reward=-2.211 success=True prox_rate=0.367
2026-06-05 11:51:18,284 benchmark_policy INFO seed=2 ep=5: reward=-2.222 success=True prox_rate=0.000
2026-06-05 11:51:38,335 benchmark_policy INFO seed=2 ep=6: reward=-22.601 success=False prox_rate=0.126
2026-06-05 11:52:07,691 benchmark_policy INFO seed=2 ep=7: reward=-35.385 success=False prox_rate=0.465
2026-06-05 11:52:13,948 benchmark_policy INFO seed=2 ep=8: reward=-2.481 success=True prox_rate=0.406
2026-06-05 11:52:38,333 benchmark_policy INFO seed=2 ep=9: reward=-28.643 success=False prox_rate=0.328
2026-06-05 11:52:56,117 benchmark_policy INFO seed=2 ep=10: reward=-41.639 success=False prox_rate=0.126
2026-06-05 11:53:20,697 benchmark_policy INFO seed=2 ep=11: reward=-34.418 success=False prox_rate=0.344
2026-06-05 11:53:29,470 benchmark_policy INFO seed=2 ep=12: reward=-2.402 success=True prox_rate=0.383
2026-06-05 11:53:35,195 benchmark_policy INFO seed=2 ep=13: reward=-1.717 success=True prox_rate=0.000
2026-06-05 11:53:44,269 benchmark_policy INFO seed=2 ep=14: reward=-2.083 success=True prox_rate=0.316
2026-06-05 11:53:53,493 benchmark_policy INFO seed=2 ep=15: reward=-2.608 success=True prox_rate=0.308
2026-06-05 11:54:14,965 benchmark_policy INFO seed=2 ep=16: reward=-32.687 success=False prox_rate=0.207
2026-06-05 11:54:31,757 benchmark_policy INFO seed=2 ep=17: reward=-35.751 success=False prox_rate=0.086
2026-06-05 11:54:52,487 benchmark_policy INFO seed=2 ep=18: reward=-35.365 success=False prox_rate=0.437
2026-06-05 11:54:57,374 benchmark_policy INFO seed=2 ep=19: reward=-1.756 success=True prox_rate=0.000
2026-06-05 11:54:57,532 benchmark_policy INFO Wrote 1 cell row to /home/ap2322/Documents/safety_bigym/results/e4_1/basin_lam0p15_seed1_noisy/s25082.csv (60 episodes) + raw rolls to /home/ap2322/Documents/safety_bigym/results/e4_1/basin_lam0p15_seed1_noisy/s25082.raw_episodes.parquet
MultiViewCNNEncoder(
  (conv_nets): ModuleList(
    (0-2): 3 x Sequential(
      (0): Conv2d(12, 32, kernel_size=(4, 4), stride=(2, 2), padding=(1, 1))
      (1): ImgChLayerNorm()
      (2): SiLU()
      (3): Conv2d(32, 64, kernel_size=(4, 4), stride=(2, 2), padding=(1, 1))
      (4): ImgChLayerNorm()
      (5): SiLU()
      (6): Conv2d(64, 128, kernel_size=(4, 4), stride=(2, 2), padding=(1, 1))
      (7): ImgChLayerNorm()
      (8): SiLU()
      (9): Conv2d(128, 256, kernel_size=(4, 4), stride=(2, 2), padding=(1, 1))
      (10): ImgChLayerNorm()
      (11): SiLU()
    )
  )
)
C2FCritic(
  (network): C2FCriticNetwork(
    (adv_rgb_encoder): Sequential(
      (0): Linear(in_features=19200, out_features=512, bias=False)
      (1): LayerNorm((512,), eps=1e-05, elementwise_affine=True)
      (2): SiLU()
      (3): Linear(in_features=512, out_features=512, bias=False)
      (4): LayerNorm((512,), eps=1e-05, elementwise_affine=True)
      (5): SiLU()
      (6): Linear(in_features=512, out_features=64, bias=False)
      (7): LayerNorm((64,), eps=1e-05, elementwise_affine=True)
      (8): Tanh()
    )
    (adv_low_dim_encoder): Sequential(
      (0): Linear(in_features=288, out_features=64, bias=False)
      (1): LayerNorm((64,), eps=1e-05, elementwise_affine=True)
      (2): Tanh()
    )
    (adv_net): Sequential(
      (0): Linear(in_features=163, out_features=512, bias=False)
      (1): LayerNorm((512,), eps=1e-05, elementwise_affine=True)
      (2): SiLU()
      (3): Linear(in_features=512, out_features=512, bias=False)
      (4): LayerNorm((512,), eps=1e-05, elementwise_affine=True)
      (5): SiLU()
    )
    (adv_gru): GRU(512, 512, batch_first=True)
    (adv_head): Linear(in_features=512, out_features=8080, bias=True)
    (value_rgb_encoder): Sequential(
      (0): Linear(in_features=19200, out_features=512, bias=False)
      (1): LayerNorm((512,), eps=1e-05, elementwise_affine=True)
      (2): SiLU()
      (3): Linear(in_features=512, out_features=512, bias=False)
      (4): LayerNorm((512,), eps=1e-05, elementwise_affine=True)
      (5): SiLU()
      (6): Linear(in_features=512, out_features=64, bias=False)
      (7): LayerNorm((64,), eps=1e-05, elementwise_affine=True)
      (8): Tanh()
    )
    (value_low_dim_encoder): Sequential(
      (0): Linear(in_features=288, out_features=64, bias=False)
      (1): LayerNorm((64,), eps=1e-05, elementwise_affine=True)
      (2): Tanh()
    )
    (value_net): Sequential(
      (0): Linear(in_features=163, out_features=512, bias=False)
      (1): LayerNorm((512,), eps=1e-05, elementwise_affine=True)
      (2): SiLU()
      (3): Linear(in_features=512, out_features=512, bias=False)
      (4): LayerNorm((512,), eps=1e-05, elementwise_affine=True)
      (5): SiLU()
    )
    (value_gru): GRU(512, 512, batch_first=True)
    (value_head): Linear(in_features=512, out_features=1616, bias=True)
  )
)
success_rate=0.6333333333333333 ep_proximity_violation_rate=0.20740501303158373 ep_min_separation=0.12610973416855573
