2026-06-05 11:54:58,573 OpenGL.acceleratesupport INFO No OpenGL_accelerate module loaded: No module named 'OpenGL_accelerate'
2026-06-05 11:54:59,008 absl INFO MUJOCO_GL=egl, attempting to import specified OpenGL backend.
2026-06-05 11:54:59,015 absl INFO MuJoCo library version is: 3.1.5
2026-06-05 11:55:00,311 benchmark_policy INFO Policy kind=cqn_as (snapshot=exp_local/fixed_lambda/fixlam_0p1/lam0p15_seed1/snapshot_37661.pt) max_steps=1000
2026-06-05 11:55:01,090 safety_bigym.envs.safety_bigym_factory INFO Forcing disruption_type=COWORKER for every episode.
2026-06-05 11:55:01,090 safety_bigym.envs.safety_bigym_factory INFO Creating SafetyBiGymEnv: task=SaucepanToHob, inject_human=True, clips=0
2026-06-05 11:55:06,740 safety_bigym.envs.safety_env INFO Human indices: pelvis_id=2, pelvis_mocapid=0, ssm_bodies=14
2026-06-05 11:55:06,741 safety_bigym.envs.safety_env INFO Promoted 69 geoms onto human collision channel (human_emit=bit1, robot_emit=bit2); reset 22 human collision geoms onto the cross-paired channel.
2026-06-05 11:55:06,741 safety_bigym.envs.safety_env INFO Safety wrapper initialized
2026-06-05 11:55:06,741 safety_bigym.envs.safety_env INFO G1 human controller initialized
2026-06-05 11:55:06,741 safety_bigym.envs.safety_bigym_factory INFO Inserting BodySLAMWrapper(mode=noisy, occlusion=none).
2026-06-05 11:55:06,744 root INFO Loading demos via raw BiGym env (for DemoStore compatibility).
2026-06-05 11:55:09,812 root INFO Demos are cached already: /home/ap2322/.bigym/demonstrations/0.9.0
2026-06-05 11:55:09,812 root INFO Demos are cached already: /home/ap2322/.bigym/demonstrations/0.9.0
2026-06-05 11:55:09,812 root INFO Demos are cached already: /home/ap2322/.bigym/demonstrations/0.9.0
2026-06-05 11:55:11,253 root INFO Loaded 36 demos.
2026-06-05 11:55:15,429 safety_bigym.agents.cqn_as.env_adapter INFO Converted 36 demos (29 successful) for CQN-AS.
2026-06-05 11:55:34,641 benchmark_policy INFO seed=0 ep=0: reward=-2.136 success=True prox_rate=0.000
2026-06-05 11:55:39,911 benchmark_policy INFO seed=0 ep=1: reward=-2.074 success=True prox_rate=0.045
2026-06-05 11:55:45,267 benchmark_policy INFO seed=0 ep=2: reward=-1.904 success=True prox_rate=0.000
2026-06-05 11:55:50,586 benchmark_policy INFO seed=0 ep=3: reward=-2.200 success=True prox_rate=0.066
2026-06-05 11:55:56,079 benchmark_policy INFO seed=0 ep=4: reward=-2.420 success=True prox_rate=0.050
2026-06-05 11:56:01,263 benchmark_policy INFO seed=0 ep=5: reward=-1.937 success=True prox_rate=0.235
2026-06-05 11:56:06,594 benchmark_policy INFO seed=0 ep=6: reward=-2.380 success=True prox_rate=0.032
2026-06-05 11:56:11,778 benchmark_policy INFO seed=0 ep=7: reward=-1.835 success=True prox_rate=0.000
2026-06-05 11:56:19,056 benchmark_policy INFO seed=0 ep=8: reward=-2.454 success=True prox_rate=0.502
2026-06-05 11:56:35,973 benchmark_policy INFO seed=0 ep=9: reward=-23.760 success=False prox_rate=0.254
2026-06-05 11:56:46,915 benchmark_policy INFO seed=0 ep=10: reward=-27.676 success=False prox_rate=0.110
2026-06-05 11:56:56,197 benchmark_policy INFO seed=0 ep=11: reward=-1.693 success=True prox_rate=0.304
2026-06-05 11:57:02,256 benchmark_policy INFO seed=0 ep=12: reward=-1.792 success=True prox_rate=0.480
2026-06-05 11:57:10,909 benchmark_policy INFO seed=0 ep=13: reward=-22.702 success=False prox_rate=0.000
2026-06-05 11:57:16,135 benchmark_policy INFO seed=0 ep=14: reward=-2.070 success=True prox_rate=0.058
2026-06-05 11:57:24,730 benchmark_policy INFO seed=0 ep=15: reward=-20.128 success=False prox_rate=0.135
2026-06-05 11:57:32,705 benchmark_policy INFO seed=0 ep=16: reward=-1.969 success=True prox_rate=0.431
2026-06-05 11:57:38,031 benchmark_policy INFO seed=0 ep=17: reward=-1.924 success=True prox_rate=0.048
2026-06-05 11:57:43,374 benchmark_policy INFO seed=0 ep=18: reward=-2.235 success=True prox_rate=0.038
2026-06-05 11:57:50,170 benchmark_policy INFO seed=0 ep=19: reward=-1.826 success=True prox_rate=0.000
2026-06-05 11:57:55,385 benchmark_policy INFO seed=1 ep=0: reward=-1.868 success=True prox_rate=0.049
2026-06-05 11:58:01,196 benchmark_policy INFO seed=1 ep=1: reward=-1.760 success=True prox_rate=0.548
2026-06-05 11:58:19,143 benchmark_policy INFO seed=1 ep=2: reward=-31.107 success=False prox_rate=0.376
2026-06-05 11:58:24,363 benchmark_policy INFO seed=1 ep=3: reward=-1.932 success=True prox_rate=0.000
2026-06-05 11:58:29,531 benchmark_policy INFO seed=1 ep=4: reward=-1.888 success=True prox_rate=0.000
2026-06-05 11:58:34,746 benchmark_policy INFO seed=1 ep=5: reward=-2.000 success=True prox_rate=0.000
2026-06-05 11:58:40,484 benchmark_policy INFO seed=1 ep=6: reward=-2.277 success=True prox_rate=0.030
2026-06-05 11:58:45,759 benchmark_policy INFO seed=1 ep=7: reward=-2.412 success=True prox_rate=0.075
2026-06-05 11:58:57,933 benchmark_policy INFO seed=1 ep=8: reward=-35.253 success=False prox_rate=0.089
2026-06-05 11:59:07,712 benchmark_policy INFO seed=1 ep=9: reward=-20.394 success=False prox_rate=0.225
2026-06-05 11:59:13,039 benchmark_policy INFO seed=1 ep=10: reward=-1.872 success=True prox_rate=0.000
2026-06-05 11:59:18,920 benchmark_policy INFO seed=1 ep=11: reward=-1.801 success=True prox_rate=0.073
2026-06-05 11:59:24,163 benchmark_policy INFO seed=1 ep=12: reward=-2.118 success=True prox_rate=0.000
2026-06-05 11:59:32,592 benchmark_policy INFO seed=1 ep=13: reward=-20.544 success=False prox_rate=0.120
2026-06-05 11:59:37,943 benchmark_policy INFO seed=1 ep=14: reward=-2.136 success=True prox_rate=0.449
2026-06-05 11:59:51,041 benchmark_policy INFO seed=1 ep=15: reward=-24.153 success=False prox_rate=0.250
2026-06-05 12:00:01,529 benchmark_policy INFO seed=1 ep=16: reward=-24.748 success=False prox_rate=0.229
2026-06-05 12:00:09,650 benchmark_policy INFO seed=1 ep=17: reward=-1.780 success=True prox_rate=0.261
2026-06-05 12:00:20,017 benchmark_policy INFO seed=1 ep=18: reward=-22.680 success=False prox_rate=0.165
2026-06-05 12:00:25,314 benchmark_policy INFO seed=1 ep=19: reward=-1.623 success=True prox_rate=0.041
2026-06-05 12:00:35,435 benchmark_policy INFO seed=2 ep=0: reward=-2.199 success=True prox_rate=0.580
2026-06-05 12:00:48,612 benchmark_policy INFO seed=2 ep=1: reward=-29.998 success=False prox_rate=0.027
2026-06-05 12:00:58,715 benchmark_policy INFO seed=2 ep=2: reward=-21.258 success=False prox_rate=0.004
2026-06-05 12:01:07,670 benchmark_policy INFO seed=2 ep=3: reward=-22.340 success=False prox_rate=0.040
2026-06-05 12:01:13,046 benchmark_policy INFO seed=2 ep=4: reward=-2.181 success=True prox_rate=0.371
2026-06-05 12:01:21,858 benchmark_policy INFO seed=2 ep=5: reward=-22.533 success=False prox_rate=0.000
2026-06-05 12:01:40,760 benchmark_policy INFO seed=2 ep=6: reward=-33.340 success=False prox_rate=0.000
2026-06-05 12:01:57,823 benchmark_policy INFO seed=2 ep=7: reward=-45.890 success=False prox_rate=0.114
2026-06-05 12:02:03,163 benchmark_policy INFO seed=2 ep=8: reward=-2.352 success=True prox_rate=0.468
2026-06-05 12:02:18,675 benchmark_policy INFO seed=2 ep=9: reward=-22.304 success=False prox_rate=0.308
2026-06-05 12:02:26,160 benchmark_policy INFO seed=2 ep=10: reward=-21.324 success=False prox_rate=0.011
2026-06-05 12:02:37,387 benchmark_policy INFO seed=2 ep=11: reward=-24.603 success=False prox_rate=0.175
2026-06-05 12:02:46,008 benchmark_policy INFO seed=2 ep=12: reward=-2.427 success=True prox_rate=0.380
2026-06-05 12:02:51,278 benchmark_policy INFO seed=2 ep=13: reward=-1.783 success=True prox_rate=0.000
2026-06-05 12:03:04,110 benchmark_policy INFO seed=2 ep=14: reward=-2.127 success=True prox_rate=0.307
2026-06-05 12:03:13,724 benchmark_policy INFO seed=2 ep=15: reward=-2.475 success=True prox_rate=0.332
2026-06-05 12:03:23,513 benchmark_policy INFO seed=2 ep=16: reward=-2.213 success=True prox_rate=0.587
2026-06-05 12:03:28,810 benchmark_policy INFO seed=2 ep=17: reward=-1.945 success=True prox_rate=0.135
2026-06-05 12:03:43,313 benchmark_policy INFO seed=2 ep=18: reward=-32.191 success=False prox_rate=0.238
2026-06-05 12:03:48,564 benchmark_policy INFO seed=2 ep=19: reward=-1.746 success=True prox_rate=0.000
2026-06-05 12:03:48,730 benchmark_policy INFO Wrote 1 cell row to /home/ap2322/Documents/safety_bigym/results/e4_1/basin_lam0p15_seed1_noisy/s37661.csv (60 episodes) + raw rolls to /home/ap2322/Documents/safety_bigym/results/e4_1/basin_lam0p15_seed1_noisy/s37661.raw_episodes.parquet
MultiViewCNNEncoder(
  (conv_nets): ModuleList(
    (0-2): 3 x Sequential(
      (0): Conv2d(12, 32, kernel_size=(4, 4), stride=(2, 2), padding=(1, 1))
      (1): ImgChLayerNorm()
      (2): SiLU()
      (3): Conv2d(32, 64, kernel_size=(4, 4), stride=(2, 2), padding=(1, 1))
      (4): ImgChLayerNorm()
      (5): SiLU()
      (6): Conv2d(64, 128, kernel_size=(4, 4), stride=(2, 2), padding=(1, 1))
      (7): ImgChLayerNorm()
      (8): SiLU()
      (9): Conv2d(128, 256, kernel_size=(4, 4), stride=(2, 2), padding=(1, 1))
      (10): ImgChLayerNorm()
      (11): SiLU()
    )
  )
)
C2FCritic(
  (network): C2FCriticNetwork(
    (adv_rgb_encoder): Sequential(
      (0): Linear(in_features=19200, out_features=512, bias=False)
      (1): LayerNorm((512,), eps=1e-05, elementwise_affine=True)
      (2): SiLU()
      (3): Linear(in_features=512, out_features=512, bias=False)
      (4): LayerNorm((512,), eps=1e-05, elementwise_affine=True)
      (5): SiLU()
      (6): Linear(in_features=512, out_features=64, bias=False)
      (7): LayerNorm((64,), eps=1e-05, elementwise_affine=True)
      (8): Tanh()
    )
    (adv_low_dim_encoder): Sequential(
      (0): Linear(in_features=288, out_features=64, bias=False)
      (1): LayerNorm((64,), eps=1e-05, elementwise_affine=True)
      (2): Tanh()
    )
    (adv_net): Sequential(
      (0): Linear(in_features=163, out_features=512, bias=False)
      (1): LayerNorm((512,), eps=1e-05, elementwise_affine=True)
      (2): SiLU()
      (3): Linear(in_features=512, out_features=512, bias=False)
      (4): LayerNorm((512,), eps=1e-05, elementwise_affine=True)
      (5): SiLU()
    )
    (adv_gru): GRU(512, 512, batch_first=True)
    (adv_head): Linear(in_features=512, out_features=8080, bias=True)
    (value_rgb_encoder): Sequential(
      (0): Linear(in_features=19200, out_features=512, bias=False)
      (1): LayerNorm((512,), eps=1e-05, elementwise_affine=True)
      (2): SiLU()
      (3): Linear(in_features=512, out_features=512, bias=False)
      (4): LayerNorm((512,), eps=1e-05, elementwise_affine=True)
      (5): SiLU()
      (6): Linear(in_features=512, out_features=64, bias=False)
      (7): LayerNorm((64,), eps=1e-05, elementwise_affine=True)
      (8): Tanh()
    )
    (value_low_dim_encoder): Sequential(
      (0): Linear(in_features=288, out_features=64, bias=False)
      (1): LayerNorm((64,), eps=1e-05, elementwise_affine=True)
      (2): Tanh()
    )
    (value_net): Sequential(
      (0): Linear(in_features=163, out_features=512, bias=False)
      (1): LayerNorm((512,), eps=1e-05, elementwise_affine=True)
      (2): SiLU()
      (3): Linear(in_features=512, out_features=512, bias=False)
      (4): LayerNorm((512,), eps=1e-05, elementwise_affine=True)
      (5): SiLU()
    )
    (value_gru): GRU(512, 512, batch_first=True)
    (value_head): Linear(in_features=512, out_features=1616, bias=True)
  )
)
success_rate=0.65 ep_proximity_violation_rate=0.1641009624374758 ep_min_separation=0.15291793192156158
