2026-06-05 11:01:09,887 OpenGL.acceleratesupport INFO No OpenGL_accelerate module loaded: No module named 'OpenGL_accelerate'
2026-06-05 11:01:10,400 absl INFO MUJOCO_GL=egl, attempting to import specified OpenGL backend.
2026-06-05 11:01:10,407 absl INFO MuJoCo library version is: 3.1.5
2026-06-05 11:01:11,826 benchmark_policy INFO Policy kind=cqn_as (snapshot=exp_local/fixed_lambda/fixlam_0p1/lam0p15_seed0/snapshot_23273.pt) max_steps=1000
2026-06-05 11:01:13,161 safety_bigym.envs.safety_bigym_factory INFO Forcing disruption_type=COWORKER for every episode.
2026-06-05 11:01:13,161 safety_bigym.envs.safety_bigym_factory INFO Creating SafetyBiGymEnv: task=SaucepanToHob, inject_human=True, clips=0
2026-06-05 11:01:18,869 safety_bigym.envs.safety_env INFO Human indices: pelvis_id=2, pelvis_mocapid=0, ssm_bodies=14
2026-06-05 11:01:18,870 safety_bigym.envs.safety_env INFO Promoted 69 geoms onto human collision channel (human_emit=bit1, robot_emit=bit2); reset 22 human collision geoms onto the cross-paired channel.
2026-06-05 11:01:18,870 safety_bigym.envs.safety_env INFO Safety wrapper initialized
2026-06-05 11:01:18,871 safety_bigym.envs.safety_env INFO G1 human controller initialized
2026-06-05 11:01:18,871 safety_bigym.envs.safety_bigym_factory INFO Inserting BodySLAMWrapper(mode=noisy, occlusion=none).
2026-06-05 11:01:18,875 root INFO Loading demos via raw BiGym env (for DemoStore compatibility).
2026-06-05 11:01:22,052 root INFO Demos are cached already: /home/ap2322/.bigym/demonstrations/0.9.0
2026-06-05 11:01:22,053 root INFO Demos are cached already: /home/ap2322/.bigym/demonstrations/0.9.0
2026-06-05 11:01:22,053 root INFO Demos are cached already: /home/ap2322/.bigym/demonstrations/0.9.0
2026-06-05 11:01:23,594 root INFO Loaded 36 demos.
2026-06-05 11:01:27,830 safety_bigym.agents.cqn_as.env_adapter INFO Converted 36 demos (29 successful) for CQN-AS.
2026-06-05 11:02:58,278 benchmark_policy INFO seed=0 ep=0: reward=-2.288 success=True prox_rate=0.000
2026-06-05 11:03:04,176 benchmark_policy INFO seed=0 ep=1: reward=-2.416 success=True prox_rate=0.050
2026-06-05 11:03:12,769 benchmark_policy INFO seed=0 ep=2: reward=-19.677 success=False prox_rate=0.000
2026-06-05 11:03:24,515 benchmark_policy INFO seed=0 ep=3: reward=-23.489 success=False prox_rate=0.033
2026-06-05 11:03:30,362 benchmark_policy INFO seed=0 ep=4: reward=-2.745 success=True prox_rate=0.051
2026-06-05 11:03:36,171 benchmark_policy INFO seed=0 ep=5: reward=-2.239 success=True prox_rate=0.296
2026-06-05 11:03:42,089 benchmark_policy INFO seed=0 ep=6: reward=-2.620 success=True prox_rate=0.034
2026-06-05 11:03:47,738 benchmark_policy INFO seed=0 ep=7: reward=-1.814 success=True prox_rate=0.000
2026-06-05 11:03:56,216 benchmark_policy INFO seed=0 ep=8: reward=-2.845 success=True prox_rate=0.441
2026-06-05 11:04:05,983 benchmark_policy INFO seed=0 ep=9: reward=-1.696 success=True prox_rate=0.620
2026-06-05 11:04:24,233 benchmark_policy INFO seed=0 ep=10: reward=-21.657 success=False prox_rate=0.455
2026-06-05 11:04:34,759 benchmark_policy INFO seed=0 ep=11: reward=-1.713 success=True prox_rate=0.290
2026-06-05 11:04:41,220 benchmark_policy INFO seed=0 ep=12: reward=-2.014 success=True prox_rate=0.490
2026-06-05 11:04:47,175 benchmark_policy INFO seed=0 ep=13: reward=-2.553 success=True prox_rate=0.234
2026-06-05 11:04:59,571 benchmark_policy INFO seed=0 ep=14: reward=-10.531 success=True prox_rate=0.052
2026-06-05 11:05:23,114 benchmark_policy INFO seed=0 ep=15: reward=-23.301 success=False prox_rate=0.387
2026-06-05 11:05:31,457 benchmark_policy INFO seed=0 ep=16: reward=-2.156 success=True prox_rate=0.476
2026-06-05 11:05:37,252 benchmark_policy INFO seed=0 ep=17: reward=-1.983 success=True prox_rate=0.052
2026-06-05 11:05:48,378 benchmark_policy INFO seed=0 ep=18: reward=-21.460 success=False prox_rate=0.082
2026-06-05 11:05:56,527 benchmark_policy INFO seed=0 ep=19: reward=-2.236 success=True prox_rate=0.000
2026-06-05 11:06:02,423 benchmark_policy INFO seed=1 ep=0: reward=-2.329 success=True prox_rate=0.051
2026-06-05 11:06:09,002 benchmark_policy INFO seed=1 ep=1: reward=-2.090 success=True prox_rate=0.533
2026-06-05 11:06:28,965 benchmark_policy INFO seed=1 ep=2: reward=-9.730 success=False prox_rate=0.339
2026-06-05 11:06:34,852 benchmark_policy INFO seed=1 ep=3: reward=-2.361 success=True prox_rate=0.013
2026-06-05 11:06:40,540 benchmark_policy INFO seed=1 ep=4: reward=-2.043 success=True prox_rate=0.000
2026-06-05 11:06:46,385 benchmark_policy INFO seed=1 ep=5: reward=-2.442 success=True prox_rate=0.000
2026-06-05 11:06:52,661 benchmark_policy INFO seed=1 ep=6: reward=-2.767 success=True prox_rate=0.000
2026-06-05 11:06:58,593 benchmark_policy INFO seed=1 ep=7: reward=-2.677 success=True prox_rate=0.093
2026-06-05 11:07:05,737 benchmark_policy INFO seed=1 ep=8: reward=-17.644 success=False prox_rate=0.120
2026-06-05 11:07:12,049 benchmark_policy INFO seed=1 ep=9: reward=-2.812 success=True prox_rate=0.381
2026-06-05 11:07:18,035 benchmark_policy INFO seed=1 ep=10: reward=-2.242 success=True prox_rate=0.000
2026-06-05 11:07:25,537 benchmark_policy INFO seed=1 ep=11: reward=-2.199 success=True prox_rate=0.111
2026-06-05 11:07:37,619 benchmark_policy INFO seed=1 ep=12: reward=-23.225 success=False prox_rate=0.000
2026-06-05 11:08:06,719 benchmark_policy INFO seed=1 ep=13: reward=-23.416 success=False prox_rate=0.566
2026-06-05 11:08:12,636 benchmark_policy INFO seed=1 ep=14: reward=-2.444 success=True prox_rate=0.492
2026-06-05 11:08:24,240 benchmark_policy INFO seed=1 ep=15: reward=-2.376 success=True prox_rate=0.873
2026-06-05 11:08:31,623 benchmark_policy INFO seed=1 ep=16: reward=-2.301 success=True prox_rate=0.664
2026-06-05 11:08:40,692 benchmark_policy INFO seed=1 ep=17: reward=-1.991 success=True prox_rate=0.240
2026-06-05 11:09:13,300 benchmark_policy INFO seed=1 ep=18: reward=-9.387 success=False prox_rate=0.781
2026-06-05 11:09:19,312 benchmark_policy INFO seed=1 ep=19: reward=-2.031 success=True prox_rate=0.038
2026-06-05 11:09:31,116 benchmark_policy INFO seed=2 ep=0: reward=-2.132 success=True prox_rate=0.571
2026-06-05 11:09:37,005 benchmark_policy INFO seed=2 ep=1: reward=-2.602 success=True prox_rate=0.000
2026-06-05 11:09:48,306 benchmark_policy INFO seed=2 ep=2: reward=-1.948 success=True prox_rate=0.397
2026-06-05 11:10:04,196 benchmark_policy INFO seed=2 ep=3: reward=-23.781 success=False prox_rate=0.279
2026-06-05 11:10:10,207 benchmark_policy INFO seed=2 ep=4: reward=-2.559 success=True prox_rate=0.327
2026-06-05 11:10:15,977 benchmark_policy INFO seed=2 ep=5: reward=-2.213 success=True prox_rate=0.000
2026-06-05 11:10:25,031 benchmark_policy INFO seed=2 ep=6: reward=-20.481 success=False prox_rate=0.043
2026-06-05 11:10:34,286 benchmark_policy INFO seed=2 ep=7: reward=-2.091 success=True prox_rate=0.830
2026-06-05 11:10:54,254 benchmark_policy INFO seed=2 ep=8: reward=-16.454 success=False prox_rate=0.761
2026-06-05 11:11:09,681 benchmark_policy INFO seed=2 ep=9: reward=-2.506 success=True prox_rate=0.664
2026-06-05 11:11:24,402 benchmark_policy INFO seed=2 ep=10: reward=-21.607 success=False prox_rate=0.206
2026-06-05 11:11:35,103 benchmark_policy INFO seed=2 ep=11: reward=-2.414 success=True prox_rate=0.631
2026-06-05 11:11:42,990 benchmark_policy INFO seed=2 ep=12: reward=-17.229 success=False prox_rate=0.043
2026-06-05 11:12:02,541 benchmark_policy INFO seed=2 ep=13: reward=-12.820 success=False prox_rate=0.014
2026-06-05 11:12:12,584 benchmark_policy INFO seed=2 ep=14: reward=-2.180 success=True prox_rate=0.324
2026-06-05 11:12:24,466 benchmark_policy INFO seed=2 ep=15: reward=-2.725 success=True prox_rate=0.311
2026-06-05 11:12:35,663 benchmark_policy INFO seed=2 ep=16: reward=-2.319 success=True prox_rate=0.564
2026-06-05 11:12:41,549 benchmark_policy INFO seed=2 ep=17: reward=-2.463 success=True prox_rate=0.092
2026-06-05 11:13:01,878 benchmark_policy INFO seed=2 ep=18: reward=-25.876 success=False prox_rate=0.327
2026-06-05 11:13:07,645 benchmark_policy INFO seed=2 ep=19: reward=-2.154 success=True prox_rate=0.000
2026-06-05 11:13:07,796 benchmark_policy INFO Wrote 1 cell row to /home/ap2322/Documents/safety_bigym/results/e4_1/basin_lam0p15_seed0_noisy/s23273.csv (60 episodes) + raw rolls to /home/ap2322/Documents/safety_bigym/results/e4_1/basin_lam0p15_seed0_noisy/s23273.raw_episodes.parquet
MultiViewCNNEncoder(
  (conv_nets): ModuleList(
    (0-2): 3 x Sequential(
      (0): Conv2d(12, 32, kernel_size=(4, 4), stride=(2, 2), padding=(1, 1))
      (1): ImgChLayerNorm()
      (2): SiLU()
      (3): Conv2d(32, 64, kernel_size=(4, 4), stride=(2, 2), padding=(1, 1))
      (4): ImgChLayerNorm()
      (5): SiLU()
      (6): Conv2d(64, 128, kernel_size=(4, 4), stride=(2, 2), padding=(1, 1))
      (7): ImgChLayerNorm()
      (8): SiLU()
      (9): Conv2d(128, 256, kernel_size=(4, 4), stride=(2, 2), padding=(1, 1))
      (10): ImgChLayerNorm()
      (11): SiLU()
    )
  )
)
C2FCritic(
  (network): C2FCriticNetwork(
    (adv_rgb_encoder): Sequential(
      (0): Linear(in_features=19200, out_features=512, bias=False)
      (1): LayerNorm((512,), eps=1e-05, elementwise_affine=True)
      (2): SiLU()
      (3): Linear(in_features=512, out_features=512, bias=False)
      (4): LayerNorm((512,), eps=1e-05, elementwise_affine=True)
      (5): SiLU()
      (6): Linear(in_features=512, out_features=64, bias=False)
      (7): LayerNorm((64,), eps=1e-05, elementwise_affine=True)
      (8): Tanh()
    )
    (adv_low_dim_encoder): Sequential(
      (0): Linear(in_features=288, out_features=64, bias=False)
      (1): LayerNorm((64,), eps=1e-05, elementwise_affine=True)
      (2): Tanh()
    )
    (adv_net): Sequential(
      (0): Linear(in_features=163, out_features=512, bias=False)
      (1): LayerNorm((512,), eps=1e-05, elementwise_affine=True)
      (2): SiLU()
      (3): Linear(in_features=512, out_features=512, bias=False)
      (4): LayerNorm((512,), eps=1e-05, elementwise_affine=True)
      (5): SiLU()
    )
    (adv_gru): GRU(512, 512, batch_first=True)
    (adv_head): Linear(in_features=512, out_features=8080, bias=True)
    (value_rgb_encoder): Sequential(
      (0): Linear(in_features=19200, out_features=512, bias=False)
      (1): LayerNorm((512,), eps=1e-05, elementwise_affine=True)
      (2): SiLU()
      (3): Linear(in_features=512, out_features=512, bias=False)
      (4): LayerNorm((512,), eps=1e-05, elementwise_affine=True)
      (5): SiLU()
      (6): Linear(in_features=512, out_features=64, bias=False)
      (7): LayerNorm((64,), eps=1e-05, elementwise_affine=True)
      (8): Tanh()
    )
    (value_low_dim_encoder): Sequential(
      (0): Linear(in_features=288, out_features=64, bias=False)
      (1): LayerNorm((64,), eps=1e-05, elementwise_affine=True)
      (2): Tanh()
    )
    (value_net): Sequential(
      (0): Linear(in_features=163, out_features=512, bias=False)
      (1): LayerNorm((512,), eps=1e-05, elementwise_affine=True)
      (2): SiLU()
      (3): Linear(in_features=512, out_features=512, bias=False)
      (4): LayerNorm((512,), eps=1e-05, elementwise_affine=True)
      (5): SiLU()
    )
    (value_gru): GRU(512, 512, batch_first=True)
    (value_head): Linear(in_features=512, out_features=1616, bias=True)
  )
)
success_rate=0.7166666666666667 ep_proximity_violation_rate=0.26202549620793597 ep_min_separation=0.13180333177572778
