2026-06-05 11:01:09,885 OpenGL.acceleratesupport INFO No OpenGL_accelerate module loaded: No module named 'OpenGL_accelerate'
2026-06-05 11:01:10,402 absl INFO MUJOCO_GL=egl, attempting to import specified OpenGL backend.
2026-06-05 11:01:10,409 absl INFO MuJoCo library version is: 3.1.5
2026-06-05 11:01:11,820 benchmark_policy INFO Policy kind=cqn_as (snapshot=exp_local/fixed_lambda/fixlam_0p1/lam0p15_seed0/snapshot_25449.pt) max_steps=1000
2026-06-05 11:01:12,868 safety_bigym.envs.safety_bigym_factory INFO Forcing disruption_type=COWORKER for every episode.
2026-06-05 11:01:12,869 safety_bigym.envs.safety_bigym_factory INFO Creating SafetyBiGymEnv: task=SaucepanToHob, inject_human=True, clips=0
2026-06-05 11:01:18,246 safety_bigym.envs.safety_env INFO Human indices: pelvis_id=2, pelvis_mocapid=0, ssm_bodies=14
2026-06-05 11:01:18,247 safety_bigym.envs.safety_env INFO Promoted 69 geoms onto human collision channel (human_emit=bit1, robot_emit=bit2); reset 22 human collision geoms onto the cross-paired channel.
2026-06-05 11:01:18,248 safety_bigym.envs.safety_env INFO Safety wrapper initialized
2026-06-05 11:01:18,248 safety_bigym.envs.safety_env INFO G1 human controller initialized
2026-06-05 11:01:18,248 safety_bigym.envs.safety_bigym_factory INFO Inserting BodySLAMWrapper(mode=noisy, occlusion=none).
2026-06-05 11:01:18,253 root INFO Loading demos via raw BiGym env (for DemoStore compatibility).
2026-06-05 11:01:21,417 root INFO Demos are cached already: /home/ap2322/.bigym/demonstrations/0.9.0
2026-06-05 11:01:21,418 root INFO Demos are cached already: /home/ap2322/.bigym/demonstrations/0.9.0
2026-06-05 11:01:21,418 root INFO Demos are cached already: /home/ap2322/.bigym/demonstrations/0.9.0
2026-06-05 11:01:22,971 root INFO Loaded 36 demos.
2026-06-05 11:01:27,253 safety_bigym.agents.cqn_as.env_adapter INFO Converted 36 demos (29 successful) for CQN-AS.
2026-06-05 11:02:54,260 benchmark_policy INFO seed=0 ep=0: reward=-2.260 success=True prox_rate=0.000
2026-06-05 11:03:00,201 benchmark_policy INFO seed=0 ep=1: reward=-2.540 success=True prox_rate=0.078
2026-06-05 11:03:11,178 benchmark_policy INFO seed=0 ep=2: reward=-25.870 success=False prox_rate=0.020
2026-06-05 11:03:17,094 benchmark_policy INFO seed=0 ep=3: reward=-2.568 success=True prox_rate=0.059
2026-06-05 11:03:22,910 benchmark_policy INFO seed=0 ep=4: reward=-2.780 success=True prox_rate=0.050
2026-06-05 11:03:28,726 benchmark_policy INFO seed=0 ep=5: reward=-2.292 success=True prox_rate=0.297
2026-06-05 11:03:34,734 benchmark_policy INFO seed=0 ep=6: reward=-2.636 success=True prox_rate=0.034
2026-06-05 11:03:49,545 benchmark_policy INFO seed=0 ep=7: reward=-25.268 success=False prox_rate=0.000
2026-06-05 11:04:11,596 benchmark_policy INFO seed=0 ep=8: reward=-26.593 success=False prox_rate=0.215
2026-06-05 11:04:23,473 benchmark_policy INFO seed=0 ep=9: reward=-1.897 success=True prox_rate=0.583
2026-06-05 11:04:43,403 benchmark_policy INFO seed=0 ep=10: reward=-25.461 success=False prox_rate=0.370
2026-06-05 11:04:54,082 benchmark_policy INFO seed=0 ep=11: reward=-1.842 success=True prox_rate=0.283
2026-06-05 11:05:00,472 benchmark_policy INFO seed=0 ep=12: reward=-2.012 success=True prox_rate=0.489
2026-06-05 11:05:06,497 benchmark_policy INFO seed=0 ep=13: reward=-2.835 success=True prox_rate=0.235
2026-06-05 11:05:12,638 benchmark_policy INFO seed=0 ep=14: reward=-2.747 success=True prox_rate=0.052
2026-06-05 11:05:25,838 benchmark_policy INFO seed=0 ep=15: reward=-23.024 success=False prox_rate=0.319
2026-06-05 11:05:38,296 benchmark_policy INFO seed=0 ep=16: reward=-23.039 success=False prox_rate=0.105
2026-06-05 11:05:44,094 benchmark_policy INFO seed=0 ep=17: reward=-1.925 success=True prox_rate=0.052
2026-06-05 11:06:00,466 benchmark_policy INFO seed=0 ep=18: reward=-31.149 success=False prox_rate=0.040
2026-06-05 11:06:16,510 benchmark_policy INFO seed=0 ep=19: reward=-25.981 success=False prox_rate=0.000
2026-06-05 11:06:22,368 benchmark_policy INFO seed=1 ep=0: reward=-2.184 success=True prox_rate=0.051
2026-06-05 11:06:28,848 benchmark_policy INFO seed=1 ep=1: reward=-2.098 success=True prox_rate=0.527
2026-06-05 11:06:48,660 benchmark_policy INFO seed=1 ep=2: reward=-9.434 success=False prox_rate=0.339
2026-06-05 11:06:54,622 benchmark_policy INFO seed=1 ep=3: reward=-2.629 success=True prox_rate=0.028
2026-06-05 11:07:00,356 benchmark_policy INFO seed=1 ep=4: reward=-2.081 success=True prox_rate=0.000
2026-06-05 11:07:06,191 benchmark_policy INFO seed=1 ep=5: reward=-2.367 success=True prox_rate=0.000
2026-06-05 11:07:16,957 benchmark_policy INFO seed=1 ep=6: reward=-25.665 success=False prox_rate=0.000
2026-06-05 11:07:22,921 benchmark_policy INFO seed=1 ep=7: reward=-2.802 success=True prox_rate=0.120
2026-06-05 11:07:31,118 benchmark_policy INFO seed=1 ep=8: reward=-20.912 success=False prox_rate=0.089
2026-06-05 11:07:52,572 benchmark_policy INFO seed=1 ep=9: reward=-9.545 success=False prox_rate=0.496
2026-06-05 11:08:03,337 benchmark_policy INFO seed=1 ep=10: reward=-22.357 success=False prox_rate=0.123
2026-06-05 11:08:11,069 benchmark_policy INFO seed=1 ep=11: reward=-2.160 success=True prox_rate=0.111
2026-06-05 11:08:25,248 benchmark_policy INFO seed=1 ep=12: reward=-27.220 success=False prox_rate=0.267
2026-06-05 11:08:45,558 benchmark_policy INFO seed=1 ep=13: reward=-23.500 success=False prox_rate=0.405
2026-06-05 11:08:51,389 benchmark_policy INFO seed=1 ep=14: reward=-2.325 success=True prox_rate=0.487
2026-06-05 11:09:02,958 benchmark_policy INFO seed=1 ep=15: reward=-2.376 success=True prox_rate=0.874
2026-06-05 11:09:10,408 benchmark_policy INFO seed=1 ep=16: reward=-2.290 success=True prox_rate=0.657
2026-06-05 11:09:19,668 benchmark_policy INFO seed=1 ep=17: reward=-2.012 success=True prox_rate=0.235
2026-06-05 11:09:31,966 benchmark_policy INFO seed=1 ep=18: reward=-24.619 success=False prox_rate=0.144
2026-06-05 11:09:41,052 benchmark_policy INFO seed=1 ep=19: reward=-21.143 success=False prox_rate=0.125
2026-06-05 11:09:52,697 benchmark_policy INFO seed=2 ep=0: reward=-2.151 success=True prox_rate=0.573
2026-06-05 11:09:58,677 benchmark_policy INFO seed=2 ep=1: reward=-2.613 success=True prox_rate=0.000
2026-06-05 11:10:09,817 benchmark_policy INFO seed=2 ep=2: reward=-1.934 success=True prox_rate=0.410
2026-06-05 11:10:28,075 benchmark_policy INFO seed=2 ep=3: reward=-8.772 success=False prox_rate=0.235
2026-06-05 11:10:34,115 benchmark_policy INFO seed=2 ep=4: reward=-2.563 success=True prox_rate=0.340
2026-06-05 11:10:39,818 benchmark_policy INFO seed=2 ep=5: reward=-2.189 success=True prox_rate=0.000
2026-06-05 11:10:45,998 benchmark_policy INFO seed=2 ep=6: reward=-2.697 success=True prox_rate=0.000
2026-06-05 11:10:55,460 benchmark_policy INFO seed=2 ep=7: reward=-2.096 success=True prox_rate=0.826
2026-06-05 11:11:14,988 benchmark_policy INFO seed=2 ep=8: reward=-15.713 success=False prox_rate=0.759
2026-06-05 11:11:30,259 benchmark_policy INFO seed=2 ep=9: reward=-2.554 success=True prox_rate=0.651
2026-06-05 11:11:38,551 benchmark_policy INFO seed=2 ep=10: reward=-21.423 success=False prox_rate=0.021
2026-06-05 11:11:49,357 benchmark_policy INFO seed=2 ep=11: reward=-2.519 success=True prox_rate=0.624
2026-06-05 11:11:59,961 benchmark_policy INFO seed=2 ep=12: reward=-23.894 success=False prox_rate=0.027
2026-06-05 11:12:05,749 benchmark_policy INFO seed=2 ep=13: reward=-2.067 success=True prox_rate=0.000
2026-06-05 11:12:27,460 benchmark_policy INFO seed=2 ep=14: reward=-28.838 success=False prox_rate=0.043
2026-06-05 11:12:38,003 benchmark_policy INFO seed=2 ep=15: reward=-25.108 success=False prox_rate=0.007
2026-06-05 11:12:48,811 benchmark_policy INFO seed=2 ep=16: reward=-2.350 success=True prox_rate=0.564
2026-06-05 11:12:54,709 benchmark_policy INFO seed=2 ep=17: reward=-2.374 success=True prox_rate=0.087
2026-06-05 11:13:07,415 benchmark_policy INFO seed=2 ep=18: reward=-23.010 success=False prox_rate=0.232
2026-06-05 11:13:18,805 benchmark_policy INFO seed=2 ep=19: reward=-20.368 success=False prox_rate=0.000
2026-06-05 11:13:18,954 benchmark_policy INFO Wrote 1 cell row to /home/ap2322/Documents/safety_bigym/results/e4_1/basin_lam0p15_seed0_noisy/s25449.csv (60 episodes) + raw rolls to /home/ap2322/Documents/safety_bigym/results/e4_1/basin_lam0p15_seed0_noisy/s25449.raw_episodes.parquet
MultiViewCNNEncoder(
  (conv_nets): ModuleList(
    (0-2): 3 x Sequential(
      (0): Conv2d(12, 32, kernel_size=(4, 4), stride=(2, 2), padding=(1, 1))
      (1): ImgChLayerNorm()
      (2): SiLU()
      (3): Conv2d(32, 64, kernel_size=(4, 4), stride=(2, 2), padding=(1, 1))
      (4): ImgChLayerNorm()
      (5): SiLU()
      (6): Conv2d(64, 128, kernel_size=(4, 4), stride=(2, 2), padding=(1, 1))
      (7): ImgChLayerNorm()
      (8): SiLU()
      (9): Conv2d(128, 256, kernel_size=(4, 4), stride=(2, 2), padding=(1, 1))
      (10): ImgChLayerNorm()
      (11): SiLU()
    )
  )
)
C2FCritic(
  (network): C2FCriticNetwork(
    (adv_rgb_encoder): Sequential(
      (0): Linear(in_features=19200, out_features=512, bias=False)
      (1): LayerNorm((512,), eps=1e-05, elementwise_affine=True)
      (2): SiLU()
      (3): Linear(in_features=512, out_features=512, bias=False)
      (4): LayerNorm((512,), eps=1e-05, elementwise_affine=True)
      (5): SiLU()
      (6): Linear(in_features=512, out_features=64, bias=False)
      (7): LayerNorm((64,), eps=1e-05, elementwise_affine=True)
      (8): Tanh()
    )
    (adv_low_dim_encoder): Sequential(
      (0): Linear(in_features=288, out_features=64, bias=False)
      (1): LayerNorm((64,), eps=1e-05, elementwise_affine=True)
      (2): Tanh()
    )
    (adv_net): Sequential(
      (0): Linear(in_features=163, out_features=512, bias=False)
      (1): LayerNorm((512,), eps=1e-05, elementwise_affine=True)
      (2): SiLU()
      (3): Linear(in_features=512, out_features=512, bias=False)
      (4): LayerNorm((512,), eps=1e-05, elementwise_affine=True)
      (5): SiLU()
    )
    (adv_gru): GRU(512, 512, batch_first=True)
    (adv_head): Linear(in_features=512, out_features=8080, bias=True)
    (value_rgb_encoder): Sequential(
      (0): Linear(in_features=19200, out_features=512, bias=False)
      (1): LayerNorm((512,), eps=1e-05, elementwise_affine=True)
      (2): SiLU()
      (3): Linear(in_features=512, out_features=512, bias=False)
      (4): LayerNorm((512,), eps=1e-05, elementwise_affine=True)
      (5): SiLU()
      (6): Linear(in_features=512, out_features=64, bias=False)
      (7): LayerNorm((64,), eps=1e-05, elementwise_affine=True)
      (8): Tanh()
    )
    (value_low_dim_encoder): Sequential(
      (0): Linear(in_features=288, out_features=64, bias=False)
      (1): LayerNorm((64,), eps=1e-05, elementwise_affine=True)
      (2): Tanh()
    )
    (value_net): Sequential(
      (0): Linear(in_features=163, out_features=512, bias=False)
      (1): LayerNorm((512,), eps=1e-05, elementwise_affine=True)
      (2): SiLU()
      (3): Linear(in_features=512, out_features=512, bias=False)
      (4): LayerNorm((512,), eps=1e-05, elementwise_affine=True)
      (5): SiLU()
    )
    (value_gru): GRU(512, 512, batch_first=True)
    (value_head): Linear(in_features=512, out_features=1616, bias=True)
  )
)
success_rate=0.5833333333333334 ep_proximity_violation_rate=0.22933501838412873 ep_min_separation=0.1271464647603611
