2026-06-05 11:01:09,886 OpenGL.acceleratesupport INFO No OpenGL_accelerate module loaded: No module named 'OpenGL_accelerate'
2026-06-05 11:01:10,410 absl INFO MUJOCO_GL=egl, attempting to import specified OpenGL backend.
2026-06-05 11:01:10,417 absl INFO MuJoCo library version is: 3.1.5
2026-06-05 11:01:11,813 benchmark_policy INFO Policy kind=cqn_as (snapshot=exp_local/fixed_lambda/fixlam_0p1/lam0p15_seed0/snapshot_30219.pt) max_steps=1000
2026-06-05 11:01:13,037 safety_bigym.envs.safety_bigym_factory INFO Forcing disruption_type=COWORKER for every episode.
2026-06-05 11:01:13,038 safety_bigym.envs.safety_bigym_factory INFO Creating SafetyBiGymEnv: task=SaucepanToHob, inject_human=True, clips=0
2026-06-05 11:01:18,488 safety_bigym.envs.safety_env INFO Human indices: pelvis_id=2, pelvis_mocapid=0, ssm_bodies=14
2026-06-05 11:01:18,489 safety_bigym.envs.safety_env INFO Promoted 69 geoms onto human collision channel (human_emit=bit1, robot_emit=bit2); reset 22 human collision geoms onto the cross-paired channel.
2026-06-05 11:01:18,489 safety_bigym.envs.safety_env INFO Safety wrapper initialized
2026-06-05 11:01:18,490 safety_bigym.envs.safety_env INFO G1 human controller initialized
2026-06-05 11:01:18,490 safety_bigym.envs.safety_bigym_factory INFO Inserting BodySLAMWrapper(mode=noisy, occlusion=none).
2026-06-05 11:01:18,493 root INFO Loading demos via raw BiGym env (for DemoStore compatibility).
2026-06-05 11:01:21,664 root INFO Demos are cached already: /home/ap2322/.bigym/demonstrations/0.9.0
2026-06-05 11:01:21,665 root INFO Demos are cached already: /home/ap2322/.bigym/demonstrations/0.9.0
2026-06-05 11:01:21,665 root INFO Demos are cached already: /home/ap2322/.bigym/demonstrations/0.9.0
2026-06-05 11:01:23,236 root INFO Loaded 36 demos.
2026-06-05 11:01:27,510 safety_bigym.agents.cqn_as.env_adapter INFO Converted 36 demos (29 successful) for CQN-AS.
2026-06-05 11:02:57,203 benchmark_policy INFO seed=0 ep=0: reward=-2.275 success=True prox_rate=0.000
2026-06-05 11:03:03,060 benchmark_policy INFO seed=0 ep=1: reward=-2.479 success=True prox_rate=0.106
2026-06-05 11:03:08,941 benchmark_policy INFO seed=0 ep=2: reward=-2.286 success=True prox_rate=0.000
2026-06-05 11:03:14,648 benchmark_policy INFO seed=0 ep=3: reward=-2.607 success=True prox_rate=0.067
2026-06-05 11:03:32,815 benchmark_policy INFO seed=0 ep=4: reward=-40.458 success=False prox_rate=0.036
2026-06-05 11:03:38,615 benchmark_policy INFO seed=0 ep=5: reward=-2.264 success=True prox_rate=0.288
2026-06-05 11:03:44,539 benchmark_policy INFO seed=0 ep=6: reward=-2.618 success=True prox_rate=0.034
2026-06-05 11:04:12,384 benchmark_policy INFO seed=0 ep=7: reward=-29.665 success=False prox_rate=0.384
2026-06-05 11:04:19,774 benchmark_policy INFO seed=0 ep=8: reward=-2.792 success=True prox_rate=0.442
2026-06-05 11:04:40,034 benchmark_policy INFO seed=0 ep=9: reward=-36.781 success=False prox_rate=0.092
2026-06-05 11:05:00,256 benchmark_policy INFO seed=0 ep=10: reward=-43.927 success=False prox_rate=0.174
2026-06-05 11:05:10,892 benchmark_policy INFO seed=0 ep=11: reward=-1.706 success=True prox_rate=0.297
2026-06-05 11:05:17,355 benchmark_policy INFO seed=0 ep=12: reward=-2.001 success=True prox_rate=0.490
2026-06-05 11:05:28,343 benchmark_policy INFO seed=0 ep=13: reward=-26.907 success=False prox_rate=0.000
2026-06-05 11:05:34,258 benchmark_policy INFO seed=0 ep=14: reward=-2.449 success=True prox_rate=0.052
2026-06-05 11:05:53,958 benchmark_policy INFO seed=0 ep=15: reward=-24.893 success=False prox_rate=0.422
2026-06-05 11:06:15,025 benchmark_policy INFO seed=0 ep=16: reward=-41.080 success=False prox_rate=0.135
2026-06-05 11:06:20,921 benchmark_policy INFO seed=0 ep=17: reward=-2.464 success=True prox_rate=0.051
2026-06-05 11:06:26,918 benchmark_policy INFO seed=0 ep=18: reward=-2.537 success=True prox_rate=0.040
2026-06-05 11:06:34,453 benchmark_policy INFO seed=0 ep=19: reward=-2.107 success=True prox_rate=0.000
2026-06-05 11:06:40,317 benchmark_policy INFO seed=1 ep=0: reward=-2.183 success=True prox_rate=0.051
2026-06-05 11:06:46,653 benchmark_policy INFO seed=1 ep=1: reward=-2.045 success=True prox_rate=0.537
2026-06-05 11:07:06,372 benchmark_policy INFO seed=1 ep=2: reward=-9.351 success=False prox_rate=0.346
2026-06-05 11:07:12,239 benchmark_policy INFO seed=1 ep=3: reward=-2.286 success=True prox_rate=0.019
2026-06-05 11:07:30,321 benchmark_policy INFO seed=1 ep=4: reward=-37.778 success=False prox_rate=0.057
2026-06-05 11:07:36,207 benchmark_policy INFO seed=1 ep=5: reward=-2.435 success=True prox_rate=0.000
2026-06-05 11:07:42,238 benchmark_policy INFO seed=1 ep=6: reward=-2.565 success=True prox_rate=0.000
2026-06-05 11:07:48,283 benchmark_policy INFO seed=1 ep=7: reward=-2.787 success=True prox_rate=0.160
2026-06-05 11:08:07,863 benchmark_policy INFO seed=1 ep=8: reward=-41.053 success=False prox_rate=0.160
2026-06-05 11:08:27,811 benchmark_policy INFO seed=1 ep=9: reward=-21.893 success=False prox_rate=0.445
2026-06-05 11:08:33,854 benchmark_policy INFO seed=1 ep=10: reward=-2.428 success=True prox_rate=0.000
2026-06-05 11:08:41,406 benchmark_policy INFO seed=1 ep=11: reward=-2.193 success=True prox_rate=0.111
2026-06-05 11:08:47,444 benchmark_policy INFO seed=1 ep=12: reward=-2.630 success=True prox_rate=0.000
2026-06-05 11:08:58,546 benchmark_policy INFO seed=1 ep=13: reward=-28.768 success=False prox_rate=0.022
2026-06-05 11:09:04,489 benchmark_policy INFO seed=1 ep=14: reward=-2.571 success=True prox_rate=0.465
2026-06-05 11:09:16,229 benchmark_policy INFO seed=1 ep=15: reward=-2.397 success=True prox_rate=0.875
2026-06-05 11:09:25,422 benchmark_policy INFO seed=1 ep=16: reward=-2.624 success=True prox_rate=0.634
2026-06-05 11:09:34,738 benchmark_policy INFO seed=1 ep=17: reward=-1.981 success=True prox_rate=0.239
2026-06-05 11:09:54,233 benchmark_policy INFO seed=1 ep=18: reward=-44.509 success=False prox_rate=0.060
2026-06-05 11:10:00,174 benchmark_policy INFO seed=1 ep=19: reward=-2.031 success=True prox_rate=0.041
2026-06-05 11:10:11,957 benchmark_policy INFO seed=2 ep=0: reward=-2.137 success=True prox_rate=0.568
2026-06-05 11:10:17,870 benchmark_policy INFO seed=2 ep=1: reward=-2.594 success=True prox_rate=0.000
2026-06-05 11:10:28,827 benchmark_policy INFO seed=2 ep=2: reward=-1.851 success=True prox_rate=0.401
2026-06-05 11:10:46,887 benchmark_policy INFO seed=2 ep=3: reward=-33.960 success=False prox_rate=0.222
2026-06-05 11:10:52,909 benchmark_policy INFO seed=2 ep=4: reward=-2.530 success=True prox_rate=0.344
2026-06-05 11:10:58,771 benchmark_policy INFO seed=2 ep=5: reward=-2.187 success=True prox_rate=0.000
2026-06-05 11:11:04,793 benchmark_policy INFO seed=2 ep=6: reward=-2.554 success=True prox_rate=0.000
2026-06-05 11:11:14,576 benchmark_policy INFO seed=2 ep=7: reward=-2.112 success=True prox_rate=0.833
2026-06-05 11:11:37,405 benchmark_policy INFO seed=2 ep=8: reward=-18.752 success=False prox_rate=0.764
2026-06-05 11:11:53,023 benchmark_policy INFO seed=2 ep=9: reward=-2.526 success=True prox_rate=0.671
2026-06-05 11:12:04,212 benchmark_policy INFO seed=2 ep=10: reward=-27.651 success=False prox_rate=0.020
2026-06-05 11:12:24,019 benchmark_policy INFO seed=2 ep=11: reward=-39.689 success=False prox_rate=0.151
2026-06-05 11:12:48,368 benchmark_policy INFO seed=2 ep=12: reward=-43.971 success=False prox_rate=0.117
2026-06-05 11:12:54,295 benchmark_policy INFO seed=2 ep=13: reward=-2.057 success=True prox_rate=0.000
2026-06-05 11:13:04,906 benchmark_policy INFO seed=2 ep=14: reward=-25.465 success=False prox_rate=0.000
2026-06-05 11:13:24,463 benchmark_policy INFO seed=2 ep=15: reward=-41.204 success=False prox_rate=0.061
2026-06-05 11:13:34,384 benchmark_policy INFO seed=2 ep=16: reward=-2.360 success=True prox_rate=0.559
2026-06-05 11:13:39,640 benchmark_policy INFO seed=2 ep=17: reward=-2.297 success=True prox_rate=0.102
2026-06-05 11:13:58,989 benchmark_policy INFO seed=2 ep=18: reward=-40.535 success=False prox_rate=0.228
2026-06-05 11:14:19,137 benchmark_policy INFO seed=2 ep=19: reward=-33.085 success=False prox_rate=0.282
2026-06-05 11:14:19,306 benchmark_policy INFO Wrote 1 cell row to /home/ap2322/Documents/safety_bigym/results/e4_1/basin_lam0p15_seed0_noisy/s30219.csv (60 episodes) + raw rolls to /home/ap2322/Documents/safety_bigym/results/e4_1/basin_lam0p15_seed0_noisy/s30219.raw_episodes.parquet
MultiViewCNNEncoder(
  (conv_nets): ModuleList(
    (0-2): 3 x Sequential(
      (0): Conv2d(12, 32, kernel_size=(4, 4), stride=(2, 2), padding=(1, 1))
      (1): ImgChLayerNorm()
      (2): SiLU()
      (3): Conv2d(32, 64, kernel_size=(4, 4), stride=(2, 2), padding=(1, 1))
      (4): ImgChLayerNorm()
      (5): SiLU()
      (6): Conv2d(64, 128, kernel_size=(4, 4), stride=(2, 2), padding=(1, 1))
      (7): ImgChLayerNorm()
      (8): SiLU()
      (9): Conv2d(128, 256, kernel_size=(4, 4), stride=(2, 2), padding=(1, 1))
      (10): ImgChLayerNorm()
      (11): SiLU()
    )
  )
)
C2FCritic(
  (network): C2FCriticNetwork(
    (adv_rgb_encoder): Sequential(
      (0): Linear(in_features=19200, out_features=512, bias=False)
      (1): LayerNorm((512,), eps=1e-05, elementwise_affine=True)
      (2): SiLU()
      (3): Linear(in_features=512, out_features=512, bias=False)
      (4): LayerNorm((512,), eps=1e-05, elementwise_affine=True)
      (5): SiLU()
      (6): Linear(in_features=512, out_features=64, bias=False)
      (7): LayerNorm((64,), eps=1e-05, elementwise_affine=True)
      (8): Tanh()
    )
    (adv_low_dim_encoder): Sequential(
      (0): Linear(in_features=288, out_features=64, bias=False)
      (1): LayerNorm((64,), eps=1e-05, elementwise_affine=True)
      (2): Tanh()
    )
    (adv_net): Sequential(
      (0): Linear(in_features=163, out_features=512, bias=False)
      (1): LayerNorm((512,), eps=1e-05, elementwise_affine=True)
      (2): SiLU()
      (3): Linear(in_features=512, out_features=512, bias=False)
      (4): LayerNorm((512,), eps=1e-05, elementwise_affine=True)
      (5): SiLU()
    )
    (adv_gru): GRU(512, 512, batch_first=True)
    (adv_head): Linear(in_features=512, out_features=8080, bias=True)
    (value_rgb_encoder): Sequential(
      (0): Linear(in_features=19200, out_features=512, bias=False)
      (1): LayerNorm((512,), eps=1e-05, elementwise_affine=True)
      (2): SiLU()
      (3): Linear(in_features=512, out_features=512, bias=False)
      (4): LayerNorm((512,), eps=1e-05, elementwise_affine=True)
      (5): SiLU()
      (6): Linear(in_features=512, out_features=64, bias=False)
      (7): LayerNorm((64,), eps=1e-05, elementwise_affine=True)
      (8): Tanh()
    )
    (value_low_dim_encoder): Sequential(
      (0): Linear(in_features=288, out_features=64, bias=False)
      (1): LayerNorm((64,), eps=1e-05, elementwise_affine=True)
      (2): Tanh()
    )
    (value_net): Sequential(
      (0): Linear(in_features=163, out_features=512, bias=False)
      (1): LayerNorm((512,), eps=1e-05, elementwise_affine=True)
      (2): SiLU()
      (3): Linear(in_features=512, out_features=512, bias=False)
      (4): LayerNorm((512,), eps=1e-05, elementwise_affine=True)
      (5): SiLU()
    )
    (value_gru): GRU(512, 512, batch_first=True)
    (value_head): Linear(in_features=512, out_features=1616, bias=True)
  )
)
success_rate=0.6333333333333333 ep_proximity_violation_rate=0.21089655649319558 ep_min_separation=0.1317093347990674
