== fixed-lambda | TASK=dishwasher_close lambdas='0.1' seeds='2' frames=40000 ==
   OUTDIR=/home/ap2322/Documents/safety_bigym/exp_local/fixed_lambda/dishwasher_close_fixlam0p1  warmstart=/home/ap2322/Documents/safety_bigym/exp_local/cqn_as_base_curriculum/pipe_base_dishwasher_close/stage1_easy/snapshot_27621.pt
== launch lam0p1_seed2 (lambda=0.1, PID frozen) -> /home/ap2322/Documents/safety_bigym/exp_local/fixed_lambda/dishwasher_close_fixlam0p1/lam0p1_seed2 ==
[2026-06-06 16:16:09,375][__main__][INFO] - workspace: /home/ap2322/Documents/safety_bigym/exp_local/fixed_lambda/dishwasher_close_fixlam0p1/lam0p1_seed2
[2026-06-06 16:16:09,377][safety_bigym.envs.safety_bigym_factory][INFO] - Forcing disruption_type=COWORKER for every episode.
[2026-06-06 16:16:09,377][safety_bigym.envs.safety_bigym_factory][INFO] - Creating SafetyBiGymEnv: task=DishwasherClose, inject_human=True, clips=0
[2026-06-06 16:16:12,984][safety_bigym.envs.safety_env][INFO] - Human indices: pelvis_id=2, pelvis_mocapid=0, ssm_bodies=14
[2026-06-06 16:16:12,985][safety_bigym.envs.safety_env][INFO] - Promoted 69 geoms onto human collision channel (human_emit=bit1, robot_emit=bit2); reset 22 human collision geoms onto the cross-paired channel.
[2026-06-06 16:16:12,986][safety_bigym.envs.safety_env][INFO] - Safety wrapper initialized
[2026-06-06 16:16:12,986][safety_bigym.envs.safety_env][INFO] - G1 human controller initialized
[2026-06-06 16:16:12,986][safety_bigym.envs.safety_bigym_factory][INFO] - Inserting BodySLAMWrapper(mode=oracle, occlusion=none).
wandb: [wandb.login()] Loaded credentials for https://api.wandb.ai from /home/ap2322/.netrc.
wandb: Currently logged in as: a4ayushpatel (a4ayushpatel-imperial-college-london) to https://api.wandb.ai. Use `wandb login --relogin` to force relogin
wandb: setting up run scv7hg1f
wandb: Tracking run with wandb version 0.25.0
wandb: Run data is saved locally in /home/ap2322/Documents/safety_bigym/exp_local/fixed_lambda/dishwasher_close_fixlam0p1/lam0p1_seed2/wandb/run-20260606_161613-scv7hg1f
wandb: Run `wandb offline` to turn off syncing.
wandb: Syncing run dishwasher_close_fixlam0p1_lam0p1_seed2
wandb: ⭐️ View project at https://wandb.ai/a4ayushpatel-imperial-college-london/safety-critic
wandb: 🚀 View run at https://wandb.ai/a4ayushpatel-imperial-college-london/safety-critic/runs/scv7hg1f
MultiViewCNNEncoder(
  (conv_nets): ModuleList(
    (0-2): 3 x Sequential(
      (0): Conv2d(12, 32, kernel_size=(4, 4), stride=(2, 2), padding=(1, 1))
      (1): ImgChLayerNorm()
      (2): SiLU()
      (3): Conv2d(32, 64, kernel_size=(4, 4), stride=(2, 2), padding=(1, 1))
      (4): ImgChLayerNorm()
      (5): SiLU()
      (6): Conv2d(64, 128, kernel_size=(4, 4), stride=(2, 2), padding=(1, 1))
      (7): ImgChLayerNorm()
      (8): SiLU()
      (9): Conv2d(128, 256, kernel_size=(4, 4), stride=(2, 2), padding=(1, 1))
      (10): ImgChLayerNorm()
      (11): SiLU()
    )
  )
)
C2FCritic(
  (network): C2FCriticNetwork(
    (adv_rgb_encoder): Sequential(
      (0): Linear(in_features=19200, out_features=512, bias=False)
      (1): LayerNorm((512,), eps=1e-05, elementwise_affine=True)
      (2): SiLU()
      (3): Linear(in_features=512, out_features=512, bias=False)
      (4): LayerNorm((512,), eps=1e-05, elementwise_affine=True)
      (5): SiLU()
      (6): Linear(in_features=512, out_features=64, bias=False)
      (7): LayerNorm((64,), eps=1e-05, elementwise_affine=True)
      (8): Tanh()
    )
    (adv_low_dim_encoder): Sequential(
      (0): Linear(in_features=288, out_features=64, bias=False)
      (1): LayerNorm((64,), eps=1e-05, elementwise_affine=True)
      (2): Tanh()
    )
    (adv_net): Sequential(
      (0): Linear(in_features=163, out_features=512, bias=False)
      (1): LayerNorm((512,), eps=1e-05, elementwise_affine=True)
      (2): SiLU()
      (3): Linear(in_features=512, out_features=512, bias=False)
      (4): LayerNorm((512,), eps=1e-05, elementwise_affine=True)
      (5): SiLU()
    )
    (adv_gru): GRU(512, 512, batch_first=True)
    (adv_head): Linear(in_features=512, out_features=8080, bias=True)
    (value_rgb_encoder): Sequential(
      (0): Linear(in_features=19200, out_features=512, bias=False)
      (1): LayerNorm((512,), eps=1e-05, elementwise_affine=True)
      (2): SiLU()
      (3): Linear(in_features=512, out_features=512, bias=False)
      (4): LayerNorm((512,), eps=1e-05, elementwise_affine=True)
      (5): SiLU()
      (6): Linear(in_features=512, out_features=64, bias=False)
      (7): LayerNorm((64,), eps=1e-05, elementwise_affine=True)
      (8): Tanh()
    )
    (value_low_dim_encoder): Sequential(
      (0): Linear(in_features=288, out_features=64, bias=False)
      (1): LayerNorm((64,), eps=1e-05, elementwise_affine=True)
      (2): Tanh()
    )
    (value_net): Sequential(
      (0): Linear(in_features=163, out_features=512, bias=False)
      (1): LayerNorm((512,), eps=1e-05, elementwise_affine=True)
      (2): SiLU()
      (3): Linear(in_features=512, out_features=512, bias=False)
      (4): LayerNorm((512,), eps=1e-05, elementwise_affine=True)
      (5): SiLU()
    )
    (value_gru): GRU(512, 512, batch_first=True)
    (value_head): Linear(in_features=512, out_features=1616, bias=True)
  )
)
[2026-06-06 16:16:16,728][__main__][INFO] - loading snapshot: /home/ap2322/Documents/safety_bigym/exp_local/cqn_as_base_curriculum/pipe_base_dishwasher_close/stage1_easy/snapshot_27621.pt
[2026-06-06 16:16:17,113][__main__][INFO] - snapshot loaded: trained for 27621 steps / 84 episodes
[2026-06-06 16:16:17,113][root][INFO] - Loading demos via raw BiGym env (for DemoStore compatibility).
[2026-06-06 16:16:19,243][root][INFO] - Demos are cached already: /home/ap2322/.bigym/demonstrations/0.9.0
[2026-06-06 16:16:19,243][root][INFO] - Demos are cached already: /home/ap2322/.bigym/demonstrations/0.9.0
[2026-06-06 16:16:19,244][root][INFO] - Demos are cached already: /home/ap2322/.bigym/demonstrations/0.9.0
[2026-06-06 16:16:20,473][root][INFO] - Loaded 50 demos.
[2026-06-06 16:16:25,163][safety_bigym.agents.cqn_as.env_adapter][INFO] - Converted 50 demos (46 successful) for CQN-AS.
[2026-06-06 16:16:44,907][__main__][INFO] - Loaded 50 demos; replay size now 38576
[2026-06-06 16:16:45,171][__main__][INFO] - [safety] step=0 safety/ssm_violation=1.0000 safety/ssm_violation_actual=1.0000 safety/proximity_violation=0.0000 safety/pfl_violation=0.0000 safety/ssm_margin=-0.7025 safety/ssm_margin_actual=-0.5169 safety/min_separation=1.4858 safety/pfl_force_ratio=0.0000 safety/robot_vel=3.8282 safety/human_vel=0.3621 episode_safety/ep_steps=1.0000 episode_safety/ep_ssm_violation_rate=1.0000 episode_safety/ep_ssm_violation_actual_rate=1.0000 episode_safety/ep_proximity_violation_rate=0.0000 episode_safety/ep_pfl_violation_rate=0.0000 episode_safety/ep_min_ssm_margin=-0.7025 episode_safety/ep_min_ssm_margin_actual=-0.5169 episode_safety/ep_min_separation=1.4858 episode_safety/ep_mean_separation=1.4858 episode_safety/ep_p5_separation=1.4858 episode_safety/ep_p25_separation=1.4858 episode_safety/ep_max_pfl_force_ratio=0.0000 episode_safety/ep_max_contact_force=0.0000 episode_safety/ep_max_robot_vel=3.8282 episode_safety/ep_mean_robot_vel=3.8282 episode_safety/ep_time_to_first_violation=0.0000 episode_safety/ep_time_in_proximity_0p3m=0.0000 episode_safety/ep_time_in_proximity_0p5m=0.0000 episode_safety/ep_time_in_proximity_1p0m=0.0000
[2026-06-06 16:16:45,937][__main__][INFO] - [safety] step=50 safety/ssm_violation=0.0000 safety/ssm_violation_actual=0.0000 safety/proximity_violation=0.0000 safety/pfl_violation=0.0000 safety/ssm_margin=0.7039 safety/ssm_margin_actual=0.9206 safety/min_separation=1.4317 safety/pfl_force_ratio=0.0000 safety/robot_vel=1.5317 safety/human_vel=0.1553 episode_safety/ep_steps=51.0000 episode_safety/ep_ssm_violation_rate=0.0588 episode_safety/ep_ssm_violation_actual_rate=0.0392 episode_safety/ep_proximity_violation_rate=0.0000 episode_safety/ep_pfl_violation_rate=0.0000 episode_safety/ep_min_ssm_margin=-0.8708 episode_safety/ep_min_ssm_margin_actual=-0.6821 episode_safety/ep_min_separation=0.9674 episode_safety/ep_mean_separation=1.1929 episode_safety/ep_p5_separation=0.9778 episode_safety/ep_p25_separation=1.0212 episode_safety/ep_max_pfl_force_ratio=0.0000 episode_safety/ep_max_contact_force=0.0000 episode_safety/ep_max_robot_vel=4.0351 episode_safety/ep_mean_robot_vel=1.4859 episode_safety/ep_time_to_first_violation=0.0000 episode_safety/ep_time_in_proximity_0p3m=0.0000 episode_safety/ep_time_in_proximity_0p5m=0.0000 episode_safety/ep_time_in_proximity_1p0m=0.1765
[2026-06-06 16:16:46,709][__main__][INFO] - [safety] step=100 safety/ssm_violation=0.0000 safety/ssm_violation_actual=0.0000 safety/proximity_violation=0.0000 safety/pfl_violation=0.0000 safety/ssm_margin=2.1710 safety/ssm_margin_actual=2.4109 safety/min_separation=2.6551 safety/pfl_force_ratio=0.0000 safety/robot_vel=0.8001 safety/human_vel=0.0009 episode_safety/ep_steps=101.0000 episode_safety/ep_ssm_violation_rate=0.0297 episode_safety/ep_ssm_violation_actual_rate=0.0198 episode_safety/ep_proximity_violation_rate=0.0000 episode_safety/ep_pfl_violation_rate=0.0000 episode_safety/ep_min_ssm_margin=-0.8708 episode_safety/ep_min_ssm_margin_actual=-0.6821 episode_safety/ep_min_separation=0.9674 episode_safety/ep_mean_separation=1.7850 episode_safety/ep_p5_separation=0.9818 episode_safety/ep_p25_separation=1.1446 episode_safety/ep_max_pfl_force_ratio=0.0000 episode_safety/ep_max_contact_force=0.0000 episode_safety/ep_max_robot_vel=4.0351 episode_safety/ep_mean_robot_vel=1.3974 episode_safety/ep_time_to_first_violation=0.0000 episode_safety/ep_time_in_proximity_0p3m=0.0000 episode_safety/ep_time_in_proximity_0p5m=0.0000 episode_safety/ep_time_in_proximity_1p0m=0.0891
[2026-06-06 16:16:47,510][__main__][INFO] - [safety] step=150 safety/ssm_violation=0.0000 safety/ssm_violation_actual=0.0000 safety/proximity_violation=0.0000 safety/pfl_violation=0.0000 safety/ssm_margin=2.3096 safety/ssm_margin_actual=2.5496 safety/min_separation=2.7497 safety/pfl_force_ratio=0.0000 safety/robot_vel=0.6187 safety/human_vel=0.0000 episode_safety/ep_steps=151.0000 episode_safety/ep_ssm_violation_rate=0.0199 episode_safety/ep_ssm_violation_actual_rate=0.0132 episode_safety/ep_proximity_violation_rate=0.0000 episode_safety/ep_pfl_violation_rate=0.0000 episode_safety/ep_min_ssm_margin=-0.8708 episode_safety/ep_min_ssm_margin_actual=-0.6821 episode_safety/ep_min_separation=0.9674 episode_safety/ep_mean_separation=2.0841 episode_safety/ep_p5_separation=0.9915 episode_safety/ep_p25_separation=1.3701 episode_safety/ep_max_pfl_force_ratio=0.0000 episode_safety/ep_max_contact_force=0.0000 episode_safety/ep_max_robot_vel=4.0351 episode_safety/ep_mean_robot_vel=1.1652 episode_safety/ep_time_to_first_violation=0.0000 episode_safety/ep_time_in_proximity_0p3m=0.0000 episode_safety/ep_time_in_proximity_0p5m=0.0000 episode_safety/ep_time_in_proximity_1p0m=0.0596
[2026-06-06 16:16:48,312][__main__][INFO] - [safety] step=200 safety/ssm_violation=0.0000 safety/ssm_violation_actual=0.0000 safety/proximity_violation=0.0000 safety/pfl_violation=0.0000 safety/ssm_margin=2.2021 safety/ssm_margin_actual=2.4421 safety/min_separation=2.7693 safety/pfl_force_ratio=0.0000 safety/robot_vel=1.0882 safety/human_vel=0.0000 episode_safety/ep_steps=201.0000 episode_safety/ep_ssm_violation_rate=0.0149 episode_safety/ep_ssm_violation_actual_rate=0.0100 episode_safety/ep_proximity_violation_rate=0.0000 episode_safety/ep_pfl_violation_rate=0.0000 episode_safety/ep_min_ssm_margin=-0.8708 episode_safety/ep_min_ssm_margin_actual=-0.6821 episode_safety/ep_min_separation=0.9674 episode_safety/ep_mean_separation=2.2523 episode_safety/ep_p5_separation=1.0061 episode_safety/ep_p25_separation=1.4915 episode_safety/ep_max_pfl_force_ratio=0.0000 episode_safety/ep_max_contact_force=0.0000 episode_safety/ep_max_robot_vel=4.0351 episode_safety/ep_mean_robot_vel=1.0846 episode_safety/ep_time_to_first_violation=0.0000 episode_safety/ep_time_in_proximity_0p3m=0.0000 episode_safety/ep_time_in_proximity_0p5m=0.0000 episode_safety/ep_time_in_proximity_1p0m=0.0448
[2026-06-06 16:16:49,122][__main__][INFO] - [safety] step=250 safety/ssm_violation=0.0000 safety/ssm_violation_actual=0.0000 safety/proximity_violation=0.0000 safety/pfl_violation=0.0000 safety/ssm_margin=2.3338 safety/ssm_margin_actual=2.5738 safety/min_separation=2.8526 safety/pfl_force_ratio=0.0000 safety/robot_vel=0.9274 safety/human_vel=0.0000 episode_safety/ep_steps=251.0000 episode_safety/ep_ssm_violation_rate=0.0120 episode_safety/ep_ssm_violation_actual_rate=0.0080 episode_safety/ep_proximity_violation_rate=0.0000 episode_safety/ep_pfl_violation_rate=0.0000 episode_safety/ep_min_ssm_margin=-0.8708 episode_safety/ep_min_ssm_margin_actual=-0.6821 episode_safety/ep_min_separation=0.9674 episode_safety/ep_mean_separation=2.3560 episode_safety/ep_p5_separation=1.0212 episode_safety/ep_p25_separation=2.2447 episode_safety/ep_max_pfl_force_ratio=0.0000 episode_safety/ep_max_contact_force=0.0000 episode_safety/ep_max_robot_vel=4.0351 episode_safety/ep_mean_robot_vel=1.0333 episode_safety/ep_time_to_first_violation=0.0000 episode_safety/ep_time_in_proximity_0p3m=0.0000 episode_safety/ep_time_in_proximity_0p5m=0.0000 episode_safety/ep_time_in_proximity_1p0m=0.0359
[2026-06-06 16:16:49,934][__main__][INFO] - [safety] step=300 safety/ssm_violation=0.0000 safety/ssm_violation_actual=0.0000 safety/proximity_violation=0.0000 safety/pfl_violation=0.0000 safety/ssm_margin=1.7740 safety/ssm_margin_actual=2.0140 safety/min_separation=2.5106 safety/pfl_force_ratio=0.0000 safety/robot_vel=1.5534 safety/human_vel=0.0000 episode_safety/ep_steps=301.0000 episode_safety/ep_ssm_violation_rate=0.0100 episode_safety/ep_ssm_violation_actual_rate=0.0066 episode_safety/ep_proximity_violation_rate=0.0000 episode_safety/ep_pfl_violation_rate=0.0000 episode_safety/ep_min_ssm_margin=-0.8708 episode_safety/ep_min_ssm_margin_actual=-0.6821 episode_safety/ep_min_separation=0.9674 episode_safety/ep_mean_separation=2.4086 episode_safety/ep_p5_separation=1.0370 episode_safety/ep_p25_separation=2.5129 episode_safety/ep_max_pfl_force_ratio=0.0000 episode_safety/ep_max_contact_force=0.0000 episode_safety/ep_max_robot_vel=4.0351 episode_safety/ep_mean_robot_vel=0.9826 episode_safety/ep_time_to_first_violation=0.0000 episode_safety/ep_time_in_proximity_0p3m=0.0000 episode_safety/ep_time_in_proximity_0p5m=0.0000 episode_safety/ep_time_in_proximity_1p0m=0.0299
[2026-06-06 16:16:51,221][__main__][INFO] - [episode] step=350 safety/ssm_violation=0.0000 safety/ssm_violation_actual=0.0000 safety/proximity_violation=0.0000 safety/pfl_violation=0.0000 safety/ssm_margin=1.4624 safety/ssm_margin_actual=1.6988 safety/min_separation=1.9128 safety/pfl_force_ratio=0.0000 safety/robot_vel=0.6635 safety/human_vel=0.0239 episode_safety/ep_steps=350.0000 episode_safety/ep_ssm_violation_rate=0.0086 episode_safety/ep_ssm_violation_actual_rate=0.0057 episode_safety/ep_proximity_violation_rate=0.0000 episode_safety/ep_pfl_violation_rate=0.0000 episode_safety/ep_min_ssm_margin=-0.8708 episode_safety/ep_min_ssm_margin_actual=-0.6821 episode_safety/ep_min_separation=0.9674 episode_safety/ep_mean_separation=2.4061 episode_safety/ep_p5_separation=1.0627 episode_safety/ep_p25_separation=2.4313 episode_safety/ep_max_pfl_force_ratio=0.0000 episode_safety/ep_max_contact_force=0.0000 episode_safety/ep_max_robot_vel=4.0351 episode_safety/ep_mean_robot_vel=0.9455 episode_safety/ep_time_to_first_violation=0.0000 episode_safety/ep_time_in_proximity_0p3m=0.0000 episode_safety/ep_time_in_proximity_0p5m=0.0000 episode_safety/ep_time_in_proximity_1p0m=0.0257 episode_cost_integral=4.0544 episode_lambda=0.1000
[2026-06-06 16:16:51,222][__main__][INFO] - [train] step=350 episode_reward=-17.0768 episode_length=350 episode=1 buffer_size=38926
[2026-06-06 16:16:51,277][__main__][INFO] - [safety] step=350 safety/ssm_violation=0.0000 safety/ssm_violation_actual=0.0000 safety/proximity_violation=0.0000 safety/pfl_violation=0.0000 safety/ssm_margin=0.4148 safety/ssm_margin_actual=0.6005 safety/min_separation=2.4226 safety/pfl_force_ratio=0.0000 safety/robot_vel=3.6143 safety/human_vel=0.3621 episode_safety/ep_steps=1.0000 episode_safety/ep_ssm_violation_rate=0.0000 episode_safety/ep_ssm_violation_actual_rate=0.0000 episode_safety/ep_proximity_violation_rate=0.0000 episode_safety/ep_pfl_violation_rate=0.0000 episode_safety/ep_min_ssm_margin=0.4148 episode_safety/ep_min_ssm_margin_actual=0.6005 episode_safety/ep_min_separation=2.4226 episode_safety/ep_mean_separation=2.4226 episode_safety/ep_p5_separation=2.4226 episode_safety/ep_p25_separation=2.4226 episode_safety/ep_max_pfl_force_ratio=0.0000 episode_safety/ep_max_contact_force=0.0000 episode_safety/ep_max_robot_vel=3.6143 episode_safety/ep_mean_robot_vel=3.6143 episode_safety/ep_time_to_first_violation=-1.0000 episode_safety/ep_time_in_proximity_0p3m=0.0000 episode_safety/ep_time_in_proximity_0p5m=0.0000 episode_safety/ep_time_in_proximity_1p0m=0.0000
[2026-06-06 16:16:52,115][__main__][INFO] - [safety] step=400 safety/ssm_violation=1.0000 safety/ssm_violation_actual=1.0000 safety/proximity_violation=1.0000 safety/pfl_violation=0.0000 safety/ssm_margin=-0.3240 safety/ssm_margin_actual=-0.0968 safety/min_separation=0.2070 safety/pfl_force_ratio=0.0000 safety/robot_vel=0.9696 safety/human_vel=0.0849 episode_safety/ep_steps=51.0000 episode_safety/ep_ssm_violation_rate=0.3529 episode_safety/ep_ssm_violation_actual_rate=0.2549 episode_safety/ep_proximity_violation_rate=0.1569 episode_safety/ep_pfl_violation_rate=0.0000 episode_safety/ep_min_ssm_margin=-1.0965 episode_safety/ep_min_ssm_margin_actual=-0.8695 episode_safety/ep_min_separation=0.2070 episode_safety/ep_mean_separation=1.3171 episode_safety/ep_p5_separation=0.2427 episode_safety/ep_p25_separation=0.4995 episode_safety/ep_max_pfl_force_ratio=0.0000 episode_safety/ep_max_contact_force=0.0000 episode_safety/ep_max_robot_vel=3.7877 episode_safety/ep_mean_robot_vel=1.3820 episode_safety/ep_time_to_first_violation=26.0000 episode_safety/ep_time_in_proximity_0p3m=0.1569 episode_safety/ep_time_in_proximity_0p5m=0.2549 episode_safety/ep_time_in_proximity_1p0m=0.4118
[2026-06-06 16:16:52,987][__main__][INFO] - [safety] step=450 safety/ssm_violation=1.0000 safety/ssm_violation_actual=0.0000 safety/proximity_violation=1.0000 safety/pfl_violation=0.0000 safety/ssm_margin=-0.1170 safety/ssm_margin_actual=0.1227 safety/min_separation=0.2301 safety/pfl_force_ratio=0.0000 safety/robot_vel=0.0659 safety/human_vel=0.0022 episode_safety/ep_steps=101.0000 episode_safety/ep_ssm_violation_rate=0.6733 episode_safety/ep_ssm_violation_actual_rate=0.2970 episode_safety/ep_proximity_violation_rate=0.5743 episode_safety/ep_pfl_violation_rate=0.0000 episode_safety/ep_min_ssm_margin=-1.8877 episode_safety/ep_min_ssm_margin_actual=-1.6650 episode_safety/ep_min_separation=0.1963 episode_safety/ep_mean_separation=0.7778 episode_safety/ep_p5_separation=0.2005 episode_safety/ep_p25_separation=0.2348 episode_safety/ep_max_pfl_force_ratio=0.0000 episode_safety/ep_max_contact_force=0.0000 episode_safety/ep_max_robot_vel=3.7877 episode_safety/ep_mean_robot_vel=0.9970 episode_safety/ep_time_to_first_violation=26.0000 episode_safety/ep_time_in_proximity_0p3m=0.5743 episode_safety/ep_time_in_proximity_0p5m=0.6238 episode_safety/ep_time_in_proximity_1p0m=0.7030
[2026-06-06 16:16:53,839][__main__][INFO] - [safety] step=500 safety/ssm_violation=1.0000 safety/ssm_violation_actual=0.0000 safety/proximity_violation=1.0000 safety/pfl_violation=0.0000 safety/ssm_margin=-0.1679 safety/ssm_margin_actual=0.0721 safety/min_separation=0.1825 safety/pfl_force_ratio=0.0000 safety/robot_vel=0.0956 safety/human_vel=0.0000 episode_safety/ep_steps=151.0000 episode_safety/ep_ssm_violation_rate=0.7815 episode_safety/ep_ssm_violation_actual_rate=0.2053 episode_safety/ep_proximity_violation_rate=0.7152 episode_safety/ep_pfl_violation_rate=0.0000 episode_safety/ep_min_ssm_margin=-1.8877 episode_safety/ep_min_ssm_margin_actual=-1.6650 episode_safety/ep_min_separation=0.1825 episode_safety/ep_mean_separation=0.5910 episode_safety/ep_p5_separation=0.1870 episode_safety/ep_p25_separation=0.2183 episode_safety/ep_max_pfl_force_ratio=0.0000 episode_safety/ep_max_contact_force=0.0000 episode_safety/ep_max_robot_vel=3.7877 episode_safety/ep_mean_robot_vel=0.7174 episode_safety/ep_time_to_first_violation=26.0000 episode_safety/ep_time_in_proximity_0p3m=0.7152 episode_safety/ep_time_in_proximity_0p5m=0.7483 episode_safety/ep_time_in_proximity_1p0m=0.8013
[2026-06-06 16:16:54,725][__main__][INFO] - [safety] step=550 safety/ssm_violation=1.0000 safety/ssm_violation_actual=0.0000 safety/proximity_violation=1.0000 safety/pfl_violation=0.0000 safety/ssm_margin=-0.1578 safety/ssm_margin_actual=0.0822 safety/min_separation=0.1932 safety/pfl_force_ratio=0.0000 safety/robot_vel=0.1001 safety/human_vel=0.0000 episode_safety/ep_steps=201.0000 episode_safety/ep_ssm_violation_rate=0.8358 episode_safety/ep_ssm_violation_actual_rate=0.1542 episode_safety/ep_proximity_violation_rate=0.7861 episode_safety/ep_pfl_violation_rate=0.0000 episode_safety/ep_min_ssm_margin=-1.8877 episode_safety/ep_min_ssm_margin_actual=-1.6650 episode_safety/ep_min_separation=0.1798 episode_safety/ep_mean_separation=0.4930 episode_safety/ep_p5_separation=0.1852 episode_safety/ep_p25_separation=0.2005 episode_safety/ep_max_pfl_force_ratio=0.0000 episode_safety/ep_max_contact_force=0.0000 episode_safety/ep_max_robot_vel=3.7877 episode_safety/ep_mean_robot_vel=0.5785 episode_safety/ep_time_to_first_violation=26.0000 episode_safety/ep_time_in_proximity_0p3m=0.7861 episode_safety/ep_time_in_proximity_0p5m=0.8109 episode_safety/ep_time_in_proximity_1p0m=0.8507
[2026-06-06 16:16:55,631][__main__][INFO] - [safety] step=600 safety/ssm_violation=1.0000 safety/ssm_violation_actual=0.0000 safety/proximity_violation=1.0000 safety/pfl_violation=0.0000 safety/ssm_margin=-0.1678 safety/ssm_margin_actual=0.0722 safety/min_separation=0.1822 safety/pfl_force_ratio=0.0000 safety/robot_vel=0.0918 safety/human_vel=0.0000 episode_safety/ep_steps=251.0000 episode_safety/ep_ssm_violation_rate=0.8685 episode_safety/ep_ssm_violation_actual_rate=0.1235 episode_safety/ep_proximity_violation_rate=0.8287 episode_safety/ep_pfl_violation_rate=0.0000 episode_safety/ep_min_ssm_margin=-1.8877 episode_safety/ep_min_ssm_margin_actual=-1.6650 episode_safety/ep_min_separation=0.1798 episode_safety/ep_mean_separation=0.4322 episode_safety/ep_p5_separation=0.1839 episode_safety/ep_p25_separation=0.1918 episode_safety/ep_max_pfl_force_ratio=0.0000 episode_safety/ep_max_contact_force=0.0000 episode_safety/ep_max_robot_vel=3.7877 episode_safety/ep_mean_robot_vel=0.4811 episode_safety/ep_time_to_first_violation=26.0000 episode_safety/ep_time_in_proximity_0p3m=0.8287 episode_safety/ep_time_in_proximity_0p5m=0.8486 episode_safety/ep_time_in_proximity_1p0m=0.8805
[2026-06-06 16:16:56,556][__main__][INFO] - [safety] step=650 safety/ssm_violation=1.0000 safety/ssm_violation_actual=0.0000 safety/proximity_violation=1.0000 safety/pfl_violation=0.0000 safety/ssm_margin=-0.1649 safety/ssm_margin_actual=0.0393 safety/min_separation=0.1870 safety/pfl_force_ratio=0.0000 safety/robot_vel=0.1071 safety/human_vel=0.2387 episode_safety/ep_steps=301.0000 episode_safety/ep_ssm_violation_rate=0.8904 episode_safety/ep_ssm_violation_actual_rate=0.1030 episode_safety/ep_proximity_violation_rate=0.8571 episode_safety/ep_pfl_violation_rate=0.0000 episode_safety/ep_min_ssm_margin=-1.8877 episode_safety/ep_min_ssm_margin_actual=-1.6650 episode_safety/ep_min_separation=0.1790 episode_safety/ep_mean_separation=0.3904 episode_safety/ep_p5_separation=0.1796 episode_safety/ep_p25_separation=0.1854 episode_safety/ep_max_pfl_force_ratio=0.0000 episode_safety/ep_max_contact_force=0.0000 episode_safety/ep_max_robot_vel=3.7877 episode_safety/ep_mean_robot_vel=0.4154 episode_safety/ep_time_to_first_violation=26.0000 episode_safety/ep_time_in_proximity_0p3m=0.8571 episode_safety/ep_time_in_proximity_0p5m=0.8738 episode_safety/ep_time_in_proximity_1p0m=0.9003
[2026-06-06 16:16:57,903][__main__][INFO] - [episode] step=700 safety/ssm_violation=0.0000 safety/ssm_violation_actual=0.0000 safety/proximity_violation=0.0000 safety/pfl_violation=0.0000 safety/ssm_margin=1.4119 safety/ssm_margin_actual=1.6518 safety/min_separation=1.7872 safety/pfl_force_ratio=0.0000 safety/robot_vel=0.2760 safety/human_vel=0.0012 episode_safety/ep_steps=350.0000 episode_safety/ep_ssm_violation_rate=0.8400 episode_safety/ep_ssm_violation_actual_rate=0.1086 episode_safety/ep_proximity_violation_rate=0.8057 episode_safety/ep_pfl_violation_rate=0.0000 episode_safety/ep_min_ssm_margin=-1.8877 episode_safety/ep_min_ssm_margin_actual=-1.6650 episode_safety/ep_min_separation=0.0333 episode_safety/ep_mean_separation=0.4168 episode_safety/ep_p5_separation=0.1792 episode_safety/ep_p25_separation=0.1851 episode_safety/ep_max_pfl_force_ratio=0.0000 episode_safety/ep_max_contact_force=0.0000 episode_safety/ep_max_robot_vel=3.7877 episode_safety/ep_mean_robot_vel=0.3804 episode_safety/ep_time_to_first_violation=26.0000 episode_safety/ep_time_in_proximity_0p3m=0.8057 episode_safety/ep_time_in_proximity_0p5m=0.8343 episode_safety/ep_time_in_proximity_1p0m=0.8800 episode_cost_integral=300.4136 episode_lambda=0.1000
[2026-06-06 16:16:57,904][__main__][INFO] - [train] step=700 episode_reward=-8.0988 episode_length=350 episode=2 buffer_size=39276
[2026-06-06 16:17:03,614][__main__][INFO] - [safety] step=700 safety/ssm_violation=1.0000 safety/ssm_violation_actual=0.0000 safety/proximity_violation=0.0000 safety/pfl_violation=0.0000 safety/ssm_margin=-0.1707 safety/ssm_margin_actual=0.0150 safety/min_separation=2.0605 safety/pfl_force_ratio=0.0000 safety/robot_vel=3.8775 safety/human_vel=0.3621 episode_safety/ep_steps=1.0000 episode_safety/ep_ssm_violation_rate=1.0000 episode_safety/ep_ssm_violation_actual_rate=0.0000 episode_safety/ep_proximity_violation_rate=0.0000 episode_safety/ep_pfl_violation_rate=0.0000 episode_safety/ep_min_ssm_margin=-0.1707 episode_safety/ep_min_ssm_margin_actual=0.0150 episode_safety/ep_min_separation=2.0605 episode_safety/ep_mean_separation=2.0605 episode_safety/ep_p5_separation=2.0605 episode_safety/ep_p25_separation=2.0605 episode_safety/ep_max_pfl_force_ratio=0.0000 episode_safety/ep_max_contact_force=0.0000 episode_safety/ep_max_robot_vel=3.8775 episode_safety/ep_mean_robot_vel=3.8775 episode_safety/ep_time_to_first_violation=0.0000 episode_safety/ep_time_in_proximity_0p3m=0.0000 episode_safety/ep_time_in_proximity_0p5m=0.0000 episode_safety/ep_time_in_proximity_1p0m=0.0000
[2026-06-06 16:17:27,862][__main__][INFO] - [safety] step=750 safety/ssm_violation=0.0000 safety/ssm_violation_actual=0.0000 safety/proximity_violation=0.0000 safety/pfl_violation=0.0000 safety/ssm_margin=0.4732 safety/ssm_margin_actual=0.7005 safety/min_separation=1.0767 safety/pfl_force_ratio=0.0000 safety/robot_vel=1.1987 safety/human_vel=0.0849 episode_safety/ep_steps=51.0000 episode_safety/ep_ssm_violation_rate=0.0588 episode_safety/ep_ssm_violation_actual_rate=0.0196 episode_safety/ep_proximity_violation_rate=0.0000 episode_safety/ep_pfl_violation_rate=0.0000 episode_safety/ep_min_ssm_margin=-0.3909 episode_safety/ep_min_ssm_margin_actual=-0.1648 episode_safety/ep_min_separation=0.8665 episode_safety/ep_mean_separation=1.3714 episode_safety/ep_p5_separation=0.8719 episode_safety/ep_p25_separation=0.9669 episode_safety/ep_max_pfl_force_ratio=0.0000 episode_safety/ep_max_contact_force=0.0000 episode_safety/ep_max_robot_vel=3.8775 episode_safety/ep_mean_robot_vel=1.3613 episode_safety/ep_time_to_first_violation=0.0000 episode_safety/ep_time_in_proximity_0p3m=0.0000 episode_safety/ep_time_in_proximity_0p5m=0.0000 episode_safety/ep_time_in_proximity_1p0m=0.2941
[2026-06-06 16:17:52,223][__main__][INFO] - [safety] step=800 safety/ssm_violation=0.0000 safety/ssm_violation_actual=0.0000 safety/proximity_violation=0.0000 safety/pfl_violation=0.0000 safety/ssm_margin=1.4376 safety/ssm_margin_actual=1.6772 safety/min_separation=2.8570 safety/pfl_force_ratio=0.0000 safety/robot_vel=2.8232 safety/human_vel=0.0026 episode_safety/ep_steps=101.0000 episode_safety/ep_ssm_violation_rate=0.0396 episode_safety/ep_ssm_violation_actual_rate=0.0198 episode_safety/ep_proximity_violation_rate=0.0000 episode_safety/ep_pfl_violation_rate=0.0000 episode_safety/ep_min_ssm_margin=-0.3909 episode_safety/ep_min_ssm_margin_actual=-0.1648 episode_safety/ep_min_separation=0.8665 episode_safety/ep_mean_separation=1.7191 episode_safety/ep_p5_separation=0.8837 episode_safety/ep_p25_separation=1.1838 episode_safety/ep_max_pfl_force_ratio=0.0000 episode_safety/ep_max_contact_force=0.0000 episode_safety/ep_max_robot_vel=3.8775 episode_safety/ep_mean_robot_vel=1.4779 episode_safety/ep_time_to_first_violation=0.0000 episode_safety/ep_time_in_proximity_0p3m=0.0000 episode_safety/ep_time_in_proximity_0p5m=0.0000 episode_safety/ep_time_in_proximity_1p0m=0.1485
[2026-06-06 16:18:16,722][__main__][INFO] - [safety] step=850 safety/ssm_violation=0.0000 safety/ssm_violation_actual=0.0000 safety/proximity_violation=0.0000 safety/pfl_violation=0.0000 safety/ssm_margin=3.4778 safety/ssm_margin_actual=3.7178 safety/min_separation=3.9412 safety/pfl_force_ratio=0.0000 safety/robot_vel=0.7184 safety/human_vel=0.0000 episode_safety/ep_steps=151.0000 episode_safety/ep_ssm_violation_rate=0.0265 episode_safety/ep_ssm_violation_actual_rate=0.0132 episode_safety/ep_proximity_violation_rate=0.0000 episode_safety/ep_pfl_violation_rate=0.0000 episode_safety/ep_min_ssm_margin=-0.3909 episode_safety/ep_min_ssm_margin_actual=-0.1648 episode_safety/ep_min_separation=0.8665 episode_safety/ep_mean_separation=2.2899 episode_safety/ep_p5_separation=0.9070 episode_safety/ep_p25_separation=1.4721 episode_safety/ep_max_pfl_force_ratio=0.0000 episode_safety/ep_max_contact_force=0.0000 episode_safety/ep_max_robot_vel=3.8775 episode_safety/ep_mean_robot_vel=1.3015 episode_safety/ep_time_to_first_violation=0.0000 episode_safety/ep_time_in_proximity_0p3m=0.0000 episode_safety/ep_time_in_proximity_0p5m=0.0000 episode_safety/ep_time_in_proximity_1p0m=0.0993
[2026-06-06 16:18:41,272][__main__][INFO] - [safety] step=900 safety/ssm_violation=0.0000 safety/ssm_violation_actual=0.0000 safety/proximity_violation=0.0000 safety/pfl_violation=0.0000 safety/ssm_margin=2.8559 safety/ssm_margin_actual=3.0959 safety/min_separation=3.5788 safety/pfl_force_ratio=0.0000 safety/robot_vel=1.5195 safety/human_vel=0.0000 episode_safety/ep_steps=201.0000 episode_safety/ep_ssm_violation_rate=0.0199 episode_safety/ep_ssm_violation_actual_rate=0.0100 episode_safety/ep_proximity_violation_rate=0.0000 episode_safety/ep_pfl_violation_rate=0.0000 episode_safety/ep_min_ssm_margin=-0.3909 episode_safety/ep_min_ssm_margin_actual=-0.1648 episode_safety/ep_min_separation=0.8665 episode_safety/ep_mean_separation=2.6951 episode_safety/ep_p5_separation=0.9322 episode_safety/ep_p25_separation=1.7161 episode_safety/ep_max_pfl_force_ratio=0.0000 episode_safety/ep_max_contact_force=0.0000 episode_safety/ep_max_robot_vel=3.8775 episode_safety/ep_mean_robot_vel=1.2038 episode_safety/ep_time_to_first_violation=0.0000 episode_safety/ep_time_in_proximity_0p3m=0.0000 episode_safety/ep_time_in_proximity_0p5m=0.0000 episode_safety/ep_time_in_proximity_1p0m=0.0746
[2026-06-06 16:19:05,750][__main__][INFO] - [safety] step=950 safety/ssm_violation=0.0000 safety/ssm_violation_actual=0.0000 safety/proximity_violation=0.0000 safety/pfl_violation=0.0000 safety/ssm_margin=3.5993 safety/ssm_margin_actual=3.8393 safety/min_separation=4.0021 safety/pfl_force_ratio=0.0000 safety/robot_vel=0.4371 safety/human_vel=0.0000 episode_safety/ep_steps=251.0000 episode_safety/ep_ssm_violation_rate=0.0159 episode_safety/ep_ssm_violation_actual_rate=0.0080 episode_safety/ep_proximity_violation_rate=0.0000 episode_safety/ep_pfl_violation_rate=0.0000 episode_safety/ep_min_ssm_margin=-0.3909 episode_safety/ep_min_ssm_margin_actual=-0.1648 episode_safety/ep_min_separation=0.8665 episode_safety/ep_mean_separation=2.9130 episode_safety/ep_p5_separation=0.9669 episode_safety/ep_p25_separation=1.9254 episode_safety/ep_max_pfl_force_ratio=0.0000 episode_safety/ep_max_contact_force=0.0000 episode_safety/ep_max_robot_vel=3.8775 episode_safety/ep_mean_robot_vel=1.1381 episode_safety/ep_time_to_first_violation=0.0000 episode_safety/ep_time_in_proximity_0p3m=0.0000 episode_safety/ep_time_in_proximity_0p5m=0.0000 episode_safety/ep_time_in_proximity_1p0m=0.0598
[2026-06-06 16:19:30,222][__main__][INFO] - [safety] step=1000 safety/ssm_violation=0.0000 safety/ssm_violation_actual=0.0000 safety/proximity_violation=0.0000 safety/pfl_violation=0.0000 safety/ssm_margin=3.2367 safety/ssm_margin_actual=3.4767 safety/min_separation=3.6432 safety/pfl_force_ratio=0.0000 safety/robot_vel=0.4564 safety/human_vel=0.0000 episode_safety/ep_steps=301.0000 episode_safety/ep_ssm_violation_rate=0.0133 episode_safety/ep_ssm_violation_actual_rate=0.0066 episode_safety/ep_proximity_violation_rate=0.0000 episode_safety/ep_pfl_violation_rate=0.0000 episode_safety/ep_min_ssm_margin=-0.3909 episode_safety/ep_min_ssm_margin_actual=-0.1648 episode_safety/ep_min_separation=0.8665 episode_safety/ep_mean_separation=3.0587 episode_safety/ep_p5_separation=1.0080 episode_safety/ep_p25_separation=2.0710 episode_safety/ep_max_pfl_force_ratio=0.0000 episode_safety/ep_max_contact_force=0.0000 episode_safety/ep_max_robot_vel=3.8775 episode_safety/ep_mean_robot_vel=1.0570 episode_safety/ep_time_to_first_violation=0.0000 episode_safety/ep_time_in_proximity_0p3m=0.0000 episode_safety/ep_time_in_proximity_0p5m=0.0000 episode_safety/ep_time_in_proximity_1p0m=0.0498
[2026-06-06 16:19:54,652][__main__][INFO] - [episode] step=1050 safety/ssm_violation=0.0000 safety/ssm_violation_actual=0.0000 safety/proximity_violation=0.0000 safety/pfl_violation=0.0000 safety/ssm_margin=2.5597 safety/ssm_margin_actual=2.7997 safety/min_separation=3.0241 safety/pfl_force_ratio=0.0000 safety/robot_vel=0.7221 safety/human_vel=0.0000 episode_safety/ep_steps=350.0000 episode_safety/ep_ssm_violation_rate=0.0114 episode_safety/ep_ssm_violation_actual_rate=0.0057 episode_safety/ep_proximity_violation_rate=0.0000 episode_safety/ep_pfl_violation_rate=0.0000 episode_safety/ep_min_ssm_margin=-0.3909 episode_safety/ep_min_ssm_margin_actual=-0.1648 episode_safety/ep_min_separation=0.8665 episode_safety/ep_mean_separation=3.0913 episode_safety/ep_p5_separation=1.0431 episode_safety/ep_p25_separation=2.5491 episode_safety/ep_max_pfl_force_ratio=0.0000 episode_safety/ep_max_contact_force=0.0000 episode_safety/ep_max_robot_vel=3.8775 episode_safety/ep_mean_robot_vel=0.9965 episode_safety/ep_time_to_first_violation=0.0000 episode_safety/ep_time_in_proximity_0p3m=0.0000 episode_safety/ep_time_in_proximity_0p5m=0.0000 episode_safety/ep_time_in_proximity_1p0m=0.0429 episode_cost_integral=7.6806 episode_lambda=0.1000
[2026-06-06 16:19:54,653][__main__][INFO] - [train] step=1050 episode_reward=-17.1104 episode_length=350 episode=3 buffer_size=39626
[2026-06-06 16:19:55,208][__main__][INFO] - [safety] step=1050 safety/ssm_violation=0.0000 safety/ssm_violation_actual=0.0000 safety/proximity_violation=0.0000 safety/pfl_violation=0.0000 safety/ssm_margin=1.7972 safety/ssm_margin_actual=1.9828 safety/min_separation=2.7150 safety/pfl_force_ratio=0.0000 safety/robot_vel=1.9553 safety/human_vel=0.3621 episode_safety/ep_steps=1.0000 episode_safety/ep_ssm_violation_rate=0.0000 episode_safety/ep_ssm_violation_actual_rate=0.0000 episode_safety/ep_proximity_violation_rate=0.0000 episode_safety/ep_pfl_violation_rate=0.0000 episode_safety/ep_min_ssm_margin=1.7972 episode_safety/ep_min_ssm_margin_actual=1.9828 episode_safety/ep_min_separation=2.7150 episode_safety/ep_mean_separation=2.7150 episode_safety/ep_p5_separation=2.7150 episode_safety/ep_p25_separation=2.7150 episode_safety/ep_max_pfl_force_ratio=0.0000 episode_safety/ep_max_contact_force=0.0000 episode_safety/ep_max_robot_vel=1.9553 episode_safety/ep_mean_robot_vel=1.9553 episode_safety/ep_time_to_first_violation=-1.0000 episode_safety/ep_time_in_proximity_0p3m=0.0000 episode_safety/ep_time_in_proximity_0p5m=0.0000 episode_safety/ep_time_in_proximity_1p0m=0.0000
[2026-06-06 16:20:19,731][__main__][INFO] - [safety] step=1100 safety/ssm_violation=0.0000 safety/ssm_violation_actual=0.0000 safety/proximity_violation=0.0000 safety/pfl_violation=0.0000 safety/ssm_margin=0.1339 safety/ssm_margin_actual=0.3535 safety/min_separation=0.5629 safety/pfl_force_ratio=0.0000 safety/robot_vel=0.5678 safety/human_vel=0.1356 episode_safety/ep_steps=51.0000 episode_safety/ep_ssm_violation_rate=0.0000 episode_safety/ep_ssm_violation_actual_rate=0.0000 episode_safety/ep_proximity_violation_rate=0.0000 episode_safety/ep_pfl_violation_rate=0.0000 episode_safety/ep_min_ssm_margin=0.1339 episode_safety/ep_min_ssm_margin_actual=0.3529 episode_safety/ep_min_separation=0.5627 episode_safety/ep_mean_separation=1.4593 episode_safety/ep_p5_separation=0.5944 episode_safety/ep_p25_separation=1.0089 episode_safety/ep_max_pfl_force_ratio=0.0000 episode_safety/ep_max_contact_force=0.0000 episode_safety/ep_max_robot_vel=1.9553 episode_safety/ep_mean_robot_vel=0.6383 episode_safety/ep_time_to_first_violation=-1.0000 episode_safety/ep_time_in_proximity_0p3m=0.0000 episode_safety/ep_time_in_proximity_0p5m=0.0000 episode_safety/ep_time_in_proximity_1p0m=0.2549
[2026-06-06 16:20:44,365][__main__][INFO] - [safety] step=1150 safety/ssm_violation=0.0000 safety/ssm_violation_actual=0.0000 safety/proximity_violation=0.0000 safety/pfl_violation=0.0000 safety/ssm_margin=0.2720 safety/ssm_margin_actual=0.5119 safety/min_separation=0.6625 safety/pfl_force_ratio=0.0000 safety/robot_vel=0.3690 safety/human_vel=0.0007 episode_safety/ep_steps=101.0000 episode_safety/ep_ssm_violation_rate=0.0000 episode_safety/ep_ssm_violation_actual_rate=0.0000 episode_safety/ep_proximity_violation_rate=0.0000 episode_safety/ep_pfl_violation_rate=0.0000 episode_safety/ep_min_ssm_margin=0.1063 episode_safety/ep_min_ssm_margin_actual=0.3459 episode_safety/ep_min_separation=0.5276 episode_safety/ep_mean_separation=1.1143 episode_safety/ep_p5_separation=0.5527 episode_safety/ep_p25_separation=0.6594 episode_safety/ep_max_pfl_force_ratio=0.0000 episode_safety/ep_max_contact_force=0.0000 episode_safety/ep_max_robot_vel=1.9553 episode_safety/ep_mean_robot_vel=0.5716 episode_safety/ep_time_to_first_violation=-1.0000 episode_safety/ep_time_in_proximity_0p3m=0.0000 episode_safety/ep_time_in_proximity_0p5m=0.0000 episode_safety/ep_time_in_proximity_1p0m=0.5347
[2026-06-06 16:21:04,243][__main__][INFO] - [episode] step=1191 safety/ssm_violation=0.0000 safety/ssm_violation_actual=0.0000 safety/proximity_violation=0.0000 safety/pfl_violation=0.0000 safety/ssm_margin=0.6980 safety/ssm_margin_actual=0.9380 safety/min_separation=1.0756 safety/pfl_force_ratio=0.0000 safety/robot_vel=0.2913 safety/human_vel=0.0000 episode_safety/ep_steps=141.0000 episode_safety/ep_ssm_violation_rate=0.0000 episode_safety/ep_ssm_violation_actual_rate=0.0000 episode_safety/ep_proximity_violation_rate=0.0000 episode_safety/ep_pfl_violation_rate=0.0000 episode_safety/ep_min_ssm_margin=0.1063 episode_safety/ep_min_ssm_margin_actual=0.3459 episode_safety/ep_min_separation=0.5276 episode_safety/ep_mean_separation=1.0313 episode_safety/ep_p5_separation=0.5627 episode_safety/ep_p25_separation=0.7115 episode_safety/ep_max_pfl_force_ratio=0.0000 episode_safety/ep_max_contact_force=0.0000 episode_safety/ep_max_robot_vel=1.9553 episode_safety/ep_mean_robot_vel=0.5242 episode_safety/ep_time_to_first_violation=-1.0000 episode_safety/ep_time_in_proximity_0p3m=0.0000 episode_safety/ep_time_in_proximity_0p5m=0.0000 episode_safety/ep_time_in_proximity_1p0m=0.6312 episode_cost_integral=12.9386 episode_lambda=0.1000
[2026-06-06 16:21:04,243][__main__][INFO] - [train] step=1191 episode_reward=-4.5524 episode_length=141 episode=4 buffer_size=39767
[2026-06-06 16:21:09,169][__main__][INFO] - [safety] step=1200 safety/ssm_violation=0.0000 safety/ssm_violation_actual=0.0000 safety/proximity_violation=0.0000 safety/pfl_violation=0.0000 safety/ssm_margin=1.5503 safety/ssm_margin_actual=1.7626 safety/min_separation=2.0695 safety/pfl_force_ratio=0.0000 safety/robot_vel=0.9288 safety/human_vel=0.1851 episode_safety/ep_steps=10.0000 episode_safety/ep_ssm_violation_rate=0.0000 episode_safety/ep_ssm_violation_actual_rate=0.0000 episode_safety/ep_proximity_violation_rate=0.0000 episode_safety/ep_pfl_violation_rate=0.0000 episode_safety/ep_min_ssm_margin=1.0889 episode_safety/ep_min_ssm_margin_actual=1.2817 episode_safety/ep_min_separation=2.0695 episode_safety/ep_mean_separation=2.3081 episode_safety/ep_p5_separation=2.1067 episode_safety/ep_p25_separation=2.2226 episode_safety/ep_max_pfl_force_ratio=0.0000 episode_safety/ep_max_contact_force=0.0000 episode_safety/ep_max_robot_vel=2.7969 episode_safety/ep_mean_robot_vel=1.5308 episode_safety/ep_time_to_first_violation=-1.0000 episode_safety/ep_time_in_proximity_0p3m=0.0000 episode_safety/ep_time_in_proximity_0p5m=0.0000 episode_safety/ep_time_in_proximity_1p0m=0.0000
[2026-06-06 16:21:33,887][__main__][INFO] - [safety] step=1250 safety/ssm_violation=0.0000 safety/ssm_violation_actual=0.0000 safety/proximity_violation=0.0000 safety/pfl_violation=0.0000 safety/ssm_margin=0.5496 safety/ssm_margin_actual=0.7753 safety/min_separation=0.9592 safety/pfl_force_ratio=0.0000 safety/robot_vel=0.4728 safety/human_vel=0.0951 episode_safety/ep_steps=60.0000 episode_safety/ep_ssm_violation_rate=0.0167 episode_safety/ep_ssm_violation_actual_rate=0.0167 episode_safety/ep_proximity_violation_rate=0.0000 episode_safety/ep_pfl_violation_rate=0.0000 episode_safety/ep_min_ssm_margin=-0.2301 episode_safety/ep_min_ssm_margin_actual=-0.0056 episode_safety/ep_min_separation=0.8408 episode_safety/ep_mean_separation=1.2656 episode_safety/ep_p5_separation=0.8536 episode_safety/ep_p25_separation=0.9043 episode_safety/ep_max_pfl_force_ratio=0.0000 episode_safety/ep_max_contact_force=0.0000 episode_safety/ep_max_robot_vel=2.7969 episode_safety/ep_mean_robot_vel=0.6991 episode_safety/ep_time_to_first_violation=49.0000 episode_safety/ep_time_in_proximity_0p3m=0.0000 episode_safety/ep_time_in_proximity_0p5m=0.0000 episode_safety/ep_time_in_proximity_1p0m=0.6167
[2026-06-06 16:21:58,519][__main__][INFO] - [safety] step=1300 safety/ssm_violation=0.0000 safety/ssm_violation_actual=0.0000 safety/proximity_violation=0.0000 safety/pfl_violation=0.0000 safety/ssm_margin=0.4951 safety/ssm_margin_actual=0.7350 safety/min_separation=0.9113 safety/pfl_force_ratio=0.0000 safety/robot_vel=0.5058 safety/human_vel=0.0002 episode_safety/ep_steps=110.0000 episode_safety/ep_ssm_violation_rate=0.0091 episode_safety/ep_ssm_violation_actual_rate=0.0091 episode_safety/ep_proximity_violation_rate=0.0000 episode_safety/ep_pfl_violation_rate=0.0000 episode_safety/ep_min_ssm_margin=-0.2301 episode_safety/ep_min_ssm_margin_actual=-0.0056 episode_safety/ep_min_separation=0.8290 episode_safety/ep_mean_separation=1.1200 episode_safety/ep_p5_separation=0.8459 episode_safety/ep_p25_separation=0.9045 episode_safety/ep_max_pfl_force_ratio=0.0000 episode_safety/ep_max_contact_force=0.0000 episode_safety/ep_max_robot_vel=2.7969 episode_safety/ep_mean_robot_vel=0.6141 episode_safety/ep_time_to_first_violation=49.0000 episode_safety/ep_time_in_proximity_0p3m=0.0000 episode_safety/ep_time_in_proximity_0p5m=0.0000 episode_safety/ep_time_in_proximity_1p0m=0.6909
[2026-06-06 16:22:23,182][__main__][INFO] - [safety] step=1350 safety/ssm_violation=0.0000 safety/ssm_violation_actual=0.0000 safety/proximity_violation=0.0000 safety/pfl_violation=0.0000 safety/ssm_margin=0.5979 safety/ssm_margin_actual=0.8379 safety/min_separation=0.9721 safety/pfl_force_ratio=0.0000 safety/robot_vel=0.2698 safety/human_vel=0.0000 episode_safety/ep_steps=160.0000 episode_safety/ep_ssm_violation_rate=0.0063 episode_safety/ep_ssm_violation_actual_rate=0.0063 episode_safety/ep_proximity_violation_rate=0.0000 episode_safety/ep_pfl_violation_rate=0.0000 episode_safety/ep_min_ssm_margin=-0.2301 episode_safety/ep_min_ssm_margin_actual=-0.0056 episode_safety/ep_min_separation=0.8290 episode_safety/ep_mean_separation=1.0668 episode_safety/ep_p5_separation=0.8536 episode_safety/ep_p25_separation=0.9142 episode_safety/ep_max_pfl_force_ratio=0.0000 episode_safety/ep_max_contact_force=0.0000 episode_safety/ep_max_robot_vel=2.7969 episode_safety/ep_mean_robot_vel=0.5071 episode_safety/ep_time_to_first_violation=49.0000 episode_safety/ep_time_in_proximity_0p3m=0.0000 episode_safety/ep_time_in_proximity_0p5m=0.0000 episode_safety/ep_time_in_proximity_1p0m=0.7688
[2026-06-06 16:22:47,881][__main__][INFO] - [safety] step=1400 safety/ssm_violation=0.0000 safety/ssm_violation_actual=0.0000 safety/proximity_violation=0.0000 safety/pfl_violation=0.0000 safety/ssm_margin=0.5692 safety/ssm_margin_actual=0.8092 safety/min_separation=0.9411 safety/pfl_force_ratio=0.0000 safety/robot_vel=0.2543 safety/human_vel=0.0000 episode_safety/ep_steps=210.0000 episode_safety/ep_ssm_violation_rate=0.0048 episode_safety/ep_ssm_violation_actual_rate=0.0048 episode_safety/ep_proximity_violation_rate=0.0000 episode_safety/ep_pfl_violation_rate=0.0000 episode_safety/ep_min_ssm_margin=-0.2301 episode_safety/ep_min_ssm_margin_actual=-0.0056 episode_safety/ep_min_separation=0.8290 episode_safety/ep_mean_separation=1.0462 episode_safety/ep_p5_separation=0.8647 episode_safety/ep_p25_separation=0.9229 episode_safety/ep_max_pfl_force_ratio=0.0000 episode_safety/ep_max_contact_force=0.0000 episode_safety/ep_max_robot_vel=2.7969 episode_safety/ep_mean_robot_vel=0.4614 episode_safety/ep_time_to_first_violation=49.0000 episode_safety/ep_time_in_proximity_0p3m=0.0000 episode_safety/ep_time_in_proximity_0p5m=0.0000 episode_safety/ep_time_in_proximity_1p0m=0.7810
[2026-06-06 16:23:12,631][__main__][INFO] - [safety] step=1450 safety/ssm_violation=0.0000 safety/ssm_violation_actual=0.0000 safety/proximity_violation=0.0000 safety/pfl_violation=0.0000 safety/ssm_margin=0.6708 safety/ssm_margin_actual=0.9108 safety/min_separation=1.0904 safety/pfl_force_ratio=0.0000 safety/robot_vel=0.5227 safety/human_vel=0.0000 episode_safety/ep_steps=260.0000 episode_safety/ep_ssm_violation_rate=0.0038 episode_safety/ep_ssm_violation_actual_rate=0.0038 episode_safety/ep_proximity_violation_rate=0.0000 episode_safety/ep_pfl_violation_rate=0.0000 episode_safety/ep_min_ssm_margin=-0.2301 episode_safety/ep_min_ssm_margin_actual=-0.0056 episode_safety/ep_min_separation=0.8290 episode_safety/ep_mean_separation=1.0297 episode_safety/ep_p5_separation=0.8703 episode_safety/ep_p25_separation=0.9183 episode_safety/ep_max_pfl_force_ratio=0.0000 episode_safety/ep_max_contact_force=0.0000 episode_safety/ep_max_robot_vel=2.7969 episode_safety/ep_mean_robot_vel=0.4657 episode_safety/ep_time_to_first_violation=49.0000 episode_safety/ep_time_in_proximity_0p3m=0.0000 episode_safety/ep_time_in_proximity_0p5m=0.0000 episode_safety/ep_time_in_proximity_1p0m=0.7654
[2026-06-06 16:23:37,272][__main__][INFO] - [safety] step=1500 safety/ssm_violation=0.0000 safety/ssm_violation_actual=0.0000 safety/proximity_violation=0.0000 safety/pfl_violation=0.0000 safety/ssm_margin=0.7057 safety/ssm_margin_actual=0.9457 safety/min_separation=1.1284 safety/pfl_force_ratio=0.0000 safety/robot_vel=0.5377 safety/human_vel=0.0000 episode_safety/ep_steps=310.0000 episode_safety/ep_ssm_violation_rate=0.0032 episode_safety/ep_ssm_violation_actual_rate=0.0032 episode_safety/ep_proximity_violation_rate=0.0000 episode_safety/ep_pfl_violation_rate=0.0000 episode_safety/ep_min_ssm_margin=-0.2301 episode_safety/ep_min_ssm_margin_actual=-0.0056 episode_safety/ep_min_separation=0.8290 episode_safety/ep_mean_separation=1.0497 episode_safety/ep_p5_separation=0.8741 episode_safety/ep_p25_separation=0.9260 episode_safety/ep_max_pfl_force_ratio=0.0000 episode_safety/ep_max_contact_force=0.0000 episode_safety/ep_max_robot_vel=2.7969 episode_safety/ep_mean_robot_vel=0.4562 episode_safety/ep_time_to_first_violation=49.0000 episode_safety/ep_time_in_proximity_0p3m=0.0000 episode_safety/ep_time_in_proximity_0p5m=0.0000 episode_safety/ep_time_in_proximity_1p0m=0.6419
[2026-06-06 16:23:57,388][__main__][INFO] - [episode] step=1541 safety/ssm_violation=0.0000 safety/ssm_violation_actual=0.0000 safety/proximity_violation=0.0000 safety/pfl_violation=0.0000 safety/ssm_margin=0.1036 safety/ssm_margin_actual=0.3352 safety/min_separation=0.5172 safety/pfl_force_ratio=0.0000 safety/robot_vel=0.4929 safety/human_vel=0.0563 episode_safety/ep_steps=350.0000 episode_safety/ep_ssm_violation_rate=0.0057 episode_safety/ep_ssm_violation_actual_rate=0.0057 episode_safety/ep_proximity_violation_rate=0.0000 episode_safety/ep_pfl_violation_rate=0.0000 episode_safety/ep_min_ssm_margin=-1.5486 episode_safety/ep_min_ssm_margin_actual=-1.3086 episode_safety/ep_min_separation=0.5172 episode_safety/ep_mean_separation=1.0571 episode_safety/ep_p5_separation=0.8713 episode_safety/ep_p25_separation=0.9318 episode_safety/ep_max_pfl_force_ratio=0.0000 episode_safety/ep_max_contact_force=0.0000 episode_safety/ep_max_robot_vel=4.4793 episode_safety/ep_mean_robot_vel=0.4960 episode_safety/ep_time_to_first_violation=49.0000 episode_safety/ep_time_in_proximity_0p3m=0.0000 episode_safety/ep_time_in_proximity_0p5m=0.0000 episode_safety/ep_time_in_proximity_1p0m=0.5857 episode_cost_integral=2.9338 episode_lambda=0.1000
[2026-06-06 16:23:57,388][__main__][INFO] - [train] step=1541 episode_reward=-12.9669 episode_length=350 episode=5 buffer_size=40117
[2026-06-06 16:24:02,374][__main__][INFO] - [safety] step=1550 safety/ssm_violation=0.0000 safety/ssm_violation_actual=0.0000 safety/proximity_violation=0.0000 safety/pfl_violation=0.0000 safety/ssm_margin=1.2025 safety/ssm_margin_actual=1.4147 safety/min_separation=1.6118 safety/pfl_force_ratio=0.0000 safety/robot_vel=0.4713 safety/human_vel=0.1851 episode_safety/ep_steps=10.0000 episode_safety/ep_ssm_violation_rate=0.1000 episode_safety/ep_ssm_violation_actual_rate=0.1000 episode_safety/ep_proximity_violation_rate=0.0000 episode_safety/ep_pfl_violation_rate=0.0000 episode_safety/ep_min_ssm_margin=-0.4389 episode_safety/ep_min_ssm_margin_actual=-0.2533 episode_safety/ep_min_separation=1.6118 episode_safety/ep_mean_separation=1.7397 episode_safety/ep_p5_separation=1.6293 episode_safety/ep_p25_separation=1.6965 episode_safety/ep_max_pfl_force_ratio=0.0000 episode_safety/ep_max_contact_force=0.0000 episode_safety/ep_max_robot_vel=3.8654 episode_safety/ep_mean_robot_vel=1.4776 episode_safety/ep_time_to_first_violation=0.0000 episode_safety/ep_time_in_proximity_0p3m=0.0000 episode_safety/ep_time_in_proximity_0p5m=0.0000 episode_safety/ep_time_in_proximity_1p0m=0.0000
[2026-06-06 16:24:27,044][__main__][INFO] - [safety] step=1600 safety/ssm_violation=1.0000 safety/ssm_violation_actual=1.0000 safety/proximity_violation=1.0000 safety/pfl_violation=0.0000 safety/ssm_margin=-0.2633 safety/ssm_margin_actual=-0.0457 safety/min_separation=0.1637 safety/pfl_force_ratio=0.0000 safety/robot_vel=0.5583 safety/human_vel=0.1493 episode_safety/ep_steps=60.0000 episode_safety/ep_ssm_violation_rate=0.3833 episode_safety/ep_ssm_violation_actual_rate=0.2833 episode_safety/ep_proximity_violation_rate=0.3333 episode_safety/ep_pfl_violation_rate=0.0000 episode_safety/ep_min_ssm_margin=-0.4389 episode_safety/ep_min_ssm_margin_actual=-0.2533 episode_safety/ep_min_separation=0.0996 episode_safety/ep_mean_separation=0.7829 episode_safety/ep_p5_separation=0.1035 episode_safety/ep_p25_separation=0.1810 episode_safety/ep_max_pfl_force_ratio=0.0000 episode_safety/ep_max_contact_force=0.0000 episode_safety/ep_max_robot_vel=3.8654 episode_safety/ep_mean_robot_vel=0.6089 episode_safety/ep_time_to_first_violation=0.0000 episode_safety/ep_time_in_proximity_0p3m=0.3333 episode_safety/ep_time_in_proximity_0p5m=0.4500 episode_safety/ep_time_in_proximity_1p0m=0.6333
[2026-06-06 16:24:51,836][__main__][INFO] - [safety] step=1650 safety/ssm_violation=1.0000 safety/ssm_violation_actual=1.0000 safety/proximity_violation=1.0000 safety/pfl_violation=0.0000 safety/ssm_margin=-0.3033 safety/ssm_margin_actual=-0.0634 safety/min_separation=0.1929 safety/pfl_force_ratio=0.0000 safety/robot_vel=0.8460 safety/human_vel=0.0004 episode_safety/ep_steps=110.0000 episode_safety/ep_ssm_violation_rate=0.6455 episode_safety/ep_ssm_violation_actual_rate=0.3636 episode_safety/ep_proximity_violation_rate=0.5000 episode_safety/ep_pfl_violation_rate=0.0000 episode_safety/ep_min_ssm_margin=-0.4389 episode_safety/ep_min_ssm_margin_actual=-0.2533 episode_safety/ep_min_separation=0.0996 episode_safety/ep_mean_separation=0.5318 episode_safety/ep_p5_separation=0.1137 episode_safety/ep_p25_separation=0.1545 episode_safety/ep_max_pfl_force_ratio=0.0000 episode_safety/ep_max_contact_force=0.0000 episode_safety/ep_max_robot_vel=3.8654 episode_safety/ep_mean_robot_vel=0.5467 episode_safety/ep_time_to_first_violation=0.0000 episode_safety/ep_time_in_proximity_0p3m=0.5000 episode_safety/ep_time_in_proximity_0p5m=0.7000 episode_safety/ep_time_in_proximity_1p0m=0.8000
[2026-06-06 16:25:16,613][__main__][INFO] - [safety] step=1700 safety/ssm_violation=1.0000 safety/ssm_violation_actual=0.0000 safety/proximity_violation=1.0000 safety/pfl_violation=0.0000 safety/ssm_margin=-0.1132 safety/ssm_margin_actual=0.1268 safety/min_separation=0.2434 safety/pfl_force_ratio=0.0000 safety/robot_vel=0.1455 safety/human_vel=0.0000 episode_safety/ep_steps=160.0000 episode_safety/ep_ssm_violation_rate=0.7562 episode_safety/ep_ssm_violation_actual_rate=0.2625 episode_safety/ep_proximity_violation_rate=0.6562 episode_safety/ep_pfl_violation_rate=0.0000 episode_safety/ep_min_ssm_margin=-0.4389 episode_safety/ep_min_ssm_margin_actual=-0.2533 episode_safety/ep_min_separation=0.0996 episode_safety/ep_mean_separation=0.4382 episode_safety/ep_p5_separation=0.1204 episode_safety/ep_p25_separation=0.1927 episode_safety/ep_max_pfl_force_ratio=0.0000 episode_safety/ep_max_contact_force=0.0000 episode_safety/ep_max_robot_vel=3.8654 episode_safety/ep_mean_robot_vel=0.4786 episode_safety/ep_time_to_first_violation=0.0000 episode_safety/ep_time_in_proximity_0p3m=0.6562 episode_safety/ep_time_in_proximity_0p5m=0.7937 episode_safety/ep_time_in_proximity_1p0m=0.8625
[2026-06-06 16:25:41,358][__main__][INFO] - [safety] step=1750 safety/ssm_violation=1.0000 safety/ssm_violation_actual=1.0000 safety/proximity_violation=0.0000 safety/pfl_violation=0.0000 safety/ssm_margin=-0.4817 safety/ssm_margin_actual=-0.2417 safety/min_separation=0.3580 safety/pfl_force_ratio=0.0000 safety/robot_vel=1.7906 safety/human_vel=0.0000 episode_safety/ep_steps=210.0000 episode_safety/ep_ssm_violation_rate=0.7333 episode_safety/ep_ssm_violation_actual_rate=0.2429 episode_safety/ep_proximity_violation_rate=0.5667 episode_safety/ep_pfl_violation_rate=0.0000 episode_safety/ep_min_ssm_margin=-1.7859 episode_safety/ep_min_ssm_margin_actual=-1.5459 episode_safety/ep_min_separation=0.0996 episode_safety/ep_mean_separation=0.4165 episode_safety/ep_p5_separation=0.1223 episode_safety/ep_p25_separation=0.2113 episode_safety/ep_max_pfl_force_ratio=0.0000 episode_safety/ep_max_contact_force=0.0000 episode_safety/ep_max_robot_vel=3.8654 episode_safety/ep_mean_robot_vel=0.5372 episode_safety/ep_time_to_first_violation=0.0000 episode_safety/ep_time_in_proximity_0p3m=0.5667 episode_safety/ep_time_in_proximity_0p5m=0.8429 episode_safety/ep_time_in_proximity_1p0m=0.8952
[2026-06-06 16:26:06,188][__main__][INFO] - [safety] step=1800 safety/ssm_violation=1.0000 safety/ssm_violation_actual=0.0000 safety/proximity_violation=0.0000 safety/pfl_violation=0.0000 safety/ssm_margin=-0.0280 safety/ssm_margin_actual=0.2120 safety/min_separation=0.4018 safety/pfl_force_ratio=0.0000 safety/robot_vel=0.5713 safety/human_vel=0.0000 episode_safety/ep_steps=260.0000 episode_safety/ep_ssm_violation_rate=0.6654 episode_safety/ep_ssm_violation_actual_rate=0.2000 episode_safety/ep_proximity_violation_rate=0.4577 episode_safety/ep_pfl_violation_rate=0.0000 episode_safety/ep_min_ssm_margin=-1.7859 episode_safety/ep_min_ssm_margin_actual=-1.5459 episode_safety/ep_min_separation=0.0996 episode_safety/ep_mean_separation=0.4294 episode_safety/ep_p5_separation=0.1231 episode_safety/ep_p25_separation=0.2231 episode_safety/ep_max_pfl_force_ratio=0.0000 episode_safety/ep_max_contact_force=0.0000 episode_safety/ep_max_robot_vel=3.8654 episode_safety/ep_mean_robot_vel=0.5269 episode_safety/ep_time_to_first_violation=0.0000 episode_safety/ep_time_in_proximity_0p3m=0.4577 episode_safety/ep_time_in_proximity_0p5m=0.7769 episode_safety/ep_time_in_proximity_1p0m=0.9154
[2026-06-06 16:26:30,911][__main__][INFO] - [safety] step=1850 safety/ssm_violation=1.0000 safety/ssm_violation_actual=0.0000 safety/proximity_violation=1.0000 safety/pfl_violation=0.0000 safety/ssm_margin=-0.1085 safety/ssm_margin_actual=0.1315 safety/min_separation=0.2817 safety/pfl_force_ratio=0.0000 safety/robot_vel=0.3673 safety/human_vel=0.0000 episode_safety/ep_steps=310.0000 episode_safety/ep_ssm_violation_rate=0.7194 episode_safety/ep_ssm_violation_actual_rate=0.1710 episode_safety/ep_proximity_violation_rate=0.4806 episode_safety/ep_pfl_violation_rate=0.0000 episode_safety/ep_min_ssm_margin=-1.7859 episode_safety/ep_min_ssm_margin_actual=-1.5459 episode_safety/ep_min_separation=0.0996 episode_safety/ep_mean_separation=0.4082 episode_safety/ep_p5_separation=0.1257 episode_safety/ep_p25_separation=0.2319 episode_safety/ep_max_pfl_force_ratio=0.0000 episode_safety/ep_max_contact_force=0.0000 episode_safety/ep_max_robot_vel=3.8654 episode_safety/ep_mean_robot_vel=0.4863 episode_safety/ep_time_to_first_violation=0.0000 episode_safety/ep_time_in_proximity_0p3m=0.4806 episode_safety/ep_time_in_proximity_0p5m=0.8129 episode_safety/ep_time_in_proximity_1p0m=0.9290
[2026-06-06 16:26:51,119][__main__][INFO] - [episode] step=1891 safety/ssm_violation=1.0000 safety/ssm_violation_actual=0.0000 safety/proximity_violation=1.0000 safety/pfl_violation=0.0000 safety/ssm_margin=-0.0872 safety/ssm_margin_actual=0.1528 safety/min_separation=0.2637 safety/pfl_force_ratio=0.0000 safety/robot_vel=0.0989 safety/human_vel=0.0000 episode_safety/ep_steps=350.0000 episode_safety/ep_ssm_violation_rate=0.7514 episode_safety/ep_ssm_violation_actual_rate=0.1514 episode_safety/ep_proximity_violation_rate=0.5400 episode_safety/ep_pfl_violation_rate=0.0000 episode_safety/ep_min_ssm_margin=-1.7859 episode_safety/ep_min_ssm_margin_actual=-1.5459 episode_safety/ep_min_separation=0.0996 episode_safety/ep_mean_separation=0.3912 episode_safety/ep_p5_separation=0.1295 episode_safety/ep_p25_separation=0.2435 episode_safety/ep_max_pfl_force_ratio=0.0000 episode_safety/ep_max_contact_force=0.0000 episode_safety/ep_max_robot_vel=3.8654 episode_safety/ep_mean_robot_vel=0.4470 episode_safety/ep_time_to_first_violation=0.0000 episode_safety/ep_time_in_proximity_0p3m=0.5400 episode_safety/ep_time_in_proximity_0p5m=0.8343 episode_safety/ep_time_in_proximity_1p0m=0.9371 episode_cost_integral=301.3499 episode_lambda=0.1000
[2026-06-06 16:26:51,120][__main__][INFO] - [train] step=1891 episode_reward=-13.1453 episode_length=350 episode=6 buffer_size=40467
[2026-06-06 16:26:56,026][__main__][INFO] - [safety] step=1900 safety/ssm_violation=0.0000 safety/ssm_violation_actual=0.0000 safety/proximity_violation=0.0000 safety/pfl_violation=0.0000 safety/ssm_margin=1.7191 safety/ssm_margin_actual=1.9314 safety/min_separation=2.0999 safety/pfl_force_ratio=0.0000 safety/robot_vel=0.3111 safety/human_vel=0.1851 episode_safety/ep_steps=10.0000 episode_safety/ep_ssm_violation_rate=0.0000 episode_safety/ep_ssm_violation_actual_rate=0.0000 episode_safety/ep_proximity_violation_rate=0.0000 episode_safety/ep_pfl_violation_rate=0.0000 episode_safety/ep_min_ssm_margin=0.7204 episode_safety/ep_min_ssm_margin_actual=0.9060 episode_safety/ep_min_separation=2.0999 episode_safety/ep_mean_separation=2.2678 episode_safety/ep_p5_separation=2.1256 episode_safety/ep_p25_separation=2.2121 episode_safety/ep_max_pfl_force_ratio=0.0000 episode_safety/ep_max_contact_force=0.0000 episode_safety/ep_max_robot_vel=3.2394 episode_safety/ep_mean_robot_vel=1.2817 episode_safety/ep_time_to_first_violation=-1.0000 episode_safety/ep_time_in_proximity_0p3m=0.0000 episode_safety/ep_time_in_proximity_0p5m=0.0000 episode_safety/ep_time_in_proximity_1p0m=0.0000
[2026-06-06 16:27:20,734][__main__][INFO] - [safety] step=1950 safety/ssm_violation=0.0000 safety/ssm_violation_actual=0.0000 safety/proximity_violation=0.0000 safety/pfl_violation=0.0000 safety/ssm_margin=0.3105 safety/ssm_margin_actual=0.5364 safety/min_separation=0.7426 safety/pfl_force_ratio=0.0000 safety/robot_vel=0.5819 safety/human_vel=0.0945 episode_safety/ep_steps=60.0000 episode_safety/ep_ssm_violation_rate=0.0000 episode_safety/ep_ssm_violation_actual_rate=0.0000 episode_safety/ep_proximity_violation_rate=0.0000 episode_safety/ep_pfl_violation_rate=0.0000 episode_safety/ep_min_ssm_margin=0.1404 episode_safety/ep_min_ssm_margin_actual=0.3621 episode_safety/ep_min_separation=0.5568 episode_safety/ep_mean_separation=1.2526 episode_safety/ep_p5_separation=0.5632 episode_safety/ep_p25_separation=0.7244 episode_safety/ep_max_pfl_force_ratio=0.0000 episode_safety/ep_max_contact_force=0.0000 episode_safety/ep_max_robot_vel=3.2394 episode_safety/ep_mean_robot_vel=0.6602 episode_safety/ep_time_to_first_violation=-1.0000 episode_safety/ep_time_in_proximity_0p3m=0.0000 episode_safety/ep_time_in_proximity_0p5m=0.0000 episode_safety/ep_time_in_proximity_1p0m=0.4667
