2026-06-05 10:05:51,790 OpenGL.acceleratesupport INFO No OpenGL_accelerate module loaded: No module named 'OpenGL_accelerate'
2026-06-05 10:05:52,301 absl INFO MUJOCO_GL=egl, attempting to import specified OpenGL backend.
2026-06-05 10:05:52,309 absl INFO MuJoCo library version is: 3.1.5
2026-06-05 10:05:53,729 benchmark_policy INFO Policy kind=cqn_as (snapshot=exp_local/fixed_lambda/fixlam_0p1/lam0p1_seed2/snapshot_18424.pt) max_steps=1000
2026-06-05 10:05:55,103 safety_bigym.envs.safety_bigym_factory INFO Forcing disruption_type=COWORKER for every episode.
2026-06-05 10:05:55,103 safety_bigym.envs.safety_bigym_factory INFO Creating SafetyBiGymEnv: task=SaucepanToHob, inject_human=True, clips=0
2026-06-05 10:06:00,726 safety_bigym.envs.safety_env INFO Human indices: pelvis_id=2, pelvis_mocapid=0, ssm_bodies=14
2026-06-05 10:06:00,727 safety_bigym.envs.safety_env INFO Promoted 69 geoms onto human collision channel (human_emit=bit1, robot_emit=bit2); reset 22 human collision geoms onto the cross-paired channel.
2026-06-05 10:06:00,727 safety_bigym.envs.safety_env INFO Safety wrapper initialized
2026-06-05 10:06:00,728 safety_bigym.envs.safety_env INFO G1 human controller initialized
2026-06-05 10:06:00,728 safety_bigym.envs.safety_bigym_factory INFO Inserting BodySLAMWrapper(mode=noisy, occlusion=none).
2026-06-05 10:06:00,731 root INFO Loading demos via raw BiGym env (for DemoStore compatibility).
2026-06-05 10:06:03,941 root INFO Demos are cached already: /home/ap2322/.bigym/demonstrations/0.9.0
2026-06-05 10:06:03,941 root INFO Demos are cached already: /home/ap2322/.bigym/demonstrations/0.9.0
2026-06-05 10:06:03,941 root INFO Demos are cached already: /home/ap2322/.bigym/demonstrations/0.9.0
2026-06-05 10:06:05,524 root INFO Loaded 36 demos.
2026-06-05 10:06:09,854 safety_bigym.agents.cqn_as.env_adapter INFO Converted 36 demos (29 successful) for CQN-AS.
2026-06-05 10:07:22,829 benchmark_policy INFO seed=0 ep=0: reward=-2.086 success=True prox_rate=0.000
2026-06-05 10:07:28,651 benchmark_policy INFO seed=0 ep=1: reward=-1.867 success=True prox_rate=0.035
2026-06-05 10:07:34,460 benchmark_policy INFO seed=0 ep=2: reward=-2.067 success=True prox_rate=0.000
2026-06-05 10:07:40,348 benchmark_policy INFO seed=0 ep=3: reward=-1.911 success=True prox_rate=0.067
2026-06-05 10:07:46,241 benchmark_policy INFO seed=0 ep=4: reward=-2.228 success=True prox_rate=0.044
2026-06-05 10:07:52,071 benchmark_policy INFO seed=0 ep=5: reward=-1.738 success=True prox_rate=0.220
2026-06-05 10:07:58,511 benchmark_policy INFO seed=0 ep=6: reward=-2.351 success=True prox_rate=0.031
2026-06-05 10:08:04,337 benchmark_policy INFO seed=0 ep=7: reward=-1.716 success=True prox_rate=0.000
2026-06-05 10:08:11,908 benchmark_policy INFO seed=0 ep=8: reward=-2.170 success=True prox_rate=0.492
2026-06-05 10:08:24,989 benchmark_policy INFO seed=0 ep=9: reward=-1.452 success=True prox_rate=0.654
2026-06-05 10:08:56,122 benchmark_policy INFO seed=0 ep=10: reward=-3.350 success=False prox_rate=0.806
2026-06-05 10:09:06,845 benchmark_policy INFO seed=0 ep=11: reward=-1.663 success=True prox_rate=0.278
2026-06-05 10:09:13,034 benchmark_policy INFO seed=0 ep=12: reward=-1.643 success=True prox_rate=0.527
2026-06-05 10:09:19,184 benchmark_policy INFO seed=0 ep=13: reward=-2.238 success=True prox_rate=0.238
2026-06-05 10:09:25,241 benchmark_policy INFO seed=0 ep=14: reward=-2.002 success=True prox_rate=0.054
2026-06-05 10:10:04,676 benchmark_policy INFO seed=0 ep=15: reward=-9.086 success=False prox_rate=0.806
2026-06-05 10:10:12,088 benchmark_policy INFO seed=0 ep=16: reward=-1.806 success=True prox_rate=0.494
2026-06-05 10:10:17,846 benchmark_policy INFO seed=0 ep=17: reward=-1.692 success=True prox_rate=0.053
2026-06-05 10:10:23,641 benchmark_policy INFO seed=0 ep=18: reward=-2.074 success=True prox_rate=0.038
2026-06-05 10:10:30,991 benchmark_policy INFO seed=0 ep=19: reward=-1.922 success=True prox_rate=0.000
2026-06-05 10:10:36,858 benchmark_policy INFO seed=1 ep=0: reward=-1.809 success=True prox_rate=0.052
2026-06-05 10:10:43,517 benchmark_policy INFO seed=1 ep=1: reward=-1.563 success=True prox_rate=0.553
2026-06-05 10:11:03,236 benchmark_policy INFO seed=1 ep=2: reward=-12.230 success=False prox_rate=0.344
2026-06-05 10:11:09,122 benchmark_policy INFO seed=1 ep=3: reward=-1.881 success=True prox_rate=0.003
2026-06-05 10:11:32,002 benchmark_policy INFO seed=1 ep=4: reward=-11.962 success=False prox_rate=0.337
2026-06-05 10:11:37,799 benchmark_policy INFO seed=1 ep=5: reward=-1.808 success=True prox_rate=0.000
2026-06-05 10:11:43,852 benchmark_policy INFO seed=1 ep=6: reward=-2.330 success=True prox_rate=0.016
2026-06-05 10:11:49,884 benchmark_policy INFO seed=1 ep=7: reward=-2.177 success=True prox_rate=0.056
2026-06-05 10:12:23,777 benchmark_policy INFO seed=1 ep=8: reward=-12.481 success=False prox_rate=0.801
2026-06-05 10:12:45,764 benchmark_policy INFO seed=1 ep=9: reward=-10.926 success=False prox_rate=0.583
2026-06-05 10:12:51,690 benchmark_policy INFO seed=1 ep=10: reward=-1.713 success=True prox_rate=0.000
2026-06-05 10:12:58,171 benchmark_policy INFO seed=1 ep=11: reward=-1.786 success=True prox_rate=0.096
2026-06-05 10:13:04,115 benchmark_policy INFO seed=1 ep=12: reward=-2.095 success=True prox_rate=0.000
2026-06-05 10:13:44,283 benchmark_policy INFO seed=1 ep=13: reward=-12.445 success=False prox_rate=0.734
2026-06-05 10:13:49,949 benchmark_policy INFO seed=1 ep=14: reward=-1.883 success=True prox_rate=0.480
2026-06-05 10:14:12,541 benchmark_policy INFO seed=1 ep=15: reward=-10.162 success=False prox_rate=0.805
2026-06-05 10:14:18,749 benchmark_policy INFO seed=1 ep=16: reward=-1.947 success=True prox_rate=0.675
2026-06-05 10:14:27,721 benchmark_policy INFO seed=1 ep=17: reward=-1.833 success=True prox_rate=0.211
2026-06-05 10:14:40,233 benchmark_policy INFO seed=1 ep=18: reward=-1.958 success=True prox_rate=0.707
2026-06-05 10:14:46,129 benchmark_policy INFO seed=1 ep=19: reward=-1.804 success=True prox_rate=0.037
2026-06-05 10:14:57,347 benchmark_policy INFO seed=2 ep=0: reward=-2.021 success=True prox_rate=0.568
2026-06-05 10:15:15,790 benchmark_policy INFO seed=2 ep=1: reward=-10.106 success=False prox_rate=0.000
2026-06-05 10:15:25,871 benchmark_policy INFO seed=2 ep=2: reward=-1.689 success=True prox_rate=0.397
2026-06-05 10:15:35,047 benchmark_policy INFO seed=2 ep=3: reward=-1.468 success=True prox_rate=0.535
2026-06-05 10:15:40,682 benchmark_policy INFO seed=2 ep=4: reward=-2.014 success=True prox_rate=0.405
2026-06-05 10:15:46,163 benchmark_policy INFO seed=2 ep=5: reward=-2.122 success=True prox_rate=0.000
2026-06-05 10:16:04,835 benchmark_policy INFO seed=2 ep=6: reward=-8.119 success=False prox_rate=0.000
2026-06-05 10:16:26,616 benchmark_policy INFO seed=2 ep=7: reward=-27.311 success=False prox_rate=0.571
2026-06-05 10:16:48,369 benchmark_policy INFO seed=2 ep=8: reward=-12.488 success=False prox_rate=0.725
2026-06-05 10:17:23,799 benchmark_policy INFO seed=2 ep=9: reward=-11.273 success=False prox_rate=0.429
2026-06-05 10:17:32,913 benchmark_policy INFO seed=2 ep=10: reward=-1.562 success=True prox_rate=0.449
2026-06-05 10:17:42,259 benchmark_policy INFO seed=2 ep=11: reward=-2.039 success=True prox_rate=0.649
2026-06-05 10:17:51,774 benchmark_policy INFO seed=2 ep=12: reward=-2.323 success=True prox_rate=0.377
2026-06-05 10:17:57,691 benchmark_policy INFO seed=2 ep=13: reward=-1.677 success=True prox_rate=0.000
2026-06-05 10:18:06,946 benchmark_policy INFO seed=2 ep=14: reward=-1.941 success=True prox_rate=0.324
2026-06-05 10:18:16,169 benchmark_policy INFO seed=2 ep=15: reward=-2.493 success=True prox_rate=0.335
2026-06-05 10:18:48,965 benchmark_policy INFO seed=2 ep=16: reward=-10.104 success=False prox_rate=0.748
2026-06-05 10:18:54,596 benchmark_policy INFO seed=2 ep=17: reward=-1.729 success=True prox_rate=0.137
2026-06-05 10:19:03,748 benchmark_policy INFO seed=2 ep=18: reward=-1.744 success=True prox_rate=0.769
2026-06-05 10:19:09,489 benchmark_policy INFO seed=2 ep=19: reward=-1.666 success=True prox_rate=0.000
2026-06-05 10:19:09,636 benchmark_policy INFO Wrote 1 cell row to /home/ap2322/Documents/safety_bigym/results/e4_1/basin_lam0p1_seed2_noisy/s18424.csv (60 episodes) + raw rolls to /home/ap2322/Documents/safety_bigym/results/e4_1/basin_lam0p1_seed2_noisy/s18424.raw_episodes.parquet
MultiViewCNNEncoder(
  (conv_nets): ModuleList(
    (0-2): 3 x Sequential(
      (0): Conv2d(12, 32, kernel_size=(4, 4), stride=(2, 2), padding=(1, 1))
      (1): ImgChLayerNorm()
      (2): SiLU()
      (3): Conv2d(32, 64, kernel_size=(4, 4), stride=(2, 2), padding=(1, 1))
      (4): ImgChLayerNorm()
      (5): SiLU()
      (6): Conv2d(64, 128, kernel_size=(4, 4), stride=(2, 2), padding=(1, 1))
      (7): ImgChLayerNorm()
      (8): SiLU()
      (9): Conv2d(128, 256, kernel_size=(4, 4), stride=(2, 2), padding=(1, 1))
      (10): ImgChLayerNorm()
      (11): SiLU()
    )
  )
)
C2FCritic(
  (network): C2FCriticNetwork(
    (adv_rgb_encoder): Sequential(
      (0): Linear(in_features=19200, out_features=512, bias=False)
      (1): LayerNorm((512,), eps=1e-05, elementwise_affine=True)
      (2): SiLU()
      (3): Linear(in_features=512, out_features=512, bias=False)
      (4): LayerNorm((512,), eps=1e-05, elementwise_affine=True)
      (5): SiLU()
      (6): Linear(in_features=512, out_features=64, bias=False)
      (7): LayerNorm((64,), eps=1e-05, elementwise_affine=True)
      (8): Tanh()
    )
    (adv_low_dim_encoder): Sequential(
      (0): Linear(in_features=288, out_features=64, bias=False)
      (1): LayerNorm((64,), eps=1e-05, elementwise_affine=True)
      (2): Tanh()
    )
    (adv_net): Sequential(
      (0): Linear(in_features=163, out_features=512, bias=False)
      (1): LayerNorm((512,), eps=1e-05, elementwise_affine=True)
      (2): SiLU()
      (3): Linear(in_features=512, out_features=512, bias=False)
      (4): LayerNorm((512,), eps=1e-05, elementwise_affine=True)
      (5): SiLU()
    )
    (adv_gru): GRU(512, 512, batch_first=True)
    (adv_head): Linear(in_features=512, out_features=8080, bias=True)
    (value_rgb_encoder): Sequential(
      (0): Linear(in_features=19200, out_features=512, bias=False)
      (1): LayerNorm((512,), eps=1e-05, elementwise_affine=True)
      (2): SiLU()
      (3): Linear(in_features=512, out_features=512, bias=False)
      (4): LayerNorm((512,), eps=1e-05, elementwise_affine=True)
      (5): SiLU()
      (6): Linear(in_features=512, out_features=64, bias=False)
      (7): LayerNorm((64,), eps=1e-05, elementwise_affine=True)
      (8): Tanh()
    )
    (value_low_dim_encoder): Sequential(
      (0): Linear(in_features=288, out_features=64, bias=False)
      (1): LayerNorm((64,), eps=1e-05, elementwise_affine=True)
      (2): Tanh()
    )
    (value_net): Sequential(
      (0): Linear(in_features=163, out_features=512, bias=False)
      (1): LayerNorm((512,), eps=1e-05, elementwise_affine=True)
      (2): SiLU()
      (3): Linear(in_features=512, out_features=512, bias=False)
      (4): LayerNorm((512,), eps=1e-05, elementwise_affine=True)
      (5): SiLU()
    )
    (value_gru): GRU(512, 512, batch_first=True)
    (value_head): Linear(in_features=512, out_features=1616, bias=True)
  )
)
success_rate=0.7666666666666667 ep_proximity_violation_rate=0.31240815811496747 ep_min_separation=0.13959983605199067
