2026-06-05 10:33:49,057 OpenGL.acceleratesupport INFO No OpenGL_accelerate module loaded: No module named 'OpenGL_accelerate'
2026-06-05 10:33:49,503 absl INFO MUJOCO_GL=egl, attempting to import specified OpenGL backend.
2026-06-05 10:33:49,510 absl INFO MuJoCo library version is: 3.1.5
2026-06-05 10:33:50,852 benchmark_policy INFO Policy kind=cqn_as (snapshot=exp_local/fixed_lambda/fixlam_0p1/lam0p1_seed2/snapshot_32696.pt) max_steps=1000
2026-06-05 10:33:51,632 safety_bigym.envs.safety_bigym_factory INFO Forcing disruption_type=COWORKER for every episode.
2026-06-05 10:33:51,632 safety_bigym.envs.safety_bigym_factory INFO Creating SafetyBiGymEnv: task=SaucepanToHob, inject_human=True, clips=0
2026-06-05 10:33:57,337 safety_bigym.envs.safety_env INFO Human indices: pelvis_id=2, pelvis_mocapid=0, ssm_bodies=14
2026-06-05 10:33:57,338 safety_bigym.envs.safety_env INFO Promoted 69 geoms onto human collision channel (human_emit=bit1, robot_emit=bit2); reset 22 human collision geoms onto the cross-paired channel.
2026-06-05 10:33:57,338 safety_bigym.envs.safety_env INFO Safety wrapper initialized
2026-06-05 10:33:57,338 safety_bigym.envs.safety_env INFO G1 human controller initialized
2026-06-05 10:33:57,338 safety_bigym.envs.safety_bigym_factory INFO Inserting BodySLAMWrapper(mode=noisy, occlusion=none).
2026-06-05 10:33:57,342 root INFO Loading demos via raw BiGym env (for DemoStore compatibility).
2026-06-05 10:34:00,482 root INFO Demos are cached already: /home/ap2322/.bigym/demonstrations/0.9.0
2026-06-05 10:34:00,483 root INFO Demos are cached already: /home/ap2322/.bigym/demonstrations/0.9.0
2026-06-05 10:34:00,483 root INFO Demos are cached already: /home/ap2322/.bigym/demonstrations/0.9.0
2026-06-05 10:34:02,010 root INFO Loaded 36 demos.
2026-06-05 10:34:06,188 safety_bigym.agents.cqn_as.env_adapter INFO Converted 36 demos (29 successful) for CQN-AS.
2026-06-05 10:34:24,434 benchmark_policy INFO seed=0 ep=0: reward=-2.069 success=True prox_rate=0.000
2026-06-05 10:34:30,309 benchmark_policy INFO seed=0 ep=1: reward=-1.867 success=True prox_rate=0.035
2026-06-05 10:34:36,001 benchmark_policy INFO seed=0 ep=2: reward=-2.093 success=True prox_rate=0.000
2026-06-05 10:34:41,634 benchmark_policy INFO seed=0 ep=3: reward=-1.974 success=True prox_rate=0.062
2026-06-05 10:34:47,184 benchmark_policy INFO seed=0 ep=4: reward=-2.271 success=True prox_rate=0.051
2026-06-05 10:34:52,697 benchmark_policy INFO seed=0 ep=5: reward=-1.785 success=True prox_rate=0.238
2026-06-05 10:34:58,446 benchmark_policy INFO seed=0 ep=6: reward=-2.217 success=True prox_rate=0.031
2026-06-05 10:35:03,980 benchmark_policy INFO seed=0 ep=7: reward=-1.759 success=True prox_rate=0.000
2026-06-05 10:35:12,149 benchmark_policy INFO seed=0 ep=8: reward=-2.197 success=True prox_rate=0.472
2026-06-05 10:35:25,040 benchmark_policy INFO seed=0 ep=9: reward=-1.460 success=True prox_rate=0.659
2026-06-05 10:35:37,748 benchmark_policy INFO seed=0 ep=10: reward=-32.675 success=False prox_rate=0.114
2026-06-05 10:35:47,756 benchmark_policy INFO seed=0 ep=11: reward=-1.633 success=True prox_rate=0.288
2026-06-05 10:35:53,822 benchmark_policy INFO seed=0 ep=12: reward=-1.636 success=True prox_rate=0.535
2026-06-05 10:35:59,396 benchmark_policy INFO seed=0 ep=13: reward=-2.237 success=True prox_rate=0.237
2026-06-05 10:36:05,009 benchmark_policy INFO seed=0 ep=14: reward=-1.954 success=True prox_rate=0.057
2026-06-05 10:36:17,561 benchmark_policy INFO seed=0 ep=15: reward=-32.900 success=False prox_rate=0.092
2026-06-05 10:36:30,626 benchmark_policy INFO seed=0 ep=16: reward=-4.550 success=True prox_rate=0.436
2026-06-05 10:36:36,233 benchmark_policy INFO seed=0 ep=17: reward=-1.739 success=True prox_rate=0.048
2026-06-05 10:36:41,777 benchmark_policy INFO seed=0 ep=18: reward=-2.019 success=True prox_rate=0.035
2026-06-05 10:36:48,885 benchmark_policy INFO seed=0 ep=19: reward=-1.898 success=True prox_rate=0.000
2026-06-05 10:36:54,467 benchmark_policy INFO seed=1 ep=0: reward=-1.732 success=True prox_rate=0.051
2026-06-05 10:37:00,741 benchmark_policy INFO seed=1 ep=1: reward=-1.546 success=True prox_rate=0.548
2026-06-05 10:37:18,814 benchmark_policy INFO seed=1 ep=2: reward=-25.293 success=False prox_rate=0.295
2026-06-05 10:37:24,348 benchmark_policy INFO seed=1 ep=3: reward=-1.782 success=True prox_rate=0.000
2026-06-05 10:37:29,873 benchmark_policy INFO seed=1 ep=4: reward=-1.949 success=True prox_rate=0.000
2026-06-05 10:37:35,397 benchmark_policy INFO seed=1 ep=5: reward=-1.805 success=True prox_rate=0.000
2026-06-05 10:37:41,090 benchmark_policy INFO seed=1 ep=6: reward=-2.360 success=True prox_rate=0.010
2026-06-05 10:37:46,636 benchmark_policy INFO seed=1 ep=7: reward=-2.169 success=True prox_rate=0.060
2026-06-05 10:37:56,944 benchmark_policy INFO seed=1 ep=8: reward=-27.891 success=False prox_rate=0.073
2026-06-05 10:38:10,510 benchmark_policy INFO seed=1 ep=9: reward=-29.538 success=False prox_rate=0.184
2026-06-05 10:38:15,942 benchmark_policy INFO seed=1 ep=10: reward=-1.648 success=True prox_rate=0.000
2026-06-05 10:38:21,582 benchmark_policy INFO seed=1 ep=11: reward=-1.709 success=True prox_rate=0.089
2026-06-05 10:38:27,156 benchmark_policy INFO seed=1 ep=12: reward=-1.942 success=True prox_rate=0.000
2026-06-05 10:38:40,076 benchmark_policy INFO seed=1 ep=13: reward=-29.578 success=False prox_rate=0.169
2026-06-05 10:38:45,512 benchmark_policy INFO seed=1 ep=14: reward=-1.876 success=True prox_rate=0.472
2026-06-05 10:39:04,924 benchmark_policy INFO seed=1 ep=15: reward=-34.869 success=False prox_rate=0.317
2026-06-05 10:39:17,844 benchmark_policy INFO seed=1 ep=16: reward=-28.915 success=False prox_rate=0.220
2026-06-05 10:39:26,395 benchmark_policy INFO seed=1 ep=17: reward=-1.772 success=True prox_rate=0.217
2026-06-05 10:39:38,018 benchmark_policy INFO seed=1 ep=18: reward=-1.945 success=True prox_rate=0.717
2026-06-05 10:39:43,505 benchmark_policy INFO seed=1 ep=19: reward=-1.458 success=True prox_rate=0.038
2026-06-05 10:39:54,189 benchmark_policy INFO seed=2 ep=0: reward=-1.994 success=True prox_rate=0.565
2026-06-05 10:40:22,841 benchmark_policy INFO seed=2 ep=1: reward=-30.448 success=False prox_rate=0.211
2026-06-05 10:40:33,116 benchmark_policy INFO seed=2 ep=2: reward=-1.690 success=True prox_rate=0.390
2026-06-05 10:40:41,972 benchmark_policy INFO seed=2 ep=3: reward=-1.475 success=True prox_rate=0.505
2026-06-05 10:40:47,281 benchmark_policy INFO seed=2 ep=4: reward=-1.969 success=True prox_rate=0.399
2026-06-05 10:40:52,867 benchmark_policy INFO seed=2 ep=5: reward=-2.065 success=True prox_rate=0.000
2026-06-05 10:41:16,198 benchmark_policy INFO seed=2 ep=6: reward=-32.365 success=False prox_rate=0.291
2026-06-05 10:41:33,661 benchmark_policy INFO seed=2 ep=7: reward=-29.658 success=False prox_rate=0.353
2026-06-05 10:41:54,975 benchmark_policy INFO seed=2 ep=8: reward=-35.329 success=False prox_rate=0.243
2026-06-05 10:42:20,143 benchmark_policy INFO seed=2 ep=9: reward=-36.567 success=False prox_rate=0.241
2026-06-05 10:42:34,969 benchmark_policy INFO seed=2 ep=10: reward=-32.606 success=False prox_rate=0.056
2026-06-05 10:42:44,069 benchmark_policy INFO seed=2 ep=11: reward=-2.071 success=True prox_rate=0.658
2026-06-05 10:42:53,351 benchmark_policy INFO seed=2 ep=12: reward=-2.293 success=True prox_rate=0.375
2026-06-05 10:42:58,967 benchmark_policy INFO seed=2 ep=13: reward=-1.694 success=True prox_rate=0.000
2026-06-05 10:43:08,048 benchmark_policy INFO seed=2 ep=14: reward=-1.914 success=True prox_rate=0.322
2026-06-05 10:43:17,715 benchmark_policy INFO seed=2 ep=15: reward=-2.392 success=True prox_rate=0.343
2026-06-05 10:43:28,327 benchmark_policy INFO seed=2 ep=16: reward=-2.106 success=True prox_rate=0.598
2026-06-05 10:43:33,670 benchmark_policy INFO seed=2 ep=17: reward=-1.743 success=True prox_rate=0.133
2026-06-05 10:43:55,607 benchmark_policy INFO seed=2 ep=18: reward=-32.941 success=False prox_rate=0.277
2026-06-05 10:44:01,220 benchmark_policy INFO seed=2 ep=19: reward=-1.687 success=True prox_rate=0.000
2026-06-05 10:44:01,379 benchmark_policy INFO Wrote 1 cell row to /home/ap2322/Documents/safety_bigym/results/e4_1/basin_lam0p1_seed2_noisy/s32696.csv (60 episodes) + raw rolls to /home/ap2322/Documents/safety_bigym/results/e4_1/basin_lam0p1_seed2_noisy/s32696.raw_episodes.parquet
MultiViewCNNEncoder(
  (conv_nets): ModuleList(
    (0-2): 3 x Sequential(
      (0): Conv2d(12, 32, kernel_size=(4, 4), stride=(2, 2), padding=(1, 1))
      (1): ImgChLayerNorm()
      (2): SiLU()
      (3): Conv2d(32, 64, kernel_size=(4, 4), stride=(2, 2), padding=(1, 1))
      (4): ImgChLayerNorm()
      (5): SiLU()
      (6): Conv2d(64, 128, kernel_size=(4, 4), stride=(2, 2), padding=(1, 1))
      (7): ImgChLayerNorm()
      (8): SiLU()
      (9): Conv2d(128, 256, kernel_size=(4, 4), stride=(2, 2), padding=(1, 1))
      (10): ImgChLayerNorm()
      (11): SiLU()
    )
  )
)
C2FCritic(
  (network): C2FCriticNetwork(
    (adv_rgb_encoder): Sequential(
      (0): Linear(in_features=19200, out_features=512, bias=False)
      (1): LayerNorm((512,), eps=1e-05, elementwise_affine=True)
      (2): SiLU()
      (3): Linear(in_features=512, out_features=512, bias=False)
      (4): LayerNorm((512,), eps=1e-05, elementwise_affine=True)
      (5): SiLU()
      (6): Linear(in_features=512, out_features=64, bias=False)
      (7): LayerNorm((64,), eps=1e-05, elementwise_affine=True)
      (8): Tanh()
    )
    (adv_low_dim_encoder): Sequential(
      (0): Linear(in_features=288, out_features=64, bias=False)
      (1): LayerNorm((64,), eps=1e-05, elementwise_affine=True)
      (2): Tanh()
    )
    (adv_net): Sequential(
      (0): Linear(in_features=163, out_features=512, bias=False)
      (1): LayerNorm((512,), eps=1e-05, elementwise_affine=True)
      (2): SiLU()
      (3): Linear(in_features=512, out_features=512, bias=False)
      (4): LayerNorm((512,), eps=1e-05, elementwise_affine=True)
      (5): SiLU()
    )
    (adv_gru): GRU(512, 512, batch_first=True)
    (adv_head): Linear(in_features=512, out_features=8080, bias=True)
    (value_rgb_encoder): Sequential(
      (0): Linear(in_features=19200, out_features=512, bias=False)
      (1): LayerNorm((512,), eps=1e-05, elementwise_affine=True)
      (2): SiLU()
      (3): Linear(in_features=512, out_features=512, bias=False)
      (4): LayerNorm((512,), eps=1e-05, elementwise_affine=True)
      (5): SiLU()
      (6): Linear(in_features=512, out_features=64, bias=False)
      (7): LayerNorm((64,), eps=1e-05, elementwise_affine=True)
      (8): Tanh()
    )
    (value_low_dim_encoder): Sequential(
      (0): Linear(in_features=288, out_features=64, bias=False)
      (1): LayerNorm((64,), eps=1e-05, elementwise_affine=True)
      (2): Tanh()
    )
    (value_net): Sequential(
      (0): Linear(in_features=163, out_features=512, bias=False)
      (1): LayerNorm((512,), eps=1e-05, elementwise_affine=True)
      (2): SiLU()
      (3): Linear(in_features=512, out_features=512, bias=False)
      (4): LayerNorm((512,), eps=1e-05, elementwise_affine=True)
      (5): SiLU()
    )
    (value_gru): GRU(512, 512, batch_first=True)
    (value_head): Linear(in_features=512, out_features=1616, bias=True)
  )
)
success_rate=0.75 ep_proximity_violation_rate=0.2134145456720833 ep_min_separation=0.13538046965654532
