2026-06-04 09:49:47,891 OpenGL.acceleratesupport INFO No OpenGL_accelerate module loaded: No module named 'OpenGL_accelerate'
2026-06-04 09:49:48,505 absl INFO MUJOCO_GL=egl, attempting to import specified OpenGL backend.
2026-06-04 09:49:48,515 absl INFO MuJoCo library version is: 3.1.5
2026-06-04 09:49:51,347 benchmark_policy INFO Policy kind=cqn_as (snapshot=exp_local/fixed_lambda/fixlam0p27/lam0p27_seed2/snapshot_28163.pt) max_steps=1000
2026-06-04 09:49:51,771 safety_bigym.envs.safety_bigym_factory INFO Forcing disruption_type=COWORKER for every episode.
2026-06-04 09:49:51,771 safety_bigym.envs.safety_bigym_factory INFO Creating SafetyBiGymEnv: task=SaucepanToHob, inject_human=True, clips=0
2026-06-04 09:49:59,465 safety_bigym.envs.safety_env INFO Human indices: pelvis_id=2, pelvis_mocapid=0, ssm_bodies=14
2026-06-04 09:49:59,467 safety_bigym.envs.safety_env INFO Promoted 69 geoms onto human collision channel (human_emit=bit1, robot_emit=bit2); reset 22 human collision geoms onto the cross-paired channel.
2026-06-04 09:49:59,467 safety_bigym.envs.safety_env INFO Safety wrapper initialized
2026-06-04 09:49:59,468 safety_bigym.envs.safety_env INFO G1 human controller initialized
2026-06-04 09:49:59,468 safety_bigym.envs.safety_bigym_factory INFO Inserting BodySLAMWrapper(mode=noisy, occlusion=none).
2026-06-04 09:49:59,473 root INFO Loading demos via raw BiGym env (for DemoStore compatibility).
2026-06-04 09:50:03,840 root INFO Demos are cached already: /home/ap2322/.bigym/demonstrations/0.9.0
2026-06-04 09:50:03,841 root INFO Demos are cached already: /home/ap2322/.bigym/demonstrations/0.9.0
2026-06-04 09:50:03,841 root INFO Demos are cached already: /home/ap2322/.bigym/demonstrations/0.9.0
2026-06-04 09:50:05,858 root INFO Loaded 36 demos.
2026-06-04 09:50:12,753 safety_bigym.agents.cqn_as.env_adapter INFO Converted 36 demos (29 successful) for CQN-AS.
2026-06-04 10:13:05,585 benchmark_policy INFO seed=0 ep=0: reward=-2.187 success=True prox_rate=0.000
2026-06-04 10:13:14,525 benchmark_policy INFO seed=0 ep=1: reward=-2.046 success=True prox_rate=0.023
2026-06-04 10:13:36,758 benchmark_policy INFO seed=0 ep=2: reward=-45.212 success=False prox_rate=0.000
2026-06-04 10:13:55,949 benchmark_policy INFO seed=0 ep=3: reward=-23.151 success=False prox_rate=0.024
2026-06-04 10:14:05,434 benchmark_policy INFO seed=0 ep=4: reward=-2.575 success=True prox_rate=0.046
2026-06-04 10:14:14,588 benchmark_policy INFO seed=0 ep=5: reward=-1.867 success=True prox_rate=0.230
2026-06-04 10:14:24,021 benchmark_policy INFO seed=0 ep=6: reward=-2.290 success=True prox_rate=0.031
2026-06-04 10:14:31,998 benchmark_policy INFO seed=0 ep=7: reward=-1.895 success=True prox_rate=0.000
2026-06-04 10:14:41,424 benchmark_policy INFO seed=0 ep=8: reward=-2.495 success=True prox_rate=0.505
2026-06-04 10:14:57,732 benchmark_policy INFO seed=0 ep=9: reward=-1.557 success=True prox_rate=0.552
2026-06-04 10:15:13,932 benchmark_policy INFO seed=0 ep=10: reward=-24.285 success=False prox_rate=0.201
2026-06-04 10:15:30,800 benchmark_policy INFO seed=0 ep=11: reward=-1.793 success=True prox_rate=0.277
2026-06-04 10:15:41,213 benchmark_policy INFO seed=0 ep=12: reward=-1.825 success=True prox_rate=0.497
2026-06-04 10:15:53,569 benchmark_policy INFO seed=0 ep=13: reward=-22.025 success=False prox_rate=0.000
2026-06-04 10:16:02,327 benchmark_policy INFO seed=0 ep=14: reward=-2.113 success=True prox_rate=0.056
2026-06-04 10:16:26,585 benchmark_policy INFO seed=0 ep=15: reward=-23.619 success=False prox_rate=0.372
2026-06-04 10:16:50,487 benchmark_policy INFO seed=0 ep=16: reward=-22.070 success=False prox_rate=0.193
2026-06-04 10:17:00,002 benchmark_policy INFO seed=0 ep=17: reward=-1.827 success=True prox_rate=0.051
2026-06-04 10:17:09,172 benchmark_policy INFO seed=0 ep=18: reward=-2.207 success=True prox_rate=0.040
2026-06-04 10:17:17,983 benchmark_policy INFO seed=0 ep=19: reward=-1.808 success=True prox_rate=0.000
2026-06-04 10:17:27,242 benchmark_policy INFO seed=1 ep=0: reward=-1.968 success=True prox_rate=0.048
2026-06-04 10:17:38,266 benchmark_policy INFO seed=1 ep=1: reward=-1.831 success=True prox_rate=0.531
2026-06-04 10:17:58,200 benchmark_policy INFO seed=1 ep=2: reward=-20.321 success=False prox_rate=0.343
2026-06-04 10:18:06,733 benchmark_policy INFO seed=1 ep=3: reward=-1.968 success=True prox_rate=0.006
2026-06-04 10:18:13,537 benchmark_policy INFO seed=1 ep=4: reward=-1.936 success=True prox_rate=0.000
2026-06-04 10:18:22,554 benchmark_policy INFO seed=1 ep=5: reward=-2.152 success=True prox_rate=0.000
2026-06-04 10:18:42,763 benchmark_policy INFO seed=1 ep=6: reward=-26.139 success=False prox_rate=0.003
2026-06-04 10:18:58,004 benchmark_policy INFO seed=1 ep=7: reward=-21.258 success=False prox_rate=0.036
2026-06-04 10:19:11,731 benchmark_policy INFO seed=1 ep=8: reward=-22.219 success=False prox_rate=0.190
2026-06-04 10:19:24,529 benchmark_policy INFO seed=1 ep=9: reward=-18.547 success=False prox_rate=0.241
2026-06-04 10:19:31,123 benchmark_policy INFO seed=1 ep=10: reward=-2.151 success=True prox_rate=0.000
2026-06-04 10:19:41,436 benchmark_policy INFO seed=1 ep=11: reward=-1.863 success=True prox_rate=0.076
2026-06-04 10:19:50,010 benchmark_policy INFO seed=1 ep=12: reward=-2.135 success=True prox_rate=0.000
2026-06-04 10:20:00,921 benchmark_policy INFO seed=1 ep=13: reward=-16.649 success=False prox_rate=0.062
2026-06-04 10:20:11,444 benchmark_policy INFO seed=1 ep=14: reward=-2.057 success=True prox_rate=0.453
2026-06-04 10:20:26,228 benchmark_policy INFO seed=1 ep=15: reward=-2.166 success=True prox_rate=0.880
2026-06-04 10:20:38,344 benchmark_policy INFO seed=1 ep=16: reward=-19.777 success=False prox_rate=0.359
2026-06-04 10:20:49,193 benchmark_policy INFO seed=1 ep=17: reward=-1.727 success=True prox_rate=0.188
2026-06-04 10:21:18,871 benchmark_policy INFO seed=1 ep=18: reward=-35.970 success=False prox_rate=0.312
2026-06-04 10:21:25,271 benchmark_policy INFO seed=1 ep=19: reward=-1.602 success=True prox_rate=0.045
2026-06-04 10:21:37,086 benchmark_policy INFO seed=2 ep=0: reward=-2.254 success=True prox_rate=0.511
2026-06-04 10:21:44,463 benchmark_policy INFO seed=2 ep=1: reward=-2.350 success=True prox_rate=0.000
2026-06-04 10:21:59,499 benchmark_policy INFO seed=2 ep=2: reward=-1.694 success=True prox_rate=0.386
2026-06-04 10:22:13,717 benchmark_policy INFO seed=2 ep=3: reward=-1.622 success=True prox_rate=0.477
2026-06-04 10:22:22,092 benchmark_policy INFO seed=2 ep=4: reward=-2.347 success=True prox_rate=0.294
2026-06-04 10:22:36,218 benchmark_policy INFO seed=2 ep=5: reward=-25.121 success=False prox_rate=0.000
2026-06-04 10:22:50,828 benchmark_policy INFO seed=2 ep=6: reward=-18.853 success=False prox_rate=0.000
2026-06-04 10:23:09,919 benchmark_policy INFO seed=2 ep=7: reward=-30.708 success=False prox_rate=0.355
2026-06-04 10:23:18,867 benchmark_policy INFO seed=2 ep=8: reward=-2.538 success=True prox_rate=0.442
2026-06-04 10:23:42,754 benchmark_policy INFO seed=2 ep=9: reward=-24.963 success=False prox_rate=0.276
2026-06-04 10:23:51,849 benchmark_policy INFO seed=2 ep=10: reward=-19.032 success=False prox_rate=0.054
2026-06-04 10:24:15,085 benchmark_policy INFO seed=2 ep=11: reward=-22.843 success=False prox_rate=0.362
2026-06-04 10:24:25,471 benchmark_policy INFO seed=2 ep=12: reward=-2.253 success=True prox_rate=0.362
2026-06-04 10:24:34,131 benchmark_policy INFO seed=2 ep=13: reward=-1.953 success=True prox_rate=0.006
2026-06-04 10:24:47,043 benchmark_policy INFO seed=2 ep=14: reward=-22.053 success=False prox_rate=0.000
2026-06-04 10:25:01,235 benchmark_policy INFO seed=2 ep=15: reward=-25.661 success=False prox_rate=0.000
2026-06-04 10:25:16,283 benchmark_policy INFO seed=2 ep=16: reward=-18.212 success=False prox_rate=0.271
2026-06-04 10:25:23,290 benchmark_policy INFO seed=2 ep=17: reward=-2.026 success=True prox_rate=0.139
2026-06-04 10:25:56,429 benchmark_policy INFO seed=2 ep=18: reward=-30.664 success=False prox_rate=0.358
2026-06-04 10:26:05,287 benchmark_policy INFO seed=2 ep=19: reward=-1.765 success=True prox_rate=0.000
2026-06-04 10:26:05,516 benchmark_policy INFO Wrote 1 cell row to /home/ap2322/Documents/safety_bigym/results/e4_1/basin_lam0p27_seed2_noisy/s28163.csv (60 episodes) + raw rolls to /home/ap2322/Documents/safety_bigym/results/e4_1/basin_lam0p27_seed2_noisy/s28163.raw_episodes.parquet
MultiViewCNNEncoder(
  (conv_nets): ModuleList(
    (0-2): 3 x Sequential(
      (0): Conv2d(12, 32, kernel_size=(4, 4), stride=(2, 2), padding=(1, 1))
      (1): ImgChLayerNorm()
      (2): SiLU()
      (3): Conv2d(32, 64, kernel_size=(4, 4), stride=(2, 2), padding=(1, 1))
      (4): ImgChLayerNorm()
      (5): SiLU()
      (6): Conv2d(64, 128, kernel_size=(4, 4), stride=(2, 2), padding=(1, 1))
      (7): ImgChLayerNorm()
      (8): SiLU()
      (9): Conv2d(128, 256, kernel_size=(4, 4), stride=(2, 2), padding=(1, 1))
      (10): ImgChLayerNorm()
      (11): SiLU()
    )
  )
)
C2FCritic(
  (network): C2FCriticNetwork(
    (adv_rgb_encoder): Sequential(
      (0): Linear(in_features=19200, out_features=512, bias=False)
      (1): LayerNorm((512,), eps=1e-05, elementwise_affine=True)
      (2): SiLU()
      (3): Linear(in_features=512, out_features=512, bias=False)
      (4): LayerNorm((512,), eps=1e-05, elementwise_affine=True)
      (5): SiLU()
      (6): Linear(in_features=512, out_features=64, bias=False)
      (7): LayerNorm((64,), eps=1e-05, elementwise_affine=True)
      (8): Tanh()
    )
    (adv_low_dim_encoder): Sequential(
      (0): Linear(in_features=288, out_features=64, bias=False)
      (1): LayerNorm((64,), eps=1e-05, elementwise_affine=True)
      (2): Tanh()
    )
    (adv_net): Sequential(
      (0): Linear(in_features=163, out_features=512, bias=False)
      (1): LayerNorm((512,), eps=1e-05, elementwise_affine=True)
      (2): SiLU()
      (3): Linear(in_features=512, out_features=512, bias=False)
      (4): LayerNorm((512,), eps=1e-05, elementwise_affine=True)
      (5): SiLU()
    )
    (adv_gru): GRU(512, 512, batch_first=True)
    (adv_head): Linear(in_features=512, out_features=8080, bias=True)
    (value_rgb_encoder): Sequential(
      (0): Linear(in_features=19200, out_features=512, bias=False)
      (1): LayerNorm((512,), eps=1e-05, elementwise_affine=True)
      (2): SiLU()
      (3): Linear(in_features=512, out_features=512, bias=False)
      (4): LayerNorm((512,), eps=1e-05, elementwise_affine=True)
      (5): SiLU()
      (6): Linear(in_features=512, out_features=64, bias=False)
      (7): LayerNorm((64,), eps=1e-05, elementwise_affine=True)
      (8): Tanh()
    )
    (value_low_dim_encoder): Sequential(
      (0): Linear(in_features=288, out_features=64, bias=False)
      (1): LayerNorm((64,), eps=1e-05, elementwise_affine=True)
      (2): Tanh()
    )
    (value_net): Sequential(
      (0): Linear(in_features=163, out_features=512, bias=False)
      (1): LayerNorm((512,), eps=1e-05, elementwise_affine=True)
      (2): SiLU()
      (3): Linear(in_features=512, out_features=512, bias=False)
      (4): LayerNorm((512,), eps=1e-05, elementwise_affine=True)
      (5): SiLU()
    )
    (value_gru): GRU(512, 512, batch_first=True)
    (value_head): Linear(in_features=512, out_features=1616, bias=True)
  )
)
success_rate=0.6 ep_proximity_violation_rate=0.18600079709413153 ep_min_separation=0.1686293270575561
