2026-06-04 09:49:47,891 OpenGL.acceleratesupport INFO No OpenGL_accelerate module loaded: No module named 'OpenGL_accelerate'
2026-06-04 09:49:48,494 absl INFO MUJOCO_GL=egl, attempting to import specified OpenGL backend.
2026-06-04 09:49:48,504 absl INFO MuJoCo library version is: 3.1.5
2026-06-04 09:49:50,502 benchmark_policy INFO Policy kind=cqn_as (snapshot=exp_local/fixed_lambda/fixlam0p27/lam0p27_seed2/snapshot_35194.pt) max_steps=1000
2026-06-04 09:49:50,670 safety_bigym.envs.safety_bigym_factory INFO Forcing disruption_type=COWORKER for every episode.
2026-06-04 09:49:50,670 safety_bigym.envs.safety_bigym_factory INFO Creating SafetyBiGymEnv: task=SaucepanToHob, inject_human=True, clips=0
2026-06-04 09:49:58,062 safety_bigym.envs.safety_env INFO Human indices: pelvis_id=2, pelvis_mocapid=0, ssm_bodies=14
2026-06-04 09:49:58,063 safety_bigym.envs.safety_env INFO Promoted 69 geoms onto human collision channel (human_emit=bit1, robot_emit=bit2); reset 22 human collision geoms onto the cross-paired channel.
2026-06-04 09:49:58,064 safety_bigym.envs.safety_env INFO Safety wrapper initialized
2026-06-04 09:49:58,064 safety_bigym.envs.safety_env INFO G1 human controller initialized
2026-06-04 09:49:58,064 safety_bigym.envs.safety_bigym_factory INFO Inserting BodySLAMWrapper(mode=noisy, occlusion=none).
2026-06-04 09:49:58,069 root INFO Loading demos via raw BiGym env (for DemoStore compatibility).
2026-06-04 09:50:01,738 root INFO Demos are cached already: /home/ap2322/.bigym/demonstrations/0.9.0
2026-06-04 09:50:01,739 root INFO Demos are cached already: /home/ap2322/.bigym/demonstrations/0.9.0
2026-06-04 09:50:01,739 root INFO Demos are cached already: /home/ap2322/.bigym/demonstrations/0.9.0
2026-06-04 09:50:03,332 root INFO Loaded 36 demos.
2026-06-04 09:50:08,250 safety_bigym.agents.cqn_as.env_adapter INFO Converted 36 demos (29 successful) for CQN-AS.
2026-06-04 10:13:20,187 benchmark_policy INFO seed=0 ep=0: reward=-2.203 success=True prox_rate=0.000
2026-06-04 10:13:38,046 benchmark_policy INFO seed=0 ep=1: reward=-2.200 success=True prox_rate=0.044
2026-06-04 10:14:00,539 benchmark_policy INFO seed=0 ep=2: reward=-18.429 success=False prox_rate=0.000
2026-06-04 10:14:17,123 benchmark_policy INFO seed=0 ep=3: reward=-2.356 success=True prox_rate=0.055
2026-06-04 10:14:33,825 benchmark_policy INFO seed=0 ep=4: reward=-2.621 success=True prox_rate=0.043
2026-06-04 10:14:51,794 benchmark_policy INFO seed=0 ep=5: reward=-2.020 success=True prox_rate=0.236
2026-06-04 10:15:09,643 benchmark_policy INFO seed=0 ep=6: reward=-2.393 success=True prox_rate=0.030
2026-06-04 10:15:27,440 benchmark_policy INFO seed=0 ep=7: reward=-1.869 success=True prox_rate=0.000
2026-06-04 10:15:50,551 benchmark_policy INFO seed=0 ep=8: reward=-2.563 success=True prox_rate=0.480
2026-06-04 10:16:19,142 benchmark_policy INFO seed=0 ep=9: reward=-1.534 success=True prox_rate=0.620
2026-06-04 10:16:48,663 benchmark_policy INFO seed=0 ep=10: reward=-20.381 success=False prox_rate=0.326
2026-06-04 10:17:12,982 benchmark_policy INFO seed=0 ep=11: reward=-1.721 success=True prox_rate=0.260
2026-06-04 10:17:31,123 benchmark_policy INFO seed=0 ep=12: reward=-1.859 success=True prox_rate=0.486
2026-06-04 10:17:56,224 benchmark_policy INFO seed=0 ep=13: reward=-18.631 success=False prox_rate=0.000
2026-06-04 10:18:12,114 benchmark_policy INFO seed=0 ep=14: reward=-2.310 success=True prox_rate=0.052
2026-06-04 10:18:42,209 benchmark_policy INFO seed=0 ep=15: reward=-18.148 success=False prox_rate=0.256
2026-06-04 10:19:14,734 benchmark_policy INFO seed=0 ep=16: reward=-19.644 success=False prox_rate=0.227
2026-06-04 10:19:32,481 benchmark_policy INFO seed=0 ep=17: reward=-2.051 success=True prox_rate=0.044
2026-06-04 10:19:50,375 benchmark_policy INFO seed=0 ep=18: reward=-2.434 success=True prox_rate=0.043
2026-06-04 10:20:07,679 benchmark_policy INFO seed=0 ep=19: reward=-1.948 success=True prox_rate=0.000
2026-06-04 10:20:23,084 benchmark_policy INFO seed=1 ep=0: reward=-2.082 success=True prox_rate=0.050
2026-06-04 10:20:40,646 benchmark_policy INFO seed=1 ep=1: reward=-1.857 success=True prox_rate=0.528
2026-06-04 10:21:11,417 benchmark_policy INFO seed=1 ep=2: reward=-19.147 success=False prox_rate=0.353
2026-06-04 10:21:26,082 benchmark_policy INFO seed=1 ep=3: reward=-1.971 success=True prox_rate=0.000
2026-06-04 10:21:41,340 benchmark_policy INFO seed=1 ep=4: reward=-2.060 success=True prox_rate=0.000
2026-06-04 10:21:55,975 benchmark_policy INFO seed=1 ep=5: reward=-2.096 success=True prox_rate=0.000
2026-06-04 10:22:10,607 benchmark_policy INFO seed=1 ep=6: reward=-2.317 success=True prox_rate=0.021
2026-06-04 10:22:25,726 benchmark_policy INFO seed=1 ep=7: reward=-2.492 success=True prox_rate=0.049
2026-06-04 10:22:46,608 benchmark_policy INFO seed=1 ep=8: reward=-18.412 success=False prox_rate=0.190
2026-06-04 10:23:15,404 benchmark_policy INFO seed=1 ep=9: reward=-20.697 success=False prox_rate=0.219
2026-06-04 10:23:30,293 benchmark_policy INFO seed=1 ep=10: reward=-2.149 success=True prox_rate=0.000
2026-06-04 10:23:46,261 benchmark_policy INFO seed=1 ep=11: reward=-1.884 success=True prox_rate=0.085
2026-06-04 10:24:01,570 benchmark_policy INFO seed=1 ep=12: reward=-2.397 success=True prox_rate=0.000
2026-06-04 10:24:25,474 benchmark_policy INFO seed=1 ep=13: reward=-15.174 success=False prox_rate=0.304
2026-06-04 10:24:41,032 benchmark_policy INFO seed=1 ep=14: reward=-2.227 success=True prox_rate=0.439
2026-06-04 10:25:03,458 benchmark_policy INFO seed=1 ep=15: reward=-2.142 success=True prox_rate=0.878
2026-06-04 10:25:30,450 benchmark_policy INFO seed=1 ep=16: reward=-17.891 success=False prox_rate=0.386
2026-06-04 10:25:47,564 benchmark_policy INFO seed=1 ep=17: reward=-1.838 success=True prox_rate=0.183
2026-06-04 10:26:05,520 benchmark_policy INFO seed=1 ep=18: reward=-17.040 success=False prox_rate=0.121
2026-06-04 10:26:18,915 benchmark_policy INFO seed=1 ep=19: reward=-1.781 success=True prox_rate=0.038
2026-06-04 10:26:38,091 benchmark_policy INFO seed=2 ep=0: reward=-2.032 success=True prox_rate=0.525
2026-06-04 10:26:51,948 benchmark_policy INFO seed=2 ep=1: reward=-2.358 success=True prox_rate=0.000
2026-06-04 10:27:14,524 benchmark_policy INFO seed=2 ep=2: reward=-1.746 success=True prox_rate=0.360
2026-06-04 10:27:33,002 benchmark_policy INFO seed=2 ep=3: reward=-1.589 success=True prox_rate=0.529
2026-06-04 10:27:47,396 benchmark_policy INFO seed=2 ep=4: reward=-2.363 success=True prox_rate=0.299
2026-06-04 10:28:07,578 benchmark_policy INFO seed=2 ep=5: reward=-19.007 success=False prox_rate=0.000
2026-06-04 10:28:30,675 benchmark_policy INFO seed=2 ep=6: reward=-17.952 success=False prox_rate=0.000
2026-06-04 10:28:49,826 benchmark_policy INFO seed=2 ep=7: reward=-16.933 success=False prox_rate=0.219
2026-06-04 10:29:05,169 benchmark_policy INFO seed=2 ep=8: reward=-2.531 success=True prox_rate=0.428
2026-06-04 10:29:38,983 benchmark_policy INFO seed=2 ep=9: reward=-19.524 success=False prox_rate=0.315
2026-06-04 10:29:54,071 benchmark_policy INFO seed=2 ep=10: reward=-15.337 success=False prox_rate=0.000
2026-06-04 10:30:15,023 benchmark_policy INFO seed=2 ep=11: reward=-18.383 success=False prox_rate=0.222
2026-06-04 10:30:32,633 benchmark_policy INFO seed=2 ep=12: reward=-2.287 success=True prox_rate=0.351
2026-06-04 10:30:51,602 benchmark_policy INFO seed=2 ep=13: reward=-17.232 success=False prox_rate=0.000
2026-06-04 10:31:07,232 benchmark_policy INFO seed=2 ep=14: reward=-15.632 success=False prox_rate=0.000
2026-06-04 10:31:24,328 benchmark_policy INFO seed=2 ep=15: reward=-17.499 success=False prox_rate=0.005
2026-06-04 10:31:48,637 benchmark_policy INFO seed=2 ep=16: reward=-17.920 success=False prox_rate=0.211
2026-06-04 10:32:01,004 benchmark_policy INFO seed=2 ep=17: reward=-1.991 success=True prox_rate=0.111
2026-06-04 10:32:23,674 benchmark_policy INFO seed=2 ep=18: reward=-17.915 success=False prox_rate=0.258
2026-06-04 10:32:37,088 benchmark_policy INFO seed=2 ep=19: reward=-1.933 success=True prox_rate=0.000
2026-06-04 10:32:37,273 benchmark_policy INFO Wrote 1 cell row to /home/ap2322/Documents/safety_bigym/results/e4_1/basin_lam0p27_seed2_noisy/s35194.csv (60 episodes) + raw rolls to /home/ap2322/Documents/safety_bigym/results/e4_1/basin_lam0p27_seed2_noisy/s35194.raw_episodes.parquet
MultiViewCNNEncoder(
  (conv_nets): ModuleList(
    (0-2): 3 x Sequential(
      (0): Conv2d(12, 32, kernel_size=(4, 4), stride=(2, 2), padding=(1, 1))
      (1): ImgChLayerNorm()
      (2): SiLU()
      (3): Conv2d(32, 64, kernel_size=(4, 4), stride=(2, 2), padding=(1, 1))
      (4): ImgChLayerNorm()
      (5): SiLU()
      (6): Conv2d(64, 128, kernel_size=(4, 4), stride=(2, 2), padding=(1, 1))
      (7): ImgChLayerNorm()
      (8): SiLU()
      (9): Conv2d(128, 256, kernel_size=(4, 4), stride=(2, 2), padding=(1, 1))
      (10): ImgChLayerNorm()
      (11): SiLU()
    )
  )
)
C2FCritic(
  (network): C2FCriticNetwork(
    (adv_rgb_encoder): Sequential(
      (0): Linear(in_features=19200, out_features=512, bias=False)
      (1): LayerNorm((512,), eps=1e-05, elementwise_affine=True)
      (2): SiLU()
      (3): Linear(in_features=512, out_features=512, bias=False)
      (4): LayerNorm((512,), eps=1e-05, elementwise_affine=True)
      (5): SiLU()
      (6): Linear(in_features=512, out_features=64, bias=False)
      (7): LayerNorm((64,), eps=1e-05, elementwise_affine=True)
      (8): Tanh()
    )
    (adv_low_dim_encoder): Sequential(
      (0): Linear(in_features=288, out_features=64, bias=False)
      (1): LayerNorm((64,), eps=1e-05, elementwise_affine=True)
      (2): Tanh()
    )
    (adv_net): Sequential(
      (0): Linear(in_features=163, out_features=512, bias=False)
      (1): LayerNorm((512,), eps=1e-05, elementwise_affine=True)
      (2): SiLU()
      (3): Linear(in_features=512, out_features=512, bias=False)
      (4): LayerNorm((512,), eps=1e-05, elementwise_affine=True)
      (5): SiLU()
    )
    (adv_gru): GRU(512, 512, batch_first=True)
    (adv_head): Linear(in_features=512, out_features=8080, bias=True)
    (value_rgb_encoder): Sequential(
      (0): Linear(in_features=19200, out_features=512, bias=False)
      (1): LayerNorm((512,), eps=1e-05, elementwise_affine=True)
      (2): SiLU()
      (3): Linear(in_features=512, out_features=512, bias=False)
      (4): LayerNorm((512,), eps=1e-05, elementwise_affine=True)
      (5): SiLU()
      (6): Linear(in_features=512, out_features=64, bias=False)
      (7): LayerNorm((64,), eps=1e-05, elementwise_affine=True)
      (8): Tanh()
    )
    (value_low_dim_encoder): Sequential(
      (0): Linear(in_features=288, out_features=64, bias=False)
      (1): LayerNorm((64,), eps=1e-05, elementwise_affine=True)
      (2): Tanh()
    )
    (value_net): Sequential(
      (0): Linear(in_features=163, out_features=512, bias=False)
      (1): LayerNorm((512,), eps=1e-05, elementwise_affine=True)
      (2): SiLU()
      (3): Linear(in_features=512, out_features=512, bias=False)
      (4): LayerNorm((512,), eps=1e-05, elementwise_affine=True)
      (5): SiLU()
    )
    (value_gru): GRU(512, 512, batch_first=True)
    (value_head): Linear(in_features=512, out_features=1616, bias=True)
  )
)
success_rate=0.6333333333333333 ep_proximity_violation_rate=0.18130142833869206 ep_min_separation=0.17617449464784282
