2026-06-07 10:06:54,944 OpenGL.acceleratesupport INFO No OpenGL_accelerate module loaded: No module named 'OpenGL_accelerate'
2026-06-07 10:06:55,441 absl INFO MUJOCO_GL=egl, attempting to import specified OpenGL backend.
2026-06-07 10:06:55,451 absl INFO MuJoCo library version is: 3.1.5
2026-06-07 10:06:57,559 benchmark_policy INFO Policy kind=cqn_as (snapshot=/home/ap2322/Documents/safety_bigym/exp_local/fixed_lambda/fixlam_0p1/lam0p1_seed0/snapshot_30546.pt) max_steps=1000 safety_filter=cbf
2026-06-07 10:06:57,559 benchmark_policy INFO CBF ee config: {'d_target': 0.35, 'gain': 1.0, 'max_push': 0.15, 'damping': 0.05}
2026-06-07 10:06:57,799 safety_bigym.envs.safety_bigym_factory INFO Forcing disruption_type=COWORKER for every episode.
2026-06-07 10:06:57,799 safety_bigym.envs.safety_bigym_factory INFO Creating SafetyBiGymEnv: task=SaucepanToHob, inject_human=True, clips=0
2026-06-07 10:07:04,746 safety_bigym.envs.safety_env INFO Human indices: pelvis_id=2, pelvis_mocapid=0, ssm_bodies=14
2026-06-07 10:07:04,748 safety_bigym.envs.safety_env INFO Promoted 69 geoms onto human collision channel (human_emit=bit1, robot_emit=bit2); reset 22 human collision geoms onto the cross-paired channel.
2026-06-07 10:07:04,748 safety_bigym.envs.safety_env INFO Safety wrapper initialized
2026-06-07 10:07:04,749 safety_bigym.envs.safety_env INFO G1 human controller initialized
2026-06-07 10:07:04,749 safety_bigym.envs.safety_bigym_factory INFO Inserting BodySLAMWrapper(mode=noisy, occlusion=none).
2026-06-07 10:07:04,754 root INFO Loading demos via raw BiGym env (for DemoStore compatibility).
2026-06-07 10:07:08,952 root INFO Demos are cached already: /home/ap2322/.bigym/demonstrations/0.9.0
2026-06-07 10:07:08,953 root INFO Demos are cached already: /home/ap2322/.bigym/demonstrations/0.9.0
2026-06-07 10:07:08,953 root INFO Demos are cached already: /home/ap2322/.bigym/demonstrations/0.9.0
2026-06-07 10:07:11,064 root INFO Loaded 36 demos.
2026-06-07 10:07:17,238 safety_bigym.agents.cqn_as.env_adapter INFO Converted 36 demos (29 successful) for CQN-AS.
2026-06-07 10:26:18,426 benchmark_policy INFO seed=0 ep=0: reward=-2.180 success=True prox_rate=0.000 interv=0
2026-06-07 10:26:27,385 benchmark_policy INFO seed=0 ep=1: reward=-2.214 success=True prox_rate=0.032 interv=0
2026-06-07 10:26:35,758 benchmark_policy INFO seed=0 ep=2: reward=-2.086 success=True prox_rate=0.000 interv=0
2026-06-07 10:26:45,246 benchmark_policy INFO seed=0 ep=3: reward=-2.321 success=True prox_rate=0.066 interv=0
2026-06-07 10:26:54,203 benchmark_policy INFO seed=0 ep=4: reward=-2.491 success=True prox_rate=0.042 interv=0
2026-06-07 10:27:03,122 benchmark_policy INFO seed=0 ep=5: reward=-2.034 success=True prox_rate=0.218 interv=0
2026-06-07 10:27:13,996 benchmark_policy INFO seed=0 ep=6: reward=-2.517 success=True prox_rate=0.022 interv=7
2026-06-07 10:27:23,243 benchmark_policy INFO seed=0 ep=7: reward=-1.795 success=True prox_rate=0.000 interv=0
2026-06-07 10:27:37,877 benchmark_policy INFO seed=0 ep=8: reward=-2.566 success=True prox_rate=0.469 interv=0
2026-06-07 10:28:08,853 benchmark_policy INFO seed=0 ep=9: reward=-21.810 success=False prox_rate=0.289 interv=130
2026-06-07 10:28:39,145 benchmark_policy INFO seed=0 ep=10: reward=-45.748 success=False prox_rate=0.130 interv=21
2026-06-07 10:29:09,995 benchmark_policy INFO seed=0 ep=11: reward=-8.543 success=False prox_rate=0.117 interv=19
2026-06-07 10:29:42,735 benchmark_policy INFO seed=0 ep=12: reward=-44.899 success=False prox_rate=0.048 interv=0
2026-06-07 10:30:13,954 benchmark_policy INFO seed=0 ep=13: reward=-9.247 success=False prox_rate=0.119 interv=58
2026-06-07 10:30:23,124 benchmark_policy INFO seed=0 ep=14: reward=-2.318 success=True prox_rate=0.057 interv=2
2026-06-07 10:30:56,481 benchmark_policy INFO seed=0 ep=15: reward=-45.387 success=False prox_rate=0.129 interv=36
2026-06-07 10:31:40,405 benchmark_policy INFO seed=0 ep=16: reward=-9.284 success=False prox_rate=0.585 interv=312
2026-06-07 10:31:50,562 benchmark_policy INFO seed=0 ep=17: reward=-2.031 success=True prox_rate=0.051 interv=0
2026-06-07 10:31:59,217 benchmark_policy INFO seed=0 ep=18: reward=-2.371 success=True prox_rate=0.038 interv=0
2026-06-07 10:32:11,519 benchmark_policy INFO seed=0 ep=19: reward=-1.934 success=True prox_rate=0.000 interv=0
2026-06-07 10:32:20,694 benchmark_policy INFO seed=1 ep=0: reward=-2.058 success=True prox_rate=0.048 interv=6
2026-06-07 10:32:31,171 benchmark_policy INFO seed=1 ep=1: reward=-1.885 success=True prox_rate=0.542 interv=0
2026-06-07 10:33:04,583 benchmark_policy INFO seed=1 ep=2: reward=-46.096 success=False prox_rate=0.144 interv=43
2026-06-07 10:33:13,065 benchmark_policy INFO seed=1 ep=3: reward=-2.172 success=True prox_rate=0.009 interv=0
2026-06-07 10:33:22,390 benchmark_policy INFO seed=1 ep=4: reward=-1.991 success=True prox_rate=0.000 interv=0
2026-06-07 10:33:32,626 benchmark_policy INFO seed=1 ep=5: reward=-2.163 success=True prox_rate=0.000 interv=0
2026-06-07 10:33:42,662 benchmark_policy INFO seed=1 ep=6: reward=-2.433 success=True prox_rate=0.000 interv=0
2026-06-07 10:33:51,910 benchmark_policy INFO seed=1 ep=7: reward=-2.488 success=True prox_rate=0.054 interv=0
2026-06-07 10:34:21,734 benchmark_policy INFO seed=1 ep=8: reward=-46.325 success=False prox_rate=0.057 interv=0
2026-06-07 10:34:54,826 benchmark_policy INFO seed=1 ep=9: reward=-46.068 success=False prox_rate=0.087 interv=16
2026-06-07 10:35:03,990 benchmark_policy INFO seed=1 ep=10: reward=-1.992 success=True prox_rate=0.000 interv=0
2026-06-07 10:35:36,138 benchmark_policy INFO seed=1 ep=11: reward=-35.430 success=False prox_rate=0.093 interv=18
2026-06-07 10:35:44,946 benchmark_policy INFO seed=1 ep=12: reward=-2.280 success=True prox_rate=0.000 interv=0
2026-06-07 10:36:15,022 benchmark_policy INFO seed=1 ep=13: reward=-47.808 success=False prox_rate=0.086 interv=4
2026-06-07 10:36:44,627 benchmark_policy INFO seed=1 ep=14: reward=-45.717 success=False prox_rate=0.120 interv=42
2026-06-07 10:37:21,728 benchmark_policy INFO seed=1 ep=15: reward=-45.936 success=False prox_rate=0.115 interv=22
2026-06-07 10:37:54,190 benchmark_policy INFO seed=1 ep=16: reward=-22.278 success=False prox_rate=0.501 interv=88
2026-06-07 10:38:08,255 benchmark_policy INFO seed=1 ep=17: reward=-1.756 success=True prox_rate=0.205 interv=28
2026-06-07 10:38:35,750 benchmark_policy INFO seed=1 ep=18: reward=-44.791 success=False prox_rate=0.091 interv=17
2026-06-07 10:38:44,145 benchmark_policy INFO seed=1 ep=19: reward=-1.833 success=True prox_rate=0.041 interv=3
2026-06-07 10:39:19,618 benchmark_policy INFO seed=2 ep=0: reward=-12.287 success=False prox_rate=0.217 interv=124
2026-06-07 10:39:55,809 benchmark_policy INFO seed=2 ep=1: reward=-26.462 success=False prox_rate=0.125 interv=82
2026-06-07 10:40:36,270 benchmark_policy INFO seed=2 ep=2: reward=-13.319 success=False prox_rate=0.127 interv=67
2026-06-07 10:41:06,644 benchmark_policy INFO seed=2 ep=3: reward=-7.851 success=False prox_rate=0.283 interv=156
2026-06-07 10:41:15,146 benchmark_policy INFO seed=2 ep=4: reward=-2.317 success=True prox_rate=0.307 interv=0
2026-06-07 10:41:23,189 benchmark_policy INFO seed=2 ep=5: reward=-2.132 success=True prox_rate=0.000 interv=0
2026-06-07 10:41:31,468 benchmark_policy INFO seed=2 ep=6: reward=-2.376 success=True prox_rate=0.000 interv=0
2026-06-07 10:41:45,210 benchmark_policy INFO seed=2 ep=7: reward=-2.142 success=True prox_rate=0.825 interv=5
2026-06-07 10:42:26,014 benchmark_policy INFO seed=2 ep=8: reward=-13.951 success=False prox_rate=0.733 interv=9
2026-06-07 10:43:10,100 benchmark_policy INFO seed=2 ep=9: reward=-13.621 success=False prox_rate=0.243 interv=136
2026-06-07 10:43:35,696 benchmark_policy INFO seed=2 ep=10: reward=-23.846 success=False prox_rate=0.105 interv=19
2026-06-07 10:44:04,660 benchmark_policy INFO seed=2 ep=11: reward=-44.877 success=False prox_rate=0.100 interv=30
2026-06-07 10:44:40,130 benchmark_policy INFO seed=2 ep=12: reward=-10.386 success=False prox_rate=0.355 interv=286
2026-06-07 10:44:48,110 benchmark_policy INFO seed=2 ep=13: reward=-1.935 success=True prox_rate=0.000 interv=0
2026-06-07 10:45:13,916 benchmark_policy INFO seed=2 ep=14: reward=-45.587 success=False prox_rate=0.000 interv=0
2026-06-07 10:45:45,259 benchmark_policy INFO seed=2 ep=15: reward=-12.281 success=False prox_rate=0.153 interv=85
2026-06-07 10:46:24,853 benchmark_policy INFO seed=2 ep=16: reward=-11.640 success=False prox_rate=0.587 interv=323
2026-06-07 10:46:49,516 benchmark_policy INFO seed=2 ep=17: reward=-45.588 success=False prox_rate=0.016 interv=0
2026-06-07 10:47:22,688 benchmark_policy INFO seed=2 ep=18: reward=-12.463 success=False prox_rate=0.541 interv=96
2026-06-07 10:47:31,567 benchmark_policy INFO seed=2 ep=19: reward=-1.961 success=True prox_rate=0.000 interv=0
2026-06-07 10:47:31,730 benchmark_policy INFO Wrote 1 cell row to results/e4_1/hybrid_cbf_ee_d0p35.csv (60 episodes) + raw rolls to results/e4_1/hybrid_cbf_ee_d0p35.raw_episodes.parquet
MultiViewCNNEncoder(
  (conv_nets): ModuleList(
    (0-2): 3 x Sequential(
      (0): Conv2d(12, 32, kernel_size=(4, 4), stride=(2, 2), padding=(1, 1))
      (1): ImgChLayerNorm()
      (2): SiLU()
      (3): Conv2d(32, 64, kernel_size=(4, 4), stride=(2, 2), padding=(1, 1))
      (4): ImgChLayerNorm()
      (5): SiLU()
      (6): Conv2d(64, 128, kernel_size=(4, 4), stride=(2, 2), padding=(1, 1))
      (7): ImgChLayerNorm()
      (8): SiLU()
      (9): Conv2d(128, 256, kernel_size=(4, 4), stride=(2, 2), padding=(1, 1))
      (10): ImgChLayerNorm()
      (11): SiLU()
    )
  )
)
C2FCritic(
  (network): C2FCriticNetwork(
    (adv_rgb_encoder): Sequential(
      (0): Linear(in_features=19200, out_features=512, bias=False)
      (1): LayerNorm((512,), eps=1e-05, elementwise_affine=True)
      (2): SiLU()
      (3): Linear(in_features=512, out_features=512, bias=False)
      (4): LayerNorm((512,), eps=1e-05, elementwise_affine=True)
      (5): SiLU()
      (6): Linear(in_features=512, out_features=64, bias=False)
      (7): LayerNorm((64,), eps=1e-05, elementwise_affine=True)
      (8): Tanh()
    )
    (adv_low_dim_encoder): Sequential(
      (0): Linear(in_features=288, out_features=64, bias=False)
      (1): LayerNorm((64,), eps=1e-05, elementwise_affine=True)
      (2): Tanh()
    )
    (adv_net): Sequential(
      (0): Linear(in_features=163, out_features=512, bias=False)
      (1): LayerNorm((512,), eps=1e-05, elementwise_affine=True)
      (2): SiLU()
      (3): Linear(in_features=512, out_features=512, bias=False)
      (4): LayerNorm((512,), eps=1e-05, elementwise_affine=True)
      (5): SiLU()
    )
    (adv_gru): GRU(512, 512, batch_first=True)
    (adv_head): Linear(in_features=512, out_features=8080, bias=True)
    (value_rgb_encoder): Sequential(
      (0): Linear(in_features=19200, out_features=512, bias=False)
      (1): LayerNorm((512,), eps=1e-05, elementwise_affine=True)
      (2): SiLU()
      (3): Linear(in_features=512, out_features=512, bias=False)
      (4): LayerNorm((512,), eps=1e-05, elementwise_affine=True)
      (5): SiLU()
      (6): Linear(in_features=512, out_features=64, bias=False)
      (7): LayerNorm((64,), eps=1e-05, elementwise_affine=True)
      (8): Tanh()
    )
    (value_low_dim_encoder): Sequential(
      (0): Linear(in_features=288, out_features=64, bias=False)
      (1): LayerNorm((64,), eps=1e-05, elementwise_affine=True)
      (2): Tanh()
    )
    (value_net): Sequential(
      (0): Linear(in_features=163, out_features=512, bias=False)
      (1): LayerNorm((512,), eps=1e-05, elementwise_affine=True)
      (2): SiLU()
      (3): Linear(in_features=512, out_features=512, bias=False)
      (4): LayerNorm((512,), eps=1e-05, elementwise_affine=True)
      (5): SiLU()
    )
    (value_gru): GRU(512, 512, batch_first=True)
    (value_head): Linear(in_features=512, out_features=1616, bias=True)
  )
)
success_rate=0.5 ep_proximity_violation_rate=0.15540625481540019 ep_min_separation=0.15235442935212395 filter_intervention_rate=0.058268237449428766
