2026-06-06 22:42:32,032 OpenGL.acceleratesupport INFO No OpenGL_accelerate module loaded: No module named 'OpenGL_accelerate'
2026-06-06 22:42:32,412 absl INFO MUJOCO_GL=egl, attempting to import specified OpenGL backend.
2026-06-06 22:42:32,421 absl INFO MuJoCo library version is: 3.1.5
2026-06-06 22:42:34,118 benchmark_policy INFO Policy kind=cqn_as (snapshot=/home/ap2322/Documents/safety_bigym/exp_local/fixed_lambda/fixlam_0p1/lam0p1_seed0/snapshot_30546.pt) max_steps=1000 safety_filter=cbf
2026-06-06 22:42:34,118 benchmark_policy INFO CBF dodge config: {'d_target': 0.45, 'gain': 1.0, 'max_push': 0.15, 'use_velocity': True, 'beta': 0.1}
2026-06-06 22:42:34,250 safety_bigym.envs.safety_bigym_factory INFO Forcing disruption_type=COWORKER for every episode.
2026-06-06 22:42:34,250 safety_bigym.envs.safety_bigym_factory INFO Creating SafetyBiGymEnv: task=SaucepanToHob, inject_human=True, clips=0
2026-06-06 22:42:40,676 safety_bigym.envs.safety_env INFO Human indices: pelvis_id=2, pelvis_mocapid=0, ssm_bodies=14
2026-06-06 22:42:40,677 safety_bigym.envs.safety_env INFO Promoted 69 geoms onto human collision channel (human_emit=bit1, robot_emit=bit2); reset 22 human collision geoms onto the cross-paired channel.
2026-06-06 22:42:40,677 safety_bigym.envs.safety_env INFO Safety wrapper initialized
2026-06-06 22:42:40,678 safety_bigym.envs.safety_env INFO G1 human controller initialized
2026-06-06 22:42:40,678 safety_bigym.envs.safety_bigym_factory INFO Inserting BodySLAMWrapper(mode=noisy, occlusion=none).
2026-06-06 22:42:40,681 root INFO Loading demos via raw BiGym env (for DemoStore compatibility).
2026-06-06 22:42:44,309 root INFO Demos are cached already: /home/ap2322/.bigym/demonstrations/0.9.0
2026-06-06 22:42:44,311 root INFO Demos are cached already: /home/ap2322/.bigym/demonstrations/0.9.0
2026-06-06 22:42:44,311 root INFO Demos are cached already: /home/ap2322/.bigym/demonstrations/0.9.0
2026-06-06 22:42:46,243 root INFO Loaded 36 demos.
2026-06-06 22:42:51,457 safety_bigym.agents.cqn_as.env_adapter INFO Converted 36 demos (29 successful) for CQN-AS.
2026-06-06 22:43:32,838 benchmark_policy INFO seed=0 ep=0: reward=-2.180 success=True prox_rate=0.000 interv=0
2026-06-06 22:43:58,748 benchmark_policy INFO seed=0 ep=1: reward=-44.807 success=False prox_rate=0.031 interv=30
2026-06-06 22:44:24,987 benchmark_policy INFO seed=0 ep=2: reward=-34.889 success=False prox_rate=0.000 interv=4
2026-06-06 22:44:33,409 benchmark_policy INFO seed=0 ep=3: reward=-2.078 success=True prox_rate=0.061 interv=11
2026-06-06 22:44:41,654 benchmark_policy INFO seed=0 ep=4: reward=-2.256 success=True prox_rate=0.033 interv=8
2026-06-06 22:45:07,973 benchmark_policy INFO seed=0 ep=5: reward=-43.636 success=False prox_rate=0.055 interv=27
2026-06-06 22:45:16,225 benchmark_policy INFO seed=0 ep=6: reward=-2.502 success=True prox_rate=0.032 interv=0
2026-06-06 22:45:24,526 benchmark_policy INFO seed=0 ep=7: reward=-1.795 success=True prox_rate=0.000 interv=0
2026-06-06 22:45:52,412 benchmark_policy INFO seed=0 ep=8: reward=-44.382 success=False prox_rate=0.073 interv=23
2026-06-06 22:46:09,568 benchmark_policy INFO seed=0 ep=9: reward=-1.582 success=True prox_rate=0.641 interv=0
2026-06-06 22:46:36,886 benchmark_policy INFO seed=0 ep=10: reward=-46.640 success=False prox_rate=0.092 interv=5
2026-06-06 22:46:54,342 benchmark_policy INFO seed=0 ep=11: reward=-1.641 success=True prox_rate=0.196 interv=12
2026-06-06 22:47:20,306 benchmark_policy INFO seed=0 ep=12: reward=-46.037 success=False prox_rate=0.028 interv=9
2026-06-06 22:47:28,896 benchmark_policy INFO seed=0 ep=13: reward=-2.405 success=True prox_rate=0.214 interv=6
2026-06-06 22:48:10,705 benchmark_policy INFO seed=0 ep=14: reward=-31.667 success=False prox_rate=0.529 interv=107
2026-06-06 22:48:36,000 benchmark_policy INFO seed=0 ep=15: reward=-46.348 success=False prox_rate=0.094 interv=10
2026-06-06 22:48:50,814 benchmark_policy INFO seed=0 ep=16: reward=-2.012 success=True prox_rate=0.443 interv=7
2026-06-06 22:48:58,238 benchmark_policy INFO seed=0 ep=17: reward=-1.807 success=True prox_rate=0.048 interv=6
2026-06-06 22:49:05,877 benchmark_policy INFO seed=0 ep=18: reward=-2.434 success=True prox_rate=0.038 interv=5
2026-06-06 22:49:15,651 benchmark_policy INFO seed=0 ep=19: reward=-1.934 success=True prox_rate=0.000 interv=0
2026-06-06 22:49:25,682 benchmark_policy INFO seed=1 ep=0: reward=-2.058 success=True prox_rate=0.069 interv=5
2026-06-06 22:49:51,260 benchmark_policy INFO seed=1 ep=1: reward=-44.489 success=False prox_rate=0.021 interv=19
2026-06-06 22:50:17,487 benchmark_policy INFO seed=1 ep=2: reward=-41.777 success=False prox_rate=0.030 interv=16
2026-06-06 22:50:25,810 benchmark_policy INFO seed=1 ep=3: reward=-2.181 success=True prox_rate=0.003 interv=0
2026-06-06 22:51:00,928 benchmark_policy INFO seed=1 ep=4: reward=-30.378 success=False prox_rate=0.279 interv=24
2026-06-06 22:51:27,790 benchmark_policy INFO seed=1 ep=5: reward=-10.649 success=False prox_rate=0.020 interv=12
2026-06-06 22:51:35,965 benchmark_policy INFO seed=1 ep=6: reward=-2.443 success=True prox_rate=0.000 interv=0
2026-06-06 22:52:01,990 benchmark_policy INFO seed=1 ep=7: reward=-33.303 success=False prox_rate=0.012 interv=34
2026-06-06 22:52:26,636 benchmark_policy INFO seed=1 ep=8: reward=-47.188 success=False prox_rate=0.049 interv=4
2026-06-06 22:52:54,596 benchmark_policy INFO seed=1 ep=9: reward=-40.135 success=False prox_rate=0.070 interv=59
2026-06-06 22:53:02,876 benchmark_policy INFO seed=1 ep=10: reward=-1.994 success=True prox_rate=0.000 interv=0
2026-06-06 22:53:29,185 benchmark_policy INFO seed=1 ep=11: reward=-26.500 success=False prox_rate=0.049 interv=39
2026-06-06 22:53:59,775 benchmark_policy INFO seed=1 ep=12: reward=-19.742 success=False prox_rate=0.034 interv=31
2026-06-06 22:54:26,402 benchmark_policy INFO seed=1 ep=13: reward=-48.232 success=False prox_rate=0.054 interv=10
2026-06-06 22:54:53,295 benchmark_policy INFO seed=1 ep=14: reward=-44.954 success=False prox_rate=0.014 interv=7
2026-06-06 22:55:21,622 benchmark_policy INFO seed=1 ep=15: reward=-46.466 success=False prox_rate=0.070 interv=17
2026-06-06 22:55:48,527 benchmark_policy INFO seed=1 ep=16: reward=-11.297 success=False prox_rate=0.344 interv=83
2026-06-06 22:56:00,619 benchmark_policy INFO seed=1 ep=17: reward=-2.032 success=True prox_rate=0.181 interv=5
2026-06-06 22:56:26,933 benchmark_policy INFO seed=1 ep=18: reward=-45.126 success=False prox_rate=0.085 interv=0
2026-06-06 22:56:51,912 benchmark_policy INFO seed=1 ep=19: reward=-38.058 success=False prox_rate=0.012 interv=19
2026-06-06 22:57:06,521 benchmark_policy INFO seed=2 ep=0: reward=-2.119 success=True prox_rate=0.569 interv=3
2026-06-06 22:57:44,339 benchmark_policy INFO seed=2 ep=1: reward=-26.250 success=False prox_rate=0.167 interv=17
2026-06-06 22:57:58,707 benchmark_policy INFO seed=2 ep=2: reward=-1.693 success=True prox_rate=0.414 interv=1
2026-06-06 22:58:27,644 benchmark_policy INFO seed=2 ep=3: reward=-11.381 success=False prox_rate=0.240 interv=13
2026-06-06 22:58:52,543 benchmark_policy INFO seed=2 ep=4: reward=-44.847 success=False prox_rate=0.000 interv=16
2026-06-06 22:59:00,401 benchmark_policy INFO seed=2 ep=5: reward=-2.135 success=True prox_rate=0.000 interv=0
2026-06-06 22:59:08,081 benchmark_policy INFO seed=2 ep=6: reward=-2.376 success=True prox_rate=0.000 interv=0
2026-06-06 22:59:34,377 benchmark_policy INFO seed=2 ep=7: reward=-38.591 success=False prox_rate=0.232 interv=16
2026-06-06 23:00:03,060 benchmark_policy INFO seed=2 ep=8: reward=-29.734 success=False prox_rate=0.035 interv=136
2026-06-06 23:00:40,943 benchmark_policy INFO seed=2 ep=9: reward=-12.440 success=False prox_rate=0.254 interv=11
2026-06-06 23:01:08,140 benchmark_policy INFO seed=2 ep=10: reward=-20.423 success=False prox_rate=0.180 interv=10
2026-06-06 23:01:51,010 benchmark_policy INFO seed=2 ep=11: reward=-10.787 success=False prox_rate=0.492 interv=48
2026-06-06 23:02:06,781 benchmark_policy INFO seed=2 ep=12: reward=-2.347 success=True prox_rate=0.245 interv=5
2026-06-06 23:02:14,495 benchmark_policy INFO seed=2 ep=13: reward=-1.930 success=True prox_rate=0.000 interv=0
2026-06-06 23:02:39,015 benchmark_policy INFO seed=2 ep=14: reward=-45.587 success=False prox_rate=0.000 interv=0
2026-06-06 23:02:55,902 benchmark_policy INFO seed=2 ep=15: reward=-2.533 success=True prox_rate=0.327 interv=0
2026-06-06 23:03:11,701 benchmark_policy INFO seed=2 ep=16: reward=-2.383 success=True prox_rate=0.454 interv=11
2026-06-06 23:03:37,854 benchmark_policy INFO seed=2 ep=17: reward=-45.651 success=False prox_rate=0.004 interv=5
2026-06-06 23:04:16,906 benchmark_policy INFO seed=2 ep=18: reward=-15.744 success=False prox_rate=0.583 interv=70
2026-06-06 23:04:24,980 benchmark_policy INFO seed=2 ep=19: reward=-1.966 success=True prox_rate=0.000 interv=0
2026-06-06 23:04:25,269 benchmark_policy INFO Wrote 1 cell row to results/e4_1/hybrid_cbf_d0p45.csv (60 episodes) + raw rolls to results/e4_1/hybrid_cbf_d0p45.raw_episodes.parquet
MultiViewCNNEncoder(
  (conv_nets): ModuleList(
    (0-2): 3 x Sequential(
      (0): Conv2d(12, 32, kernel_size=(4, 4), stride=(2, 2), padding=(1, 1))
      (1): ImgChLayerNorm()
      (2): SiLU()
      (3): Conv2d(32, 64, kernel_size=(4, 4), stride=(2, 2), padding=(1, 1))
      (4): ImgChLayerNorm()
      (5): SiLU()
      (6): Conv2d(64, 128, kernel_size=(4, 4), stride=(2, 2), padding=(1, 1))
      (7): ImgChLayerNorm()
      (8): SiLU()
      (9): Conv2d(128, 256, kernel_size=(4, 4), stride=(2, 2), padding=(1, 1))
      (10): ImgChLayerNorm()
      (11): SiLU()
    )
  )
)
C2FCritic(
  (network): C2FCriticNetwork(
    (adv_rgb_encoder): Sequential(
      (0): Linear(in_features=19200, out_features=512, bias=False)
      (1): LayerNorm((512,), eps=1e-05, elementwise_affine=True)
      (2): SiLU()
      (3): Linear(in_features=512, out_features=512, bias=False)
      (4): LayerNorm((512,), eps=1e-05, elementwise_affine=True)
      (5): SiLU()
      (6): Linear(in_features=512, out_features=64, bias=False)
      (7): LayerNorm((64,), eps=1e-05, elementwise_affine=True)
      (8): Tanh()
    )
    (adv_low_dim_encoder): Sequential(
      (0): Linear(in_features=288, out_features=64, bias=False)
      (1): LayerNorm((64,), eps=1e-05, elementwise_affine=True)
      (2): Tanh()
    )
    (adv_net): Sequential(
      (0): Linear(in_features=163, out_features=512, bias=False)
      (1): LayerNorm((512,), eps=1e-05, elementwise_affine=True)
      (2): SiLU()
      (3): Linear(in_features=512, out_features=512, bias=False)
      (4): LayerNorm((512,), eps=1e-05, elementwise_affine=True)
      (5): SiLU()
    )
    (adv_gru): GRU(512, 512, batch_first=True)
    (adv_head): Linear(in_features=512, out_features=8080, bias=True)
    (value_rgb_encoder): Sequential(
      (0): Linear(in_features=19200, out_features=512, bias=False)
      (1): LayerNorm((512,), eps=1e-05, elementwise_affine=True)
      (2): SiLU()
      (3): Linear(in_features=512, out_features=512, bias=False)
      (4): LayerNorm((512,), eps=1e-05, elementwise_affine=True)
      (5): SiLU()
      (6): Linear(in_features=512, out_features=64, bias=False)
      (7): LayerNorm((64,), eps=1e-05, elementwise_affine=True)
      (8): Tanh()
    )
    (value_low_dim_encoder): Sequential(
      (0): Linear(in_features=288, out_features=64, bias=False)
      (1): LayerNorm((64,), eps=1e-05, elementwise_affine=True)
      (2): Tanh()
    )
    (value_net): Sequential(
      (0): Linear(in_features=163, out_features=512, bias=False)
      (1): LayerNorm((512,), eps=1e-05, elementwise_affine=True)
      (2): SiLU()
      (3): Linear(in_features=512, out_features=512, bias=False)
      (4): LayerNorm((512,), eps=1e-05, elementwise_affine=True)
      (5): SiLU()
    )
    (value_gru): GRU(512, 512, batch_first=True)
    (value_head): Linear(in_features=512, out_features=1616, bias=True)
  )
)
success_rate=0.43333333333333335 ep_proximity_violation_rate=0.13667594882952147 ep_min_separation=0.14320683393330955 filter_intervention_rate=0.023821246864082907
