2026-06-06 23:30:33,817 OpenGL.acceleratesupport INFO No OpenGL_accelerate module loaded: No module named 'OpenGL_accelerate'
2026-06-06 23:30:34,241 absl INFO MUJOCO_GL=egl, attempting to import specified OpenGL backend.
2026-06-06 23:30:34,248 absl INFO MuJoCo library version is: 3.1.5
2026-06-06 23:30:36,099 benchmark_policy INFO Policy kind=cqn_as (snapshot=/home/ap2322/Documents/safety_bigym/exp_local/fixed_lambda/fixlam_0p1/lam0p1_seed0/snapshot_30546.pt) max_steps=1000 safety_filter=cbf
2026-06-06 23:30:36,099 benchmark_policy INFO CBF dodge config: {'d_target': 0.38, 'gain': 1.0, 'max_push': 0.15, 'use_velocity': True, 'beta': 0.1}
2026-06-06 23:30:36,363 safety_bigym.envs.safety_bigym_factory INFO Forcing disruption_type=COWORKER for every episode.
2026-06-06 23:30:36,363 safety_bigym.envs.safety_bigym_factory INFO Creating SafetyBiGymEnv: task=SaucepanToHob, inject_human=True, clips=0
2026-06-06 23:30:42,626 safety_bigym.envs.safety_env INFO Human indices: pelvis_id=2, pelvis_mocapid=0, ssm_bodies=14
2026-06-06 23:30:42,627 safety_bigym.envs.safety_env INFO Promoted 69 geoms onto human collision channel (human_emit=bit1, robot_emit=bit2); reset 22 human collision geoms onto the cross-paired channel.
2026-06-06 23:30:42,628 safety_bigym.envs.safety_env INFO Safety wrapper initialized
2026-06-06 23:30:42,628 safety_bigym.envs.safety_env INFO G1 human controller initialized
2026-06-06 23:30:42,628 safety_bigym.envs.safety_bigym_factory INFO Inserting BodySLAMWrapper(mode=noisy, occlusion=none).
2026-06-06 23:30:42,632 root INFO Loading demos via raw BiGym env (for DemoStore compatibility).
2026-06-06 23:30:46,433 root INFO Demos are cached already: /home/ap2322/.bigym/demonstrations/0.9.0
2026-06-06 23:30:46,433 root INFO Demos are cached already: /home/ap2322/.bigym/demonstrations/0.9.0
2026-06-06 23:30:46,434 root INFO Demos are cached already: /home/ap2322/.bigym/demonstrations/0.9.0
2026-06-06 23:30:48,234 root INFO Loaded 36 demos.
2026-06-06 23:30:53,111 safety_bigym.agents.cqn_as.env_adapter INFO Converted 36 demos (29 successful) for CQN-AS.
2026-06-06 23:31:31,111 benchmark_policy INFO seed=0 ep=0: reward=-2.180 success=True prox_rate=0.000 interv=0
2026-06-06 23:31:56,442 benchmark_policy INFO seed=0 ep=1: reward=-45.168 success=False prox_rate=0.076 interv=20
2026-06-06 23:32:03,902 benchmark_policy INFO seed=0 ep=2: reward=-2.114 success=True prox_rate=0.000 interv=4
2026-06-06 23:32:11,836 benchmark_policy INFO seed=0 ep=3: reward=-2.252 success=True prox_rate=0.064 interv=6
2026-06-06 23:32:19,337 benchmark_policy INFO seed=0 ep=4: reward=-2.436 success=True prox_rate=0.036 interv=8
2026-06-06 23:32:43,085 benchmark_policy INFO seed=0 ep=5: reward=-31.004 success=False prox_rate=0.022 interv=10
2026-06-06 23:32:51,094 benchmark_policy INFO seed=0 ep=6: reward=-2.500 success=True prox_rate=0.032 interv=0
2026-06-06 23:32:58,619 benchmark_policy INFO seed=0 ep=7: reward=-1.795 success=True prox_rate=0.000 interv=0
2026-06-06 23:33:22,623 benchmark_policy INFO seed=0 ep=8: reward=-45.875 success=False prox_rate=0.038 interv=20
2026-06-06 23:33:37,123 benchmark_policy INFO seed=0 ep=9: reward=-1.568 success=True prox_rate=0.643 interv=0
2026-06-06 23:34:02,702 benchmark_policy INFO seed=0 ep=10: reward=-46.685 success=False prox_rate=0.100 interv=4
2026-06-06 23:34:19,683 benchmark_policy INFO seed=0 ep=11: reward=-1.641 success=True prox_rate=0.198 interv=8
2026-06-06 23:34:45,769 benchmark_policy INFO seed=0 ep=12: reward=-45.868 success=False prox_rate=0.029 interv=4
2026-06-06 23:34:54,007 benchmark_policy INFO seed=0 ep=13: reward=-2.323 success=True prox_rate=0.227 interv=2
2026-06-06 23:35:27,801 benchmark_policy INFO seed=0 ep=14: reward=-23.053 success=False prox_rate=0.300 interv=68
2026-06-06 23:35:55,962 benchmark_policy INFO seed=0 ep=15: reward=-45.287 success=False prox_rate=0.116 interv=4
2026-06-06 23:36:09,828 benchmark_policy INFO seed=0 ep=16: reward=-2.010 success=True prox_rate=0.382 interv=6
2026-06-06 23:36:17,403 benchmark_policy INFO seed=0 ep=17: reward=-2.031 success=True prox_rate=0.052 interv=5
2026-06-06 23:36:25,120 benchmark_policy INFO seed=0 ep=18: reward=-2.579 success=True prox_rate=0.037 interv=5
2026-06-06 23:36:34,460 benchmark_policy INFO seed=0 ep=19: reward=-1.934 success=True prox_rate=0.000 interv=0
2026-06-06 23:36:59,010 benchmark_policy INFO seed=1 ep=0: reward=-26.776 success=False prox_rate=0.039 interv=13
2026-06-06 23:37:24,170 benchmark_policy INFO seed=1 ep=1: reward=-38.048 success=False prox_rate=0.047 interv=11
2026-06-06 23:37:49,975 benchmark_policy INFO seed=1 ep=2: reward=-40.573 success=False prox_rate=0.058 interv=20
2026-06-06 23:37:58,024 benchmark_policy INFO seed=1 ep=3: reward=-2.157 success=True prox_rate=0.003 interv=0
2026-06-06 23:38:06,182 benchmark_policy INFO seed=1 ep=4: reward=-1.991 success=True prox_rate=0.000 interv=2
2026-06-06 23:38:14,511 benchmark_policy INFO seed=1 ep=5: reward=-2.118 success=True prox_rate=0.000 interv=2
2026-06-06 23:38:22,902 benchmark_policy INFO seed=1 ep=6: reward=-2.433 success=True prox_rate=0.000 interv=0
2026-06-06 23:38:31,157 benchmark_policy INFO seed=1 ep=7: reward=-2.215 success=True prox_rate=0.020 interv=14
2026-06-06 23:38:56,619 benchmark_policy INFO seed=1 ep=8: reward=-47.136 success=False prox_rate=0.076 interv=6
2026-06-06 23:39:24,195 benchmark_policy INFO seed=1 ep=9: reward=-38.828 success=False prox_rate=0.050 interv=21
2026-06-06 23:39:32,115 benchmark_policy INFO seed=1 ep=10: reward=-1.994 success=True prox_rate=0.000 interv=0
2026-06-06 23:39:59,181 benchmark_policy INFO seed=1 ep=11: reward=-39.294 success=False prox_rate=0.022 interv=6
2026-06-06 23:40:07,245 benchmark_policy INFO seed=1 ep=12: reward=-2.188 success=True prox_rate=0.000 interv=2
2026-06-06 23:40:33,622 benchmark_policy INFO seed=1 ep=13: reward=-47.956 success=False prox_rate=0.064 interv=0
2026-06-06 23:40:59,029 benchmark_policy INFO seed=1 ep=14: reward=-44.980 success=False prox_rate=0.034 interv=5
2026-06-06 23:41:26,302 benchmark_policy INFO seed=1 ep=15: reward=-46.406 success=False prox_rate=0.084 interv=15
2026-06-06 23:41:52,697 benchmark_policy INFO seed=1 ep=16: reward=-9.757 success=False prox_rate=0.423 interv=67
2026-06-06 23:42:05,364 benchmark_policy INFO seed=1 ep=17: reward=-1.925 success=True prox_rate=0.203 interv=3
2026-06-06 23:42:32,260 benchmark_policy INFO seed=1 ep=18: reward=-45.126 success=False prox_rate=0.085 interv=0
2026-06-06 23:42:58,880 benchmark_policy INFO seed=1 ep=19: reward=-32.619 success=False prox_rate=0.103 interv=41
2026-06-06 23:43:13,858 benchmark_policy INFO seed=2 ep=0: reward=-2.121 success=True prox_rate=0.585 interv=0
2026-06-06 23:43:52,428 benchmark_policy INFO seed=2 ep=1: reward=-26.265 success=False prox_rate=0.227 interv=10
2026-06-06 23:44:06,020 benchmark_policy INFO seed=2 ep=2: reward=-1.695 success=True prox_rate=0.417 interv=0
2026-06-06 23:44:33,023 benchmark_policy INFO seed=2 ep=3: reward=-31.778 success=False prox_rate=0.281 interv=38
2026-06-06 23:44:59,327 benchmark_policy INFO seed=2 ep=4: reward=-8.133 success=False prox_rate=0.062 interv=33
2026-06-06 23:45:06,897 benchmark_policy INFO seed=2 ep=5: reward=-2.138 success=True prox_rate=0.000 interv=0
2026-06-06 23:45:14,002 benchmark_policy INFO seed=2 ep=6: reward=-2.376 success=True prox_rate=0.000 interv=0
2026-06-06 23:45:26,161 benchmark_policy INFO seed=2 ep=7: reward=-2.131 success=True prox_rate=0.681 interv=12
2026-06-06 23:45:51,661 benchmark_policy INFO seed=2 ep=8: reward=-44.128 success=False prox_rate=0.066 interv=33
2026-06-06 23:46:25,228 benchmark_policy INFO seed=2 ep=9: reward=-9.470 success=False prox_rate=0.248 interv=4
2026-06-06 23:46:46,018 benchmark_policy INFO seed=2 ep=10: reward=-17.160 success=False prox_rate=0.129 interv=11
2026-06-06 23:47:20,544 benchmark_policy INFO seed=2 ep=11: reward=-13.237 success=False prox_rate=0.428 interv=26
2026-06-06 23:47:34,836 benchmark_policy INFO seed=2 ep=12: reward=-2.356 success=True prox_rate=0.251 interv=5
2026-06-06 23:47:42,052 benchmark_policy INFO seed=2 ep=13: reward=-1.930 success=True prox_rate=0.000 interv=0
2026-06-06 23:48:04,718 benchmark_policy INFO seed=2 ep=14: reward=-45.587 success=False prox_rate=0.000 interv=0
2026-06-06 23:48:20,130 benchmark_policy INFO seed=2 ep=15: reward=-2.533 success=True prox_rate=0.327 interv=0
2026-06-06 23:48:43,592 benchmark_policy INFO seed=2 ep=16: reward=-2.933 success=True prox_rate=0.450 interv=7
2026-06-06 23:49:08,218 benchmark_policy INFO seed=2 ep=17: reward=-45.709 success=False prox_rate=0.022 interv=3
2026-06-06 23:49:20,712 benchmark_policy INFO seed=2 ep=18: reward=-1.989 success=True prox_rate=0.626 interv=13
2026-06-06 23:49:28,453 benchmark_policy INFO seed=2 ep=19: reward=-2.017 success=True prox_rate=0.000 interv=0
2026-06-06 23:49:28,707 benchmark_policy INFO Wrote 1 cell row to results/e4_1/hybrid_cbf_d0p38.csv (60 episodes) + raw rolls to results/e4_1/hybrid_cbf_d0p38.raw_episodes.parquet
MultiViewCNNEncoder(
  (conv_nets): ModuleList(
    (0-2): 3 x Sequential(
      (0): Conv2d(12, 32, kernel_size=(4, 4), stride=(2, 2), padding=(1, 1))
      (1): ImgChLayerNorm()
      (2): SiLU()
      (3): Conv2d(32, 64, kernel_size=(4, 4), stride=(2, 2), padding=(1, 1))
      (4): ImgChLayerNorm()
      (5): SiLU()
      (6): Conv2d(64, 128, kernel_size=(4, 4), stride=(2, 2), padding=(1, 1))
      (7): ImgChLayerNorm()
      (8): SiLU()
      (9): Conv2d(128, 256, kernel_size=(4, 4), stride=(2, 2), padding=(1, 1))
      (10): ImgChLayerNorm()
      (11): SiLU()
    )
  )
)
C2FCritic(
  (network): C2FCriticNetwork(
    (adv_rgb_encoder): Sequential(
      (0): Linear(in_features=19200, out_features=512, bias=False)
      (1): LayerNorm((512,), eps=1e-05, elementwise_affine=True)
      (2): SiLU()
      (3): Linear(in_features=512, out_features=512, bias=False)
      (4): LayerNorm((512,), eps=1e-05, elementwise_affine=True)
      (5): SiLU()
      (6): Linear(in_features=512, out_features=64, bias=False)
      (7): LayerNorm((64,), eps=1e-05, elementwise_affine=True)
      (8): Tanh()
    )
    (adv_low_dim_encoder): Sequential(
      (0): Linear(in_features=288, out_features=64, bias=False)
      (1): LayerNorm((64,), eps=1e-05, elementwise_affine=True)
      (2): Tanh()
    )
    (adv_net): Sequential(
      (0): Linear(in_features=163, out_features=512, bias=False)
      (1): LayerNorm((512,), eps=1e-05, elementwise_affine=True)
      (2): SiLU()
      (3): Linear(in_features=512, out_features=512, bias=False)
      (4): LayerNorm((512,), eps=1e-05, elementwise_affine=True)
      (5): SiLU()
    )
    (adv_gru): GRU(512, 512, batch_first=True)
    (adv_head): Linear(in_features=512, out_features=8080, bias=True)
    (value_rgb_encoder): Sequential(
      (0): Linear(in_features=19200, out_features=512, bias=False)
      (1): LayerNorm((512,), eps=1e-05, elementwise_affine=True)
      (2): SiLU()
      (3): Linear(in_features=512, out_features=512, bias=False)
      (4): LayerNorm((512,), eps=1e-05, elementwise_affine=True)
      (5): SiLU()
      (6): Linear(in_features=512, out_features=64, bias=False)
      (7): LayerNorm((64,), eps=1e-05, elementwise_affine=True)
      (8): Tanh()
    )
    (value_low_dim_encoder): Sequential(
      (0): Linear(in_features=288, out_features=64, bias=False)
      (1): LayerNorm((64,), eps=1e-05, elementwise_affine=True)
      (2): Tanh()
    )
    (value_net): Sequential(
      (0): Linear(in_features=163, out_features=512, bias=False)
      (1): LayerNorm((512,), eps=1e-05, elementwise_affine=True)
      (2): SiLU()
      (3): Linear(in_features=512, out_features=512, bias=False)
      (4): LayerNorm((512,), eps=1e-05, elementwise_affine=True)
      (5): SiLU()
    )
    (value_gru): GRU(512, 512, batch_first=True)
    (value_head): Linear(in_features=512, out_features=1616, bias=True)
  )
)
success_rate=0.5333333333333333 ep_proximity_violation_rate=0.141051218329905 ep_min_separation=0.15227920745684395 filter_intervention_rate=0.015489997664824473
