2026-06-08 02:26:07,970 OpenGL.acceleratesupport INFO No OpenGL_accelerate module loaded: No module named 'OpenGL_accelerate'
2026-06-08 02:26:08,639 absl INFO MUJOCO_GL=egl, attempting to import specified OpenGL backend.
2026-06-08 02:26:08,647 absl INFO MuJoCo library version is: 3.1.5
2026-06-08 02:26:11,853 benchmark_policy INFO Policy kind=cqn_as (snapshot=/home/ap2322/Documents/safety_bigym/exp_local/fixed_lambda/fixlam_0p1/lam0p1_seed1/snapshot_8225.pt) max_steps=1000 safety_filter=speedscale
2026-06-08 02:26:11,853 benchmark_policy INFO Speed-scale config: {'d_slow': 0.4, 'd_stop': 0.15}
2026-06-08 02:26:12,267 safety_bigym.envs.safety_bigym_factory INFO Forcing disruption_type=COWORKER for every episode.
2026-06-08 02:26:12,267 safety_bigym.envs.safety_bigym_factory INFO Creating SafetyBiGymEnv: task=SaucepanToHob, inject_human=True, clips=0
2026-06-08 02:26:18,711 safety_bigym.envs.safety_env INFO Human indices: pelvis_id=2, pelvis_mocapid=0, ssm_bodies=14
2026-06-08 02:26:18,712 safety_bigym.envs.safety_env INFO Promoted 69 geoms onto human collision channel (human_emit=bit1, robot_emit=bit2); reset 22 human collision geoms onto the cross-paired channel.
2026-06-08 02:26:18,712 safety_bigym.envs.safety_env INFO Safety wrapper initialized
2026-06-08 02:26:18,713 safety_bigym.envs.safety_env INFO G1 human controller initialized
2026-06-08 02:26:18,713 safety_bigym.envs.safety_bigym_factory INFO Inserting BodySLAMWrapper(mode=noisy, occlusion=none).
2026-06-08 02:26:18,716 root INFO Loading demos via raw BiGym env (for DemoStore compatibility).
2026-06-08 02:26:22,511 root INFO Demos are cached already: /home/ap2322/.bigym/demonstrations/0.9.0
2026-06-08 02:26:22,513 root INFO Demos are cached already: /home/ap2322/.bigym/demonstrations/0.9.0
2026-06-08 02:26:22,513 root INFO Demos are cached already: /home/ap2322/.bigym/demonstrations/0.9.0
2026-06-08 02:26:24,305 root INFO Loaded 36 demos.
2026-06-08 02:26:29,700 safety_bigym.agents.cqn_as.env_adapter INFO Converted 36 demos (29 successful) for CQN-AS.
2026-06-08 02:34:38,486 benchmark_policy INFO seed=0 ep=0: reward=-2.259 success=True prox_rate=0.000 interv=86
2026-06-08 02:34:47,329 benchmark_policy INFO seed=0 ep=1: reward=-2.088 success=True prox_rate=0.032 interv=81
2026-06-08 02:34:56,022 benchmark_policy INFO seed=0 ep=2: reward=-2.031 success=True prox_rate=0.000 interv=6
2026-06-08 02:35:05,186 benchmark_policy INFO seed=0 ep=3: reward=-2.281 success=True prox_rate=0.057 interv=22
2026-06-08 02:35:13,285 benchmark_policy INFO seed=0 ep=4: reward=-2.563 success=True prox_rate=0.050 interv=42
2026-06-08 02:35:34,810 benchmark_policy INFO seed=0 ep=5: reward=-10.604 success=False prox_rate=0.258 interv=415
2026-06-08 02:35:41,711 benchmark_policy INFO seed=0 ep=6: reward=-2.375 success=True prox_rate=0.028 interv=23
2026-06-08 02:36:03,760 benchmark_policy INFO seed=0 ep=7: reward=-37.201 success=False prox_rate=0.000 interv=0
2026-06-08 02:36:27,619 benchmark_policy INFO seed=0 ep=8: reward=-8.337 success=False prox_rate=0.245 interv=420
2026-06-08 02:37:01,418 benchmark_policy INFO seed=0 ep=9: reward=-3.599 success=False prox_rate=0.782 interv=786
2026-06-08 02:37:40,291 benchmark_policy INFO seed=0 ep=10: reward=-14.972 success=False prox_rate=0.812 interv=816
2026-06-08 02:38:11,958 benchmark_policy INFO seed=0 ep=11: reward=-5.267 success=False prox_rate=0.030 interv=92
2026-06-08 02:38:39,224 benchmark_policy INFO seed=0 ep=12: reward=-5.783 success=False prox_rate=0.734 interv=743
2026-06-08 02:39:06,022 benchmark_policy INFO seed=0 ep=13: reward=-19.701 success=False prox_rate=0.120 interv=143
2026-06-08 02:39:15,160 benchmark_policy INFO seed=0 ep=14: reward=-2.191 success=True prox_rate=0.052 interv=28
2026-06-08 02:39:49,951 benchmark_policy INFO seed=0 ep=15: reward=-12.943 success=False prox_rate=0.746 interv=814
2026-06-08 02:40:17,559 benchmark_policy INFO seed=0 ep=16: reward=-6.129 success=False prox_rate=0.477 interv=495
2026-06-08 02:40:26,271 benchmark_policy INFO seed=0 ep=17: reward=-2.036 success=True prox_rate=0.043 interv=17
2026-06-08 02:40:34,547 benchmark_policy INFO seed=0 ep=18: reward=-2.271 success=True prox_rate=0.038 interv=13
2026-06-08 02:40:44,463 benchmark_policy INFO seed=0 ep=19: reward=-1.833 success=True prox_rate=0.000 interv=8
2026-06-08 02:40:53,309 benchmark_policy INFO seed=1 ep=0: reward=-1.954 success=True prox_rate=0.050 interv=19
2026-06-08 02:41:20,445 benchmark_policy INFO seed=1 ep=1: reward=-10.267 success=False prox_rate=0.256 interv=387
2026-06-08 02:41:47,375 benchmark_policy INFO seed=1 ep=2: reward=-12.323 success=False prox_rate=0.355 interv=676
2026-06-08 02:41:55,881 benchmark_policy INFO seed=1 ep=3: reward=-2.029 success=True prox_rate=0.000 interv=18
2026-06-08 02:42:04,439 benchmark_policy INFO seed=1 ep=4: reward=-2.038 success=True prox_rate=0.000 interv=7
2026-06-08 02:42:13,075 benchmark_policy INFO seed=1 ep=5: reward=-2.144 success=True prox_rate=0.000 interv=20
2026-06-08 02:42:22,394 benchmark_policy INFO seed=1 ep=6: reward=-2.430 success=True prox_rate=0.000 interv=69
2026-06-08 02:42:31,659 benchmark_policy INFO seed=1 ep=7: reward=-2.512 success=True prox_rate=0.050 interv=99
2026-06-08 02:42:58,677 benchmark_policy INFO seed=1 ep=8: reward=-15.058 success=False prox_rate=0.820 interv=823
2026-06-08 02:43:27,798 benchmark_policy INFO seed=1 ep=9: reward=-11.413 success=False prox_rate=0.594 interv=633
2026-06-08 02:43:36,318 benchmark_policy INFO seed=1 ep=10: reward=-1.941 success=True prox_rate=0.000 interv=0
2026-06-08 02:43:44,939 benchmark_policy INFO seed=1 ep=11: reward=-1.769 success=True prox_rate=0.087 interv=55
2026-06-08 02:43:53,740 benchmark_policy INFO seed=1 ep=12: reward=-2.200 success=True prox_rate=0.000 interv=0
2026-06-08 02:44:35,609 benchmark_policy INFO seed=1 ep=13: reward=-12.067 success=False prox_rate=0.738 interv=745
2026-06-08 02:45:02,908 benchmark_policy INFO seed=1 ep=14: reward=-8.893 success=False prox_rate=0.223 interv=253
2026-06-08 02:45:31,396 benchmark_policy INFO seed=1 ep=15: reward=-15.423 success=False prox_rate=0.816 interv=819
2026-06-08 02:45:59,174 benchmark_policy INFO seed=1 ep=16: reward=-11.533 success=False prox_rate=0.459 interv=538
2026-06-08 02:46:30,242 benchmark_policy INFO seed=1 ep=17: reward=-6.340 success=False prox_rate=0.202 interv=225
2026-06-08 02:47:04,966 benchmark_policy INFO seed=1 ep=18: reward=-9.985 success=False prox_rate=0.808 interv=812
2026-06-08 02:47:13,592 benchmark_policy INFO seed=1 ep=19: reward=-1.708 success=True prox_rate=0.041 interv=16
2026-06-08 02:47:45,124 benchmark_policy INFO seed=2 ep=0: reward=-8.034 success=False prox_rate=0.285 interv=288
2026-06-08 02:47:53,898 benchmark_policy INFO seed=2 ep=1: reward=-2.402 success=True prox_rate=0.000 interv=7
2026-06-08 02:48:23,147 benchmark_policy INFO seed=2 ep=2: reward=-6.222 success=False prox_rate=0.056 interv=187
2026-06-08 02:48:50,071 benchmark_policy INFO seed=2 ep=3: reward=-3.786 success=False prox_rate=0.319 interv=412
2026-06-08 02:49:17,163 benchmark_policy INFO seed=2 ep=4: reward=-8.976 success=False prox_rate=0.751 interv=766
2026-06-08 02:49:26,262 benchmark_policy INFO seed=2 ep=5: reward=-2.306 success=True prox_rate=0.006 interv=5
2026-06-08 02:49:35,190 benchmark_policy INFO seed=2 ep=6: reward=-2.308 success=True prox_rate=0.000 interv=0
2026-06-08 02:50:02,648 benchmark_policy INFO seed=2 ep=7: reward=-7.036 success=False prox_rate=0.794 interv=858
2026-06-08 02:50:31,408 benchmark_policy INFO seed=2 ep=8: reward=-14.720 success=False prox_rate=0.795 interv=855
2026-06-08 02:51:03,142 benchmark_policy INFO seed=2 ep=9: reward=-8.814 success=False prox_rate=0.291 interv=454
2026-06-08 02:51:30,977 benchmark_policy INFO seed=2 ep=10: reward=-5.895 success=False prox_rate=0.148 interv=426
2026-06-08 02:52:03,361 benchmark_policy INFO seed=2 ep=11: reward=-7.933 success=False prox_rate=0.472 interv=478
2026-06-08 02:52:40,462 benchmark_policy INFO seed=2 ep=12: reward=-10.678 success=False prox_rate=0.293 interv=449
2026-06-08 02:52:48,853 benchmark_policy INFO seed=2 ep=13: reward=-1.825 success=True prox_rate=0.000 interv=0
2026-06-08 02:53:25,980 benchmark_policy INFO seed=2 ep=14: reward=-4.525 success=True prox_rate=0.205 interv=324
2026-06-08 02:53:58,863 benchmark_policy INFO seed=2 ep=15: reward=-9.586 success=False prox_rate=0.286 interv=415
2026-06-08 02:54:50,699 benchmark_policy INFO seed=2 ep=16: reward=-8.264 success=False prox_rate=0.817 interv=835
2026-06-08 02:54:59,495 benchmark_policy INFO seed=2 ep=17: reward=-2.075 success=True prox_rate=0.116 interv=83
2026-06-08 02:55:27,172 benchmark_policy INFO seed=2 ep=18: reward=-8.309 success=False prox_rate=0.680 interv=732
2026-06-08 02:55:35,641 benchmark_policy INFO seed=2 ep=19: reward=-1.868 success=True prox_rate=0.000 interv=0
2026-06-08 02:55:35,806 benchmark_policy INFO Wrote 1 cell row to results/e4_1/hybrid_speedscale_d0p40_seed1.csv (60 episodes) + raw rolls to results/e4_1/hybrid_speedscale_d0p40_seed1.raw_episodes.parquet
MultiViewCNNEncoder(
  (conv_nets): ModuleList(
    (0-2): 3 x Sequential(
      (0): Conv2d(12, 32, kernel_size=(4, 4), stride=(2, 2), padding=(1, 1))
      (1): ImgChLayerNorm()
      (2): SiLU()
      (3): Conv2d(32, 64, kernel_size=(4, 4), stride=(2, 2), padding=(1, 1))
      (4): ImgChLayerNorm()
      (5): SiLU()
      (6): Conv2d(64, 128, kernel_size=(4, 4), stride=(2, 2), padding=(1, 1))
      (7): ImgChLayerNorm()
      (8): SiLU()
      (9): Conv2d(128, 256, kernel_size=(4, 4), stride=(2, 2), padding=(1, 1))
      (10): ImgChLayerNorm()
      (11): SiLU()
    )
  )
)
C2FCritic(
  (network): C2FCriticNetwork(
    (adv_rgb_encoder): Sequential(
      (0): Linear(in_features=19200, out_features=512, bias=False)
      (1): LayerNorm((512,), eps=1e-05, elementwise_affine=True)
      (2): SiLU()
      (3): Linear(in_features=512, out_features=512, bias=False)
      (4): LayerNorm((512,), eps=1e-05, elementwise_affine=True)
      (5): SiLU()
      (6): Linear(in_features=512, out_features=64, bias=False)
      (7): LayerNorm((64,), eps=1e-05, elementwise_affine=True)
      (8): Tanh()
    )
    (adv_low_dim_encoder): Sequential(
      (0): Linear(in_features=288, out_features=64, bias=False)
      (1): LayerNorm((64,), eps=1e-05, elementwise_affine=True)
      (2): Tanh()
    )
    (adv_net): Sequential(
      (0): Linear(in_features=163, out_features=512, bias=False)
      (1): LayerNorm((512,), eps=1e-05, elementwise_affine=True)
      (2): SiLU()
      (3): Linear(in_features=512, out_features=512, bias=False)
      (4): LayerNorm((512,), eps=1e-05, elementwise_affine=True)
      (5): SiLU()
    )
    (adv_gru): GRU(512, 512, batch_first=True)
    (adv_head): Linear(in_features=512, out_features=8080, bias=True)
    (value_rgb_encoder): Sequential(
      (0): Linear(in_features=19200, out_features=512, bias=False)
      (1): LayerNorm((512,), eps=1e-05, elementwise_affine=True)
      (2): SiLU()
      (3): Linear(in_features=512, out_features=512, bias=False)
      (4): LayerNorm((512,), eps=1e-05, elementwise_affine=True)
      (5): SiLU()
      (6): Linear(in_features=512, out_features=64, bias=False)
      (7): LayerNorm((64,), eps=1e-05, elementwise_affine=True)
      (8): Tanh()
    )
    (value_low_dim_encoder): Sequential(
      (0): Linear(in_features=288, out_features=64, bias=False)
      (1): LayerNorm((64,), eps=1e-05, elementwise_affine=True)
      (2): Tanh()
    )
    (value_net): Sequential(
      (0): Linear(in_features=163, out_features=512, bias=False)
      (1): LayerNorm((512,), eps=1e-05, elementwise_affine=True)
      (2): SiLU()
      (3): Linear(in_features=512, out_features=512, bias=False)
      (4): LayerNorm((512,), eps=1e-05, elementwise_affine=True)
      (5): SiLU()
    )
    (value_gru): GRU(512, 512, batch_first=True)
    (value_head): Linear(in_features=512, out_features=1616, bias=True)
  )
)
success_rate=0.45 ep_proximity_violation_rate=0.2719860472196371 ep_min_separation=0.12923378862133034 filter_intervention_rate=0.44590148412905056
