2026-06-08 02:26:07,965 OpenGL.acceleratesupport INFO No OpenGL_accelerate module loaded: No module named 'OpenGL_accelerate'
2026-06-08 02:26:08,650 absl INFO MUJOCO_GL=egl, attempting to import specified OpenGL backend.
2026-06-08 02:26:08,657 absl INFO MuJoCo library version is: 3.1.5
2026-06-08 02:26:10,770 benchmark_policy INFO Policy kind=cqn_as (snapshot=/home/ap2322/Documents/safety_bigym/exp_local/fixed_lambda/fixlam_0p1/lam0p1_seed0/snapshot_30546.pt) max_steps=1000 safety_filter=speedscale
2026-06-08 02:26:10,770 benchmark_policy INFO Speed-scale config: {'d_slow': 0.4, 'd_stop': 0.15}
2026-06-08 02:26:10,991 safety_bigym.envs.safety_bigym_factory INFO Forcing disruption_type=COWORKER for every episode.
2026-06-08 02:26:10,991 safety_bigym.envs.safety_bigym_factory INFO Creating SafetyBiGymEnv: task=SaucepanToHob, inject_human=True, clips=0
2026-06-08 02:26:17,295 safety_bigym.envs.safety_env INFO Human indices: pelvis_id=2, pelvis_mocapid=0, ssm_bodies=14
2026-06-08 02:26:17,296 safety_bigym.envs.safety_env INFO Promoted 69 geoms onto human collision channel (human_emit=bit1, robot_emit=bit2); reset 22 human collision geoms onto the cross-paired channel.
2026-06-08 02:26:17,297 safety_bigym.envs.safety_env INFO Safety wrapper initialized
2026-06-08 02:26:17,297 safety_bigym.envs.safety_env INFO G1 human controller initialized
2026-06-08 02:26:17,297 safety_bigym.envs.safety_bigym_factory INFO Inserting BodySLAMWrapper(mode=noisy, occlusion=none).
2026-06-08 02:26:17,301 root INFO Loading demos via raw BiGym env (for DemoStore compatibility).
2026-06-08 02:26:20,996 root INFO Demos are cached already: /home/ap2322/.bigym/demonstrations/0.9.0
2026-06-08 02:26:20,997 root INFO Demos are cached already: /home/ap2322/.bigym/demonstrations/0.9.0
2026-06-08 02:26:20,997 root INFO Demos are cached already: /home/ap2322/.bigym/demonstrations/0.9.0
2026-06-08 02:26:23,016 root INFO Loaded 36 demos.
2026-06-08 02:26:28,064 safety_bigym.agents.cqn_as.env_adapter INFO Converted 36 demos (29 successful) for CQN-AS.
2026-06-08 02:33:56,779 benchmark_policy INFO seed=0 ep=0: reward=-2.170 success=True prox_rate=0.000 interv=74
2026-06-08 02:34:14,554 benchmark_policy INFO seed=0 ep=1: reward=-2.243 success=True prox_rate=0.000 interv=84
2026-06-08 02:34:30,569 benchmark_policy INFO seed=0 ep=2: reward=-2.086 success=True prox_rate=0.000 interv=8
2026-06-08 02:34:42,725 benchmark_policy INFO seed=0 ep=3: reward=-2.321 success=True prox_rate=0.058 interv=23
2026-06-08 02:34:54,568 benchmark_policy INFO seed=0 ep=4: reward=-2.491 success=True prox_rate=0.043 interv=20
2026-06-08 02:35:28,493 benchmark_policy INFO seed=0 ep=5: reward=-41.464 success=False prox_rate=0.159 interv=184
2026-06-08 02:35:38,773 benchmark_policy INFO seed=0 ep=6: reward=-2.476 success=True prox_rate=0.032 interv=14
2026-06-08 02:35:48,738 benchmark_policy INFO seed=0 ep=7: reward=-1.795 success=True prox_rate=0.000 interv=0
2026-06-08 02:36:21,172 benchmark_policy INFO seed=0 ep=8: reward=-16.862 success=False prox_rate=0.482 interv=554
2026-06-08 02:37:01,021 benchmark_policy INFO seed=0 ep=9: reward=-22.022 success=False prox_rate=0.347 interv=414
2026-06-08 02:37:37,571 benchmark_policy INFO seed=0 ep=10: reward=-35.745 success=False prox_rate=0.317 interv=324
2026-06-08 02:38:15,616 benchmark_policy INFO seed=0 ep=11: reward=-45.087 success=False prox_rate=0.010 interv=46
2026-06-08 02:38:56,178 benchmark_policy INFO seed=0 ep=12: reward=-10.986 success=False prox_rate=0.639 interv=775
2026-06-08 02:39:44,294 benchmark_policy INFO seed=0 ep=13: reward=-24.627 success=False prox_rate=0.125 interv=203
2026-06-08 02:39:56,408 benchmark_policy INFO seed=0 ep=14: reward=-2.318 success=True prox_rate=0.052 interv=20
2026-06-08 02:40:33,069 benchmark_policy INFO seed=0 ep=15: reward=-35.446 success=False prox_rate=0.305 interv=309
2026-06-08 02:41:13,775 benchmark_policy INFO seed=0 ep=16: reward=-26.675 success=False prox_rate=0.192 interv=337
2026-06-08 02:41:25,388 benchmark_policy INFO seed=0 ep=17: reward=-2.037 success=True prox_rate=0.051 interv=20
2026-06-08 02:41:35,777 benchmark_policy INFO seed=0 ep=18: reward=-2.371 success=True prox_rate=0.032 interv=11
2026-06-08 02:41:47,734 benchmark_policy INFO seed=0 ep=19: reward=-1.934 success=True prox_rate=0.000 interv=0
2026-06-08 02:41:58,426 benchmark_policy INFO seed=1 ep=0: reward=-2.058 success=True prox_rate=0.050 interv=18
2026-06-08 02:42:34,491 benchmark_policy INFO seed=1 ep=1: reward=-21.282 success=False prox_rate=0.488 interv=542
2026-06-08 02:43:07,840 benchmark_policy INFO seed=1 ep=2: reward=-19.046 success=False prox_rate=0.407 interv=501
2026-06-08 02:43:18,319 benchmark_policy INFO seed=1 ep=3: reward=-2.180 success=True prox_rate=0.000 interv=1
2026-06-08 02:43:29,014 benchmark_policy INFO seed=1 ep=4: reward=-1.991 success=True prox_rate=0.000 interv=8
2026-06-08 02:43:39,299 benchmark_policy INFO seed=1 ep=5: reward=-2.158 success=True prox_rate=0.000 interv=18
2026-06-08 02:43:51,080 benchmark_policy INFO seed=1 ep=6: reward=-2.393 success=True prox_rate=0.000 interv=61
2026-06-08 02:44:03,196 benchmark_policy INFO seed=1 ep=7: reward=-2.523 success=True prox_rate=0.059 interv=77
2026-06-08 02:44:41,070 benchmark_policy INFO seed=1 ep=8: reward=-8.739 success=False prox_rate=0.821 interv=827
2026-06-08 02:45:17,854 benchmark_policy INFO seed=1 ep=9: reward=-18.095 success=False prox_rate=0.424 interv=515
2026-06-08 02:45:29,231 benchmark_policy INFO seed=1 ep=10: reward=-1.999 success=True prox_rate=0.000 interv=0
2026-06-08 02:45:42,277 benchmark_policy INFO seed=1 ep=11: reward=-1.917 success=True prox_rate=0.087 interv=46
2026-06-08 02:45:53,816 benchmark_policy INFO seed=1 ep=12: reward=-2.310 success=True prox_rate=0.000 interv=0
2026-06-08 02:46:32,366 benchmark_policy INFO seed=1 ep=13: reward=-40.665 success=False prox_rate=0.396 interv=439
2026-06-08 02:47:09,022 benchmark_policy INFO seed=1 ep=14: reward=-13.180 success=False prox_rate=0.230 interv=296
2026-06-08 02:47:47,344 benchmark_policy INFO seed=1 ep=15: reward=-18.140 success=False prox_rate=0.818 interv=823
2026-06-08 02:48:24,107 benchmark_policy INFO seed=1 ep=16: reward=-38.241 success=False prox_rate=0.230 interv=241
2026-06-08 02:49:28,599 benchmark_policy INFO seed=1 ep=17: reward=-40.578 success=False prox_rate=0.776 interv=794
2026-06-08 02:50:11,258 benchmark_policy INFO seed=1 ep=18: reward=-35.441 success=False prox_rate=0.251 interv=262
2026-06-08 02:50:23,275 benchmark_policy INFO seed=1 ep=19: reward=-1.818 success=True prox_rate=0.041 interv=15
2026-06-08 02:51:08,694 benchmark_policy INFO seed=2 ep=0: reward=-15.552 success=False prox_rate=0.261 interv=339
2026-06-08 02:51:45,187 benchmark_policy INFO seed=2 ep=1: reward=-22.951 success=False prox_rate=0.081 interv=105
2026-06-08 02:52:27,115 benchmark_policy INFO seed=2 ep=2: reward=-38.885 success=False prox_rate=0.195 interv=262
2026-06-08 02:53:08,549 benchmark_policy INFO seed=2 ep=3: reward=-17.815 success=False prox_rate=0.471 interv=530
2026-06-08 02:53:45,988 benchmark_policy INFO seed=2 ep=4: reward=-9.543 success=False prox_rate=0.760 interv=776
2026-06-08 02:53:57,107 benchmark_policy INFO seed=2 ep=5: reward=-2.132 success=True prox_rate=0.000 interv=16
2026-06-08 02:54:07,751 benchmark_policy INFO seed=2 ep=6: reward=-2.376 success=True prox_rate=0.000 interv=0
2026-06-08 02:54:43,335 benchmark_policy INFO seed=2 ep=7: reward=-22.697 success=False prox_rate=0.282 interv=493
2026-06-08 02:55:22,136 benchmark_policy INFO seed=2 ep=8: reward=-20.193 success=False prox_rate=0.807 interv=859
2026-06-08 02:56:04,560 benchmark_policy INFO seed=2 ep=9: reward=-14.249 success=False prox_rate=0.358 interv=500
2026-06-08 02:56:40,266 benchmark_policy INFO seed=2 ep=10: reward=-10.593 success=False prox_rate=0.170 interv=389
2026-06-08 02:57:21,015 benchmark_policy INFO seed=2 ep=11: reward=-9.424 success=False prox_rate=0.535 interv=649
2026-06-08 02:57:56,150 benchmark_policy INFO seed=2 ep=12: reward=-45.471 success=False prox_rate=0.033 interv=93
2026-06-08 02:58:07,274 benchmark_policy INFO seed=2 ep=13: reward=-1.935 success=True prox_rate=0.000 interv=0
2026-06-08 02:58:42,359 benchmark_policy INFO seed=2 ep=14: reward=-45.587 success=False prox_rate=0.000 interv=0
2026-06-08 02:59:25,140 benchmark_policy INFO seed=2 ep=15: reward=-12.627 success=False prox_rate=0.158 interv=331
2026-06-08 03:00:05,309 benchmark_policy INFO seed=2 ep=16: reward=-10.330 success=False prox_rate=0.808 interv=837
2026-06-08 03:00:39,989 benchmark_policy INFO seed=2 ep=17: reward=-45.517 success=False prox_rate=0.010 interv=40
2026-06-08 03:01:14,786 benchmark_policy INFO seed=2 ep=18: reward=-38.830 success=False prox_rate=0.229 interv=286
2026-06-08 03:01:25,826 benchmark_policy INFO seed=2 ep=19: reward=-1.959 success=True prox_rate=0.000 interv=0
2026-06-08 03:01:25,998 benchmark_policy INFO Wrote 1 cell row to results/e4_1/hybrid_speedscale_d0p40_seed0.csv (60 episodes) + raw rolls to results/e4_1/hybrid_speedscale_d0p40_seed0.raw_episodes.parquet
MultiViewCNNEncoder(
  (conv_nets): ModuleList(
    (0-2): 3 x Sequential(
      (0): Conv2d(12, 32, kernel_size=(4, 4), stride=(2, 2), padding=(1, 1))
      (1): ImgChLayerNorm()
      (2): SiLU()
      (3): Conv2d(32, 64, kernel_size=(4, 4), stride=(2, 2), padding=(1, 1))
      (4): ImgChLayerNorm()
      (5): SiLU()
      (6): Conv2d(64, 128, kernel_size=(4, 4), stride=(2, 2), padding=(1, 1))
      (7): ImgChLayerNorm()
      (8): SiLU()
      (9): Conv2d(128, 256, kernel_size=(4, 4), stride=(2, 2), padding=(1, 1))
      (10): ImgChLayerNorm()
      (11): SiLU()
    )
  )
)
C2FCritic(
  (network): C2FCriticNetwork(
    (adv_rgb_encoder): Sequential(
      (0): Linear(in_features=19200, out_features=512, bias=False)
      (1): LayerNorm((512,), eps=1e-05, elementwise_affine=True)
      (2): SiLU()
      (3): Linear(in_features=512, out_features=512, bias=False)
      (4): LayerNorm((512,), eps=1e-05, elementwise_affine=True)
      (5): SiLU()
      (6): Linear(in_features=512, out_features=64, bias=False)
      (7): LayerNorm((64,), eps=1e-05, elementwise_affine=True)
      (8): Tanh()
    )
    (adv_low_dim_encoder): Sequential(
      (0): Linear(in_features=288, out_features=64, bias=False)
      (1): LayerNorm((64,), eps=1e-05, elementwise_affine=True)
      (2): Tanh()
    )
    (adv_net): Sequential(
      (0): Linear(in_features=163, out_features=512, bias=False)
      (1): LayerNorm((512,), eps=1e-05, elementwise_affine=True)
      (2): SiLU()
      (3): Linear(in_features=512, out_features=512, bias=False)
      (4): LayerNorm((512,), eps=1e-05, elementwise_affine=True)
      (5): SiLU()
    )
    (adv_gru): GRU(512, 512, batch_first=True)
    (adv_head): Linear(in_features=512, out_features=8080, bias=True)
    (value_rgb_encoder): Sequential(
      (0): Linear(in_features=19200, out_features=512, bias=False)
      (1): LayerNorm((512,), eps=1e-05, elementwise_affine=True)
      (2): SiLU()
      (3): Linear(in_features=512, out_features=512, bias=False)
      (4): LayerNorm((512,), eps=1e-05, elementwise_affine=True)
      (5): SiLU()
      (6): Linear(in_features=512, out_features=64, bias=False)
      (7): LayerNorm((64,), eps=1e-05, elementwise_affine=True)
      (8): Tanh()
    )
    (value_low_dim_encoder): Sequential(
      (0): Linear(in_features=288, out_features=64, bias=False)
      (1): LayerNorm((64,), eps=1e-05, elementwise_affine=True)
      (2): Tanh()
    )
    (value_net): Sequential(
      (0): Linear(in_features=163, out_features=512, bias=False)
      (1): LayerNorm((512,), eps=1e-05, elementwise_affine=True)
      (2): SiLU()
      (3): Linear(in_features=512, out_features=512, bias=False)
      (4): LayerNorm((512,), eps=1e-05, elementwise_affine=True)
      (5): SiLU()
    )
    (value_gru): GRU(512, 512, batch_first=True)
    (value_head): Linear(in_features=512, out_features=1616, bias=True)
  )
)
success_rate=0.4166666666666667 ep_proximity_violation_rate=0.2179859243778302 ep_min_separation=0.14593081265208474 filter_intervention_rate=0.3598804213279772
