2026-06-07 23:32:54,501 OpenGL.acceleratesupport INFO No OpenGL_accelerate module loaded: No module named 'OpenGL_accelerate'
2026-06-07 23:32:54,979 absl INFO MUJOCO_GL=egl, attempting to import specified OpenGL backend.
2026-06-07 23:32:54,989 absl INFO MuJoCo library version is: 3.1.5
2026-06-07 23:32:56,489 benchmark_policy INFO Policy kind=cqn_as (snapshot=/home/ap2322/Documents/safety_bigym/exp_local/cqn_as_base_curriculum/base_g1_30k_30k_40k_20260529_124749/stage2_full/snapshot_28203.pt) max_steps=1000 safety_filter=speedscale
2026-06-07 23:32:56,489 benchmark_policy INFO Speed-scale config: {'d_slow': 0.25, 'd_stop': 0.15}
2026-06-07 23:32:56,925 safety_bigym.envs.safety_bigym_factory INFO Forcing disruption_type=COWORKER for every episode.
2026-06-07 23:32:56,925 safety_bigym.envs.safety_bigym_factory INFO Creating SafetyBiGymEnv: task=SaucepanToHob, inject_human=True, clips=0
2026-06-07 23:33:03,574 safety_bigym.envs.safety_env INFO Human indices: pelvis_id=2, pelvis_mocapid=0, ssm_bodies=14
2026-06-07 23:33:03,575 safety_bigym.envs.safety_env INFO Promoted 69 geoms onto human collision channel (human_emit=bit1, robot_emit=bit2); reset 22 human collision geoms onto the cross-paired channel.
2026-06-07 23:33:03,576 safety_bigym.envs.safety_env INFO Safety wrapper initialized
2026-06-07 23:33:03,576 safety_bigym.envs.safety_env INFO G1 human controller initialized
2026-06-07 23:33:03,576 safety_bigym.envs.safety_bigym_factory INFO Inserting BodySLAMWrapper(mode=noisy, occlusion=none).
2026-06-07 23:33:03,579 root INFO Loading demos via raw BiGym env (for DemoStore compatibility).
2026-06-07 23:33:07,623 root INFO Demos are cached already: /home/ap2322/.bigym/demonstrations/0.9.0
2026-06-07 23:33:07,624 root INFO Demos are cached already: /home/ap2322/.bigym/demonstrations/0.9.0
2026-06-07 23:33:07,624 root INFO Demos are cached already: /home/ap2322/.bigym/demonstrations/0.9.0
2026-06-07 23:33:09,533 root INFO Loaded 36 demos.
2026-06-07 23:33:14,670 safety_bigym.agents.cqn_as.env_adapter INFO Converted 36 demos (29 successful) for CQN-AS.
2026-06-07 23:33:35,459 benchmark_policy INFO seed=0 ep=0: reward=-2.119 success=True prox_rate=0.000 interv=0
2026-06-07 23:33:43,435 benchmark_policy INFO seed=0 ep=1: reward=-1.987 success=True prox_rate=0.036 interv=0
2026-06-07 23:33:51,432 benchmark_policy INFO seed=0 ep=2: reward=-2.001 success=True prox_rate=0.000 interv=0
2026-06-07 23:34:06,122 benchmark_policy INFO seed=0 ep=3: reward=-4.084 success=True prox_rate=0.061 interv=33
2026-06-07 23:34:14,673 benchmark_policy INFO seed=0 ep=4: reward=-2.445 success=True prox_rate=0.046 interv=13
2026-06-07 23:34:42,132 benchmark_policy INFO seed=0 ep=5: reward=-39.013 success=False prox_rate=0.770 interv=747
2026-06-07 23:34:50,720 benchmark_policy INFO seed=0 ep=6: reward=-2.408 success=True prox_rate=0.032 interv=7
2026-06-07 23:34:58,540 benchmark_policy INFO seed=0 ep=7: reward=-1.811 success=True prox_rate=0.000 interv=0
2026-06-07 23:35:25,917 benchmark_policy INFO seed=0 ep=8: reward=-16.422 success=False prox_rate=0.347 interv=248
2026-06-07 23:36:00,687 benchmark_policy INFO seed=0 ep=9: reward=-8.462 success=False prox_rate=0.640 interv=591
2026-06-07 23:36:26,320 benchmark_policy INFO seed=0 ep=10: reward=-10.994 success=False prox_rate=0.810 interv=807
2026-06-07 23:36:39,699 benchmark_policy INFO seed=0 ep=11: reward=-1.663 success=True prox_rate=0.297 interv=85
2026-06-07 23:37:06,030 benchmark_policy INFO seed=0 ep=12: reward=-29.319 success=False prox_rate=0.229 interv=200
2026-06-07 23:37:14,544 benchmark_policy INFO seed=0 ep=13: reward=-2.247 success=True prox_rate=0.235 interv=66
2026-06-07 23:37:22,788 benchmark_policy INFO seed=0 ep=14: reward=-2.079 success=True prox_rate=0.056 interv=17
2026-06-07 23:37:57,488 benchmark_policy INFO seed=0 ep=15: reward=-14.328 success=False prox_rate=0.689 interv=610
2026-06-07 23:38:26,991 benchmark_policy INFO seed=0 ep=16: reward=-11.230 success=False prox_rate=0.405 interv=280
2026-06-07 23:38:34,892 benchmark_policy INFO seed=0 ep=17: reward=-1.882 success=True prox_rate=0.054 interv=14
2026-06-07 23:38:42,663 benchmark_policy INFO seed=0 ep=18: reward=-2.205 success=True prox_rate=0.026 interv=6
2026-06-07 23:38:52,913 benchmark_policy INFO seed=0 ep=19: reward=-1.858 success=True prox_rate=0.000 interv=0
2026-06-07 23:39:00,818 benchmark_policy INFO seed=1 ep=0: reward=-1.920 success=True prox_rate=0.050 interv=14
2026-06-07 23:39:26,614 benchmark_policy INFO seed=1 ep=1: reward=-13.120 success=False prox_rate=0.221 interv=215
2026-06-07 23:39:52,230 benchmark_policy INFO seed=1 ep=2: reward=-16.087 success=False prox_rate=0.464 interv=410
2026-06-07 23:40:00,238 benchmark_policy INFO seed=1 ep=3: reward=-1.934 success=True prox_rate=0.000 interv=0
2026-06-07 23:40:07,878 benchmark_policy INFO seed=1 ep=4: reward=-1.994 success=True prox_rate=0.000 interv=0
2026-06-07 23:40:21,782 benchmark_policy INFO seed=1 ep=5: reward=-3.759 success=True prox_rate=0.000 interv=0
2026-06-07 23:40:29,808 benchmark_policy INFO seed=1 ep=6: reward=-2.306 success=True prox_rate=0.010 interv=0
2026-06-07 23:40:37,839 benchmark_policy INFO seed=1 ep=7: reward=-2.201 success=True prox_rate=0.052 interv=13
2026-06-07 23:41:02,064 benchmark_policy INFO seed=1 ep=8: reward=-11.590 success=False prox_rate=0.819 interv=814
2026-06-07 23:41:29,532 benchmark_policy INFO seed=1 ep=9: reward=-14.698 success=False prox_rate=0.614 interv=597
2026-06-07 23:41:42,834 benchmark_policy INFO seed=1 ep=10: reward=-3.811 success=True prox_rate=0.000 interv=0
2026-06-07 23:41:50,015 benchmark_policy INFO seed=1 ep=11: reward=-1.833 success=True prox_rate=0.084 interv=9
2026-06-07 23:41:57,044 benchmark_policy INFO seed=1 ep=12: reward=-2.113 success=True prox_rate=0.000 interv=0
2026-06-07 23:42:32,320 benchmark_policy INFO seed=1 ep=13: reward=-11.706 success=False prox_rate=0.736 interv=730
2026-06-07 23:42:53,427 benchmark_policy INFO seed=1 ep=14: reward=-13.931 success=False prox_rate=0.223 interv=211
2026-06-07 23:43:43,479 benchmark_policy INFO seed=1 ep=15: reward=-18.733 success=False prox_rate=0.814 interv=810
2026-06-07 23:44:17,446 benchmark_policy INFO seed=1 ep=16: reward=-17.240 success=False prox_rate=0.566 interv=515
2026-06-07 23:44:53,505 benchmark_policy INFO seed=1 ep=17: reward=-20.199 success=False prox_rate=0.389 interv=336
2026-06-07 23:45:43,333 benchmark_policy INFO seed=1 ep=18: reward=-25.338 success=False prox_rate=0.810 interv=806
2026-06-07 23:46:06,008 benchmark_policy INFO seed=1 ep=19: reward=-21.385 success=False prox_rate=0.050 interv=46
2026-06-07 23:46:23,197 benchmark_policy INFO seed=2 ep=0: reward=-5.027 success=True prox_rate=0.309 interv=173
2026-06-07 23:46:30,727 benchmark_policy INFO seed=2 ep=1: reward=-2.252 success=True prox_rate=0.000 interv=0
2026-06-07 23:46:41,430 benchmark_policy INFO seed=2 ep=2: reward=-1.730 success=True prox_rate=0.460 interv=146
2026-06-07 23:47:05,067 benchmark_policy INFO seed=2 ep=3: reward=-9.960 success=False prox_rate=0.330 interv=242
2026-06-07 23:47:30,161 benchmark_policy INFO seed=2 ep=4: reward=-15.463 success=False prox_rate=0.757 interv=745
2026-06-07 23:47:37,398 benchmark_policy INFO seed=2 ep=5: reward=-2.127 success=True prox_rate=0.000 interv=0
2026-06-07 23:47:45,069 benchmark_policy INFO seed=2 ep=6: reward=-2.223 success=True prox_rate=0.000 interv=0
2026-06-07 23:48:45,187 benchmark_policy INFO seed=2 ep=7: reward=-28.064 success=False prox_rate=0.764 interv=719
2026-06-07 23:49:11,656 benchmark_policy INFO seed=2 ep=8: reward=-17.503 success=False prox_rate=0.805 interv=795
2026-06-07 23:49:42,693 benchmark_policy INFO seed=2 ep=9: reward=-12.581 success=False prox_rate=0.192 interv=157
2026-06-07 23:49:57,529 benchmark_policy INFO seed=2 ep=10: reward=-1.519 success=True prox_rate=0.524 interv=120
2026-06-07 23:50:27,375 benchmark_policy INFO seed=2 ep=11: reward=-11.104 success=False prox_rate=0.472 interv=469
2026-06-07 23:50:57,258 benchmark_policy INFO seed=2 ep=12: reward=-7.262 success=True prox_rate=0.368 interv=348
2026-06-07 23:51:04,343 benchmark_policy INFO seed=2 ep=13: reward=-1.775 success=True prox_rate=0.000 interv=0
2026-06-07 23:51:16,331 benchmark_policy INFO seed=2 ep=14: reward=-1.962 success=True prox_rate=0.370 interv=156
2026-06-07 23:51:35,183 benchmark_policy INFO seed=2 ep=15: reward=-5.484 success=True prox_rate=0.199 interv=91
2026-06-07 23:52:14,928 benchmark_policy INFO seed=2 ep=16: reward=-12.047 success=False prox_rate=0.565 interv=446
2026-06-07 23:52:22,633 benchmark_policy INFO seed=2 ep=17: reward=-1.989 success=True prox_rate=0.149 interv=35
2026-06-07 23:52:55,555 benchmark_policy INFO seed=2 ep=18: reward=-12.950 success=False prox_rate=0.636 interv=551
2026-06-07 23:53:09,932 benchmark_policy INFO seed=2 ep=19: reward=-5.395 success=True prox_rate=0.032 interv=18
2026-06-07 23:53:10,120 benchmark_policy INFO Wrote 1 cell row to results/e4_1/speedscale_base_ds0p25.csv (60 episodes) + raw rolls to results/e4_1/speedscale_base_ds0p25.raw_episodes.parquet
MultiViewCNNEncoder(
  (conv_nets): ModuleList(
    (0-2): 3 x Sequential(
      (0): Conv2d(12, 32, kernel_size=(4, 4), stride=(2, 2), padding=(1, 1))
      (1): ImgChLayerNorm()
      (2): SiLU()
      (3): Conv2d(32, 64, kernel_size=(4, 4), stride=(2, 2), padding=(1, 1))
      (4): ImgChLayerNorm()
      (5): SiLU()
      (6): Conv2d(64, 128, kernel_size=(4, 4), stride=(2, 2), padding=(1, 1))
      (7): ImgChLayerNorm()
      (8): SiLU()
      (9): Conv2d(128, 256, kernel_size=(4, 4), stride=(2, 2), padding=(1, 1))
      (10): ImgChLayerNorm()
      (11): SiLU()
    )
  )
)
C2FCritic(
  (network): C2FCriticNetwork(
    (adv_rgb_encoder): Sequential(
      (0): Linear(in_features=19200, out_features=512, bias=False)
      (1): LayerNorm((512,), eps=1e-05, elementwise_affine=True)
      (2): SiLU()
      (3): Linear(in_features=512, out_features=512, bias=False)
      (4): LayerNorm((512,), eps=1e-05, elementwise_affine=True)
      (5): SiLU()
      (6): Linear(in_features=512, out_features=64, bias=False)
      (7): LayerNorm((64,), eps=1e-05, elementwise_affine=True)
      (8): Tanh()
    )
    (adv_low_dim_encoder): Sequential(
      (0): Linear(in_features=288, out_features=64, bias=False)
      (1): LayerNorm((64,), eps=1e-05, elementwise_affine=True)
      (2): Tanh()
    )
    (adv_net): Sequential(
      (0): Linear(in_features=163, out_features=512, bias=False)
      (1): LayerNorm((512,), eps=1e-05, elementwise_affine=True)
      (2): SiLU()
      (3): Linear(in_features=512, out_features=512, bias=False)
      (4): LayerNorm((512,), eps=1e-05, elementwise_affine=True)
      (5): SiLU()
    )
    (adv_gru): GRU(512, 512, batch_first=True)
    (adv_head): Linear(in_features=512, out_features=8080, bias=True)
    (value_rgb_encoder): Sequential(
      (0): Linear(in_features=19200, out_features=512, bias=False)
      (1): LayerNorm((512,), eps=1e-05, elementwise_affine=True)
      (2): SiLU()
      (3): Linear(in_features=512, out_features=512, bias=False)
      (4): LayerNorm((512,), eps=1e-05, elementwise_affine=True)
      (5): SiLU()
      (6): Linear(in_features=512, out_features=64, bias=False)
      (7): LayerNorm((64,), eps=1e-05, elementwise_affine=True)
      (8): Tanh()
    )
    (value_low_dim_encoder): Sequential(
      (0): Linear(in_features=288, out_features=64, bias=False)
      (1): LayerNorm((64,), eps=1e-05, elementwise_affine=True)
      (2): Tanh()
    )
    (value_net): Sequential(
      (0): Linear(in_features=163, out_features=512, bias=False)
      (1): LayerNorm((512,), eps=1e-05, elementwise_affine=True)
      (2): SiLU()
      (3): Linear(in_features=512, out_features=512, bias=False)
      (4): LayerNorm((512,), eps=1e-05, elementwise_affine=True)
      (5): SiLU()
    )
    (value_gru): GRU(512, 512, batch_first=True)
    (value_head): Linear(in_features=512, out_features=1616, bias=True)
  )
)
success_rate=0.5666666666666667 ep_proximity_violation_rate=0.2927666813823739 ep_min_separation=0.12325823330915252 filter_intervention_rate=0.37006423215702333
