[2026-06-07 09:42:00,499][__main__][INFO] - workspace: /home/ap2322/Documents/safety_bigym/exp_local/curriculum_smoke/dish_stage1
[2026-06-07 09:42:00,502][safety_bigym.envs.safety_bigym_factory][INFO] - Forcing disruption_type=COWORKER for every episode.
[2026-06-07 09:42:00,502][safety_bigym.envs.safety_bigym_factory][INFO] - Creating SafetyBiGymEnv: task=DishwasherClose, inject_human=True, clips=0
[2026-06-07 09:42:05,488][safety_bigym.envs.safety_env][INFO] - Human indices: pelvis_id=2, pelvis_mocapid=0, ssm_bodies=14
[2026-06-07 09:42:05,490][safety_bigym.envs.safety_env][INFO] - Promoted 69 geoms onto human collision channel (human_emit=bit1, robot_emit=bit2); reset 22 human collision geoms onto the cross-paired channel.
[2026-06-07 09:42:05,491][safety_bigym.envs.safety_env][INFO] - Safety wrapper initialized
[2026-06-07 09:42:05,491][safety_bigym.envs.safety_env][INFO] - G1 human controller initialized
[2026-06-07 09:42:05,492][safety_bigym.envs.safety_bigym_factory][INFO] - Inserting BodySLAMWrapper(mode=oracle, occlusion=none).
MultiViewCNNEncoder(
  (conv_nets): ModuleList(
    (0-2): 3 x Sequential(
      (0): Conv2d(12, 32, kernel_size=(4, 4), stride=(2, 2), padding=(1, 1))
      (1): ImgChLayerNorm()
      (2): SiLU()
      (3): Conv2d(32, 64, kernel_size=(4, 4), stride=(2, 2), padding=(1, 1))
      (4): ImgChLayerNorm()
      (5): SiLU()
      (6): Conv2d(64, 128, kernel_size=(4, 4), stride=(2, 2), padding=(1, 1))
      (7): ImgChLayerNorm()
      (8): SiLU()
      (9): Conv2d(128, 256, kernel_size=(4, 4), stride=(2, 2), padding=(1, 1))
      (10): ImgChLayerNorm()
      (11): SiLU()
    )
  )
)
C2FCritic(
  (network): C2FCriticNetwork(
    (adv_rgb_encoder): Sequential(
      (0): Linear(in_features=19200, out_features=512, bias=False)
      (1): LayerNorm((512,), eps=1e-05, elementwise_affine=True)
      (2): SiLU()
      (3): Linear(in_features=512, out_features=512, bias=False)
      (4): LayerNorm((512,), eps=1e-05, elementwise_affine=True)
      (5): SiLU()
      (6): Linear(in_features=512, out_features=64, bias=False)
      (7): LayerNorm((64,), eps=1e-05, elementwise_affine=True)
      (8): Tanh()
    )
    (adv_low_dim_encoder): Sequential(
      (0): Linear(in_features=288, out_features=64, bias=False)
      (1): LayerNorm((64,), eps=1e-05, elementwise_affine=True)
      (2): Tanh()
    )
    (adv_net): Sequential(
      (0): Linear(in_features=163, out_features=512, bias=False)
      (1): LayerNorm((512,), eps=1e-05, elementwise_affine=True)
      (2): SiLU()
      (3): Linear(in_features=512, out_features=512, bias=False)
      (4): LayerNorm((512,), eps=1e-05, elementwise_affine=True)
      (5): SiLU()
    )
    (adv_gru): GRU(512, 512, batch_first=True)
    (adv_head): Linear(in_features=512, out_features=8080, bias=True)
    (value_rgb_encoder): Sequential(
      (0): Linear(in_features=19200, out_features=512, bias=False)
      (1): LayerNorm((512,), eps=1e-05, elementwise_affine=True)
      (2): SiLU()
      (3): Linear(in_features=512, out_features=512, bias=False)
      (4): LayerNorm((512,), eps=1e-05, elementwise_affine=True)
      (5): SiLU()
      (6): Linear(in_features=512, out_features=64, bias=False)
      (7): LayerNorm((64,), eps=1e-05, elementwise_affine=True)
      (8): Tanh()
    )
    (value_low_dim_encoder): Sequential(
      (0): Linear(in_features=288, out_features=64, bias=False)
      (1): LayerNorm((64,), eps=1e-05, elementwise_affine=True)
      (2): Tanh()
    )
    (value_net): Sequential(
      (0): Linear(in_features=163, out_features=512, bias=False)
      (1): LayerNorm((512,), eps=1e-05, elementwise_affine=True)
      (2): SiLU()
      (3): Linear(in_features=512, out_features=512, bias=False)
      (4): LayerNorm((512,), eps=1e-05, elementwise_affine=True)
      (5): SiLU()
    )
    (value_gru): GRU(512, 512, batch_first=True)
    (value_head): Linear(in_features=512, out_features=1616, bias=True)
  )
)
[2026-06-07 09:42:15,522][__main__][INFO] - loading snapshot: /home/ap2322/Documents/safety_bigym/exp_local/isolation/dish_rung1_seed2/snapshot_best.pt
[2026-06-07 09:42:15,816][__main__][INFO] - snapshot loaded: trained for 17716 steps / 65 episodes
[2026-06-07 09:42:15,816][root][INFO] - Loading demos via raw BiGym env (for DemoStore compatibility).
[2026-06-07 09:42:18,682][root][INFO] - Demos are cached already: /home/ap2322/.bigym/demonstrations/0.9.0
[2026-06-07 09:42:18,683][root][INFO] - Demos are cached already: /home/ap2322/.bigym/demonstrations/0.9.0
[2026-06-07 09:42:18,683][root][INFO] - Demos are cached already: /home/ap2322/.bigym/demonstrations/0.9.0
[2026-06-07 09:42:21,115][root][INFO] - Loaded 69 demos.
[2026-06-07 09:42:31,674][safety_bigym.agents.cqn_as.env_adapter][INFO] - Converted 69 demos (62 successful) for CQN-AS.
[2026-06-07 09:43:08,480][__main__][INFO] - Loaded 69 demos; replay size now 11548
[2026-06-07 09:43:08,866][__main__][INFO] - [safety] step=0 safety/ssm_violation=0.0000 safety/ssm_violation_actual=0.0000 safety/proximity_violation=0.0000 safety/pfl_violation=0.0000 safety/ssm_margin=2.9411 safety/ssm_margin_actual=3.1268 safety/min_separation=4.1241 safety/pfl_force_ratio=0.0000 safety/robot_vel=2.4461 safety/human_vel=0.3621 episode_safety/ep_steps=1.0000 episode_safety/ep_ssm_violation_rate=0.0000 episode_safety/ep_ssm_violation_actual_rate=0.0000 episode_safety/ep_proximity_violation_rate=0.0000 episode_safety/ep_pfl_violation_rate=0.0000 episode_safety/ep_min_ssm_margin=2.9411 episode_safety/ep_min_ssm_margin_actual=3.1268 episode_safety/ep_min_separation=4.1241 episode_safety/ep_mean_separation=4.1241 episode_safety/ep_p5_separation=4.1241 episode_safety/ep_p25_separation=4.1241 episode_safety/ep_max_pfl_force_ratio=0.0000 episode_safety/ep_max_contact_force=0.0000 episode_safety/ep_max_robot_vel=2.4461 episode_safety/ep_mean_robot_vel=2.4461 episode_safety/ep_time_to_first_violation=-1.0000 episode_safety/ep_time_in_proximity_0p3m=0.0000 episode_safety/ep_time_in_proximity_0p5m=0.0000 episode_safety/ep_time_in_proximity_1p0m=0.0000
[2026-06-07 09:43:09,763][__main__][INFO] - [safety] step=50 safety/ssm_violation=0.0000 safety/ssm_violation_actual=0.0000 safety/proximity_violation=0.0000 safety/pfl_violation=0.0000 safety/ssm_margin=1.4955 safety/ssm_margin_actual=1.7228 safety/min_separation=1.9182 safety/pfl_force_ratio=0.0000 safety/robot_vel=0.5379 safety/human_vel=0.0849 episode_safety/ep_steps=51.0000 episode_safety/ep_ssm_violation_rate=0.0000 episode_safety/ep_ssm_violation_actual_rate=0.0000 episode_safety/ep_proximity_violation_rate=0.0000 episode_safety/ep_pfl_violation_rate=0.0000 episode_safety/ep_min_ssm_margin=1.4577 episode_safety/ep_min_ssm_margin_actual=1.6848 episode_safety/ep_min_separation=1.8936 episode_safety/ep_mean_separation=2.8867 episode_safety/ep_p5_separation=1.8978 episode_safety/ep_p25_separation=2.0138 episode_safety/ep_max_pfl_force_ratio=0.0000 episode_safety/ep_max_contact_force=0.0000 episode_safety/ep_max_robot_vel=2.4461 episode_safety/ep_mean_robot_vel=0.5830 episode_safety/ep_time_to_first_violation=-1.0000 episode_safety/ep_time_in_proximity_0p3m=0.0000 episode_safety/ep_time_in_proximity_0p5m=0.0000 episode_safety/ep_time_in_proximity_1p0m=0.0000
[2026-06-07 09:43:10,665][__main__][INFO] - [safety] step=100 safety/ssm_violation=0.0000 safety/ssm_violation_actual=0.0000 safety/proximity_violation=0.0000 safety/pfl_violation=0.0000 safety/ssm_margin=1.5617 safety/ssm_margin_actual=1.8013 safety/min_separation=1.9392 safety/pfl_force_ratio=0.0000 safety/robot_vel=0.2904 safety/human_vel=0.0024 episode_safety/ep_steps=101.0000 episode_safety/ep_ssm_violation_rate=0.0000 episode_safety/ep_ssm_violation_actual_rate=0.0000 episode_safety/ep_proximity_violation_rate=0.0000 episode_safety/ep_pfl_violation_rate=0.0000 episode_safety/ep_min_ssm_margin=1.1405 episode_safety/ep_min_ssm_margin_actual=1.3725 episode_safety/ep_min_separation=1.5613 episode_safety/ep_mean_separation=2.3497 episode_safety/ep_p5_separation=1.5907 episode_safety/ep_p25_separation=1.8484 episode_safety/ep_max_pfl_force_ratio=0.0000 episode_safety/ep_max_contact_force=0.0000 episode_safety/ep_max_robot_vel=2.4461 episode_safety/ep_mean_robot_vel=0.5457 episode_safety/ep_time_to_first_violation=-1.0000 episode_safety/ep_time_in_proximity_0p3m=0.0000 episode_safety/ep_time_in_proximity_0p5m=0.0000 episode_safety/ep_time_in_proximity_1p0m=0.0000
[2026-06-07 09:43:11,588][__main__][INFO] - [safety] step=150 safety/ssm_violation=0.0000 safety/ssm_violation_actual=0.0000 safety/proximity_violation=0.0000 safety/pfl_violation=0.0000 safety/ssm_margin=1.2569 safety/ssm_margin_actual=1.4826 safety/min_separation=1.6637 safety/pfl_force_ratio=0.0000 safety/robot_vel=0.4578 safety/human_vel=0.0956 episode_safety/ep_steps=151.0000 episode_safety/ep_ssm_violation_rate=0.0000 episode_safety/ep_ssm_violation_actual_rate=0.0000 episode_safety/ep_proximity_violation_rate=0.0000 episode_safety/ep_pfl_violation_rate=0.0000 episode_safety/ep_min_ssm_margin=1.1405 episode_safety/ep_min_ssm_margin_actual=1.3725 episode_safety/ep_min_separation=1.5613 episode_safety/ep_mean_separation=2.1629 episode_safety/ep_p5_separation=1.5888 episode_safety/ep_p25_separation=1.7466 episode_safety/ep_max_pfl_force_ratio=0.0000 episode_safety/ep_max_contact_force=0.0000 episode_safety/ep_max_robot_vel=2.4461 episode_safety/ep_mean_robot_vel=0.5325 episode_safety/ep_time_to_first_violation=-1.0000 episode_safety/ep_time_in_proximity_0p3m=0.0000 episode_safety/ep_time_in_proximity_0p5m=0.0000 episode_safety/ep_time_in_proximity_1p0m=0.0000
[2026-06-07 09:43:13,202][__main__][INFO] - [episode] step=200 safety/ssm_violation=0.0000 safety/ssm_violation_actual=0.0000 safety/proximity_violation=0.0000 safety/pfl_violation=0.0000 safety/ssm_margin=0.7034 safety/ssm_margin_actual=0.9433 safety/min_separation=1.0767 safety/pfl_force_ratio=0.0000 safety/robot_vel=0.2637 safety/human_vel=0.0003 episode_safety/ep_steps=200.0000 episode_safety/ep_ssm_violation_rate=0.0000 episode_safety/ep_ssm_violation_actual_rate=0.0000 episode_safety/ep_proximity_violation_rate=0.0000 episode_safety/ep_pfl_violation_rate=0.0000 episode_safety/ep_min_ssm_margin=0.4070 episode_safety/ep_min_ssm_margin_actual=0.6468 episode_safety/ep_min_separation=0.7873 episode_safety/ep_mean_separation=1.8907 episode_safety/ep_p5_separation=0.8423 episode_safety/ep_p25_separation=1.5725 episode_safety/ep_max_pfl_force_ratio=0.0000 episode_safety/ep_max_contact_force=0.0000 episode_safety/ep_max_robot_vel=2.4461 episode_safety/ep_mean_robot_vel=0.4949 episode_safety/ep_time_to_first_violation=-1.0000 episode_safety/ep_time_in_proximity_0p3m=0.0000 episode_safety/ep_time_in_proximity_0p5m=0.0000 episode_safety/ep_time_in_proximity_1p0m=0.1300 episode_cost_integral=0.0000
[2026-06-07 09:43:13,202][__main__][INFO] - [train] step=200 episode_reward=1.0000 episode_length=200 episode=1 buffer_size=11748
[2026-06-07 09:43:13,269][__main__][INFO] - [safety] step=200 safety/ssm_violation=0.0000 safety/ssm_violation_actual=0.0000 safety/proximity_violation=0.0000 safety/pfl_violation=0.0000 safety/ssm_margin=2.0437 safety/ssm_margin_actual=2.2293 safety/min_separation=3.2339 safety/pfl_force_ratio=0.0000 safety/robot_vel=2.4584 safety/human_vel=0.3621 episode_safety/ep_steps=1.0000 episode_safety/ep_ssm_violation_rate=0.0000 episode_safety/ep_ssm_violation_actual_rate=0.0000 episode_safety/ep_proximity_violation_rate=0.0000 episode_safety/ep_pfl_violation_rate=0.0000 episode_safety/ep_min_ssm_margin=2.0437 episode_safety/ep_min_ssm_margin_actual=2.2293 episode_safety/ep_min_separation=3.2339 episode_safety/ep_mean_separation=3.2339 episode_safety/ep_p5_separation=3.2339 episode_safety/ep_p25_separation=3.2339 episode_safety/ep_max_pfl_force_ratio=0.0000 episode_safety/ep_max_contact_force=0.0000 episode_safety/ep_max_robot_vel=2.4584 episode_safety/ep_mean_robot_vel=2.4584 episode_safety/ep_time_to_first_violation=-1.0000 episode_safety/ep_time_in_proximity_0p3m=0.0000 episode_safety/ep_time_in_proximity_0p5m=0.0000 episode_safety/ep_time_in_proximity_1p0m=0.0000
[2026-06-07 09:43:14,171][__main__][INFO] - [safety] step=250 safety/ssm_violation=0.0000 safety/ssm_violation_actual=0.0000 safety/proximity_violation=0.0000 safety/pfl_violation=0.0000 safety/ssm_margin=1.2090 safety/ssm_margin_actual=1.4362 safety/min_separation=1.6307 safety/pfl_force_ratio=0.0000 safety/robot_vel=0.5331 safety/human_vel=0.0849 episode_safety/ep_steps=51.0000 episode_safety/ep_ssm_violation_rate=0.0000 episode_safety/ep_ssm_violation_actual_rate=0.0000 episode_safety/ep_proximity_violation_rate=0.0000 episode_safety/ep_pfl_violation_rate=0.0000 episode_safety/ep_min_ssm_margin=1.1015 episode_safety/ep_min_ssm_margin_actual=1.3284 episode_safety/ep_min_separation=1.5265 episode_safety/ep_mean_separation=2.2865 episode_safety/ep_p5_separation=1.5329 episode_safety/ep_p25_separation=1.6075 episode_safety/ep_max_pfl_force_ratio=0.0000 episode_safety/ep_max_contact_force=0.0000 episode_safety/ep_max_robot_vel=2.4584 episode_safety/ep_mean_robot_vel=0.5935 episode_safety/ep_time_to_first_violation=-1.0000 episode_safety/ep_time_in_proximity_0p3m=0.0000 episode_safety/ep_time_in_proximity_0p5m=0.0000 episode_safety/ep_time_in_proximity_1p0m=0.0000
[2026-06-07 09:43:15,084][__main__][INFO] - [safety] step=300 safety/ssm_violation=0.0000 safety/ssm_violation_actual=0.0000 safety/proximity_violation=0.0000 safety/pfl_violation=0.0000 safety/ssm_margin=1.2232 safety/ssm_margin_actual=1.4629 safety/min_separation=1.6112 safety/pfl_force_ratio=0.0000 safety/robot_vel=0.3543 safety/human_vel=0.0018 episode_safety/ep_steps=101.0000 episode_safety/ep_ssm_violation_rate=0.0000 episode_safety/ep_ssm_violation_actual_rate=0.0000 episode_safety/ep_proximity_violation_rate=0.0000 episode_safety/ep_pfl_violation_rate=0.0000 episode_safety/ep_min_ssm_margin=0.8261 episode_safety/ep_min_ssm_margin_actual=1.0586 episode_safety/ep_min_separation=1.2576 episode_safety/ep_mean_separation=1.9057 episode_safety/ep_p5_separation=1.2818 episode_safety/ep_p25_separation=1.5304 episode_safety/ep_max_pfl_force_ratio=0.0000 episode_safety/ep_max_contact_force=0.0000 episode_safety/ep_max_robot_vel=2.4584 episode_safety/ep_mean_robot_vel=0.5617 episode_safety/ep_time_to_first_violation=-1.0000 episode_safety/ep_time_in_proximity_0p3m=0.0000 episode_safety/ep_time_in_proximity_0p5m=0.0000 episode_safety/ep_time_in_proximity_1p0m=0.0000
[2026-06-07 09:43:15,866][__main__][INFO] - [safety] step=350 safety/ssm_violation=0.0000 safety/ssm_violation_actual=0.0000 safety/proximity_violation=0.0000 safety/pfl_violation=0.0000 safety/ssm_margin=1.1260 safety/ssm_margin_actual=1.3660 safety/min_separation=1.5169 safety/pfl_force_ratio=0.0000 safety/robot_vel=0.3711 safety/human_vel=0.0000 episode_safety/ep_steps=151.0000 episode_safety/ep_ssm_violation_rate=0.0000 episode_safety/ep_ssm_violation_actual_rate=0.0000 episode_safety/ep_proximity_violation_rate=0.0000 episode_safety/ep_pfl_violation_rate=0.0000 episode_safety/ep_min_ssm_margin=0.8261 episode_safety/ep_min_ssm_margin_actual=1.0586 episode_safety/ep_min_separation=1.2576 episode_safety/ep_mean_separation=1.7783 episode_safety/ep_p5_separation=1.2910 episode_safety/ep_p25_separation=1.4768 episode_safety/ep_max_pfl_force_ratio=0.0000 episode_safety/ep_max_contact_force=0.0000 episode_safety/ep_max_robot_vel=2.4584 episode_safety/ep_mean_robot_vel=0.5484 episode_safety/ep_time_to_first_violation=-1.0000 episode_safety/ep_time_in_proximity_0p3m=0.0000 episode_safety/ep_time_in_proximity_0p5m=0.0000 episode_safety/ep_time_in_proximity_1p0m=0.0000
[2026-06-07 09:43:17,367][__main__][INFO] - [episode] step=394 safety/ssm_violation=0.0000 safety/ssm_violation_actual=0.0000 safety/proximity_violation=0.0000 safety/pfl_violation=0.0000 safety/ssm_margin=0.9973 safety/ssm_margin_actual=1.2373 safety/min_separation=1.3939 safety/pfl_force_ratio=0.0000 safety/robot_vel=0.4032 safety/human_vel=0.0000 episode_safety/ep_steps=194.0000 episode_safety/ep_ssm_violation_rate=0.0000 episode_safety/ep_ssm_violation_actual_rate=0.0000 episode_safety/ep_proximity_violation_rate=0.0000 episode_safety/ep_pfl_violation_rate=0.0000 episode_safety/ep_min_ssm_margin=0.8156 episode_safety/ep_min_ssm_margin_actual=1.0556 episode_safety/ep_min_separation=1.2576 episode_safety/ep_mean_separation=1.7176 episode_safety/ep_p5_separation=1.2971 episode_safety/ep_p25_separation=1.4875 episode_safety/ep_max_pfl_force_ratio=0.0000 episode_safety/ep_max_contact_force=0.0000 episode_safety/ep_max_robot_vel=2.4584 episode_safety/ep_mean_robot_vel=0.5207 episode_safety/ep_time_to_first_violation=-1.0000 episode_safety/ep_time_in_proximity_0p3m=0.0000 episode_safety/ep_time_in_proximity_0p5m=0.0000 episode_safety/ep_time_in_proximity_1p0m=0.0000 episode_cost_integral=0.0000
[2026-06-07 09:43:17,367][__main__][INFO] - [train] step=394 episode_reward=1.0000 episode_length=194 episode=2 buffer_size=11942
[2026-06-07 09:43:23,226][__main__][INFO] - [safety] step=400 safety/ssm_violation=0.0000 safety/ssm_violation_actual=0.0000 safety/proximity_violation=0.0000 safety/pfl_violation=0.0000 safety/ssm_margin=4.1806 safety/ssm_margin_actual=4.3864 safety/min_separation=4.5573 safety/pfl_force_ratio=0.0000 safety/robot_vel=0.2854 safety/human_vel=0.2281 episode_safety/ep_steps=7.0000 episode_safety/ep_ssm_violation_rate=0.0000 episode_safety/ep_ssm_violation_actual_rate=0.0000 episode_safety/ep_proximity_violation_rate=0.0000 episode_safety/ep_pfl_violation_rate=0.0000 episode_safety/ep_min_ssm_margin=3.4968 episode_safety/ep_min_ssm_margin_actual=3.6825 episode_safety/ep_min_separation=4.5573 episode_safety/ep_mean_separation=4.6501 episode_safety/ep_p5_separation=4.5669 episode_safety/ep_p25_separation=4.5996 episode_safety/ep_max_pfl_force_ratio=0.0000 episode_safety/ep_max_contact_force=0.0000 episode_safety/ep_max_robot_vel=2.5873 episode_safety/ep_mean_robot_vel=0.9290 episode_safety/ep_time_to_first_violation=-1.0000 episode_safety/ep_time_in_proximity_0p3m=0.0000 episode_safety/ep_time_in_proximity_0p5m=0.0000 episode_safety/ep_time_in_proximity_1p0m=0.0000
[2026-06-07 09:43:41,184][__main__][INFO] - [safety] step=450 safety/ssm_violation=0.0000 safety/ssm_violation_actual=0.0000 safety/proximity_violation=0.0000 safety/pfl_violation=0.0000 safety/ssm_margin=1.9174 safety/ssm_margin_actual=2.1497 safety/min_separation=2.2966 safety/pfl_force_ratio=0.0000 safety/robot_vel=0.3016 safety/human_vel=0.0514 episode_safety/ep_steps=57.0000 episode_safety/ep_ssm_violation_rate=0.0000 episode_safety/ep_ssm_violation_actual_rate=0.0000 episode_safety/ep_proximity_violation_rate=0.0000 episode_safety/ep_pfl_violation_rate=0.0000 episode_safety/ep_min_ssm_margin=1.9034 episode_safety/ep_min_ssm_margin_actual=2.1336 episode_safety/ep_min_separation=2.2944 episode_safety/ep_mean_separation=3.6228 episode_safety/ep_p5_separation=2.3286 episode_safety/ep_p25_separation=3.0835 episode_safety/ep_max_pfl_force_ratio=0.0000 episode_safety/ep_max_contact_force=0.0000 episode_safety/ep_max_robot_vel=2.5873 episode_safety/ep_mean_robot_vel=0.5667 episode_safety/ep_time_to_first_violation=-1.0000 episode_safety/ep_time_in_proximity_0p3m=0.0000 episode_safety/ep_time_in_proximity_0p5m=0.0000 episode_safety/ep_time_in_proximity_1p0m=0.0000
[2026-06-07 09:43:59,254][__main__][INFO] - [safety] step=500 safety/ssm_violation=0.0000 safety/ssm_violation_actual=0.0000 safety/proximity_violation=0.0000 safety/pfl_violation=0.0000 safety/ssm_margin=1.8808 safety/ssm_margin_actual=2.1204 safety/min_separation=2.2758 safety/pfl_force_ratio=0.0000 safety/robot_vel=0.3945 safety/human_vel=0.0024 episode_safety/ep_steps=107.0000 episode_safety/ep_ssm_violation_rate=0.0000 episode_safety/ep_ssm_violation_actual_rate=0.0000 episode_safety/ep_proximity_violation_rate=0.0000 episode_safety/ep_pfl_violation_rate=0.0000 episode_safety/ep_min_ssm_margin=1.2047 episode_safety/ep_min_ssm_margin_actual=1.4215 episode_safety/ep_min_separation=2.2734 episode_safety/ep_mean_separation=3.1094 episode_safety/ep_p5_separation=2.2987 episode_safety/ep_p25_separation=2.4594 episode_safety/ep_max_pfl_force_ratio=0.0000 episode_safety/ep_max_contact_force=0.0000 episode_safety/ep_max_robot_vel=2.5873 episode_safety/ep_mean_robot_vel=0.5672 episode_safety/ep_time_to_first_violation=-1.0000 episode_safety/ep_time_in_proximity_0p3m=0.0000 episode_safety/ep_time_in_proximity_0p5m=0.0000 episode_safety/ep_time_in_proximity_1p0m=0.0000
[2026-06-07 09:44:17,424][__main__][INFO] - [safety] step=550 safety/ssm_violation=0.0000 safety/ssm_violation_actual=0.0000 safety/proximity_violation=0.0000 safety/pfl_violation=0.0000 safety/ssm_margin=2.3080 safety/ssm_margin_actual=2.5480 safety/min_separation=2.6815 safety/pfl_force_ratio=0.0000 safety/robot_vel=0.2650 safety/human_vel=0.0000 episode_safety/ep_steps=157.0000 episode_safety/ep_ssm_violation_rate=0.0064 episode_safety/ep_ssm_violation_actual_rate=0.0064 episode_safety/ep_proximity_violation_rate=0.0000 episode_safety/ep_pfl_violation_rate=0.0000 episode_safety/ep_min_ssm_margin=-18.2637 episode_safety/ep_min_ssm_margin_actual=-18.0237 episode_safety/ep_min_separation=2.2619 episode_safety/ep_mean_separation=2.9052 episode_safety/ep_p5_separation=2.2790 episode_safety/ep_p25_separation=2.4254 episode_safety/ep_max_pfl_force_ratio=0.0000 episode_safety/ep_max_contact_force=0.0000 episode_safety/ep_max_robot_vel=13.7791 episode_safety/ep_mean_robot_vel=0.5953 episode_safety/ep_time_to_first_violation=137.0000 episode_safety/ep_time_in_proximity_0p3m=0.0000 episode_safety/ep_time_in_proximity_0p5m=0.0000 episode_safety/ep_time_in_proximity_1p0m=0.0000
[2026-06-07 09:44:35,625][__main__][INFO] - [safety] step=600 safety/ssm_violation=0.0000 safety/ssm_violation_actual=0.0000 safety/proximity_violation=0.0000 safety/pfl_violation=0.0000 safety/ssm_margin=2.2910 safety/ssm_margin_actual=2.5310 safety/min_separation=2.6545 safety/pfl_force_ratio=0.0000 safety/robot_vel=0.1961 safety/human_vel=0.0000 episode_safety/ep_steps=207.0000 episode_safety/ep_ssm_violation_rate=0.0048 episode_safety/ep_ssm_violation_actual_rate=0.0048 episode_safety/ep_proximity_violation_rate=0.0000 episode_safety/ep_pfl_violation_rate=0.0000 episode_safety/ep_min_ssm_margin=-18.2637 episode_safety/ep_min_ssm_margin_actual=-18.0237 episode_safety/ep_min_separation=2.2619 episode_safety/ep_mean_separation=2.8494 episode_safety/ep_p5_separation=2.2913 episode_safety/ep_p25_separation=2.4376 episode_safety/ep_max_pfl_force_ratio=0.0000 episode_safety/ep_max_contact_force=0.0000 episode_safety/ep_max_robot_vel=13.7791 episode_safety/ep_mean_robot_vel=0.4882 episode_safety/ep_time_to_first_violation=137.0000 episode_safety/ep_time_in_proximity_0p3m=0.0000 episode_safety/ep_time_in_proximity_0p5m=0.0000 episode_safety/ep_time_in_proximity_1p0m=0.0000
[2026-06-07 09:44:53,748][__main__][INFO] - [safety] step=650 safety/ssm_violation=0.0000 safety/ssm_violation_actual=0.0000 safety/proximity_violation=0.0000 safety/pfl_violation=0.0000 safety/ssm_margin=2.0477 safety/ssm_margin_actual=2.2877 safety/min_separation=2.4025 safety/pfl_force_ratio=0.0000 safety/robot_vel=0.1304 safety/human_vel=0.0000 episode_safety/ep_steps=257.0000 episode_safety/ep_ssm_violation_rate=0.0039 episode_safety/ep_ssm_violation_actual_rate=0.0039 episode_safety/ep_proximity_violation_rate=0.0000 episode_safety/ep_pfl_violation_rate=0.0000 episode_safety/ep_min_ssm_margin=-18.2637 episode_safety/ep_min_ssm_margin_actual=-18.0237 episode_safety/ep_min_separation=2.2619 episode_safety/ep_mean_separation=2.7891 episode_safety/ep_p5_separation=2.3021 episode_safety/ep_p25_separation=2.4377 episode_safety/ep_max_pfl_force_ratio=0.0000 episode_safety/ep_max_contact_force=0.0000 episode_safety/ep_max_robot_vel=13.7791 episode_safety/ep_mean_robot_vel=0.4147 episode_safety/ep_time_to_first_violation=137.0000 episode_safety/ep_time_in_proximity_0p3m=0.0000 episode_safety/ep_time_in_proximity_0p5m=0.0000 episode_safety/ep_time_in_proximity_1p0m=0.0000
[2026-06-07 09:45:11,982][__main__][INFO] - [safety] step=700 safety/ssm_violation=0.0000 safety/ssm_violation_actual=0.0000 safety/proximity_violation=0.0000 safety/pfl_violation=0.0000 safety/ssm_margin=2.0017 safety/ssm_margin_actual=2.2417 safety/min_separation=2.3659 safety/pfl_force_ratio=0.0000 safety/robot_vel=0.2010 safety/human_vel=0.0000 episode_safety/ep_steps=307.0000 episode_safety/ep_ssm_violation_rate=0.0033 episode_safety/ep_ssm_violation_actual_rate=0.0033 episode_safety/ep_proximity_violation_rate=0.0000 episode_safety/ep_pfl_violation_rate=0.0000 episode_safety/ep_min_ssm_margin=-18.2637 episode_safety/ep_min_ssm_margin_actual=-18.0237 episode_safety/ep_min_separation=2.2619 episode_safety/ep_mean_separation=2.7347 episode_safety/ep_p5_separation=2.3046 episode_safety/ep_p25_separation=2.4329 episode_safety/ep_max_pfl_force_ratio=0.0000 episode_safety/ep_max_contact_force=0.0000 episode_safety/ep_max_robot_vel=13.7791 episode_safety/ep_mean_robot_vel=0.3820 episode_safety/ep_time_to_first_violation=137.0000 episode_safety/ep_time_in_proximity_0p3m=0.0000 episode_safety/ep_time_in_proximity_0p5m=0.0000 episode_safety/ep_time_in_proximity_1p0m=0.0000
[2026-06-07 09:45:28,103][__main__][INFO] - [episode] step=744 safety/ssm_violation=0.0000 safety/ssm_violation_actual=0.0000 safety/proximity_violation=0.0000 safety/pfl_violation=0.0000 safety/ssm_margin=2.1909 safety/ssm_margin_actual=2.4309 safety/min_separation=2.5625 safety/pfl_force_ratio=0.0000 safety/robot_vel=0.2526 safety/human_vel=0.0000 episode_safety/ep_steps=350.0000 episode_safety/ep_ssm_violation_rate=0.0029 episode_safety/ep_ssm_violation_actual_rate=0.0029 episode_safety/ep_proximity_violation_rate=0.0000 episode_safety/ep_pfl_violation_rate=0.0000 episode_safety/ep_min_ssm_margin=-18.2637 episode_safety/ep_min_ssm_margin_actual=-18.0237 episode_safety/ep_min_separation=2.2619 episode_safety/ep_mean_separation=2.6996 episode_safety/ep_p5_separation=2.3037 episode_safety/ep_p25_separation=2.4263 episode_safety/ep_max_pfl_force_ratio=0.0000 episode_safety/ep_max_contact_force=0.0000 episode_safety/ep_max_robot_vel=13.7791 episode_safety/ep_mean_robot_vel=0.3647 episode_safety/ep_time_to_first_violation=137.0000 episode_safety/ep_time_in_proximity_0p3m=0.0000 episode_safety/ep_time_in_proximity_0p5m=0.0000 episode_safety/ep_time_in_proximity_1p0m=0.0000 episode_cost_integral=1.0000
[2026-06-07 09:45:28,103][__main__][INFO] - [train] step=744 episode_reward=0.0000 episode_length=350 episode=3 buffer_size=12292
[2026-06-07 09:45:30,443][__main__][INFO] - final metrics written: /home/ap2322/Documents/safety_bigym/exp_local/curriculum_smoke/dish_stage1/final_metrics.json
