[2026-06-07 21:22:52,068][__main__][INFO] - workspace: /home/ap2322/Documents/safety_bigym/exp_local/safety_smoke/dish
[2026-06-07 21:22:52,070][safety_bigym.envs.safety_bigym_factory][INFO] - Forcing disruption_type=COWORKER for every episode.
[2026-06-07 21:22:52,070][safety_bigym.envs.safety_bigym_factory][INFO] - Creating SafetyBiGymEnv: task=DishwasherClose, inject_human=True, clips=0
[2026-06-07 21:22:56,191][safety_bigym.envs.safety_env][INFO] - Human indices: pelvis_id=2, pelvis_mocapid=0, ssm_bodies=14
[2026-06-07 21:22:56,193][safety_bigym.envs.safety_env][INFO] - Promoted 69 geoms onto human collision channel (human_emit=bit1, robot_emit=bit2); reset 22 human collision geoms onto the cross-paired channel.
[2026-06-07 21:22:56,193][safety_bigym.envs.safety_env][INFO] - Safety wrapper initialized
[2026-06-07 21:22:56,194][safety_bigym.envs.safety_env][INFO] - G1 human controller initialized
[2026-06-07 21:22:56,194][safety_bigym.envs.safety_bigym_factory][INFO] - Inserting BodySLAMWrapper(mode=oracle, occlusion=none).
MultiViewCNNEncoder(
  (conv_nets): ModuleList(
    (0-2): 3 x Sequential(
      (0): Conv2d(12, 32, kernel_size=(4, 4), stride=(2, 2), padding=(1, 1))
      (1): ImgChLayerNorm()
      (2): SiLU()
      (3): Conv2d(32, 64, kernel_size=(4, 4), stride=(2, 2), padding=(1, 1))
      (4): ImgChLayerNorm()
      (5): SiLU()
      (6): Conv2d(64, 128, kernel_size=(4, 4), stride=(2, 2), padding=(1, 1))
      (7): ImgChLayerNorm()
      (8): SiLU()
      (9): Conv2d(128, 256, kernel_size=(4, 4), stride=(2, 2), padding=(1, 1))
      (10): ImgChLayerNorm()
      (11): SiLU()
    )
  )
)
C2FCritic(
  (network): C2FCriticNetwork(
    (adv_rgb_encoder): Sequential(
      (0): Linear(in_features=19200, out_features=512, bias=False)
      (1): LayerNorm((512,), eps=1e-05, elementwise_affine=True)
      (2): SiLU()
      (3): Linear(in_features=512, out_features=512, bias=False)
      (4): LayerNorm((512,), eps=1e-05, elementwise_affine=True)
      (5): SiLU()
      (6): Linear(in_features=512, out_features=64, bias=False)
      (7): LayerNorm((64,), eps=1e-05, elementwise_affine=True)
      (8): Tanh()
    )
    (adv_low_dim_encoder): Sequential(
      (0): Linear(in_features=288, out_features=64, bias=False)
      (1): LayerNorm((64,), eps=1e-05, elementwise_affine=True)
      (2): Tanh()
    )
    (adv_net): Sequential(
      (0): Linear(in_features=163, out_features=512, bias=False)
      (1): LayerNorm((512,), eps=1e-05, elementwise_affine=True)
      (2): SiLU()
      (3): Linear(in_features=512, out_features=512, bias=False)
      (4): LayerNorm((512,), eps=1e-05, elementwise_affine=True)
      (5): SiLU()
    )
    (adv_gru): GRU(512, 512, batch_first=True)
    (adv_head): Linear(in_features=512, out_features=8080, bias=True)
    (value_rgb_encoder): Sequential(
      (0): Linear(in_features=19200, out_features=512, bias=False)
      (1): LayerNorm((512,), eps=1e-05, elementwise_affine=True)
      (2): SiLU()
      (3): Linear(in_features=512, out_features=512, bias=False)
      (4): LayerNorm((512,), eps=1e-05, elementwise_affine=True)
      (5): SiLU()
      (6): Linear(in_features=512, out_features=64, bias=False)
      (7): LayerNorm((64,), eps=1e-05, elementwise_affine=True)
      (8): Tanh()
    )
    (value_low_dim_encoder): Sequential(
      (0): Linear(in_features=288, out_features=64, bias=False)
      (1): LayerNorm((64,), eps=1e-05, elementwise_affine=True)
      (2): Tanh()
    )
    (value_net): Sequential(
      (0): Linear(in_features=163, out_features=512, bias=False)
      (1): LayerNorm((512,), eps=1e-05, elementwise_affine=True)
      (2): SiLU()
      (3): Linear(in_features=512, out_features=512, bias=False)
      (4): LayerNorm((512,), eps=1e-05, elementwise_affine=True)
      (5): SiLU()
    )
    (value_gru): GRU(512, 512, batch_first=True)
    (value_head): Linear(in_features=512, out_features=1616, bias=True)
  )
)
[2026-06-07 21:22:58,675][__main__][INFO] - loading snapshot: /home/ap2322/Documents/safety_bigym/exp_local/curriculum/dish_rung1_a/stage2_full/snapshot_best.pt
[2026-06-07 21:22:58,920][__main__][INFO] - snapshot loaded: trained for 35063 steps / 157 episodes
[2026-06-07 21:22:58,920][root][INFO] - Loading demos via raw BiGym env (for DemoStore compatibility).
[2026-06-07 21:23:01,211][root][INFO] - Demos are cached already: /home/ap2322/.bigym/demonstrations/0.9.0
[2026-06-07 21:23:01,212][root][INFO] - Demos are cached already: /home/ap2322/.bigym/demonstrations/0.9.0
[2026-06-07 21:23:01,212][root][INFO] - Demos are cached already: /home/ap2322/.bigym/demonstrations/0.9.0
[2026-06-07 21:23:03,377][root][INFO] - Loaded 69 demos.
[2026-06-07 21:23:10,412][safety_bigym.agents.cqn_as.env_adapter][INFO] - Converted 69 demos (62 successful) for CQN-AS.
[2026-06-07 21:23:39,242][__main__][INFO] - Loaded 69 demos; replay size now 11548
[2026-06-07 21:23:39,517][__main__][INFO] - [safety] step=0 safety/ssm_violation=0.0000 safety/ssm_violation_actual=0.0000 safety/proximity_violation=0.0000 safety/pfl_violation=0.0000 safety/ssm_margin=1.4237 safety/ssm_margin_actual=1.6094 safety/min_separation=2.6128 safety/pfl_force_ratio=0.0000 safety/robot_vel=2.4566 safety/human_vel=0.3621 episode_safety/ep_steps=1.0000 episode_safety/ep_ssm_violation_rate=0.0000 episode_safety/ep_ssm_violation_actual_rate=0.0000 episode_safety/ep_proximity_violation_rate=0.0000 episode_safety/ep_pfl_violation_rate=0.0000 episode_safety/ep_min_ssm_margin=1.4237 episode_safety/ep_min_ssm_margin_actual=1.6094 episode_safety/ep_min_separation=2.6128 episode_safety/ep_mean_separation=2.6128 episode_safety/ep_p5_separation=2.6128 episode_safety/ep_p25_separation=2.6128 episode_safety/ep_max_pfl_force_ratio=0.0000 episode_safety/ep_max_contact_force=0.0000 episode_safety/ep_max_robot_vel=2.4566 episode_safety/ep_mean_robot_vel=2.4566 episode_safety/ep_time_to_first_violation=-1.0000 episode_safety/ep_time_in_proximity_0p3m=0.0000 episode_safety/ep_time_in_proximity_0p5m=0.0000 episode_safety/ep_time_in_proximity_1p0m=0.0000
[2026-06-07 21:23:40,466][__main__][INFO] - [safety] step=50 safety/ssm_violation=0.0000 safety/ssm_violation_actual=0.0000 safety/proximity_violation=0.0000 safety/pfl_violation=0.0000 safety/ssm_margin=0.0690 safety/ssm_margin_actual=0.2765 safety/min_separation=0.4867 safety/pfl_force_ratio=0.0000 safety/robot_vel=0.5134 safety/human_vel=0.2168 episode_safety/ep_steps=51.0000 episode_safety/ep_ssm_violation_rate=0.2941 episode_safety/ep_ssm_violation_actual_rate=0.0000 episode_safety/ep_proximity_violation_rate=0.0000 episode_safety/ep_pfl_violation_rate=0.0000 episode_safety/ep_min_ssm_margin=-0.0749 episode_safety/ep_min_ssm_margin_actual=0.1519 episode_safety/ep_min_separation=0.3104 episode_safety/ep_mean_separation=1.1849 episode_safety/ep_p5_separation=0.3155 episode_safety/ep_p25_separation=0.4009 episode_safety/ep_max_pfl_force_ratio=0.0000 episode_safety/ep_max_contact_force=0.0000 episode_safety/ep_max_robot_vel=2.4566 episode_safety/ep_mean_robot_vel=0.5764 episode_safety/ep_time_to_first_violation=33.0000 episode_safety/ep_time_in_proximity_0p3m=0.0000 episode_safety/ep_time_in_proximity_0p5m=0.4118 episode_safety/ep_time_in_proximity_1p0m=0.5294
[2026-06-07 21:23:41,433][__main__][INFO] - [safety] step=100 safety/ssm_violation=0.0000 safety/ssm_violation_actual=0.0000 safety/proximity_violation=0.0000 safety/pfl_violation=0.0000 safety/ssm_margin=0.1475 safety/ssm_margin_actual=0.3873 safety/min_separation=0.5499 safety/pfl_force_ratio=0.0000 safety/robot_vel=0.4350 safety/human_vel=0.0008 episode_safety/ep_steps=101.0000 episode_safety/ep_ssm_violation_rate=0.3762 episode_safety/ep_ssm_violation_actual_rate=0.0000 episode_safety/ep_proximity_violation_rate=0.0000 episode_safety/ep_pfl_violation_rate=0.0000 episode_safety/ep_min_ssm_margin=-0.1025 episode_safety/ep_min_ssm_margin_actual=0.1332 episode_safety/ep_min_separation=0.3104 episode_safety/ep_mean_separation=0.8286 episode_safety/ep_p5_separation=0.3238 episode_safety/ep_p25_separation=0.4000 episode_safety/ep_max_pfl_force_ratio=0.0000 episode_safety/ep_max_contact_force=0.0000 episode_safety/ep_max_robot_vel=2.4566 episode_safety/ep_mean_robot_vel=0.5521 episode_safety/ep_time_to_first_violation=33.0000 episode_safety/ep_time_in_proximity_0p3m=0.0000 episode_safety/ep_time_in_proximity_0p5m=0.5050 episode_safety/ep_time_in_proximity_1p0m=0.7624
[2026-06-07 21:23:42,384][__main__][INFO] - [safety] step=150 safety/ssm_violation=0.0000 safety/ssm_violation_actual=0.0000 safety/proximity_violation=0.0000 safety/pfl_violation=0.0000 safety/ssm_margin=0.0918 safety/ssm_margin_actual=0.3318 safety/min_separation=0.4710 safety/pfl_force_ratio=0.0000 safety/robot_vel=0.3013 safety/human_vel=0.0000 episode_safety/ep_steps=151.0000 episode_safety/ep_ssm_violation_rate=0.3775 episode_safety/ep_ssm_violation_actual_rate=0.0000 episode_safety/ep_proximity_violation_rate=0.0000 episode_safety/ep_pfl_violation_rate=0.0000 episode_safety/ep_min_ssm_margin=-0.1025 episode_safety/ep_min_ssm_margin_actual=0.1332 episode_safety/ep_min_separation=0.3104 episode_safety/ep_mean_separation=0.7142 episode_safety/ep_p5_separation=0.3262 episode_safety/ep_p25_separation=0.4002 episode_safety/ep_max_pfl_force_ratio=0.0000 episode_safety/ep_max_contact_force=0.0000 episode_safety/ep_max_robot_vel=2.4566 episode_safety/ep_mean_robot_vel=0.5450 episode_safety/ep_time_to_first_violation=33.0000 episode_safety/ep_time_in_proximity_0p3m=0.0000 episode_safety/ep_time_in_proximity_0p5m=0.5166 episode_safety/ep_time_in_proximity_1p0m=0.8411
[2026-06-07 21:23:43,513][__main__][INFO] - [episode] step=192 safety/ssm_violation=0.0000 safety/ssm_violation_actual=0.0000 safety/proximity_violation=0.0000 safety/pfl_violation=0.0000 safety/ssm_margin=0.0204 safety/ssm_margin_actual=0.2604 safety/min_separation=0.4052 safety/pfl_force_ratio=0.0000 safety/robot_vel=0.3353 safety/human_vel=0.0000 episode_safety/ep_steps=192.0000 episode_safety/ep_ssm_violation_rate=0.3073 episode_safety/ep_ssm_violation_actual_rate=0.0000 episode_safety/ep_proximity_violation_rate=0.0000 episode_safety/ep_pfl_violation_rate=0.0000 episode_safety/ep_min_ssm_margin=-0.1025 episode_safety/ep_min_ssm_margin_actual=0.1332 episode_safety/ep_min_separation=0.3104 episode_safety/ep_mean_separation=0.6638 episode_safety/ep_p5_separation=0.3423 episode_safety/ep_p25_separation=0.4204 episode_safety/ep_max_pfl_force_ratio=0.0000 episode_safety/ep_max_contact_force=0.0000 episode_safety/ep_max_robot_vel=2.4566 episode_safety/ep_mean_robot_vel=0.5112 episode_safety/ep_time_to_first_violation=33.0000 episode_safety/ep_time_in_proximity_0p3m=0.0000 episode_safety/ep_time_in_proximity_0p5m=0.5677 episode_safety/ep_time_in_proximity_1p0m=0.8750 episode_cost_integral=127.5734 episode_lambda=0.0000
[2026-06-07 21:23:43,513][__main__][INFO] - [train] step=192 episode_reward=-7.1681 episode_length=192 episode=1 buffer_size=11740
[2026-06-07 21:23:43,718][__main__][INFO] - [safety] step=200 safety/ssm_violation=0.0000 safety/ssm_violation_actual=0.0000 safety/proximity_violation=0.0000 safety/pfl_violation=0.0000 safety/ssm_margin=1.2060 safety/ssm_margin_actual=1.4163 safety/min_separation=1.6144 safety/pfl_force_ratio=0.0000 safety/robot_vel=0.4664 safety/human_vel=0.1977 episode_safety/ep_steps=9.0000 episode_safety/ep_ssm_violation_rate=0.0000 episode_safety/ep_ssm_violation_actual_rate=0.0000 episode_safety/ep_proximity_violation_rate=0.0000 episode_safety/ep_pfl_violation_rate=0.0000 episode_safety/ep_min_ssm_margin=0.6641 episode_safety/ep_min_ssm_margin_actual=0.8498 episode_safety/ep_min_separation=1.6144 episode_safety/ep_mean_separation=1.7510 episode_safety/ep_p5_separation=1.6332 episode_safety/ep_p25_separation=1.7046 episode_safety/ep_max_pfl_force_ratio=0.0000 episode_safety/ep_max_contact_force=0.0000 episode_safety/ep_max_robot_vel=2.4680 episode_safety/ep_mean_robot_vel=0.8739 episode_safety/ep_time_to_first_violation=-1.0000 episode_safety/ep_time_in_proximity_0p3m=0.0000 episode_safety/ep_time_in_proximity_0p5m=0.0000 episode_safety/ep_time_in_proximity_1p0m=0.0000
[2026-06-07 21:23:44,573][__main__][INFO] - [safety] step=250 safety/ssm_violation=1.0000 safety/ssm_violation_actual=0.0000 safety/proximity_violation=1.0000 safety/pfl_violation=0.0000 safety/ssm_margin=-0.1010 safety/ssm_margin_actual=0.1237 safety/min_separation=0.2756 safety/pfl_force_ratio=0.0000 safety/robot_vel=0.2846 safety/human_vel=0.1021 episode_safety/ep_steps=59.0000 episode_safety/ep_ssm_violation_rate=0.6102 episode_safety/ep_ssm_violation_actual_rate=0.3729 episode_safety/ep_proximity_violation_rate=0.5593 episode_safety/ep_pfl_violation_rate=0.0000 episode_safety/ep_min_ssm_margin=-0.3817 episode_safety/ep_min_ssm_margin_actual=-0.1556 episode_safety/ep_min_separation=0.0752 episode_safety/ep_mean_separation=0.6494 episode_safety/ep_p5_separation=0.0815 episode_safety/ep_p25_separation=0.1622 episode_safety/ep_max_pfl_force_ratio=0.0000 episode_safety/ep_max_contact_force=0.0000 episode_safety/ep_max_robot_vel=2.4680 episode_safety/ep_mean_robot_vel=0.5728 episode_safety/ep_time_to_first_violation=23.0000 episode_safety/ep_time_in_proximity_0p3m=0.5593 episode_safety/ep_time_in_proximity_0p5m=0.6102 episode_safety/ep_time_in_proximity_1p0m=0.7119
[2026-06-07 21:23:45,813][__main__][INFO] - [safety] step=300 safety/ssm_violation=1.0000 safety/ssm_violation_actual=1.0000 safety/proximity_violation=1.0000 safety/pfl_violation=0.0000 safety/ssm_margin=-0.3107 safety/ssm_margin_actual=-0.1033 safety/min_separation=0.2014 safety/pfl_force_ratio=0.0000 safety/robot_vel=0.9036 safety/human_vel=0.2178 episode_safety/ep_steps=109.0000 episode_safety/ep_ssm_violation_rate=0.7890 episode_safety/ep_ssm_violation_actual_rate=0.3853 episode_safety/ep_proximity_violation_rate=0.6422 episode_safety/ep_pfl_violation_rate=0.0000 episode_safety/ep_min_ssm_margin=-0.4745 episode_safety/ep_min_ssm_margin_actual=-0.2346 episode_safety/ep_min_separation=0.0752 episode_safety/ep_mean_separation=0.4656 episode_safety/ep_p5_separation=0.0970 episode_safety/ep_p25_separation=0.1970 episode_safety/ep_max_pfl_force_ratio=0.0000 episode_safety/ep_max_contact_force=0.0000 episode_safety/ep_max_robot_vel=2.4680 episode_safety/ep_mean_robot_vel=0.5812 episode_safety/ep_time_to_first_violation=23.0000 episode_safety/ep_time_in_proximity_0p3m=0.6422 episode_safety/ep_time_in_proximity_0p5m=0.7890 episode_safety/ep_time_in_proximity_1p0m=0.8440
[2026-06-07 21:23:49,038][__main__][INFO] - [safety] step=350 safety/ssm_violation=1.0000 safety/ssm_violation_actual=0.0000 safety/proximity_violation=1.0000 safety/pfl_violation=0.0000 safety/ssm_margin=-0.1499 safety/ssm_margin_actual=0.0863 safety/min_separation=0.2730 safety/pfl_force_ratio=0.0000 safety/robot_vel=0.5388 safety/human_vel=0.0253 episode_safety/ep_steps=159.0000 episode_safety/ep_ssm_violation_rate=0.8553 episode_safety/ep_ssm_violation_actual_rate=0.3899 episode_safety/ep_proximity_violation_rate=0.6541 episode_safety/ep_pfl_violation_rate=0.0000 episode_safety/ep_min_ssm_margin=-0.8198 episode_safety/ep_min_ssm_margin_actual=-0.6112 episode_safety/ep_min_separation=0.0752 episode_safety/ep_mean_separation=0.4016 episode_safety/ep_p5_separation=0.1175 episode_safety/ep_p25_separation=0.1962 episode_safety/ep_max_pfl_force_ratio=0.0000 episode_safety/ep_max_contact_force=0.0000 episode_safety/ep_max_robot_vel=2.4680 episode_safety/ep_mean_robot_vel=0.5887 episode_safety/ep_time_to_first_violation=23.0000 episode_safety/ep_time_in_proximity_0p3m=0.6541 episode_safety/ep_time_in_proximity_0p5m=0.8553 episode_safety/ep_time_in_proximity_1p0m=0.8931
[2026-06-07 21:23:51,055][__main__][INFO] - [episode] step=382 safety/ssm_violation=1.0000 safety/ssm_violation_actual=0.0000 safety/proximity_violation=1.0000 safety/pfl_violation=0.0000 safety/ssm_margin=-0.1903 safety/ssm_margin_actual=0.0263 safety/min_separation=0.2113 safety/pfl_force_ratio=0.0000 safety/robot_vel=0.4305 safety/human_vel=0.1559 episode_safety/ep_steps=190.0000 episode_safety/ep_ssm_violation_rate=0.8789 episode_safety/ep_ssm_violation_actual_rate=0.3263 episode_safety/ep_proximity_violation_rate=0.7105 episode_safety/ep_pfl_violation_rate=0.0000 episode_safety/ep_min_ssm_margin=-0.8198 episode_safety/ep_min_ssm_margin_actual=-0.6112 episode_safety/ep_min_separation=0.0752 episode_safety/ep_mean_separation=0.3783 episode_safety/ep_p5_separation=0.1235 episode_safety/ep_p25_separation=0.2049 episode_safety/ep_max_pfl_force_ratio=0.0000 episode_safety/ep_max_contact_force=0.0000 episode_safety/ep_max_robot_vel=2.4680 episode_safety/ep_mean_robot_vel=0.5429 episode_safety/ep_time_to_first_violation=23.0000 episode_safety/ep_time_in_proximity_0p3m=0.7105 episode_safety/ep_time_in_proximity_0p5m=0.8789 episode_safety/ep_time_in_proximity_1p0m=0.9105 episode_cost_integral=168.1316 episode_lambda=0.0000
[2026-06-07 21:23:51,055][__main__][INFO] - [train] step=382 episode_reward=-7.0127 episode_length=190 episode=2 buffer_size=11930
[2026-06-07 21:24:03,874][__main__][INFO] - [safety] step=400 safety/ssm_violation=0.0000 safety/ssm_violation_actual=0.0000 safety/proximity_violation=0.0000 safety/pfl_violation=0.0000 safety/ssm_margin=0.6505 safety/ssm_margin_actual=0.8726 safety/min_separation=1.1066 safety/pfl_force_ratio=0.0000 safety/robot_vel=0.6879 safety/human_vel=0.1195 episode_safety/ep_steps=19.0000 episode_safety/ep_ssm_violation_rate=0.0000 episode_safety/ep_ssm_violation_actual_rate=0.0000 episode_safety/ep_proximity_violation_rate=0.0000 episode_safety/ep_pfl_violation_rate=0.0000 episode_safety/ep_min_ssm_margin=0.6505 episode_safety/ep_min_ssm_margin_actual=0.8726 episode_safety/ep_min_separation=1.1066 episode_safety/ep_mean_separation=1.7283 episode_safety/ep_p5_separation=1.1530 episode_safety/ep_p25_separation=1.3614 episode_safety/ep_max_pfl_force_ratio=0.0000 episode_safety/ep_max_contact_force=0.0000 episode_safety/ep_max_robot_vel=2.5025 episode_safety/ep_mean_robot_vel=0.7385 episode_safety/ep_time_to_first_violation=-1.0000 episode_safety/ep_time_in_proximity_0p3m=0.0000 episode_safety/ep_time_in_proximity_0p5m=0.0000 episode_safety/ep_time_in_proximity_1p0m=0.0000
[2026-06-07 21:24:29,901][__main__][INFO] - [safety] step=450 safety/ssm_violation=0.0000 safety/ssm_violation_actual=0.0000 safety/proximity_violation=0.0000 safety/pfl_violation=0.0000 safety/ssm_margin=0.4753 safety/ssm_margin_actual=0.7104 safety/min_separation=0.9367 safety/pfl_force_ratio=0.0000 safety/robot_vel=0.7097 safety/human_vel=0.0326 episode_safety/ep_steps=69.0000 episode_safety/ep_ssm_violation_rate=0.0000 episode_safety/ep_ssm_violation_actual_rate=0.0000 episode_safety/ep_proximity_violation_rate=0.0000 episode_safety/ep_pfl_violation_rate=0.0000 episode_safety/ep_min_ssm_margin=0.3312 episode_safety/ep_min_ssm_margin_actual=0.5560 episode_safety/ep_min_separation=0.7252 episode_safety/ep_mean_separation=1.1113 episode_safety/ep_p5_separation=0.7341 episode_safety/ep_p25_separation=0.8374 episode_safety/ep_max_pfl_force_ratio=0.0000 episode_safety/ep_max_contact_force=0.0000 episode_safety/ep_max_robot_vel=2.5025 episode_safety/ep_mean_robot_vel=0.5605 episode_safety/ep_time_to_first_violation=-1.0000 episode_safety/ep_time_in_proximity_0p3m=0.0000 episode_safety/ep_time_in_proximity_0p5m=0.0000 episode_safety/ep_time_in_proximity_1p0m=0.6377
[2026-06-07 21:24:55,499][__main__][INFO] - [safety] step=500 safety/ssm_violation=0.0000 safety/ssm_violation_actual=0.0000 safety/proximity_violation=0.0000 safety/pfl_violation=0.0000 safety/ssm_margin=0.4039 safety/ssm_margin_actual=0.6439 safety/min_separation=0.8907 safety/pfl_force_ratio=0.0000 safety/robot_vel=0.8107 safety/human_vel=0.0001 episode_safety/ep_steps=119.0000 episode_safety/ep_ssm_violation_rate=0.0000 episode_safety/ep_ssm_violation_actual_rate=0.0000 episode_safety/ep_proximity_violation_rate=0.0000 episode_safety/ep_pfl_violation_rate=0.0000 episode_safety/ep_min_ssm_margin=0.3201 episode_safety/ep_min_ssm_margin_actual=0.5560 episode_safety/ep_min_separation=0.7252 episode_safety/ep_mean_separation=1.0267 episode_safety/ep_p5_separation=0.7436 episode_safety/ep_p25_separation=0.8340 episode_safety/ep_max_pfl_force_ratio=0.0000 episode_safety/ep_max_contact_force=0.0000 episode_safety/ep_max_robot_vel=2.5025 episode_safety/ep_mean_robot_vel=0.5460 episode_safety/ep_time_to_first_violation=-1.0000 episode_safety/ep_time_in_proximity_0p3m=0.0000 episode_safety/ep_time_in_proximity_0p5m=0.0000 episode_safety/ep_time_in_proximity_1p0m=0.6807
[2026-06-07 21:25:21,305][__main__][INFO] - [safety] step=550 safety/ssm_violation=0.0000 safety/ssm_violation_actual=0.0000 safety/proximity_violation=0.0000 safety/pfl_violation=0.0000 safety/ssm_margin=0.5918 safety/ssm_margin_actual=0.8318 safety/min_separation=0.9368 safety/pfl_force_ratio=0.0000 safety/robot_vel=0.0480 safety/human_vel=0.0000 episode_safety/ep_steps=169.0000 episode_safety/ep_ssm_violation_rate=0.0000 episode_safety/ep_ssm_violation_actual_rate=0.0000 episode_safety/ep_proximity_violation_rate=0.0000 episode_safety/ep_pfl_violation_rate=0.0000 episode_safety/ep_min_ssm_margin=0.3201 episode_safety/ep_min_ssm_margin_actual=0.5560 episode_safety/ep_min_separation=0.7252 episode_safety/ep_mean_separation=0.9997 episode_safety/ep_p5_separation=0.7484 episode_safety/ep_p25_separation=0.8628 episode_safety/ep_max_pfl_force_ratio=0.0000 episode_safety/ep_max_contact_force=0.0000 episode_safety/ep_max_robot_vel=2.5025 episode_safety/ep_mean_robot_vel=0.4629 episode_safety/ep_time_to_first_violation=-1.0000 episode_safety/ep_time_in_proximity_0p3m=0.0000 episode_safety/ep_time_in_proximity_0p5m=0.0000 episode_safety/ep_time_in_proximity_1p0m=0.7101
[2026-06-07 21:25:39,685][__main__][INFO] - [episode] step=586 safety/ssm_violation=0.0000 safety/ssm_violation_actual=0.0000 safety/proximity_violation=0.0000 safety/pfl_violation=0.0000 safety/ssm_margin=0.8685 safety/ssm_margin_actual=1.1085 safety/min_separation=1.2253 safety/pfl_force_ratio=0.0000 safety/robot_vel=0.1468 safety/human_vel=0.0000 episode_safety/ep_steps=204.0000 episode_safety/ep_ssm_violation_rate=0.0000 episode_safety/ep_ssm_violation_actual_rate=0.0000 episode_safety/ep_proximity_violation_rate=0.0000 episode_safety/ep_pfl_violation_rate=0.0000 episode_safety/ep_min_ssm_margin=0.3201 episode_safety/ep_min_ssm_margin_actual=0.5560 episode_safety/ep_min_separation=0.7252 episode_safety/ep_mean_separation=1.0216 episode_safety/ep_p5_separation=0.7507 episode_safety/ep_p25_separation=0.8691 episode_safety/ep_max_pfl_force_ratio=0.0000 episode_safety/ep_max_contact_force=0.0000 episode_safety/ep_max_robot_vel=2.5025 episode_safety/ep_mean_robot_vel=0.4197 episode_safety/ep_time_to_first_violation=-1.0000 episode_safety/ep_time_in_proximity_0p3m=0.0000 episode_safety/ep_time_in_proximity_0p5m=0.0000 episode_safety/ep_time_in_proximity_1p0m=0.6127 episode_cost_integral=0.0000 episode_lambda=0.0000
[2026-06-07 21:25:39,685][__main__][INFO] - [train] step=586 episode_reward=-7.2273 episode_length=204 episode=3 buffer_size=12134
[2026-06-07 21:25:47,384][__main__][INFO] - [safety] step=600 safety/ssm_violation=0.0000 safety/ssm_violation_actual=0.0000 safety/proximity_violation=0.0000 safety/pfl_violation=0.0000 safety/ssm_margin=1.4436 safety/ssm_margin_actual=1.6625 safety/min_separation=1.8891 safety/pfl_force_ratio=0.0000 safety/robot_vel=0.6425 safety/human_vel=0.1402 episode_safety/ep_steps=15.0000 episode_safety/ep_ssm_violation_rate=0.0000 episode_safety/ep_ssm_violation_actual_rate=0.0000 episode_safety/ep_proximity_violation_rate=0.0000 episode_safety/ep_pfl_violation_rate=0.0000 episode_safety/ep_min_ssm_margin=1.4436 episode_safety/ep_min_ssm_margin_actual=1.6625 episode_safety/ep_min_separation=1.8891 episode_safety/ep_mean_separation=2.3295 episode_safety/ep_p5_separation=1.9307 episode_safety/ep_p25_separation=2.0988 episode_safety/ep_max_pfl_force_ratio=0.0000 episode_safety/ep_max_contact_force=0.0000 episode_safety/ep_max_robot_vel=2.4220 episode_safety/ep_mean_robot_vel=0.7728 episode_safety/ep_time_to_first_violation=-1.0000 episode_safety/ep_time_in_proximity_0p3m=0.0000 episode_safety/ep_time_in_proximity_0p5m=0.0000 episode_safety/ep_time_in_proximity_1p0m=0.0000
[2026-06-07 21:26:13,532][__main__][INFO] - [safety] step=650 safety/ssm_violation=0.0000 safety/ssm_violation_actual=0.0000 safety/proximity_violation=0.0000 safety/pfl_violation=0.0000 safety/ssm_margin=0.4642 safety/ssm_margin_actual=0.6959 safety/min_separation=0.8851 safety/pfl_force_ratio=0.0000 safety/robot_vel=0.5291 safety/human_vel=0.0550 episode_safety/ep_steps=65.0000 episode_safety/ep_ssm_violation_rate=0.0000 episode_safety/ep_ssm_violation_actual_rate=0.0000 episode_safety/ep_proximity_violation_rate=0.0000 episode_safety/ep_pfl_violation_rate=0.0000 episode_safety/ep_min_ssm_margin=0.3304 episode_safety/ep_min_ssm_margin_actual=0.5501 episode_safety/ep_min_separation=0.7542 episode_safety/ep_mean_separation=1.3877 episode_safety/ep_p5_separation=0.7564 episode_safety/ep_p25_separation=0.8745 episode_safety/ep_max_pfl_force_ratio=0.0000 episode_safety/ep_max_contact_force=0.0000 episode_safety/ep_max_robot_vel=2.4220 episode_safety/ep_mean_robot_vel=0.5617 episode_safety/ep_time_to_first_violation=-1.0000 episode_safety/ep_time_in_proximity_0p3m=0.0000 episode_safety/ep_time_in_proximity_0p5m=0.0000 episode_safety/ep_time_in_proximity_1p0m=0.3385
[2026-06-07 21:26:39,922][__main__][INFO] - [safety] step=700 safety/ssm_violation=0.0000 safety/ssm_violation_actual=0.0000 safety/proximity_violation=0.0000 safety/pfl_violation=0.0000 safety/ssm_margin=0.4412 safety/ssm_margin_actual=0.6812 safety/min_separation=0.8902 safety/pfl_force_ratio=0.0000 safety/robot_vel=0.6574 safety/human_vel=0.0001 episode_safety/ep_steps=115.0000 episode_safety/ep_ssm_violation_rate=0.0000 episode_safety/ep_ssm_violation_actual_rate=0.0000 episode_safety/ep_proximity_violation_rate=0.0000 episode_safety/ep_pfl_violation_rate=0.0000 episode_safety/ep_min_ssm_margin=0.3112 episode_safety/ep_min_ssm_margin_actual=0.5501 episode_safety/ep_min_separation=0.7484 episode_safety/ep_mean_separation=1.1952 episode_safety/ep_p5_separation=0.7557 episode_safety/ep_p25_separation=0.8505 episode_safety/ep_max_pfl_force_ratio=0.0000 episode_safety/ep_max_contact_force=0.0000 episode_safety/ep_max_robot_vel=2.4220 episode_safety/ep_mean_robot_vel=0.5473 episode_safety/ep_time_to_first_violation=-1.0000 episode_safety/ep_time_in_proximity_0p3m=0.0000 episode_safety/ep_time_in_proximity_0p5m=0.0000 episode_safety/ep_time_in_proximity_1p0m=0.4783
[2026-06-07 21:27:06,070][__main__][INFO] - [safety] step=750 safety/ssm_violation=0.0000 safety/ssm_violation_actual=0.0000 safety/proximity_violation=0.0000 safety/pfl_violation=0.0000 safety/ssm_margin=0.6289 safety/ssm_margin_actual=0.8689 safety/min_separation=0.9789 safety/pfl_force_ratio=0.0000 safety/robot_vel=0.0914 safety/human_vel=0.0000 episode_safety/ep_steps=165.0000 episode_safety/ep_ssm_violation_rate=0.0000 episode_safety/ep_ssm_violation_actual_rate=0.0000 episode_safety/ep_proximity_violation_rate=0.0000 episode_safety/ep_pfl_violation_rate=0.0000 episode_safety/ep_min_ssm_margin=0.3112 episode_safety/ep_min_ssm_margin_actual=0.5501 episode_safety/ep_min_separation=0.7484 episode_safety/ep_mean_separation=1.1221 episode_safety/ep_p5_separation=0.7624 episode_safety/ep_p25_separation=0.8886 episode_safety/ep_max_pfl_force_ratio=0.0000 episode_safety/ep_max_contact_force=0.0000 episode_safety/ep_max_robot_vel=2.4220 episode_safety/ep_mean_robot_vel=0.4806 episode_safety/ep_time_to_first_violation=-1.0000 episode_safety/ep_time_in_proximity_0p3m=0.0000 episode_safety/ep_time_in_proximity_0p5m=0.0000 episode_safety/ep_time_in_proximity_1p0m=0.5455
[2026-06-07 21:27:32,332][__main__][INFO] - [safety] step=800 safety/ssm_violation=0.0000 safety/ssm_violation_actual=0.0000 safety/proximity_violation=0.0000 safety/pfl_violation=0.0000 safety/ssm_margin=0.9300 safety/ssm_margin_actual=1.1700 safety/min_separation=1.2779 safety/pfl_force_ratio=0.0000 safety/robot_vel=0.0732 safety/human_vel=0.0000 episode_safety/ep_steps=215.0000 episode_safety/ep_ssm_violation_rate=0.0000 episode_safety/ep_ssm_violation_actual_rate=0.0000 episode_safety/ep_proximity_violation_rate=0.0000 episode_safety/ep_pfl_violation_rate=0.0000 episode_safety/ep_min_ssm_margin=0.3112 episode_safety/ep_min_ssm_margin_actual=0.5501 episode_safety/ep_min_separation=0.7484 episode_safety/ep_mean_separation=1.1282 episode_safety/ep_p5_separation=0.7690 episode_safety/ep_p25_separation=0.9001 episode_safety/ep_max_pfl_force_ratio=0.0000 episode_safety/ep_max_contact_force=0.0000 episode_safety/ep_max_robot_vel=2.4220 episode_safety/ep_mean_robot_vel=0.4021 episode_safety/ep_time_to_first_violation=-1.0000 episode_safety/ep_time_in_proximity_0p3m=0.0000 episode_safety/ep_time_in_proximity_0p5m=0.0000 episode_safety/ep_time_in_proximity_1p0m=0.4605
[2026-06-07 21:27:58,701][__main__][INFO] - [safety] step=850 safety/ssm_violation=0.0000 safety/ssm_violation_actual=0.0000 safety/proximity_violation=0.0000 safety/pfl_violation=0.0000 safety/ssm_margin=0.9718 safety/ssm_margin_actual=1.2118 safety/min_separation=1.3187 safety/pfl_force_ratio=0.0000 safety/robot_vel=0.0647 safety/human_vel=0.0000 episode_safety/ep_steps=265.0000 episode_safety/ep_ssm_violation_rate=0.0000 episode_safety/ep_ssm_violation_actual_rate=0.0000 episode_safety/ep_proximity_violation_rate=0.0000 episode_safety/ep_pfl_violation_rate=0.0000 episode_safety/ep_min_ssm_margin=0.3112 episode_safety/ep_min_ssm_margin_actual=0.5501 episode_safety/ep_min_separation=0.7484 episode_safety/ep_mean_separation=1.1533 episode_safety/ep_p5_separation=0.7794 episode_safety/ep_p25_separation=0.9132 episode_safety/ep_max_pfl_force_ratio=0.0000 episode_safety/ep_max_contact_force=0.0000 episode_safety/ep_max_robot_vel=2.4220 episode_safety/ep_mean_robot_vel=0.3438 episode_safety/ep_time_to_first_violation=-1.0000 episode_safety/ep_time_in_proximity_0p3m=0.0000 episode_safety/ep_time_in_proximity_0p5m=0.0000 episode_safety/ep_time_in_proximity_1p0m=0.3736
[2026-06-07 21:28:24,919][__main__][INFO] - final metrics written: /home/ap2322/Documents/safety_bigym/exp_local/safety_smoke/dish/final_metrics.json
