2026-06-05 12:04:07,853 OpenGL.acceleratesupport INFO No OpenGL_accelerate module loaded: No module named 'OpenGL_accelerate'
2026-06-05 12:04:08,375 absl INFO MUJOCO_GL=egl, attempting to import specified OpenGL backend.
2026-06-05 12:04:08,381 absl INFO MuJoCo library version is: 3.1.5
2026-06-05 12:04:10,694 benchmark_policy INFO Policy kind=cqn_as (snapshot=exp_local/fixed_lambda/fixlam_0p1/lam0p15_seed2/snapshot_17582.pt) max_steps=1000
2026-06-05 12:04:12,376 safety_bigym.envs.safety_bigym_factory INFO Forcing disruption_type=COWORKER for every episode.
2026-06-05 12:04:12,376 safety_bigym.envs.safety_bigym_factory INFO Creating SafetyBiGymEnv: task=SaucepanToHob, inject_human=True, clips=0
2026-06-05 12:04:17,861 safety_bigym.envs.safety_env INFO Human indices: pelvis_id=2, pelvis_mocapid=0, ssm_bodies=14
2026-06-05 12:04:17,862 safety_bigym.envs.safety_env INFO Promoted 69 geoms onto human collision channel (human_emit=bit1, robot_emit=bit2); reset 22 human collision geoms onto the cross-paired channel.
2026-06-05 12:04:17,862 safety_bigym.envs.safety_env INFO Safety wrapper initialized
2026-06-05 12:04:17,862 safety_bigym.envs.safety_env INFO G1 human controller initialized
2026-06-05 12:04:17,862 safety_bigym.envs.safety_bigym_factory INFO Inserting BodySLAMWrapper(mode=noisy, occlusion=none).
2026-06-05 12:04:17,866 root INFO Loading demos via raw BiGym env (for DemoStore compatibility).
2026-06-05 12:04:20,944 root INFO Demos are cached already: /home/ap2322/.bigym/demonstrations/0.9.0
2026-06-05 12:04:20,945 root INFO Demos are cached already: /home/ap2322/.bigym/demonstrations/0.9.0
2026-06-05 12:04:20,945 root INFO Demos are cached already: /home/ap2322/.bigym/demonstrations/0.9.0
2026-06-05 12:04:22,412 root INFO Loaded 36 demos.
2026-06-05 12:04:26,579 safety_bigym.agents.cqn_as.env_adapter INFO Converted 36 demos (29 successful) for CQN-AS.
2026-06-05 12:05:55,455 benchmark_policy INFO seed=0 ep=0: reward=-2.144 success=True prox_rate=0.000
2026-06-05 12:06:00,989 benchmark_policy INFO seed=0 ep=1: reward=-2.079 success=True prox_rate=0.051
2026-06-05 12:06:06,673 benchmark_policy INFO seed=0 ep=2: reward=-2.022 success=True prox_rate=0.000
2026-06-05 12:06:12,470 benchmark_policy INFO seed=0 ep=3: reward=-2.247 success=True prox_rate=0.058
2026-06-05 12:06:18,240 benchmark_policy INFO seed=0 ep=4: reward=-2.577 success=True prox_rate=0.049
2026-06-05 12:06:23,828 benchmark_policy INFO seed=0 ep=5: reward=-1.998 success=True prox_rate=0.236
2026-06-05 12:06:29,573 benchmark_policy INFO seed=0 ep=6: reward=-2.303 success=True prox_rate=0.031
2026-06-05 12:06:35,280 benchmark_policy INFO seed=0 ep=7: reward=-1.778 success=True prox_rate=0.000
2026-06-05 12:06:44,390 benchmark_policy INFO seed=0 ep=8: reward=-2.535 success=True prox_rate=0.480
2026-06-05 12:07:06,222 benchmark_policy INFO seed=0 ep=9: reward=-24.442 success=False prox_rate=0.350
2026-06-05 12:07:38,600 benchmark_policy INFO seed=0 ep=10: reward=-12.745 success=False prox_rate=0.812
2026-06-05 12:07:49,037 benchmark_policy INFO seed=0 ep=11: reward=-1.617 success=True prox_rate=0.283
2026-06-05 12:07:55,342 benchmark_policy INFO seed=0 ep=12: reward=-1.701 success=True prox_rate=0.520
2026-06-05 12:08:01,330 benchmark_policy INFO seed=0 ep=13: reward=-2.364 success=True prox_rate=0.251
2026-06-05 12:08:07,165 benchmark_policy INFO seed=0 ep=14: reward=-2.005 success=True prox_rate=0.053
2026-06-05 12:08:45,366 benchmark_policy INFO seed=0 ep=15: reward=-21.641 success=False prox_rate=0.634
2026-06-05 12:08:52,859 benchmark_policy INFO seed=0 ep=16: reward=-1.984 success=True prox_rate=0.489
2026-06-05 12:08:58,662 benchmark_policy INFO seed=0 ep=17: reward=-1.963 success=True prox_rate=0.044
2026-06-05 12:09:04,449 benchmark_policy INFO seed=0 ep=18: reward=-2.088 success=True prox_rate=0.038
2026-06-05 12:09:11,464 benchmark_policy INFO seed=0 ep=19: reward=-1.855 success=True prox_rate=0.000
2026-06-05 12:09:17,310 benchmark_policy INFO seed=1 ep=0: reward=-1.916 success=True prox_rate=0.051
2026-06-05 12:09:35,936 benchmark_policy INFO seed=1 ep=1: reward=-9.300 success=False prox_rate=0.169
2026-06-05 12:09:55,079 benchmark_policy INFO seed=1 ep=2: reward=-36.081 success=False prox_rate=0.279
2026-06-05 12:10:00,776 benchmark_policy INFO seed=1 ep=3: reward=-1.838 success=True prox_rate=0.009
2026-06-05 12:10:06,326 benchmark_policy INFO seed=1 ep=4: reward=-1.929 success=True prox_rate=0.000
2026-06-05 12:10:12,949 benchmark_policy INFO seed=1 ep=5: reward=-2.042 success=True prox_rate=0.000
2026-06-05 12:10:18,901 benchmark_policy INFO seed=1 ep=6: reward=-2.341 success=True prox_rate=0.025
2026-06-05 12:10:24,749 benchmark_policy INFO seed=1 ep=7: reward=-2.300 success=True prox_rate=0.058
2026-06-05 12:10:50,030 benchmark_policy INFO seed=1 ep=8: reward=-15.216 success=False prox_rate=0.821
2026-06-05 12:11:11,605 benchmark_policy INFO seed=1 ep=9: reward=-36.010 success=False prox_rate=0.316
2026-06-05 12:11:17,270 benchmark_policy INFO seed=1 ep=10: reward=-1.801 success=True prox_rate=0.000
2026-06-05 12:11:23,755 benchmark_policy INFO seed=1 ep=11: reward=-1.733 success=True prox_rate=0.111
2026-06-05 12:11:29,513 benchmark_policy INFO seed=1 ep=12: reward=-2.078 success=True prox_rate=0.000
2026-06-05 12:11:57,929 benchmark_policy INFO seed=1 ep=13: reward=-34.053 success=False prox_rate=0.406
2026-06-05 12:12:03,799 benchmark_policy INFO seed=1 ep=14: reward=-2.245 success=True prox_rate=0.438
2026-06-05 12:12:13,764 benchmark_policy INFO seed=1 ep=15: reward=-1.912 success=True prox_rate=0.878
2026-06-05 12:12:33,908 benchmark_policy INFO seed=1 ep=16: reward=-9.798 success=False prox_rate=0.459
2026-06-05 12:12:42,600 benchmark_policy INFO seed=1 ep=17: reward=-1.722 success=True prox_rate=0.194
2026-06-05 12:12:54,671 benchmark_policy INFO seed=1 ep=18: reward=-1.923 success=True prox_rate=0.739
2026-06-05 12:13:12,695 benchmark_policy INFO seed=1 ep=19: reward=-7.740 success=False prox_rate=0.051
2026-06-05 12:13:37,101 benchmark_policy INFO seed=2 ep=0: reward=-23.871 success=False prox_rate=0.248
2026-06-05 12:13:55,194 benchmark_policy INFO seed=2 ep=1: reward=-7.499 success=False prox_rate=0.000
2026-06-05 12:14:04,808 benchmark_policy INFO seed=2 ep=2: reward=-1.656 success=True prox_rate=0.347
2026-06-05 12:14:30,116 benchmark_policy INFO seed=2 ep=3: reward=-11.850 success=False prox_rate=0.335
2026-06-05 12:14:35,892 benchmark_policy INFO seed=2 ep=4: reward=-2.232 success=True prox_rate=0.356
2026-06-05 12:15:05,620 benchmark_policy INFO seed=2 ep=5: reward=-3.840 success=True prox_rate=0.389
2026-06-05 12:15:26,358 benchmark_policy INFO seed=2 ep=6: reward=-10.886 success=False prox_rate=0.000
2026-06-05 12:15:35,668 benchmark_policy INFO seed=2 ep=7: reward=-1.968 success=True prox_rate=0.831
2026-06-05 12:15:42,183 benchmark_policy INFO seed=2 ep=8: reward=-2.452 success=True prox_rate=0.438
2026-06-05 12:16:11,746 benchmark_policy INFO seed=2 ep=9: reward=-16.577 success=False prox_rate=0.243
2026-06-05 12:16:21,079 benchmark_policy INFO seed=2 ep=10: reward=-1.673 success=True prox_rate=0.435
2026-06-05 12:16:31,989 benchmark_policy INFO seed=2 ep=11: reward=-2.016 success=True prox_rate=0.676
2026-06-05 12:16:41,061 benchmark_policy INFO seed=2 ep=12: reward=-2.434 success=True prox_rate=0.369
2026-06-05 12:16:46,770 benchmark_policy INFO seed=2 ep=13: reward=-1.662 success=True prox_rate=0.000
2026-06-05 12:16:56,252 benchmark_policy INFO seed=2 ep=14: reward=-2.251 success=True prox_rate=0.307
2026-06-05 12:17:05,627 benchmark_policy INFO seed=2 ep=15: reward=-2.602 success=True prox_rate=0.328
2026-06-05 12:17:28,128 benchmark_policy INFO seed=2 ep=16: reward=-40.207 success=False prox_rate=0.224
2026-06-05 12:17:33,947 benchmark_policy INFO seed=2 ep=17: reward=-1.923 success=True prox_rate=0.152
2026-06-05 12:17:43,292 benchmark_policy INFO seed=2 ep=18: reward=-1.823 success=True prox_rate=0.729
2026-06-05 12:17:49,034 benchmark_policy INFO seed=2 ep=19: reward=-1.740 success=True prox_rate=0.000
2026-06-05 12:17:49,186 benchmark_policy INFO Wrote 1 cell row to /home/ap2322/Documents/safety_bigym/results/e4_1/basin_lam0p15_seed2_noisy/s17582.csv (60 episodes) + raw rolls to /home/ap2322/Documents/safety_bigym/results/e4_1/basin_lam0p15_seed2_noisy/s17582.raw_episodes.parquet
MultiViewCNNEncoder(
  (conv_nets): ModuleList(
    (0-2): 3 x Sequential(
      (0): Conv2d(12, 32, kernel_size=(4, 4), stride=(2, 2), padding=(1, 1))
      (1): ImgChLayerNorm()
      (2): SiLU()
      (3): Conv2d(32, 64, kernel_size=(4, 4), stride=(2, 2), padding=(1, 1))
      (4): ImgChLayerNorm()
      (5): SiLU()
      (6): Conv2d(64, 128, kernel_size=(4, 4), stride=(2, 2), padding=(1, 1))
      (7): ImgChLayerNorm()
      (8): SiLU()
      (9): Conv2d(128, 256, kernel_size=(4, 4), stride=(2, 2), padding=(1, 1))
      (10): ImgChLayerNorm()
      (11): SiLU()
    )
  )
)
C2FCritic(
  (network): C2FCriticNetwork(
    (adv_rgb_encoder): Sequential(
      (0): Linear(in_features=19200, out_features=512, bias=False)
      (1): LayerNorm((512,), eps=1e-05, elementwise_affine=True)
      (2): SiLU()
      (3): Linear(in_features=512, out_features=512, bias=False)
      (4): LayerNorm((512,), eps=1e-05, elementwise_affine=True)
      (5): SiLU()
      (6): Linear(in_features=512, out_features=64, bias=False)
      (7): LayerNorm((64,), eps=1e-05, elementwise_affine=True)
      (8): Tanh()
    )
    (adv_low_dim_encoder): Sequential(
      (0): Linear(in_features=288, out_features=64, bias=False)
      (1): LayerNorm((64,), eps=1e-05, elementwise_affine=True)
      (2): Tanh()
    )
    (adv_net): Sequential(
      (0): Linear(in_features=163, out_features=512, bias=False)
      (1): LayerNorm((512,), eps=1e-05, elementwise_affine=True)
      (2): SiLU()
      (3): Linear(in_features=512, out_features=512, bias=False)
      (4): LayerNorm((512,), eps=1e-05, elementwise_affine=True)
      (5): SiLU()
    )
    (adv_gru): GRU(512, 512, batch_first=True)
    (adv_head): Linear(in_features=512, out_features=8080, bias=True)
    (value_rgb_encoder): Sequential(
      (0): Linear(in_features=19200, out_features=512, bias=False)
      (1): LayerNorm((512,), eps=1e-05, elementwise_affine=True)
      (2): SiLU()
      (3): Linear(in_features=512, out_features=512, bias=False)
      (4): LayerNorm((512,), eps=1e-05, elementwise_affine=True)
      (5): SiLU()
      (6): Linear(in_features=512, out_features=64, bias=False)
      (7): LayerNorm((64,), eps=1e-05, elementwise_affine=True)
      (8): Tanh()
    )
    (value_low_dim_encoder): Sequential(
      (0): Linear(in_features=288, out_features=64, bias=False)
      (1): LayerNorm((64,), eps=1e-05, elementwise_affine=True)
      (2): Tanh()
    )
    (value_net): Sequential(
      (0): Linear(in_features=163, out_features=512, bias=False)
      (1): LayerNorm((512,), eps=1e-05, elementwise_affine=True)
      (2): SiLU()
      (3): Linear(in_features=512, out_features=512, bias=False)
      (4): LayerNorm((512,), eps=1e-05, elementwise_affine=True)
      (5): SiLU()
    )
    (value_gru): GRU(512, 512, batch_first=True)
    (value_head): Linear(in_features=512, out_features=1616, bias=True)
  )
)
success_rate=0.7333333333333333 ep_proximity_violation_rate=0.263221943037323 ep_min_separation=0.1279275446177953
