2026-06-05 12:33:54,849 OpenGL.acceleratesupport INFO No OpenGL_accelerate module loaded: No module named 'OpenGL_accelerate'
2026-06-05 12:33:55,323 absl INFO MUJOCO_GL=egl, attempting to import specified OpenGL backend.
2026-06-05 12:33:55,329 absl INFO MuJoCo library version is: 3.1.5
2026-06-05 12:33:56,641 benchmark_policy INFO Policy kind=cqn_as (snapshot=exp_local/fixed_lambda/fixlam_0p1/lam0p15_seed2/snapshot_35466.pt) max_steps=1000
2026-06-05 12:33:57,385 safety_bigym.envs.safety_bigym_factory INFO Forcing disruption_type=COWORKER for every episode.
2026-06-05 12:33:57,385 safety_bigym.envs.safety_bigym_factory INFO Creating SafetyBiGymEnv: task=SaucepanToHob, inject_human=True, clips=0
2026-06-05 12:34:03,144 safety_bigym.envs.safety_env INFO Human indices: pelvis_id=2, pelvis_mocapid=0, ssm_bodies=14
2026-06-05 12:34:03,144 safety_bigym.envs.safety_env INFO Promoted 69 geoms onto human collision channel (human_emit=bit1, robot_emit=bit2); reset 22 human collision geoms onto the cross-paired channel.
2026-06-05 12:34:03,145 safety_bigym.envs.safety_env INFO Safety wrapper initialized
2026-06-05 12:34:03,145 safety_bigym.envs.safety_env INFO G1 human controller initialized
2026-06-05 12:34:03,145 safety_bigym.envs.safety_bigym_factory INFO Inserting BodySLAMWrapper(mode=noisy, occlusion=none).
2026-06-05 12:34:03,148 root INFO Loading demos via raw BiGym env (for DemoStore compatibility).
2026-06-05 12:34:06,156 root INFO Demos are cached already: /home/ap2322/.bigym/demonstrations/0.9.0
2026-06-05 12:34:06,157 root INFO Demos are cached already: /home/ap2322/.bigym/demonstrations/0.9.0
2026-06-05 12:34:06,157 root INFO Demos are cached already: /home/ap2322/.bigym/demonstrations/0.9.0
2026-06-05 12:34:07,601 root INFO Loaded 36 demos.
2026-06-05 12:34:11,647 safety_bigym.agents.cqn_as.env_adapter INFO Converted 36 demos (29 successful) for CQN-AS.
2026-06-05 12:34:27,746 benchmark_policy INFO seed=0 ep=0: reward=-2.158 success=True prox_rate=0.000
2026-06-05 12:34:33,062 benchmark_policy INFO seed=0 ep=1: reward=-2.063 success=True prox_rate=0.052
2026-06-05 12:34:38,419 benchmark_policy INFO seed=0 ep=2: reward=-1.996 success=True prox_rate=0.000
2026-06-05 12:34:43,984 benchmark_policy INFO seed=0 ep=3: reward=-2.266 success=True prox_rate=0.055
2026-06-05 12:34:49,517 benchmark_policy INFO seed=0 ep=4: reward=-2.549 success=True prox_rate=0.046
2026-06-05 12:34:54,886 benchmark_policy INFO seed=0 ep=5: reward=-1.951 success=True prox_rate=0.235
2026-06-05 12:35:00,439 benchmark_policy INFO seed=0 ep=6: reward=-2.307 success=True prox_rate=0.025
2026-06-05 12:35:05,810 benchmark_policy INFO seed=0 ep=7: reward=-1.807 success=True prox_rate=0.000
2026-06-05 12:35:14,248 benchmark_policy INFO seed=0 ep=8: reward=-2.491 success=True prox_rate=0.489
2026-06-05 12:35:26,200 benchmark_policy INFO seed=0 ep=9: reward=-1.659 success=True prox_rate=0.619
2026-06-05 12:35:52,586 benchmark_policy INFO seed=0 ep=10: reward=-18.989 success=False prox_rate=0.675
2026-06-05 12:36:14,147 benchmark_policy INFO seed=0 ep=11: reward=-17.000 success=False prox_rate=0.100
2026-06-05 12:36:20,290 benchmark_policy INFO seed=0 ep=12: reward=-1.760 success=True prox_rate=0.528
2026-06-05 12:36:25,742 benchmark_policy INFO seed=0 ep=13: reward=-2.372 success=True prox_rate=0.233
2026-06-05 12:36:31,136 benchmark_policy INFO seed=0 ep=14: reward=-1.993 success=True prox_rate=0.057
2026-06-05 12:37:02,162 benchmark_policy INFO seed=0 ep=15: reward=-22.538 success=False prox_rate=0.353
2026-06-05 12:37:09,526 benchmark_policy INFO seed=0 ep=16: reward=-2.032 success=True prox_rate=0.494
2026-06-05 12:37:14,924 benchmark_policy INFO seed=0 ep=17: reward=-1.949 success=True prox_rate=0.047
2026-06-05 12:37:20,295 benchmark_policy INFO seed=0 ep=18: reward=-2.050 success=True prox_rate=0.038
2026-06-05 12:37:26,993 benchmark_policy INFO seed=0 ep=19: reward=-1.854 success=True prox_rate=0.000
2026-06-05 12:37:32,389 benchmark_policy INFO seed=1 ep=0: reward=-1.774 success=True prox_rate=0.051
2026-06-05 12:37:38,449 benchmark_policy INFO seed=1 ep=1: reward=-1.780 success=True prox_rate=0.542
2026-06-05 12:37:57,898 benchmark_policy INFO seed=1 ep=2: reward=-19.844 success=False prox_rate=0.466
2026-06-05 12:38:03,196 benchmark_policy INFO seed=1 ep=3: reward=-1.838 success=True prox_rate=0.000
2026-06-05 12:38:08,527 benchmark_policy INFO seed=1 ep=4: reward=-1.980 success=True prox_rate=0.000
2026-06-05 12:38:13,818 benchmark_policy INFO seed=1 ep=5: reward=-1.916 success=True prox_rate=0.000
2026-06-05 12:38:19,348 benchmark_policy INFO seed=1 ep=6: reward=-2.454 success=True prox_rate=0.006
2026-06-05 12:38:35,970 benchmark_policy INFO seed=1 ep=7: reward=-20.481 success=False prox_rate=0.166
2026-06-05 12:39:04,470 benchmark_policy INFO seed=1 ep=8: reward=-20.089 success=False prox_rate=0.632
2026-06-05 12:39:10,013 benchmark_policy INFO seed=1 ep=9: reward=-2.439 success=True prox_rate=0.512
2026-06-05 12:39:15,303 benchmark_policy INFO seed=1 ep=10: reward=-1.750 success=True prox_rate=0.000
2026-06-05 12:39:21,334 benchmark_policy INFO seed=1 ep=11: reward=-1.717 success=True prox_rate=0.104
2026-06-05 12:39:26,635 benchmark_policy INFO seed=1 ep=12: reward=-2.053 success=True prox_rate=0.000
2026-06-05 12:40:00,692 benchmark_policy INFO seed=1 ep=13: reward=-17.808 success=False prox_rate=0.699
2026-06-05 12:40:06,122 benchmark_policy INFO seed=1 ep=14: reward=-2.188 success=True prox_rate=0.445
2026-06-05 12:40:16,002 benchmark_policy INFO seed=1 ep=15: reward=-1.972 success=True prox_rate=0.877
2026-06-05 12:40:40,453 benchmark_policy INFO seed=1 ep=16: reward=-19.526 success=False prox_rate=0.514
2026-06-05 12:40:48,916 benchmark_policy INFO seed=1 ep=17: reward=-1.729 success=True prox_rate=0.212
2026-06-05 12:41:00,110 benchmark_policy INFO seed=1 ep=18: reward=-2.096 success=True prox_rate=0.728
2026-06-05 12:41:05,489 benchmark_policy INFO seed=1 ep=19: reward=-1.530 success=True prox_rate=0.041
2026-06-05 12:41:16,050 benchmark_policy INFO seed=2 ep=0: reward=-2.162 success=True prox_rate=0.537
2026-06-05 12:41:32,576 benchmark_policy INFO seed=2 ep=1: reward=-17.952 success=False prox_rate=0.000
2026-06-05 12:41:52,129 benchmark_policy INFO seed=2 ep=2: reward=-19.511 success=False prox_rate=0.116
2026-06-05 12:42:01,802 benchmark_policy INFO seed=2 ep=3: reward=-1.660 success=True prox_rate=0.535
2026-06-05 12:42:07,366 benchmark_policy INFO seed=2 ep=4: reward=-2.292 success=True prox_rate=0.337
2026-06-05 12:42:12,770 benchmark_policy INFO seed=2 ep=5: reward=-2.187 success=True prox_rate=0.000
2026-06-05 12:42:30,139 benchmark_policy INFO seed=2 ep=6: reward=-22.421 success=False prox_rate=0.000
2026-06-05 12:42:38,995 benchmark_policy INFO seed=2 ep=7: reward=-1.914 success=True prox_rate=0.829
2026-06-05 12:42:44,623 benchmark_policy INFO seed=2 ep=8: reward=-2.493 success=True prox_rate=0.447
2026-06-05 12:42:59,457 benchmark_policy INFO seed=2 ep=9: reward=-2.495 success=True prox_rate=0.712
2026-06-05 12:43:09,741 benchmark_policy INFO seed=2 ep=10: reward=-1.766 success=True prox_rate=0.450
2026-06-05 12:43:19,976 benchmark_policy INFO seed=2 ep=11: reward=-2.261 success=True prox_rate=0.647
2026-06-05 12:43:47,490 benchmark_policy INFO seed=2 ep=12: reward=-22.436 success=False prox_rate=0.296
2026-06-05 12:43:52,802 benchmark_policy INFO seed=2 ep=13: reward=-1.653 success=True prox_rate=0.000
2026-06-05 12:44:01,388 benchmark_policy INFO seed=2 ep=14: reward=-2.096 success=True prox_rate=0.317
2026-06-05 12:44:10,308 benchmark_policy INFO seed=2 ep=15: reward=-2.644 success=True prox_rate=0.338
2026-06-05 12:44:19,192 benchmark_policy INFO seed=2 ep=16: reward=-2.411 success=True prox_rate=0.587
2026-06-05 12:44:24,208 benchmark_policy INFO seed=2 ep=17: reward=-1.948 success=True prox_rate=0.156
2026-06-05 12:44:32,405 benchmark_policy INFO seed=2 ep=18: reward=-1.727 success=True prox_rate=0.752
2026-06-05 12:44:37,105 benchmark_policy INFO seed=2 ep=19: reward=-1.692 success=True prox_rate=0.000
2026-06-05 12:44:37,273 benchmark_policy INFO Wrote 1 cell row to /home/ap2322/Documents/safety_bigym/results/e4_1/basin_lam0p15_seed2_noisy/s35466.csv (60 episodes) + raw rolls to /home/ap2322/Documents/safety_bigym/results/e4_1/basin_lam0p15_seed2_noisy/s35466.raw_episodes.parquet
MultiViewCNNEncoder(
  (conv_nets): ModuleList(
    (0-2): 3 x Sequential(
      (0): Conv2d(12, 32, kernel_size=(4, 4), stride=(2, 2), padding=(1, 1))
      (1): ImgChLayerNorm()
      (2): SiLU()
      (3): Conv2d(32, 64, kernel_size=(4, 4), stride=(2, 2), padding=(1, 1))
      (4): ImgChLayerNorm()
      (5): SiLU()
      (6): Conv2d(64, 128, kernel_size=(4, 4), stride=(2, 2), padding=(1, 1))
      (7): ImgChLayerNorm()
      (8): SiLU()
      (9): Conv2d(128, 256, kernel_size=(4, 4), stride=(2, 2), padding=(1, 1))
      (10): ImgChLayerNorm()
      (11): SiLU()
    )
  )
)
C2FCritic(
  (network): C2FCriticNetwork(
    (adv_rgb_encoder): Sequential(
      (0): Linear(in_features=19200, out_features=512, bias=False)
      (1): LayerNorm((512,), eps=1e-05, elementwise_affine=True)
      (2): SiLU()
      (3): Linear(in_features=512, out_features=512, bias=False)
      (4): LayerNorm((512,), eps=1e-05, elementwise_affine=True)
      (5): SiLU()
      (6): Linear(in_features=512, out_features=64, bias=False)
      (7): LayerNorm((64,), eps=1e-05, elementwise_affine=True)
      (8): Tanh()
    )
    (adv_low_dim_encoder): Sequential(
      (0): Linear(in_features=288, out_features=64, bias=False)
      (1): LayerNorm((64,), eps=1e-05, elementwise_affine=True)
      (2): Tanh()
    )
    (adv_net): Sequential(
      (0): Linear(in_features=163, out_features=512, bias=False)
      (1): LayerNorm((512,), eps=1e-05, elementwise_affine=True)
      (2): SiLU()
      (3): Linear(in_features=512, out_features=512, bias=False)
      (4): LayerNorm((512,), eps=1e-05, elementwise_affine=True)
      (5): SiLU()
    )
    (adv_gru): GRU(512, 512, batch_first=True)
    (adv_head): Linear(in_features=512, out_features=8080, bias=True)
    (value_rgb_encoder): Sequential(
      (0): Linear(in_features=19200, out_features=512, bias=False)
      (1): LayerNorm((512,), eps=1e-05, elementwise_affine=True)
      (2): SiLU()
      (3): Linear(in_features=512, out_features=512, bias=False)
      (4): LayerNorm((512,), eps=1e-05, elementwise_affine=True)
      (5): SiLU()
      (6): Linear(in_features=512, out_features=64, bias=False)
      (7): LayerNorm((64,), eps=1e-05, elementwise_affine=True)
      (8): Tanh()
    )
    (value_low_dim_encoder): Sequential(
      (0): Linear(in_features=288, out_features=64, bias=False)
      (1): LayerNorm((64,), eps=1e-05, elementwise_affine=True)
      (2): Tanh()
    )
    (value_net): Sequential(
      (0): Linear(in_features=163, out_features=512, bias=False)
      (1): LayerNorm((512,), eps=1e-05, elementwise_affine=True)
      (2): SiLU()
      (3): Linear(in_features=512, out_features=512, bias=False)
      (4): LayerNorm((512,), eps=1e-05, elementwise_affine=True)
      (5): SiLU()
    )
    (value_gru): GRU(512, 512, batch_first=True)
    (value_head): Linear(in_features=512, out_features=1616, bias=True)
  )
)
success_rate=0.8 ep_proximity_violation_rate=0.2849201477775912 ep_min_separation=0.14147033370311982
